INFO: Detection files: 3
INFO: Loading ground truth: inputs/vectors/references/mounds-reference.geojson
INFO: Loading bounds: inputs/vectors/bounds/384/full_evaluation_bounds.geojson
INFO: Reference: 569 mounds, 487 evaluation tiles
INFO: Evaluating: detections_pro-text-high-t0_run01.geojson
INFO:   5m: F1=0.174 [0.143, 0.211], P=0.122 [0.098, 0.151], R=0.306 [0.257, 0.359] [partial: 2/487 tiles unprocessed]
INFO:   10m: F1=0.386 [0.339, 0.432], P=0.270 [0.229, 0.313], R=0.676 [0.623, 0.724] [partial: 2/487 tiles unprocessed]
INFO:   15m: F1=0.464 [0.412, 0.516], P=0.325 [0.278, 0.374], R=0.814 [0.760, 0.855] [partial: 2/487 tiles unprocessed]
INFO:   20m: F1=0.493 [0.440, 0.546], P=0.345 [0.296, 0.396], R=0.864 [0.812, 0.901] [partial: 2/487 tiles unprocessed]
INFO:   25m: F1=0.502 [0.448, 0.555], P=0.351 [0.301, 0.403], R=0.880 [0.827, 0.914] [partial: 2/487 tiles unprocessed]
INFO:   30m: F1=0.511 [0.457, 0.565], P=0.358 [0.308, 0.410], R=0.897 [0.843, 0.928] [partial: 2/487 tiles unprocessed]
INFO:   35m: F1=0.515 [0.460, 0.568], P=0.361 [0.310, 0.414], R=0.903 [0.849, 0.934] [partial: 2/487 tiles unprocessed]
INFO:   40m: F1=0.519 [0.464, 0.572], P=0.363 [0.312, 0.416], R=0.910 [0.857, 0.940] [partial: 2/487 tiles unprocessed]
INFO:   45m: F1=0.519 [0.464, 0.572], P=0.363 [0.312, 0.416], R=0.910 [0.857, 0.940] [partial: 2/487 tiles unprocessed]
INFO:   50m: F1=0.521 [0.465, 0.574], P=0.364 [0.314, 0.418], R=0.913 [0.858, 0.942] [partial: 2/487 tiles unprocessed]
INFO:   75m: F1=0.527 [0.472, 0.581], P=0.369 [0.318, 0.423], R=0.924 [0.868, 0.951] [partial: 2/487 tiles unprocessed]
INFO:   100m: F1=0.529 [0.473, 0.583], P=0.370 [0.319, 0.424], R=0.926 [0.871, 0.953] [partial: 2/487 tiles unprocessed]
INFO:   125m: F1=0.530 [0.474, 0.584], P=0.371 [0.319, 0.425], R=0.929 [0.873, 0.955] [partial: 2/487 tiles unprocessed]
INFO:   150m: F1=0.531 [0.476, 0.585], P=0.372 [0.320, 0.425], R=0.931 [0.875, 0.956] [partial: 2/487 tiles unprocessed]
INFO:   MCC=0.397 [0.345, 0.448], Sens=0.996, Spec=0.295
INFO: Evaluating: detections_pro-text-high-t0_run02.geojson
INFO:   5m: F1=0.167 [0.137, 0.202], P=0.116 [0.093, 0.144], R=0.297 [0.249, 0.347] [partial: 3/487 tiles unprocessed]
INFO:   10m: F1=0.378 [0.330, 0.427], P=0.263 [0.222, 0.307], R=0.671 [0.616, 0.721] [partial: 3/487 tiles unprocessed]
INFO:   15m: F1=0.462 [0.408, 0.516], P=0.321 [0.274, 0.373], R=0.821 [0.766, 0.863] [partial: 3/487 tiles unprocessed]
INFO:   20m: F1=0.485 [0.429, 0.540], P=0.337 [0.288, 0.391], R=0.862 [0.809, 0.900] [partial: 3/487 tiles unprocessed]
INFO:   25m: F1=0.495 [0.439, 0.551], P=0.344 [0.295, 0.399], R=0.880 [0.826, 0.915] [partial: 3/487 tiles unprocessed]
INFO:   30m: F1=0.505 [0.449, 0.561], P=0.352 [0.301, 0.406], R=0.899 [0.846, 0.930] [partial: 3/487 tiles unprocessed]
INFO:   35m: F1=0.509 [0.453, 0.566], P=0.354 [0.304, 0.410], R=0.906 [0.851, 0.936] [partial: 3/487 tiles unprocessed]
INFO:   40m: F1=0.513 [0.457, 0.569], P=0.357 [0.305, 0.413], R=0.913 [0.858, 0.942] [partial: 3/487 tiles unprocessed]
INFO:   45m: F1=0.513 [0.457, 0.569], P=0.357 [0.305, 0.413], R=0.913 [0.858, 0.942] [partial: 3/487 tiles unprocessed]
INFO:   50m: F1=0.515 [0.458, 0.571], P=0.358 [0.307, 0.414], R=0.915 [0.860, 0.943] [partial: 3/487 tiles unprocessed]
INFO:   75m: F1=0.520 [0.463, 0.576], P=0.362 [0.310, 0.418], R=0.924 [0.868, 0.951] [partial: 3/487 tiles unprocessed]
INFO:   100m: F1=0.521 [0.464, 0.578], P=0.362 [0.311, 0.419], R=0.926 [0.871, 0.953] [partial: 3/487 tiles unprocessed]
INFO:   125m: F1=0.522 [0.466, 0.579], P=0.363 [0.312, 0.420], R=0.929 [0.873, 0.955] [partial: 3/487 tiles unprocessed]
INFO:   150m: F1=0.522 [0.466, 0.579], P=0.363 [0.312, 0.420], R=0.929 [0.873, 0.955] [partial: 3/487 tiles unprocessed]
INFO:   MCC=0.392 [0.337, 0.445], Sens=0.991, Spec=0.298
INFO: Evaluating: detections_pro-text-high-t0_run03.geojson
INFO:   5m: F1=0.173 [0.143, 0.207], P=0.122 [0.098, 0.149], R=0.297 [0.252, 0.347] [partial: 2/487 tiles unprocessed]
INFO:   10m: F1=0.380 [0.334, 0.426], P=0.268 [0.228, 0.310], R=0.653 [0.599, 0.702] [partial: 2/487 tiles unprocessed]
INFO:   15m: F1=0.471 [0.418, 0.522], P=0.332 [0.284, 0.382], R=0.809 [0.754, 0.852] [partial: 2/487 tiles unprocessed]
INFO:   20m: F1=0.498 [0.444, 0.550], P=0.351 [0.302, 0.402], R=0.855 [0.802, 0.894] [partial: 2/487 tiles unprocessed]
INFO:   25m: F1=0.506 [0.451, 0.558], P=0.357 [0.306, 0.408], R=0.869 [0.815, 0.905] [partial: 2/487 tiles unprocessed]
INFO:   30m: F1=0.516 [0.462, 0.568], P=0.364 [0.313, 0.416], R=0.887 [0.834, 0.920] [partial: 2/487 tiles unprocessed]
INFO:   35m: F1=0.522 [0.467, 0.573], P=0.368 [0.317, 0.420], R=0.897 [0.842, 0.928] [partial: 2/487 tiles unprocessed]
INFO:   40m: F1=0.526 [0.471, 0.578], P=0.371 [0.320, 0.423], R=0.903 [0.849, 0.934] [partial: 2/487 tiles unprocessed]
INFO:   45m: F1=0.527 [0.472, 0.579], P=0.372 [0.320, 0.424], R=0.906 [0.850, 0.936] [partial: 2/487 tiles unprocessed]
INFO:   50m: F1=0.527 [0.472, 0.579], P=0.372 [0.320, 0.424], R=0.906 [0.850, 0.936] [partial: 2/487 tiles unprocessed]
INFO:   75m: F1=0.532 [0.477, 0.585], P=0.375 [0.324, 0.429], R=0.915 [0.859, 0.943] [partial: 2/487 tiles unprocessed]
INFO:   100m: F1=0.534 [0.478, 0.587], P=0.376 [0.324, 0.430], R=0.917 [0.861, 0.945] [partial: 2/487 tiles unprocessed]
INFO:   125m: F1=0.535 [0.480, 0.588], P=0.377 [0.325, 0.431], R=0.920 [0.863, 0.947] [partial: 2/487 tiles unprocessed]
INFO:   150m: F1=0.536 [0.481, 0.590], P=0.378 [0.326, 0.432], R=0.922 [0.865, 0.949] [partial: 2/487 tiles unprocessed]
INFO:   MCC=0.408 [0.356, 0.462], Sens=0.991, Spec=0.318
INFO:   Mean across 3 runs @ 5m: F1=0.171 [0.141, 0.207], P=0.120, R=0.300 [sparse coverage: max zero-fraction 16.8%]
INFO:   Mean across 3 runs @ 10m: F1=0.381 [0.334, 0.428], P=0.267, R=0.667 [sparse coverage: max zero-fraction 16.8%]
INFO:   Mean across 3 runs @ 15m: F1=0.466 [0.412, 0.518], P=0.326, R=0.815 [sparse coverage: max zero-fraction 16.8%]
INFO:   Mean across 3 runs @ 20m: F1=0.492 [0.438, 0.545], P=0.344, R=0.861 [sparse coverage: max zero-fraction 16.8%]
INFO:   Mean across 3 runs @ 25m: F1=0.501 [0.446, 0.555], P=0.351, R=0.877 [sparse coverage: max zero-fraction 16.8%]
INFO:   Mean across 3 runs @ 30m: F1=0.511 [0.456, 0.565], P=0.358, R=0.894 [sparse coverage: max zero-fraction 16.8%]
INFO:   Mean across 3 runs @ 35m: F1=0.515 [0.460, 0.569], P=0.361, R=0.902 [sparse coverage: max zero-fraction 16.8%]
INFO:   Mean across 3 runs @ 40m: F1=0.519 [0.464, 0.573], P=0.364, R=0.909 [sparse coverage: max zero-fraction 16.8%]
INFO:   Mean across 3 runs @ 45m: F1=0.520 [0.464, 0.574], P=0.364, R=0.909 [sparse coverage: max zero-fraction 16.8%]
INFO:   Mean across 3 runs @ 50m: F1=0.521 [0.465, 0.575], P=0.365, R=0.911 [sparse coverage: max zero-fraction 16.8%]
INFO:   Mean across 3 runs @ 75m: F1=0.526 [0.470, 0.581], P=0.369, R=0.921 [sparse coverage: max zero-fraction 16.8%]
INFO:   Mean across 3 runs @ 100m: F1=0.528 [0.472, 0.583], P=0.369, R=0.923 [sparse coverage: max zero-fraction 16.8%]
INFO:   Mean across 3 runs @ 125m: F1=0.529 [0.473, 0.584], P=0.370, R=0.926 [sparse coverage: max zero-fraction 16.8%]
INFO:   Mean across 3 runs @ 150m: F1=0.530 [0.474, 0.585], P=0.371, R=0.927 [sparse coverage: max zero-fraction 16.8%]
INFO:   Mean MCC across 3/3 defined runs: 0.399 [0.346, 0.452]
INFO: JSON written: results/rescore-2026-09-07/n1-outstanding-384/baseline-pro-text-high-t-0-0/evaluation.json
INFO: CSV written: results/rescore-2026-09-07/n1-outstanding-384/baseline-pro-text-high-t-0-0/evaluation.csv
INFO: Markdown written: results/rescore-2026-09-07/n1-outstanding-384/baseline-pro-text-high-t-0-0/evaluation.md
