INFO: Detection files: 1
INFO: Loading ground truth: inputs/vectors/references/best-available-gt-55maps-r2.geojson
INFO: Loading bounds: inputs/vectors/bounds/384/55maps_evaluation_bounds.geojson
INFO: Reference: 5018 mounds, 8541 evaluation tiles
INFO: Evaluating: detections.geojson
INFO:   5m: F1=0.142 [0.133, 0.151], P=0.127 [0.119, 0.136], R=0.160 [0.150, 0.171] [sparse coverage: 65.9% zero-tiles]
INFO:   10m: F1=0.360 [0.348, 0.373], P=0.324 [0.312, 0.336], R=0.406 [0.392, 0.421] [sparse coverage: 66.3% zero-tiles]
INFO:   15m: F1=0.555 [0.543, 0.568], P=0.499 [0.486, 0.511], R=0.626 [0.611, 0.641] [sparse coverage: 66.7% zero-tiles]
INFO:   20m: F1=0.670 [0.659, 0.681], P=0.602 [0.589, 0.614], R=0.755 [0.742, 0.768] [sparse coverage: 66.9% zero-tiles]
INFO:   25m: F1=0.729 [0.719, 0.738], P=0.654 [0.643, 0.666], R=0.821 [0.810, 0.832] [sparse coverage: 67.1% zero-tiles]
INFO:   30m: F1=0.758 [0.749, 0.767], P=0.681 [0.669, 0.692], R=0.855 [0.844, 0.865] [sparse coverage: 67.2% zero-tiles]
INFO:   35m: F1=0.769 [0.760, 0.778], P=0.691 [0.680, 0.702], R=0.867 [0.857, 0.878] [sparse coverage: 67.3% zero-tiles]
INFO:   40m: F1=0.776 [0.767, 0.784], P=0.697 [0.685, 0.708], R=0.874 [0.864, 0.884] [sparse coverage: 67.3% zero-tiles]
INFO:   45m: F1=0.779 [0.770, 0.787], P=0.699 [0.688, 0.711], R=0.878 [0.868, 0.887] [sparse coverage: 67.3% zero-tiles]
INFO:   50m: F1=0.780 [0.771, 0.788], P=0.701 [0.689, 0.712], R=0.879 [0.869, 0.889] [sparse coverage: 67.3% zero-tiles]
INFO:   75m: F1=0.783 [0.775, 0.792], P=0.704 [0.692, 0.715], R=0.883 [0.874, 0.893] [sparse coverage: 67.3% zero-tiles]
INFO:   100m: F1=0.785 [0.777, 0.793], P=0.705 [0.693, 0.716], R=0.885 [0.875, 0.894] [sparse coverage: 67.3% zero-tiles]
INFO:   125m: F1=0.786 [0.778, 0.794], P=0.706 [0.695, 0.717], R=0.886 [0.876, 0.895] [sparse coverage: 67.3% zero-tiles]
INFO:   150m: F1=0.787 [0.779, 0.795], P=0.707 [0.696, 0.718], R=0.887 [0.878, 0.897] [sparse coverage: 67.3% zero-tiles]
INFO:   MCC=0.751 [0.739, 0.764], Sens=0.710, Spec=0.989
INFO: JSON written: results/55map-final-board-r2-2026-09-06/cells/FOURTH-N3-mcc-oracle/evaluation.json
INFO: CSV written: results/55map-final-board-r2-2026-09-06/cells/FOURTH-N3-mcc-oracle/evaluation.csv
INFO: Markdown written: results/55map-final-board-r2-2026-09-06/cells/FOURTH-N3-mcc-oracle/evaluation.md
