INFO: Detection files: 1
INFO: Loading ground truth: inputs/vectors/references/best-available-gt-55maps-r2.geojson
INFO: Loading bounds: inputs/vectors/bounds/384/55maps_evaluation_bounds.geojson
INFO: Reference: 5018 mounds, 8541 evaluation tiles
INFO: Evaluating: detections.geojson
INFO:   5m: F1=0.077 [0.070, 0.084], P=0.071 [0.065, 0.078], R=0.084 [0.077, 0.092] [sparse coverage: 62.8% zero-tiles]
INFO:   10m: F1=0.261 [0.250, 0.272], P=0.240 [0.230, 0.251], R=0.285 [0.272, 0.298] [sparse coverage: 63.0% zero-tiles]
INFO:   15m: F1=0.463 [0.450, 0.476], P=0.426 [0.414, 0.439], R=0.506 [0.492, 0.521] [sparse coverage: 63.4% zero-tiles]
INFO:   20m: F1=0.616 [0.604, 0.628], P=0.567 [0.555, 0.579], R=0.674 [0.660, 0.687] [sparse coverage: 63.8% zero-tiles]
INFO:   25m: F1=0.706 [0.695, 0.716], P=0.650 [0.639, 0.662], R=0.772 [0.760, 0.784] [sparse coverage: 64.0% zero-tiles]
INFO:   30m: F1=0.759 [0.750, 0.768], P=0.700 [0.688, 0.710], R=0.831 [0.819, 0.841] [sparse coverage: 64.1% zero-tiles]
INFO:   35m: F1=0.788 [0.779, 0.796], P=0.726 [0.715, 0.736], R=0.861 [0.851, 0.871] [sparse coverage: 64.2% zero-tiles]
INFO:   40m: F1=0.801 [0.793, 0.808], P=0.737 [0.727, 0.748], R=0.876 [0.865, 0.885] [sparse coverage: 64.3% zero-tiles]
INFO:   45m: F1=0.809 [0.801, 0.817], P=0.745 [0.734, 0.755], R=0.885 [0.875, 0.894] [sparse coverage: 64.3% zero-tiles]
INFO:   50m: F1=0.812 [0.805, 0.820], P=0.748 [0.738, 0.758], R=0.888 [0.879, 0.897] [sparse coverage: 64.3% zero-tiles]
INFO:   75m: F1=0.819 [0.812, 0.826], P=0.755 [0.744, 0.765], R=0.896 [0.887, 0.905] [sparse coverage: 64.3% zero-tiles]
INFO:   100m: F1=0.823 [0.815, 0.830], P=0.758 [0.747, 0.768], R=0.900 [0.891, 0.908] [sparse coverage: 64.3% zero-tiles]
INFO:   125m: F1=0.824 [0.817, 0.831], P=0.759 [0.749, 0.769], R=0.901 [0.892, 0.910] [sparse coverage: 64.3% zero-tiles]
INFO:   150m: F1=0.825 [0.818, 0.832], P=0.760 [0.749, 0.770], R=0.902 [0.894, 0.911] [sparse coverage: 64.3% zero-tiles]
INFO:   MCC=0.724 [0.709, 0.738], Sens=0.749, Spec=0.947
INFO: JSON written: results/gemini3-image-55map-2026-09-16/inheritance-2026-09-20/cells/G3IMG-ARM2-K3-carried-inherited/evaluation.json
INFO: CSV written: results/gemini3-image-55map-2026-09-16/inheritance-2026-09-20/cells/G3IMG-ARM2-K3-carried-inherited/evaluation.csv
INFO: Markdown written: results/gemini3-image-55map-2026-09-16/inheritance-2026-09-20/cells/G3IMG-ARM2-K3-carried-inherited/evaluation.md
