INFO: Detection files: 1
INFO: Loading ground truth: inputs/vectors/references/best-available-gt-55maps-r2.geojson
INFO: Loading bounds: inputs/vectors/bounds/384/55maps_evaluation_bounds.geojson
INFO: Reference: 5018 mounds, 8541 evaluation tiles
INFO: Evaluating: detections.geojson
INFO:   5m: F1=0.083 [0.075, 0.091], P=0.086 [0.078, 0.094], R=0.080 [0.072, 0.088] [sparse coverage: 66.1% zero-tiles]
INFO:   10m: F1=0.278 [0.265, 0.291], P=0.288 [0.275, 0.302], R=0.268 [0.255, 0.281] [sparse coverage: 66.3% zero-tiles]
INFO:   15m: F1=0.483 [0.469, 0.497], P=0.502 [0.487, 0.516], R=0.466 [0.451, 0.481] [sparse coverage: 66.6% zero-tiles]
INFO:   20m: F1=0.633 [0.620, 0.646], P=0.657 [0.643, 0.671], R=0.611 [0.596, 0.625] [sparse coverage: 66.9% zero-tiles]
INFO:   25m: F1=0.732 [0.721, 0.743], P=0.760 [0.748, 0.772], R=0.706 [0.693, 0.720] [sparse coverage: 67.1% zero-tiles]
INFO:   30m: F1=0.790 [0.779, 0.799], P=0.819 [0.808, 0.830], R=0.762 [0.749, 0.774] [sparse coverage: 67.2% zero-tiles]
INFO:   35m: F1=0.816 [0.806, 0.824], P=0.847 [0.837, 0.856], R=0.787 [0.774, 0.799] [sparse coverage: 67.3% zero-tiles]
INFO:   40m: F1=0.826 [0.817, 0.834], P=0.857 [0.847, 0.867], R=0.797 [0.784, 0.808] [sparse coverage: 67.4% zero-tiles]
INFO:   45m: F1=0.833 [0.824, 0.841], P=0.864 [0.855, 0.874], R=0.804 [0.791, 0.815] [sparse coverage: 67.4% zero-tiles]
INFO:   50m: F1=0.835 [0.827, 0.843], P=0.867 [0.858, 0.876], R=0.806 [0.794, 0.817] [sparse coverage: 67.4% zero-tiles]
INFO:   75m: F1=0.839 [0.831, 0.847], P=0.871 [0.862, 0.880], R=0.810 [0.798, 0.821] [sparse coverage: 67.4% zero-tiles]
INFO:   100m: F1=0.841 [0.833, 0.849], P=0.873 [0.864, 0.882], R=0.812 [0.800, 0.823] [sparse coverage: 67.4% zero-tiles]
INFO:   125m: F1=0.843 [0.835, 0.850], P=0.875 [0.866, 0.884], R=0.813 [0.801, 0.824] [sparse coverage: 67.4% zero-tiles]
INFO:   150m: F1=0.844 [0.836, 0.851], P=0.876 [0.866, 0.885], R=0.814 [0.802, 0.825] [sparse coverage: 67.4% zero-tiles]
INFO:   MCC=0.745 [0.732, 0.758], Sens=0.693, Spec=0.993
INFO: JSON written: results/gemini3-image-55map-2026-09-16/cells/G3IMG-ARM2-K5-f1-oracle/evaluation.json
INFO: CSV written: results/gemini3-image-55map-2026-09-16/cells/G3IMG-ARM2-K5-f1-oracle/evaluation.csv
INFO: Markdown written: results/gemini3-image-55map-2026-09-16/cells/G3IMG-ARM2-K5-f1-oracle/evaluation.md
