[2026-04-24T16:01:18Z] === Phase A exit codes ===
[2026-04-24T16:01:18Z]   text-brief: 0
[2026-04-24T16:01:18Z]   image-checklist: 0
[2026-04-24T16:01:18Z]   image-brief-text: 0
[2026-04-24T16:01:18Z]   text-adversarial: 0
[2026-04-24T16:01:18Z]   image-comparative: 0
[2026-04-24T16:01:18Z]   text-checklist-text: 0
[2026-04-24T16:01:18Z]   image-adversarial: 0
[2026-04-24T16:01:18Z]   image-checklist-text: 0
[2026-04-24T16:01:18Z]   text-comparative: 0
[2026-04-24T16:01:18Z]   text-checklist: 0
[2026-04-24T16:01:18Z]   text-brief-text: 0
[2026-04-24T16:01:18Z]   image-brief: 0
[2026-04-24T16:01:18Z] === Phase B exit codes ===
[2026-04-24T16:01:18Z]   text-brief: 0
[2026-04-24T16:01:18Z]   image-checklist: 0
[2026-04-24T16:01:18Z]   image-brief-text: 0
[2026-04-24T16:01:18Z]   text-adversarial: 0
[2026-04-24T16:01:18Z]   image-comparative: 0
[2026-04-24T16:01:18Z]   text-checklist-text: 0
[2026-04-24T16:01:18Z]   image-adversarial: 0
[2026-04-24T16:01:18Z]   image-checklist-text: 0
[2026-04-24T16:01:18Z]   text-comparative: 0
[2026-04-24T16:01:18Z]   text-checklist: 0
[2026-04-24T16:01:18Z]   text-brief-text: 0
[2026-04-24T16:01:18Z]   image-brief: 0
[2026-04-24T16:01:18Z] === Phase C exit codes ===
