=== Phase C final pipeline 2026-04-24T22:24:18+00:00 ===
Waiting for tile recovery (pgrep run_pv cleanup)...
  still waiting at 2026-04-24T22:24:48+00:00...
  still waiting at 2026-04-24T22:25:18+00:00...
  still waiting at 2026-04-24T22:25:48+00:00...
  still waiting at 2026-04-24T22:26:18+00:00...
  still waiting at 2026-04-24T22:26:48+00:00...
  still waiting at 2026-04-24T22:27:18+00:00...
  still waiting at 2026-04-24T22:27:48+00:00...
  still waiting at 2026-04-24T22:28:18+00:00...
  still waiting at 2026-04-24T22:28:48+00:00...
  still waiting at 2026-04-24T22:29:18+00:00...
  still waiting at 2026-04-24T22:29:48+00:00...
  still waiting at 2026-04-24T22:30:18+00:00...
  still waiting at 2026-04-24T22:30:48+00:00...
  still waiting at 2026-04-24T22:31:18+00:00...
  still waiting at 2026-04-24T22:31:48+00:00...
  still waiting at 2026-04-24T22:32:18+00:00...
  still waiting at 2026-04-24T22:32:48+00:00...
Tile recovery done at 2026-04-24T22:32:48+00:00
Materialise image-adversarial (vt= pt=)...
usage: materialise_pv_geojson.py [-h] --consensus CONSENSUS
                                 --probabilities PROBABILITIES --vote-t VOTE_T
                                 --prob-t PROB_T --output OUTPUT [--crs CRS]
                                 [--no-strict-indexing]
materialise_pv_geojson.py: error: argument --vote-t: expected one argument
Materialise text-adversarial (vt= pt=)...
usage: materialise_pv_geojson.py [-h] --consensus CONSENSUS
                                 --probabilities PROBABILITIES --vote-t VOTE_T
                                 --prob-t PROB_T --output OUTPUT [--crs CRS]
                                 [--no-strict-indexing]
materialise_pv_geojson.py: error: argument --vote-t: expected one argument
Materialise image-brief (vt= pt=)...
usage: materialise_pv_geojson.py [-h] --consensus CONSENSUS
                                 --probabilities PROBABILITIES --vote-t VOTE_T
                                 --prob-t PROB_T --output OUTPUT [--crs CRS]
                                 [--no-strict-indexing]
materialise_pv_geojson.py: error: argument --vote-t: expected one argument
Materialise text-brief (vt= pt=)...
usage: materialise_pv_geojson.py [-h] --consensus CONSENSUS
                                 --probabilities PROBABILITIES --vote-t VOTE_T
                                 --prob-t PROB_T --output OUTPUT [--crs CRS]
                                 [--no-strict-indexing]
materialise_pv_geojson.py: error: argument --vote-t: expected one argument
Materialise image-brief-text (vt= pt=)...
usage: materialise_pv_geojson.py [-h] --consensus CONSENSUS
                                 --probabilities PROBABILITIES --vote-t VOTE_T
                                 --prob-t PROB_T --output OUTPUT [--crs CRS]
                                 [--no-strict-indexing]
materialise_pv_geojson.py: error: argument --vote-t: expected one argument
Materialise text-brief-text (vt= pt=)...
usage: materialise_pv_geojson.py [-h] --consensus CONSENSUS
                                 --probabilities PROBABILITIES --vote-t VOTE_T
                                 --prob-t PROB_T --output OUTPUT [--crs CRS]
                                 [--no-strict-indexing]
materialise_pv_geojson.py: error: argument --vote-t: expected one argument
Materialise image-checklist (vt= pt=)...
usage: materialise_pv_geojson.py [-h] --consensus CONSENSUS
                                 --probabilities PROBABILITIES --vote-t VOTE_T
                                 --prob-t PROB_T --output OUTPUT [--crs CRS]
                                 [--no-strict-indexing]
materialise_pv_geojson.py: error: argument --vote-t: expected one argument
Materialise text-checklist (vt= pt=)...
usage: materialise_pv_geojson.py [-h] --consensus CONSENSUS
                                 --probabilities PROBABILITIES --vote-t VOTE_T
                                 --prob-t PROB_T --output OUTPUT [--crs CRS]
                                 [--no-strict-indexing]
materialise_pv_geojson.py: error: argument --vote-t: expected one argument
Materialise image-checklist-text (vt= pt=)...
usage: materialise_pv_geojson.py [-h] --consensus CONSENSUS
                                 --probabilities PROBABILITIES --vote-t VOTE_T
                                 --prob-t PROB_T --output OUTPUT [--crs CRS]
                                 [--no-strict-indexing]
materialise_pv_geojson.py: error: argument --vote-t: expected one argument
Materialise text-checklist-text (vt= pt=)...
usage: materialise_pv_geojson.py [-h] --consensus CONSENSUS
                                 --probabilities PROBABILITIES --vote-t VOTE_T
                                 --prob-t PROB_T --output OUTPUT [--crs CRS]
                                 [--no-strict-indexing]
materialise_pv_geojson.py: error: argument --vote-t: expected one argument
Materialise image-comparative (vt= pt=)...
usage: materialise_pv_geojson.py [-h] --consensus CONSENSUS
                                 --probabilities PROBABILITIES --vote-t VOTE_T
                                 --prob-t PROB_T --output OUTPUT [--crs CRS]
                                 [--no-strict-indexing]
materialise_pv_geojson.py: error: argument --vote-t: expected one argument
Materialise text-comparative (vt= pt=)...
usage: materialise_pv_geojson.py [-h] --consensus CONSENSUS
                                 --probabilities PROBABILITIES --vote-t VOTE_T
                                 --prob-t PROB_T --output OUTPUT [--crs CRS]
                                 [--no-strict-indexing]
materialise_pv_geojson.py: error: argument --vote-t: expected one argument
=== Materialisation done 2026-04-24T22:32:50+00:00 ===
=== Starting 12 evaluations 2026-04-24T22:32:50+00:00 ===
done image-brief 2026-04-24T22:33:58+00:00
done text-adversarial 2026-04-24T22:33:58+00:00
done text-brief 2026-04-24T22:33:58+00:00
done image-adversarial 2026-04-24T22:33:58+00:00
done image-brief-text 2026-04-24T22:34:08+00:00
done text-brief-text 2026-04-24T22:34:08+00:00
done image-checklist 2026-04-24T22:34:08+00:00
done text-checklist 2026-04-24T22:34:08+00:00
