INFO: Detection files: 1
INFO: Loading ground truth: inputs/vectors/references/best-available-gt-55maps-r2.geojson
INFO: Loading bounds: inputs/vectors/bounds/384/55maps_evaluation_bounds.geojson
INFO: Reference: 5018 mounds, 8541 evaluation tiles
INFO: Evaluating: detections.geojson
INFO:   5m: F1=0.232 [0.219, 0.244], P=0.227 [0.215, 0.240], R=0.236 [0.223, 0.249] [sparse coverage: 65.2% zero-tiles]
INFO:   10m: F1=0.522 [0.507, 0.536], P=0.512 [0.498, 0.528], R=0.531 [0.516, 0.547] [sparse coverage: 65.6% zero-tiles]
INFO:   15m: F1=0.724 [0.711, 0.737], P=0.711 [0.697, 0.725], R=0.737 [0.724, 0.750] [sparse coverage: 66.0% zero-tiles]
INFO:   20m: F1=0.839 [0.829, 0.848], P=0.824 [0.812, 0.835], R=0.854 [0.844, 0.864] [sparse coverage: 66.2% zero-tiles]
INFO:   25m: F1=0.891 [0.883, 0.898], P=0.875 [0.865, 0.884], R=0.907 [0.899, 0.915] [sparse coverage: 66.4% zero-tiles]
INFO:   30m: F1=0.911 [0.904, 0.917], P=0.895 [0.886, 0.903], R=0.927 [0.920, 0.935] [sparse coverage: 66.5% zero-tiles]
INFO:   35m: F1=0.922 [0.916, 0.927], P=0.906 [0.897, 0.914], R=0.939 [0.932, 0.945] [sparse coverage: 66.6% zero-tiles]
INFO:   40m: F1=0.926 [0.921, 0.931], P=0.910 [0.902, 0.918], R=0.943 [0.937, 0.949] [sparse coverage: 66.6% zero-tiles]
INFO:   45m: F1=0.927 [0.922, 0.932], P=0.911 [0.903, 0.919], R=0.944 [0.938, 0.950] [sparse coverage: 66.6% zero-tiles]
INFO:   50m: F1=0.928 [0.922, 0.933], P=0.911 [0.903, 0.919], R=0.945 [0.938, 0.951] [sparse coverage: 66.6% zero-tiles]
INFO:   75m: F1=0.929 [0.923, 0.934], P=0.912 [0.904, 0.920], R=0.946 [0.939, 0.952] [sparse coverage: 66.6% zero-tiles]
INFO:   100m: F1=0.929 [0.924, 0.934], P=0.913 [0.904, 0.920], R=0.946 [0.939, 0.952] [sparse coverage: 66.6% zero-tiles]
INFO:   125m: F1=0.929 [0.924, 0.934], P=0.913 [0.904, 0.920], R=0.946 [0.939, 0.952] [sparse coverage: 66.6% zero-tiles]
INFO:   150m: F1=0.929 [0.924, 0.934], P=0.913 [0.905, 0.921], R=0.946 [0.940, 0.952] [sparse coverage: 66.6% zero-tiles]
INFO:   MCC=0.765 [0.752, 0.778], Sens=0.750, Spec=0.977
INFO: JSON written: results/gemini37-image-55map-2026-09-13/replicate-k5-arm2-batch-2026-09-20/cells/IMG-ARM2-K5-carried-replicate/evaluation.json
INFO: CSV written: results/gemini37-image-55map-2026-09-13/replicate-k5-arm2-batch-2026-09-20/cells/IMG-ARM2-K5-carried-replicate/evaluation.csv
INFO: Markdown written: results/gemini37-image-55map-2026-09-13/replicate-k5-arm2-batch-2026-09-20/cells/IMG-ARM2-K5-carried-replicate/evaluation.md
