Loading inputs...
  detections: 4,786
  student GT: 4,746
  bounds tiles: 8,541
  review (yesterday): 637
  review (today):     239
  excluded sentinels (>150 m shell, buffer_metres=200): 15

--- Buffer R = 50 m ---
R=50m  TP=4276  FP=510  FN=882  n_ref_student=4746  n_reviewer_promoted=412  n_ref_ext_scoped=5158
  P=0.8934  R=0.8290  F1=0.8600
  95% CIs — P=[0.8837, 0.9027] R=[0.8172, 0.8404] F1=[0.8515, 0.8681]

--- Buffer R = 75 m ---
R=75m  TP=4283  FP=503  FN=881  n_ref_student=4746  n_reviewer_promoted=418  n_ref_ext_scoped=5164
  P=0.8949  R=0.8294  F1=0.8609
  95% CIs — P=[0.8852, 0.9042] R=[0.8175, 0.8408] F1=[0.8524, 0.8690]

--- Buffer R = 100 m ---
R=100m  TP=4297  FP=489  FN=880  n_ref_student=4746  n_reviewer_promoted=431  n_ref_ext_scoped=5177
  P=0.8978  R=0.8300  F1=0.8626
  95% CIs — P=[0.8883, 0.9070] R=[0.8181, 0.8414] F1=[0.8541, 0.8706]

--- Buffer R = 125 m ---
R=125m  TP=4303  FP=483  FN=880  n_ref_student=4746  n_reviewer_promoted=437  n_ref_ext_scoped=5183
  P=0.8991  R=0.8302  F1=0.8633
  95% CIs — P=[0.8895, 0.9082] R=[0.8184, 0.8416] F1=[0.8548, 0.8712]

--- Buffer R = 150 m ---
R=150m  TP=4307  FP=479  FN=879  n_ref_student=4746  n_reviewer_promoted=440  n_ref_ext_scoped=5186
  P=0.8999  R=0.8305  F1=0.8638
  95% CIs — P=[0.8904, 0.9091] R=[0.8187, 0.8418] F1=[0.8554, 0.8717]

Wrote results/deployment-oracle-2026-06-06/k3-scoring/55maps-text-high-generalisation/k3-corrected/corrected-f1.csv
Wrote results/deployment-oracle-2026-06-06/k3-scoring/55maps-text-high-generalisation/k3-corrected/summary.json
Wrote results/deployment-oracle-2026-06-06/k3-scoring/55maps-text-high-generalisation/k3-corrected/report_autogen.md
