2026-06-06 13:20:47,419 - INFO - Loading detections, student GT, bounds...
2026-06-06 13:20:47,569 - INFO -   detections: A=4164 B=4786  student GT=4746  tiles=8541
2026-06-06 13:20:47,573 - INFO -   review A: yesterday=637 today=239 sentinels=15
2026-06-06 13:20:47,573 - INFO -   review B: yesterday=637 today=239 sentinels=15
2026-06-06 13:20:47,573 - INFO - --- R = 20 m ---
2026-06-06 13:20:47,578 - INFO -   phantoms: A=0 B=0  ext_GT: A=4746 B=4746
2026-06-06 13:20:54,327 - INFO -   F1: k4=0.6260 vs k3=0.6307  ΔF1=-0.0047 [-0.0100, +0.0004]  p=0.0768 ns  W/L/T=125/199/8217
2026-06-06 13:20:54,328 - INFO - --- R = 25 m ---
2026-06-06 13:20:54,334 - INFO -   phantoms: A=0 B=0  ext_GT: A=4746 B=4746
2026-06-06 13:21:01,066 - INFO -   F1: k4=0.7102 vs k3=0.7191  ΔF1=-0.0088 [-0.0145, -0.0035]  p=0.0009 ***  W/L/T=120/233/8188
2026-06-06 13:21:01,067 - INFO - --- R = 30 m ---
2026-06-06 13:21:01,073 - INFO -   phantoms: A=0 B=0  ext_GT: A=4746 B=4746
2026-06-06 13:21:07,767 - INFO -   F1: k4=0.7569 vs k3=0.7692  ΔF1=-0.0123 [-0.0180, -0.0068]  p=0.0001 ***  W/L/T=113/261/8167
2026-06-06 13:21:07,769 - INFO - --- R = 35 m ---
2026-06-06 13:21:07,774 - INFO -   phantoms: A=0 B=0  ext_GT: A=4746 B=4746
2026-06-06 13:21:14,524 - INFO -   F1: k4=0.7778 vs k3=0.7935  ΔF1=-0.0158 [-0.0216, -0.0102]  p=0.0000 ***  W/L/T=105/279/8157
2026-06-06 13:21:14,525 - INFO - --- R = 40 m ---
2026-06-06 13:21:14,530 - INFO -   phantoms: A=0 B=0  ext_GT: A=4746 B=4746
2026-06-06 13:21:21,268 - INFO -   F1: k4=0.7868 vs k3=0.8040  ΔF1=-0.0173 [-0.0232, -0.0117]  p=0.0000 ***  W/L/T=101/287/8153
2026-06-06 13:21:21,270 - INFO - --- R = 45 m ---
2026-06-06 13:21:21,275 - INFO -   phantoms: A=0 B=0  ext_GT: A=4746 B=4746
2026-06-06 13:21:28,007 - INFO -   F1: k4=0.7903 vs k3=0.8091  ΔF1=-0.0187 [-0.0247, -0.0130]  p=0.0000 ***  W/L/T=99/293/8149
2026-06-06 13:21:28,009 - INFO - --- R = 50 m ---
2026-06-06 13:21:28,023 - INFO -   phantoms: A=326 B=326  ext_GT: A=5072 B=5072
2026-06-06 13:21:35,092 - INFO -   F1: k4=0.8222 vs k3=0.8501  ΔF1=-0.0279 [-0.0338, -0.0222]  p=0.0000 ***  W/L/T=77/336/8128
2026-06-06 13:21:35,094 - INFO - --- R = 75 m ---
2026-06-06 13:21:35,109 - INFO -   phantoms: A=351 B=351  ext_GT: A=5097 B=5097
2026-06-06 13:21:42,216 - INFO -   F1: k4=0.8243 vs k3=0.8532  ΔF1=-0.0289 [-0.0348, -0.0232]  p=0.0000 ***  W/L/T=74/340/8127
2026-06-06 13:21:42,218 - INFO - --- R = 100 m ---
2026-06-06 13:21:42,234 - INFO -   phantoms: A=383 B=383  ext_GT: A=5129 B=5129
2026-06-06 13:21:49,360 - INFO -   F1: k4=0.8258 vs k3=0.8571  ΔF1=-0.0313 [-0.0372, -0.0256]  p=0.0000 ***  W/L/T=67/352/8122
2026-06-06 13:21:49,362 - INFO - --- R = 125 m ---
2026-06-06 13:21:49,377 - INFO -   phantoms: A=400 B=400  ext_GT: A=5146 B=5146
2026-06-06 13:21:56,527 - INFO -   F1: k4=0.8266 vs k3=0.8590  ΔF1=-0.0324 [-0.0383, -0.0267]  p=0.0000 ***  W/L/T=65/358/8118
2026-06-06 13:21:56,530 - INFO - Wrote results/deployment-oracle-2026-06-06/k3-scoring/55maps-text-high-generalisation/perm-k3-vs-k4/summary.json
