INFO: Detection files: 1
INFO: Loading ground truth: inputs/vectors/references/best-available-gt-55maps-r2.geojson
INFO: Loading bounds: inputs/vectors/bounds/384/55maps_evaluation_bounds.geojson
INFO: Reference: 5018 mounds, 8541 evaluation tiles
INFO: Evaluating: detections.geojson
INFO:   5m: F1=0.067 [0.060, 0.074], P=0.070 [0.063, 0.078], R=0.064 [0.057, 0.071] [sparse coverage: 64.9% zero-tiles]
INFO:   10m: F1=0.228 [0.216, 0.241], P=0.240 [0.227, 0.253], R=0.218 [0.205, 0.230] [sparse coverage: 65.1% zero-tiles]
INFO:   15m: F1=0.403 [0.389, 0.417], P=0.423 [0.409, 0.438], R=0.385 [0.370, 0.400] [sparse coverage: 65.3% zero-tiles]
INFO:   20m: F1=0.547 [0.532, 0.560], P=0.574 [0.559, 0.589], R=0.522 [0.506, 0.537] [sparse coverage: 65.6% zero-tiles]
INFO:   25m: F1=0.654 [0.640, 0.666], P=0.686 [0.672, 0.700], R=0.624 [0.609, 0.639] [sparse coverage: 65.8% zero-tiles]
INFO:   30m: F1=0.717 [0.704, 0.728], P=0.752 [0.739, 0.765], R=0.684 [0.669, 0.698] [sparse coverage: 66.0% zero-tiles]
INFO:   35m: F1=0.755 [0.744, 0.766], P=0.793 [0.781, 0.804], R=0.721 [0.706, 0.734] [sparse coverage: 66.1% zero-tiles]
INFO:   40m: F1=0.778 [0.767, 0.788], P=0.817 [0.805, 0.828], R=0.743 [0.729, 0.756] [sparse coverage: 66.2% zero-tiles]
INFO:   45m: F1=0.791 [0.781, 0.801], P=0.831 [0.819, 0.841], R=0.755 [0.741, 0.768] [sparse coverage: 66.2% zero-tiles]
INFO:   50m: F1=0.800 [0.790, 0.809], P=0.840 [0.829, 0.850], R=0.763 [0.750, 0.776] [sparse coverage: 66.2% zero-tiles]
INFO:   75m: F1=0.815 [0.806, 0.824], P=0.856 [0.845, 0.866], R=0.778 [0.765, 0.791] [sparse coverage: 66.3% zero-tiles]
INFO:   100m: F1=0.818 [0.809, 0.827], P=0.859 [0.849, 0.869], R=0.781 [0.768, 0.793] [sparse coverage: 66.3% zero-tiles]
INFO:   125m: F1=0.821 [0.812, 0.830], P=0.862 [0.852, 0.872], R=0.784 [0.770, 0.796] [sparse coverage: 66.3% zero-tiles]
INFO:   150m: F1=0.822 [0.813, 0.831], P=0.864 [0.853, 0.873], R=0.785 [0.772, 0.798] [sparse coverage: 66.3% zero-tiles]
INFO:   MCC=0.714 [0.700, 0.728], Sens=0.687, Spec=0.976
INFO: JSON written: results/im-june-pool-grid-2026-09-20/cells/IM-5pass-k3-mcc-oracle/evaluation.json
INFO: CSV written: results/im-june-pool-grid-2026-09-20/cells/IM-5pass-k3-mcc-oracle/evaluation.csv
INFO: Markdown written: results/im-june-pool-grid-2026-09-20/cells/IM-5pass-k3-mcc-oracle/evaluation.md
