INFO: Detection files: 1
INFO: Loading ground truth: inputs/vectors/references/best-available-gt-55maps-r2.geojson
INFO: Loading bounds: inputs/vectors/bounds/384/55maps_evaluation_bounds.geojson
INFO: Reference: 5018 mounds, 8541 evaluation tiles
INFO: Evaluating: detections.geojson
INFO:   5m: F1=0.080 [0.073, 0.088], P=0.081 [0.074, 0.089], R=0.079 [0.071, 0.086] [sparse coverage: 64.4% zero-tiles]
INFO:   10m: F1=0.271 [0.259, 0.284], P=0.276 [0.263, 0.289], R=0.267 [0.254, 0.280] [sparse coverage: 64.7% zero-tiles]
INFO:   15m: F1=0.472 [0.458, 0.485], P=0.479 [0.465, 0.494], R=0.464 [0.450, 0.479] [sparse coverage: 65.0% zero-tiles]
INFO:   20m: F1=0.617 [0.604, 0.630], P=0.627 [0.613, 0.640], R=0.607 [0.592, 0.622] [sparse coverage: 65.3% zero-tiles]
INFO:   25m: F1=0.715 [0.703, 0.726], P=0.726 [0.714, 0.739], R=0.703 [0.689, 0.717] [sparse coverage: 65.4% zero-tiles]
INFO:   30m: F1=0.771 [0.760, 0.781], P=0.784 [0.772, 0.795], R=0.759 [0.745, 0.771] [sparse coverage: 65.6% zero-tiles]
INFO:   35m: F1=0.798 [0.788, 0.807], P=0.811 [0.800, 0.821], R=0.785 [0.772, 0.797] [sparse coverage: 65.7% zero-tiles]
INFO:   40m: F1=0.809 [0.799, 0.817], P=0.822 [0.811, 0.832], R=0.796 [0.783, 0.808] [sparse coverage: 65.7% zero-tiles]
INFO:   45m: F1=0.815 [0.806, 0.823], P=0.828 [0.818, 0.839], R=0.802 [0.789, 0.814] [sparse coverage: 65.8% zero-tiles]
INFO:   50m: F1=0.818 [0.809, 0.826], P=0.831 [0.821, 0.841], R=0.805 [0.792, 0.817] [sparse coverage: 65.8% zero-tiles]
INFO:   75m: F1=0.824 [0.815, 0.831], P=0.837 [0.827, 0.847], R=0.810 [0.798, 0.822] [sparse coverage: 65.8% zero-tiles]
INFO:   100m: F1=0.825 [0.817, 0.833], P=0.839 [0.828, 0.849], R=0.812 [0.800, 0.824] [sparse coverage: 65.8% zero-tiles]
INFO:   125m: F1=0.826 [0.818, 0.834], P=0.840 [0.830, 0.850], R=0.813 [0.801, 0.825] [sparse coverage: 65.8% zero-tiles]
INFO:   150m: F1=0.827 [0.819, 0.835], P=0.840 [0.830, 0.850], R=0.814 [0.801, 0.825] [sparse coverage: 65.8% zero-tiles]
INFO:   MCC=0.716 [0.702, 0.730], Sens=0.704, Spec=0.968
INFO: JSON written: results/gemini3-image-55map-2026-09-16/cells/G3IMG-ARM1-K5-f1-oracle/evaluation.json
INFO: CSV written: results/gemini3-image-55map-2026-09-16/cells/G3IMG-ARM1-K5-f1-oracle/evaluation.csv
INFO: Markdown written: results/gemini3-image-55map-2026-09-16/cells/G3IMG-ARM1-K5-f1-oracle/evaluation.md
