=== PAIRING RERUN START 2026-08-29T09:58:23+00:00
+ python scripts/evaluate_detections.py --detections outputs/55maps-generalisation/consensus/consensus-4of5.geojson --ground-truth inputs/vectors/references/student-mounds-55maps-reviewed.geojson --bounds inputs/vectors/bounds/384/55maps_evaluation_bounds.geojson --buffers 5 10 15 20 25 30 35 40 45 50 75 100 125 150 --bootstrap 10000 --seed 42 --mcc --output-dir results/uplift-supplement/verifier-pairing/55maps-generalisation__verified-paired --label 55maps-generalisation__verified-paired-unverified
INFO: Detection files: 1
INFO: Loading ground truth: inputs/vectors/references/student-mounds-55maps-reviewed.geojson
INFO: Loading bounds: inputs/vectors/bounds/384/55maps_evaluation_bounds.geojson
INFO: Reference: 4746 mounds, 8541 evaluation tiles
INFO: Evaluating: consensus-4of5.geojson
INFO:   5m: F1=0.000 [0.000, 0.000], P=0.000 [0.000, 0.000], R=0.000 [0.000, 0.000] [sparse coverage: 69.2% zero-tiles]
INFO:   10m: F1=0.000 [0.000, 0.000], P=0.000 [0.000, 0.000], R=0.000 [0.000, 0.000] [sparse coverage: 69.2% zero-tiles]
INFO:   15m: F1=0.000 [0.000, 0.000], P=0.000 [0.000, 0.000], R=0.000 [0.000, 0.000] [sparse coverage: 69.2% zero-tiles]
INFO:   20m: F1=0.000 [0.000, 0.000], P=0.000 [0.000, 0.000], R=0.000 [0.000, 0.000] [sparse coverage: 69.2% zero-tiles]
INFO:   25m: F1=0.000 [0.000, 0.000], P=0.000 [0.000, 0.000], R=0.000 [0.000, 0.000] [sparse coverage: 69.2% zero-tiles]
INFO:   30m: F1=0.000 [0.000, 0.000], P=0.000 [0.000, 0.000], R=0.000 [0.000, 0.000] [sparse coverage: 69.2% zero-tiles]
INFO:   35m: F1=0.000 [0.000, 0.000], P=0.000 [0.000, 0.000], R=0.000 [0.000, 0.000] [sparse coverage: 69.2% zero-tiles]
INFO:   40m: F1=0.000 [0.000, 0.000], P=0.000 [0.000, 0.000], R=0.000 [0.000, 0.000] [sparse coverage: 69.2% zero-tiles]
INFO:   45m: F1=0.000 [0.000, 0.000], P=0.000 [0.000, 0.000], R=0.000 [0.000, 0.000] [sparse coverage: 69.2% zero-tiles]
INFO:   50m: F1=0.000 [0.000, 0.000], P=0.000 [0.000, 0.000], R=0.000 [0.000, 0.000] [sparse coverage: 69.2% zero-tiles]
INFO:   75m: F1=0.000 [0.000, 0.000], P=0.000 [0.000, 0.000], R=0.000 [0.000, 0.000] [sparse coverage: 69.2% zero-tiles]
INFO:   100m: F1=0.000 [0.000, 0.000], P=0.000 [0.000, 0.000], R=0.000 [0.000, 0.000] [sparse coverage: 69.2% zero-tiles]
INFO:   125m: F1=0.000 [0.000, 0.000], P=0.000 [0.000, 0.000], R=0.000 [0.000, 0.000] [sparse coverage: 69.2% zero-tiles]
INFO:   150m: F1=0.000 [0.000, 0.000], P=0.000 [0.000, 0.000], R=0.000 [0.000, 0.000] [sparse coverage: 69.2% zero-tiles]
INFO:   MCC=undefined [undefined, undefined], Sens=0.000, Spec=1.000
INFO: JSON written: results/uplift-supplement/verifier-pairing/55maps-generalisation__verified-paired/evaluation.json
INFO: CSV written: results/uplift-supplement/verifier-pairing/55maps-generalisation__verified-paired/evaluation.csv
INFO: Markdown written: results/uplift-supplement/verifier-pairing/55maps-generalisation__verified-paired/evaluation.md
+ python scripts/evaluate_detections.py --detections outputs/55maps-image-generalisation/consensus/consensus-3of5.geojson --ground-truth inputs/vectors/references/student-mounds-55maps-reviewed.geojson --bounds inputs/vectors/bounds/384/55maps_evaluation_bounds.geojson --buffers 5 10 15 20 25 30 35 40 45 50 75 100 125 150 --bootstrap 10000 --seed 42 --mcc --output-dir results/uplift-supplement/verifier-pairing/55maps-image-generalisation__verified --label 55maps-image-generalisation__verified-unverified
INFO: Detection files: 1
INFO: Loading ground truth: inputs/vectors/references/student-mounds-55maps-reviewed.geojson
INFO: Loading bounds: inputs/vectors/bounds/384/55maps_evaluation_bounds.geojson
INFO: Reference: 4746 mounds, 8541 evaluation tiles
INFO: Evaluating: consensus-3of5.geojson
INFO:   5m: F1=0.041 [0.037, 0.047], P=0.033 [0.029, 0.038], R=0.055 [0.049, 0.062]
INFO:   10m: F1=0.146 [0.137, 0.156], P=0.117 [0.110, 0.125], R=0.195 [0.183, 0.207]
INFO:   15m: F1=0.269 [0.257, 0.280], P=0.215 [0.205, 0.226], R=0.357 [0.343, 0.372]
INFO:   20m: F1=0.382 [0.369, 0.395], P=0.306 [0.294, 0.318], R=0.508 [0.492, 0.524]
INFO:   25m: F1=0.463 [0.450, 0.477], P=0.371 [0.358, 0.385], R=0.616 [0.601, 0.632]
INFO:   30m: F1=0.513 [0.500, 0.526], P=0.411 [0.398, 0.425], R=0.683 [0.667, 0.697]
INFO:   35m: F1=0.544 [0.531, 0.557], P=0.436 [0.422, 0.449], R=0.723 [0.708, 0.737]
INFO:   40m: F1=0.561 [0.548, 0.573], P=0.449 [0.435, 0.463], R=0.746 [0.731, 0.759]
INFO:   45m: F1=0.571 [0.557, 0.583], P=0.457 [0.443, 0.471], R=0.759 [0.744, 0.772]
INFO:   50m: F1=0.577 [0.564, 0.589], P=0.462 [0.448, 0.476], R=0.767 [0.753, 0.780]
INFO:   75m: F1=0.591 [0.577, 0.603], P=0.473 [0.459, 0.487], R=0.786 [0.772, 0.799]
INFO:   100m: F1=0.595 [0.582, 0.608], P=0.477 [0.462, 0.491], R=0.791 [0.777, 0.804]
INFO:   125m: F1=0.597 [0.584, 0.610], P=0.479 [0.464, 0.493], R=0.794 [0.780, 0.807]
INFO:   150m: F1=0.599 [0.586, 0.612], P=0.480 [0.466, 0.494], R=0.797 [0.783, 0.810]
INFO:   MCC=0.410 [0.391, 0.429], Sens=0.770, Spec=0.648
INFO: JSON written: results/uplift-supplement/verifier-pairing/55maps-image-generalisation__verified/evaluation.json
INFO: CSV written: results/uplift-supplement/verifier-pairing/55maps-image-generalisation__verified/evaluation.csv
INFO: Markdown written: results/uplift-supplement/verifier-pairing/55maps-image-generalisation__verified/evaluation.md
+ python scripts/materialise_pairing_twin.py --crop-manifest outputs/55maps-image-generalisation/crops/candidate_manifest.json --min-votes 3 --expect-consensus outputs/55maps-image-generalisation/consensus/consensus-3of5.geojson --output results/uplift-supplement/verifier-pairing/55maps-image-generalisation__verified-k3-canonical-gt/twin-3of5.geojson
wrote 7878 of 7878 candidates at vote_count >= 3 to results/uplift-supplement/verifier-pairing/55maps-image-generalisation__verified-k3-canonical-gt/twin-3of5.geojson
+ python scripts/compute_corrected_f1_multi_buffer.py --verified-detections results/uplift-supplement/verifier-pairing/55maps-image-generalisation__verified-k3-canonical-gt/twin-3of5.geojson --student-gt inputs/vectors/references/student-mounds-55maps-reviewed.geojson --bounds inputs/vectors/bounds/384/55maps_evaluation_bounds.geojson --buffers 5 10 15 20 25 30 35 40 45 50 75 100 125 150 --n-bootstrap 10000 --seed 42 --compute-mcc --output-dir results/uplift-supplement/verifier-pairing/55maps-image-generalisation__verified-k3-canonical-gt --review-yesterday results/55maps-extended-gt-2026-06-07/empty-yesterday-review.csv --review-today results/deployment-oracle-2026-06-06/canonical-gt/canonical-review.csv
Loading inputs...
  detections: 7,878
  student GT: 4,746
  bounds tiles: 8,541
  review (yesterday): 0
  review (today):     773
  excluded sentinels (>150 m shell, buffer_metres=200): 10

--- Buffer R = 5 m ---
R=5m  TP=272  FP=7606  FN=4474  n_ref_student=4746  n_reviewer_promoted=0  n_ref_ext_scoped=4746
  P=0.0345  R=0.0573  F1=0.0431
  95% CIs — P=[0.0303, 0.0388] R=[0.0506, 0.0643] F1=[0.0380, 0.0484]
  MCC=0.4248  tiles TP/TN/FP/FN=2699/3276/1884/682

--- Buffer R = 10 m ---
R=10m  TP=973  FP=6905  FN=3773  n_ref_student=4746  n_reviewer_promoted=0  n_ref_ext_scoped=4746
  P=0.1235  R=0.2050  F1=0.1542
  95% CIs — P=[0.1156, 0.1314] R=[0.1927, 0.2174] F1=[0.1447, 0.1634]
  MCC=0.4248  tiles TP/TN/FP/FN=2699/3276/1884/682

--- Buffer R = 15 m ---
R=15m  TP=1792  FP=6086  FN=2954  n_ref_student=4746  n_reviewer_promoted=0  n_ref_ext_scoped=4746
  P=0.2275  R=0.3776  F1=0.2839
  95% CIs — P=[0.2167, 0.2380] R=[0.3625, 0.3922] F1=[0.2719, 0.2955]
  MCC=0.4248  tiles TP/TN/FP/FN=2699/3276/1884/682

--- Buffer R = 20 m ---
R=20m  TP=2543  FP=5335  FN=2203  n_ref_student=4746  n_reviewer_promoted=0  n_ref_ext_scoped=4746
  P=0.3228  R=0.5358  F1=0.4029
  95% CIs — P=[0.3106, 0.3353] R=[0.5203, 0.5513] F1=[0.3901, 0.4157]
  MCC=0.4248  tiles TP/TN/FP/FN=2699/3276/1884/682

--- Buffer R = 25 m ---
R=25m  TP=3103  FP=4775  FN=1643  n_ref_student=4746  n_reviewer_promoted=0  n_ref_ext_scoped=4746
  P=0.3939  R=0.6538  F1=0.4916
  95% CIs — P=[0.3806, 0.4073] R=[0.6388, 0.6689] F1=[0.4786, 0.5048]
  MCC=0.4248  tiles TP/TN/FP/FN=2699/3276/1884/682

--- Buffer R = 30 m ---
R=30m  TP=3439  FP=4439  FN=1307  n_ref_student=4746  n_reviewer_promoted=0  n_ref_ext_scoped=4746
  P=0.4365  R=0.7246  F1=0.5448
  95% CIs — P=[0.4226, 0.4503] R=[0.7103, 0.7384] F1=[0.5318, 0.5577]
  MCC=0.4248  tiles TP/TN/FP/FN=2699/3276/1884/682

--- Buffer R = 35 m ---
R=35m  TP=3638  FP=4240  FN=1108  n_ref_student=4746  n_reviewer_promoted=0  n_ref_ext_scoped=4746
  P=0.4618  R=0.7665  F1=0.5764
  95% CIs — P=[0.4477, 0.4759] R=[0.7532, 0.7797] F1=[0.5635, 0.5891]
  MCC=0.4248  tiles TP/TN/FP/FN=2699/3276/1884/682

--- Buffer R = 40 m ---
R=40m  TP=3757  FP=4121  FN=989  n_ref_student=4746  n_reviewer_promoted=0  n_ref_ext_scoped=4746
  P=0.4769  R=0.7916  F1=0.5952
  95% CIs — P=[0.4629, 0.4910] R=[0.7787, 0.8043] F1=[0.5826, 0.6077]
  MCC=0.4248  tiles TP/TN/FP/FN=2699/3276/1884/682

--- Buffer R = 45 m ---
R=45m  TP=3826  FP=4052  FN=920  n_ref_student=4746  n_reviewer_promoted=0  n_ref_ext_scoped=4746
  P=0.4857  R=0.8062  F1=0.6061
  95% CIs — P=[0.4715, 0.4996] R=[0.7936, 0.8186] F1=[0.5937, 0.6184]
  MCC=0.4248  tiles TP/TN/FP/FN=2699/3276/1884/682

--- Buffer R = 50 m ---
  build_extended_gt: dropped 1 phantom(s) within 5.0 m of a same-map student-GT point (channel-duplicated rescue de-duplication)
R=50m  TP=4160  FP=3718  FN=1000  n_ref_student=4746  n_reviewer_promoted=414  n_ref_ext_scoped=5160
  P=0.5281  R=0.8062  F1=0.6381
  95% CIs — P=[0.5139, 0.5420] R=[0.7939, 0.8181] F1=[0.6261, 0.6498]
  MCC=0.4369  tiles TP/TN/FP/FN=2807/3241/1776/717

--- Buffer R = 75 m ---
  build_extended_gt: dropped 1 phantom(s) within 5.0 m of a same-map student-GT point (channel-duplicated rescue de-duplication)
R=75m  TP=4333  FP=3545  FN=1006  n_ref_student=4746  n_reviewer_promoted=593  n_ref_ext_scoped=5339
  P=0.5500  R=0.8116  F1=0.6557
  95% CIs — P=[0.5356, 0.5640] R=[0.7994, 0.8233] F1=[0.6440, 0.6671]
  MCC=0.4375  tiles TP/TN/FP/FN=2818/3235/1765/723

--- Buffer R = 100 m ---
  build_extended_gt: dropped 1 phantom(s) within 5.0 m of a same-map student-GT point (channel-duplicated rescue de-duplication)
R=100m  TP=4388  FP=3490  FN=1042  n_ref_student=4746  n_reviewer_promoted=684  n_ref_ext_scoped=5430
  P=0.5570  R=0.8081  F1=0.6595
  95% CIs — P=[0.5425, 0.5711] R=[0.7958, 0.8200] F1=[0.6479, 0.6707]
  MCC=0.4381  tiles TP/TN/FP/FN=2825/3232/1758/726

--- Buffer R = 125 m ---
  build_extended_gt: dropped 1 phantom(s) within 5.0 m of a same-map student-GT point (channel-duplicated rescue de-duplication)
R=125m  TP=4414  FP=3464  FN=1060  n_ref_student=4746  n_reviewer_promoted=728  n_ref_ext_scoped=5474
  P=0.5603  R=0.8064  F1=0.6612
  95% CIs — P=[0.5457, 0.5743] R=[0.7940, 0.8183] F1=[0.6496, 0.6725]
  MCC=0.4377  tiles TP/TN/FP/FN=2827/3229/1756/729

--- Buffer R = 150 m ---
  build_extended_gt: dropped 1 phantom(s) within 5.0 m of a same-map student-GT point (channel-duplicated rescue de-duplication)
R=150m  TP=4432  FP=3446  FN=1076  n_ref_student=4746  n_reviewer_promoted=762  n_ref_ext_scoped=5508
  P=0.5626  R=0.8046  F1=0.6622
  95% CIs — P=[0.5480, 0.5767] R=[0.7922, 0.8165] F1=[0.6507, 0.6735]
  MCC=0.4377  tiles TP/TN/FP/FN=2827/3229/1756/729

Wrote results/uplift-supplement/verifier-pairing/55maps-image-generalisation__verified-k3-canonical-gt/corrected-f1.csv
Wrote results/uplift-supplement/verifier-pairing/55maps-image-generalisation__verified-k3-canonical-gt/summary.json
Wrote results/uplift-supplement/verifier-pairing/55maps-image-generalisation__verified-k3-canonical-gt/report_autogen.md
+ python scripts/materialise_pairing_twin.py --crop-manifest outputs/55maps-image-generalisation/crops/candidate_manifest.json --min-votes 3 --expect-consensus outputs/55maps-image-generalisation/consensus/consensus-3of5.geojson --output results/uplift-supplement/verifier-pairing/55maps-image-generalisation__verified-k3-standardised-gt/twin-3of5.geojson
wrote 7878 of 7878 candidates at vote_count >= 3 to results/uplift-supplement/verifier-pairing/55maps-image-generalisation__verified-k3-standardised-gt/twin-3of5.geojson
+ python scripts/compute_corrected_f1_multi_buffer.py --verified-detections results/uplift-supplement/verifier-pairing/55maps-image-generalisation__verified-k3-standardised-gt/twin-3of5.geojson --student-gt results/deployment-oracle-2026-06-06/canonical-gt/standardised/student-mounds-55maps-standardised.geojson --bounds inputs/vectors/bounds/384/55maps_evaluation_bounds.geojson --buffers 5 10 15 20 25 30 35 40 45 50 75 100 125 150 --n-bootstrap 10000 --seed 42 --compute-mcc --output-dir results/uplift-supplement/verifier-pairing/55maps-image-generalisation__verified-k3-standardised-gt --extension-csv results/deployment-oracle-2026-06-06/canonical-gt/standardised/extension-mounds-standardised.csv
Loading inputs...
  detections: 7,878
  student GT: 4,731
  bounds tiles: 8,541
  standardised extension layer: 279 (included whole at every R)
  pre-computing buffer-invariant MCC block (extension mode)...

--- Buffer R = 5 m ---
R=5m  TP=338  FP=7540  FN=4672  n_ref_student=4731  n_reviewer_promoted=279  n_ref_ext_scoped=5010
  P=0.0429  R=0.0675  F1=0.0525
  95% CIs — P=[0.0382, 0.0476] R=[0.0604, 0.0747] F1=[0.0469, 0.0581]
  MCC=0.4369  tiles TP/TN/FP/FN=2807/3241/1776/717

--- Buffer R = 10 m ---
R=10m  TP=1161  FP=6717  FN=3849  n_ref_student=4731  n_reviewer_promoted=279  n_ref_ext_scoped=5010
  P=0.1474  R=0.2317  F1=0.1802
  95% CIs — P=[0.1387, 0.1561] R=[0.2190, 0.2443] F1=[0.1702, 0.1902]
  MCC=0.4369  tiles TP/TN/FP/FN=2807/3241/1776/717

--- Buffer R = 15 m ---
R=15m  TP=2057  FP=5821  FN=2953  n_ref_student=4731  n_reviewer_promoted=279  n_ref_ext_scoped=5010
  P=0.2611  R=0.4106  F1=0.3192
  95% CIs — P=[0.2499, 0.2722] R=[0.3955, 0.4251] F1=[0.3070, 0.3310]
  MCC=0.4369  tiles TP/TN/FP/FN=2807/3241/1776/717

--- Buffer R = 20 m ---
R=20m  TP=2802  FP=5076  FN=2208  n_ref_student=4731  n_reviewer_promoted=279  n_ref_ext_scoped=5010
  P=0.3557  R=0.5593  F1=0.4348
  95% CIs — P=[0.3432, 0.3682] R=[0.5438, 0.5741] F1=[0.4220, 0.4474]
  MCC=0.4369  tiles TP/TN/FP/FN=2807/3241/1776/717

--- Buffer R = 25 m ---
R=25m  TP=3353  FP=4525  FN=1657  n_ref_student=4731  n_reviewer_promoted=279  n_ref_ext_scoped=5010
  P=0.4256  R=0.6693  F1=0.5203
  95% CIs — P=[0.4123, 0.4390] R=[0.6549, 0.6836] F1=[0.5073, 0.5331]
  MCC=0.4369  tiles TP/TN/FP/FN=2807/3241/1776/717

--- Buffer R = 30 m ---
R=30m  TP=3683  FP=4195  FN=1327  n_ref_student=4731  n_reviewer_promoted=279  n_ref_ext_scoped=5010
  P=0.4675  R=0.7351  F1=0.5715
  95% CIs — P=[0.4536, 0.4811] R=[0.7214, 0.7483] F1=[0.5588, 0.5839]
  MCC=0.4369  tiles TP/TN/FP/FN=2807/3241/1776/717

--- Buffer R = 35 m ---
R=35m  TP=3883  FP=3995  FN=1127  n_ref_student=4731  n_reviewer_promoted=279  n_ref_ext_scoped=5010
  P=0.4929  R=0.7750  F1=0.6026
  95% CIs — P=[0.4788, 0.5067] R=[0.7622, 0.7877] F1=[0.5900, 0.6147]
  MCC=0.4369  tiles TP/TN/FP/FN=2807/3241/1776/717

--- Buffer R = 40 m ---
R=40m  TP=4000  FP=3878  FN=1010  n_ref_student=4731  n_reviewer_promoted=279  n_ref_ext_scoped=5010
  P=0.5077  R=0.7984  F1=0.6207
  95% CIs — P=[0.4939, 0.5216] R=[0.7861, 0.8104] F1=[0.6086, 0.6326]
  MCC=0.4369  tiles TP/TN/FP/FN=2807/3241/1776/717

--- Buffer R = 45 m ---
R=45m  TP=4064  FP=3814  FN=946  n_ref_student=4731  n_reviewer_promoted=279  n_ref_ext_scoped=5010
  P=0.5159  R=0.8112  F1=0.6307
  95% CIs — P=[0.5019, 0.5297] R=[0.7989, 0.8230] F1=[0.6188, 0.6424]
  MCC=0.4369  tiles TP/TN/FP/FN=2807/3241/1776/717

--- Buffer R = 50 m ---
R=50m  TP=4109  FP=3769  FN=901  n_ref_student=4731  n_reviewer_promoted=279  n_ref_ext_scoped=5010
  P=0.5216  R=0.8202  F1=0.6376
  95% CIs — P=[0.5075, 0.5354] R=[0.8081, 0.8318] F1=[0.6257, 0.6492]
  MCC=0.4369  tiles TP/TN/FP/FN=2807/3241/1776/717

--- Buffer R = 75 m ---
R=75m  TP=4199  FP=3679  FN=811  n_ref_student=4731  n_reviewer_promoted=279  n_ref_ext_scoped=5010
  P=0.5330  R=0.8381  F1=0.6516
  95% CIs — P=[0.5187, 0.5470] R=[0.8263, 0.8494] F1=[0.6397, 0.6633]
  MCC=0.4369  tiles TP/TN/FP/FN=2807/3241/1776/717

--- Buffer R = 100 m ---
R=100m  TP=4222  FP=3656  FN=788  n_ref_student=4731  n_reviewer_promoted=279  n_ref_ext_scoped=5010
  P=0.5359  R=0.8427  F1=0.6552
  95% CIs — P=[0.5217, 0.5499] R=[0.8312, 0.8538] F1=[0.6433, 0.6668]
  MCC=0.4369  tiles TP/TN/FP/FN=2807/3241/1776/717

--- Buffer R = 125 m ---
R=125m  TP=4238  FP=3640  FN=772  n_ref_student=4731  n_reviewer_promoted=279  n_ref_ext_scoped=5010
  P=0.5380  R=0.8459  F1=0.6577
  95% CIs — P=[0.5237, 0.5519] R=[0.8343, 0.8569] F1=[0.6456, 0.6692]
  MCC=0.4369  tiles TP/TN/FP/FN=2807/3241/1776/717

--- Buffer R = 150 m ---
R=150m  TP=4248  FP=3630  FN=762  n_ref_student=4731  n_reviewer_promoted=279  n_ref_ext_scoped=5010
  P=0.5392  R=0.8479  F1=0.6592
  95% CIs — P=[0.5249, 0.5532] R=[0.8365, 0.8589] F1=[0.6472, 0.6708]
  MCC=0.4369  tiles TP/TN/FP/FN=2807/3241/1776/717

Wrote results/uplift-supplement/verifier-pairing/55maps-image-generalisation__verified-k3-standardised-gt/corrected-f1.csv
Wrote results/uplift-supplement/verifier-pairing/55maps-image-generalisation__verified-k3-standardised-gt/summary.json
Wrote results/uplift-supplement/verifier-pairing/55maps-image-generalisation__verified-k3-standardised-gt/report_autogen.md
+ python scripts/evaluate_detections.py --detections outputs/55maps-text-high-generalisation/consensus/consensus-4of5.geojson --ground-truth inputs/vectors/references/student-mounds-55maps-reviewed.geojson --bounds inputs/vectors/bounds/384/55maps_evaluation_bounds.geojson --buffers 5 10 15 20 25 30 35 40 45 50 75 100 125 150 --bootstrap 10000 --seed 42 --mcc --output-dir results/uplift-supplement/verifier-pairing/55maps-text-high-generalisation__verified --label 55maps-text-high-generalisation__verified-unverified
INFO: Detection files: 1
INFO: Loading ground truth: inputs/vectors/references/student-mounds-55maps-reviewed.geojson
INFO: Loading bounds: inputs/vectors/bounds/384/55maps_evaluation_bounds.geojson
INFO: Reference: 4746 mounds, 8541 evaluation tiles
INFO: Evaluating: consensus-4of5.geojson
INFO:   5m: F1=0.053 [0.048, 0.059], P=0.041 [0.036, 0.045], R=0.079 [0.070, 0.087]
INFO:   10m: F1=0.175 [0.165, 0.186], P=0.133 [0.124, 0.141], R=0.257 [0.243, 0.272]
INFO:   15m: F1=0.305 [0.293, 0.318], P=0.231 [0.220, 0.243], R=0.448 [0.432, 0.465]
INFO:   20m: F1=0.399 [0.385, 0.413], P=0.302 [0.289, 0.315], R=0.586 [0.570, 0.603]
INFO:   25m: F1=0.453 [0.438, 0.467], P=0.343 [0.329, 0.357], R=0.665 [0.650, 0.681]
INFO:   30m: F1=0.481 [0.467, 0.496], P=0.365 [0.351, 0.379], R=0.708 [0.692, 0.723]
INFO:   35m: F1=0.495 [0.480, 0.509], P=0.375 [0.360, 0.389], R=0.727 [0.712, 0.742]
INFO:   40m: F1=0.500 [0.486, 0.515], P=0.379 [0.365, 0.393], R=0.735 [0.720, 0.750]
INFO:   45m: F1=0.503 [0.489, 0.517], P=0.381 [0.367, 0.396], R=0.739 [0.724, 0.754]
INFO:   50m: F1=0.505 [0.491, 0.519], P=0.382 [0.368, 0.397], R=0.742 [0.727, 0.757]
INFO:   75m: F1=0.507 [0.492, 0.521], P=0.384 [0.369, 0.398], R=0.745 [0.730, 0.759]
INFO:   100m: F1=0.508 [0.494, 0.522], P=0.385 [0.370, 0.399], R=0.746 [0.731, 0.761]
INFO:   125m: F1=0.509 [0.494, 0.523], P=0.385 [0.371, 0.400], R=0.748 [0.733, 0.762]
INFO:   150m: F1=0.509 [0.495, 0.524], P=0.386 [0.372, 0.400], R=0.749 [0.734, 0.763]
INFO:   MCC=0.285 [0.266, 0.305], Sens=0.770, Spec=0.515
INFO: JSON written: results/uplift-supplement/verifier-pairing/55maps-text-high-generalisation__verified/evaluation.json
INFO: CSV written: results/uplift-supplement/verifier-pairing/55maps-text-high-generalisation__verified/evaluation.csv
INFO: Markdown written: results/uplift-supplement/verifier-pairing/55maps-text-high-generalisation__verified/evaluation.md
+ python scripts/materialise_pairing_twin.py --crop-manifest outputs/55maps-text-high-generalisation/crops/candidate_manifest.json --min-votes 4 --expect-consensus outputs/55maps-text-high-generalisation/consensus/consensus-4of5.geojson --output results/uplift-supplement/verifier-pairing/55maps-text-high-generalisation__verified-k4-canonical-gt/twin-4of5.geojson
NOTE: the committed consensus set holds 9206 features and the crop manifest 9205 (delta +1). The twin follows the MANIFEST, because that is the candidate universe the verified side was drawn from; a twin built from the committed set would differ from its pair in candidate membership as well as in the verifier.
wrote 9205 of 9205 candidates at vote_count >= 4 to results/uplift-supplement/verifier-pairing/55maps-text-high-generalisation__verified-k4-canonical-gt/twin-4of5.geojson
+ python scripts/compute_corrected_f1_multi_buffer.py --verified-detections results/uplift-supplement/verifier-pairing/55maps-text-high-generalisation__verified-k4-canonical-gt/twin-4of5.geojson --student-gt inputs/vectors/references/student-mounds-55maps-reviewed.geojson --bounds inputs/vectors/bounds/384/55maps_evaluation_bounds.geojson --buffers 5 10 15 20 25 30 35 40 45 50 75 100 125 150 --n-bootstrap 10000 --seed 42 --compute-mcc --output-dir results/uplift-supplement/verifier-pairing/55maps-text-high-generalisation__verified-k4-canonical-gt --review-yesterday results/55maps-extended-gt-2026-06-07/empty-yesterday-review.csv --review-today results/deployment-oracle-2026-06-06/canonical-gt/canonical-review.csv
Loading inputs...
  detections: 9,205
  student GT: 4,746
  bounds tiles: 8,541
  review (yesterday): 0
  review (today):     773
  excluded sentinels (>150 m shell, buffer_metres=200): 10

--- Buffer R = 5 m ---
R=5m  TP=393  FP=8812  FN=4353  n_ref_student=4746  n_reviewer_promoted=0  n_ref_ext_scoped=4746
  P=0.0427  R=0.0828  F1=0.0563
  95% CIs — P=[0.0382, 0.0473] R=[0.0744, 0.0912] F1=[0.0505, 0.0621]
  MCC=0.2797  tiles TP/TN/FP/FN=2623/2598/2562/758

--- Buffer R = 10 m ---
R=10m  TP=1289  FP=7916  FN=3457  n_ref_student=4746  n_reviewer_promoted=0  n_ref_ext_scoped=4746
  P=0.1400  R=0.2716  F1=0.1848
  95% CIs — P=[0.1315, 0.1488] R=[0.2570, 0.2860] F1=[0.1744, 0.1953]
  MCC=0.2797  tiles TP/TN/FP/FN=2623/2598/2562/758

--- Buffer R = 15 m ---
R=15m  TP=2242  FP=6963  FN=2504  n_ref_student=4746  n_reviewer_promoted=0  n_ref_ext_scoped=4746
  P=0.2436  R=0.4724  F1=0.3214
  95% CIs — P=[0.2321, 0.2552] R=[0.4562, 0.4886] F1=[0.3085, 0.3344]
  MCC=0.2797  tiles TP/TN/FP/FN=2623/2598/2562/758

--- Buffer R = 20 m ---
R=20m  TP=2938  FP=6267  FN=1808  n_ref_student=4746  n_reviewer_promoted=0  n_ref_ext_scoped=4746
  P=0.3192  R=0.6190  F1=0.4212
  95% CIs — P=[0.3061, 0.3324] R=[0.6026, 0.6351] F1=[0.4072, 0.4350]
  MCC=0.2797  tiles TP/TN/FP/FN=2623/2598/2562/758

--- Buffer R = 25 m ---
R=25m  TP=3341  FP=5864  FN=1405  n_ref_student=4746  n_reviewer_promoted=0  n_ref_ext_scoped=4746
  P=0.3630  R=0.7040  F1=0.4790
  95% CIs — P=[0.3492, 0.3769] R=[0.6886, 0.7189] F1=[0.4649, 0.4929]
  MCC=0.2797  tiles TP/TN/FP/FN=2623/2598/2562/758

--- Buffer R = 30 m ---
R=30m  TP=3561  FP=5644  FN=1185  n_ref_student=4746  n_reviewer_promoted=0  n_ref_ext_scoped=4746
  P=0.3869  R=0.7503  F1=0.5105
  95% CIs — P=[0.3725, 0.4013] R=[0.7357, 0.7645] F1=[0.4960, 0.5246]
  MCC=0.2797  tiles TP/TN/FP/FN=2623/2598/2562/758

--- Buffer R = 35 m ---
R=35m  TP=3658  FP=5547  FN=1088  n_ref_student=4746  n_reviewer_promoted=0  n_ref_ext_scoped=4746
  P=0.3974  R=0.7708  F1=0.5244
  95% CIs — P=[0.3828, 0.4121] R=[0.7565, 0.7845] F1=[0.5099, 0.5385]
  MCC=0.2797  tiles TP/TN/FP/FN=2623/2598/2562/758

--- Buffer R = 40 m ---
R=40m  TP=3701  FP=5504  FN=1045  n_ref_student=4746  n_reviewer_promoted=0  n_ref_ext_scoped=4746
  P=0.4021  R=0.7798  F1=0.5306
  95% CIs — P=[0.3874, 0.4169] R=[0.7659, 0.7937] F1=[0.5161, 0.5448]
  MCC=0.2797  tiles TP/TN/FP/FN=2623/2598/2562/758

--- Buffer R = 45 m ---
R=45m  TP=3720  FP=5485  FN=1026  n_ref_student=4746  n_reviewer_promoted=0  n_ref_ext_scoped=4746
  P=0.4041  R=0.7838  F1=0.5333
  95% CIs — P=[0.3895, 0.4189] R=[0.7699, 0.7976] F1=[0.5189, 0.5474]
  MCC=0.2797  tiles TP/TN/FP/FN=2623/2598/2562/758

--- Buffer R = 50 m ---
  build_extended_gt: dropped 1 phantom(s) within 5.0 m of a same-map student-GT point (channel-duplicated rescue de-duplication)
R=50m  TP=4021  FP=5184  FN=1139  n_ref_student=4746  n_reviewer_promoted=414  n_ref_ext_scoped=5160
  P=0.4368  R=0.7793  F1=0.5598
  95% CIs — P=[0.4217, 0.4518] R=[0.7658, 0.7923] F1=[0.5457, 0.5734]
  MCC=0.2891  tiles TP/TN/FP/FN=2733/2565/2452/791

--- Buffer R = 75 m ---
  build_extended_gt: dropped 1 phantom(s) within 5.0 m of a same-map student-GT point (channel-duplicated rescue de-duplication)
R=75m  TP=4047  FP=5158  FN=1292  n_ref_student=4746  n_reviewer_promoted=593  n_ref_ext_scoped=5339
  P=0.4397  R=0.7580  F1=0.5565
  95% CIs — P=[0.4244, 0.4547] R=[0.7441, 0.7715] F1=[0.5424, 0.5699]
  MCC=0.2887  tiles TP/TN/FP/FN=2743/2558/2442/798

--- Buffer R = 100 m ---
  build_extended_gt: dropped 1 phantom(s) within 5.0 m of a same-map student-GT point (channel-duplicated rescue de-duplication)
R=100m  TP=4068  FP=5137  FN=1362  n_ref_student=4746  n_reviewer_promoted=684  n_ref_ext_scoped=5430
  P=0.4419  R=0.7492  F1=0.5559
  95% CIs — P=[0.4267, 0.4570] R=[0.7351, 0.7627] F1=[0.5419, 0.5693]
  MCC=0.2886  tiles TP/TN/FP/FN=2749/2554/2436/802

--- Buffer R = 125 m ---
  build_extended_gt: dropped 1 phantom(s) within 5.0 m of a same-map student-GT point (channel-duplicated rescue de-duplication)
R=125m  TP=4082  FP=5123  FN=1392  n_ref_student=4746  n_reviewer_promoted=728  n_ref_ext_scoped=5474
  P=0.4435  R=0.7457  F1=0.5562
  95% CIs — P=[0.4282, 0.4585] R=[0.7316, 0.7594] F1=[0.5422, 0.5695]
  MCC=0.2885  tiles TP/TN/FP/FN=2752/2552/2433/804

--- Buffer R = 150 m ---
  build_extended_gt: dropped 1 phantom(s) within 5.0 m of a same-map student-GT point (channel-duplicated rescue de-duplication)
R=150m  TP=4091  FP=5114  FN=1417  n_ref_student=4746  n_reviewer_promoted=762  n_ref_ext_scoped=5508
  P=0.4444  R=0.7427  F1=0.5561
  95% CIs — P=[0.4291, 0.4596] R=[0.7286, 0.7566] F1=[0.5422, 0.5693]
  MCC=0.2885  tiles TP/TN/FP/FN=2752/2552/2433/804

Wrote results/uplift-supplement/verifier-pairing/55maps-text-high-generalisation__verified-k4-canonical-gt/corrected-f1.csv
Wrote results/uplift-supplement/verifier-pairing/55maps-text-high-generalisation__verified-k4-canonical-gt/summary.json
Wrote results/uplift-supplement/verifier-pairing/55maps-text-high-generalisation__verified-k4-canonical-gt/report_autogen.md
+ python scripts/materialise_pairing_twin.py --crop-manifest outputs/55maps-text-high-generalisation/crops/candidate_manifest.json --min-votes 4 --expect-consensus outputs/55maps-text-high-generalisation/consensus/consensus-4of5.geojson --output results/uplift-supplement/verifier-pairing/55maps-text-high-generalisation__verified-k4-standardised-gt/twin-4of5.geojson
NOTE: the committed consensus set holds 9206 features and the crop manifest 9205 (delta +1). The twin follows the MANIFEST, because that is the candidate universe the verified side was drawn from; a twin built from the committed set would differ from its pair in candidate membership as well as in the verifier.
wrote 9205 of 9205 candidates at vote_count >= 4 to results/uplift-supplement/verifier-pairing/55maps-text-high-generalisation__verified-k4-standardised-gt/twin-4of5.geojson
+ python scripts/compute_corrected_f1_multi_buffer.py --verified-detections results/uplift-supplement/verifier-pairing/55maps-text-high-generalisation__verified-k4-standardised-gt/twin-4of5.geojson --student-gt results/deployment-oracle-2026-06-06/canonical-gt/standardised/student-mounds-55maps-standardised.geojson --bounds inputs/vectors/bounds/384/55maps_evaluation_bounds.geojson --buffers 5 10 15 20 25 30 35 40 45 50 75 100 125 150 --n-bootstrap 10000 --seed 42 --compute-mcc --output-dir results/uplift-supplement/verifier-pairing/55maps-text-high-generalisation__verified-k4-standardised-gt --extension-csv results/deployment-oracle-2026-06-06/canonical-gt/standardised/extension-mounds-standardised.csv
Loading inputs...
  detections: 9,205
  student GT: 4,731
  bounds tiles: 8,541
  standardised extension layer: 279 (included whole at every R)
  pre-computing buffer-invariant MCC block (extension mode)...

--- Buffer R = 5 m ---
R=5m  TP=558  FP=8647  FN=4452  n_ref_student=4731  n_reviewer_promoted=279  n_ref_ext_scoped=5010
  P=0.0606  R=0.1114  F1=0.0785
  95% CIs — P=[0.0552, 0.0660] R=[0.1019, 0.1207] F1=[0.0717, 0.0852]
  MCC=0.2886  tiles TP/TN/FP/FN=2732/2564/2453/792

--- Buffer R = 10 m ---
R=10m  TP=1605  FP=7600  FN=3405  n_ref_student=4731  n_reviewer_promoted=279  n_ref_ext_scoped=5010
  P=0.1744  R=0.3204  F1=0.2258
  95% CIs — P=[0.1646, 0.1842] R=[0.3054, 0.3350] F1=[0.2145, 0.2372]
  MCC=0.2886  tiles TP/TN/FP/FN=2732/2564/2453/792

--- Buffer R = 15 m ---
R=15m  TP=2559  FP=6646  FN=2451  n_ref_student=4731  n_reviewer_promoted=279  n_ref_ext_scoped=5010
  P=0.2780  R=0.5108  F1=0.3600
  95% CIs — P=[0.2659, 0.2903] R=[0.4950, 0.5267] F1=[0.3470, 0.3732]
  MCC=0.2886  tiles TP/TN/FP/FN=2732/2564/2453/792

--- Buffer R = 20 m ---
R=20m  TP=3214  FP=5991  FN=1796  n_ref_student=4731  n_reviewer_promoted=279  n_ref_ext_scoped=5010
  P=0.3492  R=0.6415  F1=0.4522
  95% CIs — P=[0.3357, 0.3625] R=[0.6257, 0.6567] F1=[0.4383, 0.4658]
  MCC=0.2886  tiles TP/TN/FP/FN=2732/2564/2453/792

--- Buffer R = 25 m ---
R=25m  TP=3588  FP=5617  FN=1422  n_ref_student=4731  n_reviewer_promoted=279  n_ref_ext_scoped=5010
  P=0.3898  R=0.7162  F1=0.5048
  95% CIs — P=[0.3755, 0.4039] R=[0.7014, 0.7304] F1=[0.4908, 0.5187]
  MCC=0.2886  tiles TP/TN/FP/FN=2732/2564/2453/792

--- Buffer R = 30 m ---
R=30m  TP=3802  FP=5403  FN=1208  n_ref_student=4731  n_reviewer_promoted=279  n_ref_ext_scoped=5010
  P=0.4130  R=0.7589  F1=0.5349
  95% CIs — P=[0.3983, 0.4276] R=[0.7447, 0.7725] F1=[0.5206, 0.5488]
  MCC=0.2886  tiles TP/TN/FP/FN=2732/2564/2453/792

--- Buffer R = 35 m ---
R=35m  TP=3895  FP=5310  FN=1115  n_ref_student=4731  n_reviewer_promoted=279  n_ref_ext_scoped=5010
  P=0.4231  R=0.7774  F1=0.5480
  95% CIs — P=[0.4082, 0.4379] R=[0.7639, 0.7908] F1=[0.5337, 0.5619]
  MCC=0.2886  tiles TP/TN/FP/FN=2732/2564/2453/792

--- Buffer R = 40 m ---
R=40m  TP=3930  FP=5275  FN=1080  n_ref_student=4731  n_reviewer_promoted=279  n_ref_ext_scoped=5010
  P=0.4269  R=0.7844  F1=0.5529
  95% CIs — P=[0.4118, 0.4418] R=[0.7708, 0.7976] F1=[0.5387, 0.5669]
  MCC=0.2886  tiles TP/TN/FP/FN=2732/2564/2453/792

--- Buffer R = 45 m ---
R=45m  TP=3950  FP=5255  FN=1060  n_ref_student=4731  n_reviewer_promoted=279  n_ref_ext_scoped=5010
  P=0.4291  R=0.7884  F1=0.5558
  95% CIs — P=[0.4140, 0.4440] R=[0.7749, 0.8016] F1=[0.5416, 0.5696]
  MCC=0.2886  tiles TP/TN/FP/FN=2732/2564/2453/792

--- Buffer R = 50 m ---
R=50m  TP=3963  FP=5242  FN=1047  n_ref_student=4731  n_reviewer_promoted=279  n_ref_ext_scoped=5010
  P=0.4305  R=0.7910  F1=0.5576
  95% CIs — P=[0.4154, 0.4454] R=[0.7776, 0.8040] F1=[0.5434, 0.5714]
  MCC=0.2886  tiles TP/TN/FP/FN=2732/2564/2453/792

--- Buffer R = 75 m ---
R=75m  TP=3976  FP=5229  FN=1034  n_ref_student=4731  n_reviewer_promoted=279  n_ref_ext_scoped=5010
  P=0.4319  R=0.7936  F1=0.5594
  95% CIs — P=[0.4167, 0.4469] R=[0.7803, 0.8065] F1=[0.5451, 0.5733]
  MCC=0.2886  tiles TP/TN/FP/FN=2732/2564/2453/792

--- Buffer R = 100 m ---
R=100m  TP=3986  FP=5219  FN=1024  n_ref_student=4731  n_reviewer_promoted=279  n_ref_ext_scoped=5010
  P=0.4330  R=0.7956  F1=0.5608
  95% CIs — P=[0.4178, 0.4480] R=[0.7823, 0.8086] F1=[0.5465, 0.5747]
  MCC=0.2886  tiles TP/TN/FP/FN=2732/2564/2453/792

--- Buffer R = 125 m ---
R=125m  TP=3991  FP=5214  FN=1019  n_ref_student=4731  n_reviewer_promoted=279  n_ref_ext_scoped=5010
  P=0.4336  R=0.7966  F1=0.5615
  95% CIs — P=[0.4183, 0.4485] R=[0.7833, 0.8095] F1=[0.5471, 0.5753]
  MCC=0.2886  tiles TP/TN/FP/FN=2732/2564/2453/792

--- Buffer R = 150 m ---
R=150m  TP=3996  FP=5209  FN=1014  n_ref_student=4731  n_reviewer_promoted=279  n_ref_ext_scoped=5010
  P=0.4341  R=0.7976  F1=0.5622
  95% CIs — P=[0.4188, 0.4492] R=[0.7844, 0.8105] F1=[0.5477, 0.5760]
  MCC=0.2886  tiles TP/TN/FP/FN=2732/2564/2453/792

Wrote results/uplift-supplement/verifier-pairing/55maps-text-high-generalisation__verified-k4-standardised-gt/corrected-f1.csv
Wrote results/uplift-supplement/verifier-pairing/55maps-text-high-generalisation__verified-k4-standardised-gt/summary.json
Wrote results/uplift-supplement/verifier-pairing/55maps-text-high-generalisation__verified-k4-standardised-gt/report_autogen.md
+ python scripts/evaluate_detections.py --detections outputs/55maps-text-high-t0.3-generalisation/consensus/consensus-4of5.geojson --ground-truth inputs/vectors/references/student-mounds-55maps-reviewed.geojson --bounds inputs/vectors/bounds/384/55maps_evaluation_bounds.geojson --buffers 5 10 15 20 25 30 35 40 45 50 75 100 125 150 --bootstrap 10000 --seed 42 --mcc --output-dir results/uplift-supplement/verifier-pairing/55maps-text-high-t0-3-generalisation__verified --label 55maps-text-high-t0-3-generalisation__verified-unverified
INFO: Detection files: 1
INFO: Loading ground truth: inputs/vectors/references/student-mounds-55maps-reviewed.geojson
INFO: Loading bounds: inputs/vectors/bounds/384/55maps_evaluation_bounds.geojson
INFO: Reference: 4746 mounds, 8541 evaluation tiles
INFO: Evaluating: consensus-4of5.geojson
INFO:   5m: F1=0.055 [0.050, 0.060], P=0.040 [0.036, 0.045], R=0.084 [0.077, 0.093]
INFO:   10m: F1=0.175 [0.166, 0.185], P=0.130 [0.122, 0.138], R=0.271 [0.257, 0.285]
INFO:   15m: F1=0.294 [0.282, 0.307], P=0.217 [0.207, 0.228], R=0.454 [0.437, 0.470]
INFO:   20m: F1=0.390 [0.377, 0.404], P=0.289 [0.277, 0.301], R=0.603 [0.586, 0.619]
INFO:   25m: F1=0.444 [0.430, 0.458], P=0.328 [0.315, 0.342], R=0.686 [0.670, 0.701]
INFO:   30m: F1=0.471 [0.458, 0.486], P=0.349 [0.335, 0.362], R=0.728 [0.713, 0.742]
INFO:   35m: F1=0.485 [0.471, 0.499], P=0.359 [0.345, 0.372], R=0.749 [0.734, 0.763]
INFO:   40m: F1=0.491 [0.477, 0.505], P=0.363 [0.349, 0.377], R=0.758 [0.744, 0.772]
INFO:   45m: F1=0.495 [0.481, 0.510], P=0.366 [0.353, 0.380], R=0.765 [0.751, 0.779]
INFO:   50m: F1=0.497 [0.483, 0.511], P=0.367 [0.354, 0.381], R=0.767 [0.753, 0.781]
INFO:   75m: F1=0.499 [0.485, 0.513], P=0.369 [0.355, 0.383], R=0.770 [0.756, 0.784]
INFO:   100m: F1=0.500 [0.485, 0.514], P=0.369 [0.356, 0.383], R=0.771 [0.757, 0.785]
INFO:   125m: F1=0.500 [0.486, 0.514], P=0.370 [0.356, 0.384], R=0.772 [0.758, 0.786]
INFO:   150m: F1=0.501 [0.487, 0.515], P=0.370 [0.356, 0.384], R=0.773 [0.759, 0.787]
INFO:   MCC=0.260 [0.241, 0.279], Sens=0.784, Spec=0.473
INFO: JSON written: results/uplift-supplement/verifier-pairing/55maps-text-high-t0-3-generalisation__verified/evaluation.json
INFO: CSV written: results/uplift-supplement/verifier-pairing/55maps-text-high-t0-3-generalisation__verified/evaluation.csv
INFO: Markdown written: results/uplift-supplement/verifier-pairing/55maps-text-high-t0-3-generalisation__verified/evaluation.md
+ python scripts/materialise_pairing_twin.py --crop-manifest outputs/55maps-text-high-t0.3-generalisation/crops/candidate_manifest.json --min-votes 4 --expect-consensus outputs/55maps-text-high-t0.3-generalisation/consensus/consensus-4of5.geojson --output results/uplift-supplement/verifier-pairing/55maps-text-high-t0-3-generalisation__verified-k4-canonical-gt/twin-4of5.geojson
wrote 9910 of 9910 candidates at vote_count >= 4 to results/uplift-supplement/verifier-pairing/55maps-text-high-t0-3-generalisation__verified-k4-canonical-gt/twin-4of5.geojson
+ python scripts/compute_corrected_f1_multi_buffer.py --verified-detections results/uplift-supplement/verifier-pairing/55maps-text-high-t0-3-generalisation__verified-k4-canonical-gt/twin-4of5.geojson --student-gt inputs/vectors/references/student-mounds-55maps-reviewed.geojson --bounds inputs/vectors/bounds/384/55maps_evaluation_bounds.geojson --buffers 5 10 15 20 25 30 35 40 45 50 75 100 125 150 --n-bootstrap 10000 --seed 42 --compute-mcc --output-dir results/uplift-supplement/verifier-pairing/55maps-text-high-t0-3-generalisation__verified-k4-canonical-gt --review-yesterday results/55maps-extended-gt-2026-06-07/empty-yesterday-review.csv --review-today results/deployment-oracle-2026-06-06/canonical-gt/canonical-review.csv
Loading inputs...
  detections: 9,910
  student GT: 4,746
  bounds tiles: 8,541
  review (yesterday): 0
  review (today):     773
  excluded sentinels (>150 m shell, buffer_metres=200): 10

--- Buffer R = 5 m ---
R=5m  TP=418  FP=9492  FN=4328  n_ref_student=4746  n_reviewer_promoted=0  n_ref_ext_scoped=4746
  P=0.0422  R=0.0881  F1=0.0570
  95% CIs — P=[0.0379, 0.0466] R=[0.0799, 0.0966] F1=[0.0515, 0.0628]
  MCC=0.2643  tiles TP/TN/FP/FN=2689/2396/2764/692

--- Buffer R = 10 m ---
R=10m  TP=1350  FP=8560  FN=3396  n_ref_student=4746  n_reviewer_promoted=0  n_ref_ext_scoped=4746
  P=0.1362  R=0.2845  F1=0.1842
  95% CIs — P=[0.1281, 0.1445] R=[0.2703, 0.2985] F1=[0.1742, 0.1942]
  MCC=0.2643  tiles TP/TN/FP/FN=2689/2396/2764/692

--- Buffer R = 15 m ---
R=15m  TP=2268  FP=7642  FN=2478  n_ref_student=4746  n_reviewer_promoted=0  n_ref_ext_scoped=4746
  P=0.2289  R=0.4779  F1=0.3095
  95% CIs — P=[0.2180, 0.2400] R=[0.4620, 0.4943] F1=[0.2970, 0.3222]
  MCC=0.2643  tiles TP/TN/FP/FN=2689/2396/2764/692

--- Buffer R = 20 m ---
R=20m  TP=3011  FP=6899  FN=1735  n_ref_student=4746  n_reviewer_promoted=0  n_ref_ext_scoped=4746
  P=0.3038  R=0.6344  F1=0.4109
  95% CIs — P=[0.2912, 0.3165] R=[0.6187, 0.6504] F1=[0.3972, 0.4244]
  MCC=0.2643  tiles TP/TN/FP/FN=2689/2396/2764/692

--- Buffer R = 25 m ---
R=25m  TP=3442  FP=6468  FN=1304  n_ref_student=4746  n_reviewer_promoted=0  n_ref_ext_scoped=4746
  P=0.3473  R=0.7252  F1=0.4697
  95% CIs — P=[0.3337, 0.3607] R=[0.7109, 0.7398] F1=[0.4555, 0.4835]
  MCC=0.2643  tiles TP/TN/FP/FN=2689/2396/2764/692

--- Buffer R = 30 m ---
R=30m  TP=3660  FP=6250  FN=1086  n_ref_student=4746  n_reviewer_promoted=0  n_ref_ext_scoped=4746
  P=0.3693  R=0.7712  F1=0.4995
  95% CIs — P=[0.3555, 0.3831] R=[0.7576, 0.7844] F1=[0.4853, 0.5133]
  MCC=0.2643  tiles TP/TN/FP/FN=2689/2396/2764/692

--- Buffer R = 35 m ---
R=35m  TP=3767  FP=6143  FN=979  n_ref_student=4746  n_reviewer_promoted=0  n_ref_ext_scoped=4746
  P=0.3801  R=0.7937  F1=0.5141
  95% CIs — P=[0.3660, 0.3941] R=[0.7807, 0.8067] F1=[0.4999, 0.5279]
  MCC=0.2643  tiles TP/TN/FP/FN=2689/2396/2764/692

--- Buffer R = 40 m ---
R=40m  TP=3815  FP=6095  FN=931  n_ref_student=4746  n_reviewer_promoted=0  n_ref_ext_scoped=4746
  P=0.3850  R=0.8038  F1=0.5206
  95% CIs — P=[0.3708, 0.3990] R=[0.7908, 0.8168] F1=[0.5063, 0.5346]
  MCC=0.2643  tiles TP/TN/FP/FN=2689/2396/2764/692

--- Buffer R = 45 m ---
R=45m  TP=3848  FP=6062  FN=898  n_ref_student=4746  n_reviewer_promoted=0  n_ref_ext_scoped=4746
  P=0.3883  R=0.8108  F1=0.5251
  95% CIs — P=[0.3740, 0.4024] R=[0.7979, 0.8235] F1=[0.5107, 0.5391]
  MCC=0.2643  tiles TP/TN/FP/FN=2689/2396/2764/692

--- Buffer R = 50 m ---
  build_extended_gt: dropped 1 phantom(s) within 5.0 m of a same-map student-GT point (channel-duplicated rescue de-duplication)
R=50m  TP=4185  FP=5725  FN=975  n_ref_student=4746  n_reviewer_promoted=414  n_ref_ext_scoped=5160
  P=0.4223  R=0.8110  F1=0.5554
  95% CIs — P=[0.4077, 0.4366] R=[0.7988, 0.8231] F1=[0.5415, 0.5690]
  MCC=0.2738  tiles TP/TN/FP/FN=2803/2367/2650/721

--- Buffer R = 75 m ---
  build_extended_gt: dropped 1 phantom(s) within 5.0 m of a same-map student-GT point (channel-duplicated rescue de-duplication)
R=75m  TP=4207  FP=5703  FN=1132  n_ref_student=4746  n_reviewer_promoted=593  n_ref_ext_scoped=5339
  P=0.4245  R=0.7880  F1=0.5518
  95% CIs — P=[0.4098, 0.4389] R=[0.7754, 0.8004] F1=[0.5381, 0.5653]
  MCC=0.2727  tiles TP/TN/FP/FN=2812/2359/2641/729

--- Buffer R = 100 m ---
  build_extended_gt: dropped 1 phantom(s) within 5.0 m of a same-map student-GT point (channel-duplicated rescue de-duplication)
R=100m  TP=4228  FP=5682  FN=1202  n_ref_student=4746  n_reviewer_promoted=684  n_ref_ext_scoped=5430
  P=0.4266  R=0.7786  F1=0.5512
  95% CIs — P=[0.4120, 0.4411] R=[0.7659, 0.7914] F1=[0.5378, 0.5647]
  MCC=0.2729  tiles TP/TN/FP/FN=2819/2356/2634/732

--- Buffer R = 125 m ---
  build_extended_gt: dropped 1 phantom(s) within 5.0 m of a same-map student-GT point (channel-duplicated rescue de-duplication)
R=125m  TP=4240  FP=5670  FN=1234  n_ref_student=4746  n_reviewer_promoted=728  n_ref_ext_scoped=5474
  P=0.4279  R=0.7746  F1=0.5512
  95% CIs — P=[0.4133, 0.4424] R=[0.7618, 0.7874] F1=[0.5377, 0.5647]
  MCC=0.2732  tiles TP/TN/FP/FN=2823/2355/2630/733

--- Buffer R = 150 m ---
  build_extended_gt: dropped 1 phantom(s) within 5.0 m of a same-map student-GT point (channel-duplicated rescue de-duplication)
R=150m  TP=4251  FP=5659  FN=1257  n_ref_student=4746  n_reviewer_promoted=762  n_ref_ext_scoped=5508
  P=0.4290  R=0.7718  F1=0.5514
  95% CIs — P=[0.4144, 0.4435] R=[0.7589, 0.7847] F1=[0.5379, 0.5649]
  MCC=0.2732  tiles TP/TN/FP/FN=2823/2355/2630/733

Wrote results/uplift-supplement/verifier-pairing/55maps-text-high-t0-3-generalisation__verified-k4-canonical-gt/corrected-f1.csv
Wrote results/uplift-supplement/verifier-pairing/55maps-text-high-t0-3-generalisation__verified-k4-canonical-gt/summary.json
Wrote results/uplift-supplement/verifier-pairing/55maps-text-high-t0-3-generalisation__verified-k4-canonical-gt/report_autogen.md
+ python scripts/materialise_pairing_twin.py --crop-manifest outputs/55maps-text-high-t0.3-generalisation/crops/candidate_manifest.json --min-votes 4 --expect-consensus outputs/55maps-text-high-t0.3-generalisation/consensus/consensus-4of5.geojson --output results/uplift-supplement/verifier-pairing/55maps-text-high-t0-3-generalisation__verified-k4-standardised-gt/twin-4of5.geojson
wrote 9910 of 9910 candidates at vote_count >= 4 to results/uplift-supplement/verifier-pairing/55maps-text-high-t0-3-generalisation__verified-k4-standardised-gt/twin-4of5.geojson
+ python scripts/compute_corrected_f1_multi_buffer.py --verified-detections results/uplift-supplement/verifier-pairing/55maps-text-high-t0-3-generalisation__verified-k4-standardised-gt/twin-4of5.geojson --student-gt results/deployment-oracle-2026-06-06/canonical-gt/standardised/student-mounds-55maps-standardised.geojson --bounds inputs/vectors/bounds/384/55maps_evaluation_bounds.geojson --buffers 5 10 15 20 25 30 35 40 45 50 75 100 125 150 --n-bootstrap 10000 --seed 42 --compute-mcc --output-dir results/uplift-supplement/verifier-pairing/55maps-text-high-t0-3-generalisation__verified-k4-standardised-gt --extension-csv results/deployment-oracle-2026-06-06/canonical-gt/standardised/extension-mounds-standardised.csv
Loading inputs...
  detections: 9,910
  student GT: 4,731
  bounds tiles: 8,541
  standardised extension layer: 279 (included whole at every R)
  pre-computing buffer-invariant MCC block (extension mode)...

--- Buffer R = 5 m ---
R=5m  TP=591  FP=9319  FN=4419  n_ref_student=4731  n_reviewer_promoted=279  n_ref_ext_scoped=5010
  P=0.0596  R=0.1180  F1=0.0792
  95% CIs — P=[0.0544, 0.0648] R=[0.1084, 0.1276] F1=[0.0727, 0.0858]
  MCC=0.2728  tiles TP/TN/FP/FN=2801/2365/2652/723

--- Buffer R = 10 m ---
R=10m  TP=1644  FP=8266  FN=3366  n_ref_student=4731  n_reviewer_promoted=279  n_ref_ext_scoped=5010
  P=0.1659  R=0.3281  F1=0.2204
  95% CIs — P=[0.1569, 0.1749] R=[0.3139, 0.3426] F1=[0.2096, 0.2309]
  MCC=0.2728  tiles TP/TN/FP/FN=2801/2365/2652/723

--- Buffer R = 15 m ---
R=15m  TP=2593  FP=7317  FN=2417  n_ref_student=4731  n_reviewer_promoted=279  n_ref_ext_scoped=5010
  P=0.2617  R=0.5176  F1=0.3476
  95% CIs — P=[0.2502, 0.2733] R=[0.5021, 0.5335] F1=[0.3349, 0.3604]
  MCC=0.2728  tiles TP/TN/FP/FN=2801/2365/2652/723

--- Buffer R = 20 m ---
R=20m  TP=3304  FP=6606  FN=1706  n_ref_student=4731  n_reviewer_promoted=279  n_ref_ext_scoped=5010
  P=0.3334  R=0.6595  F1=0.4429
  95% CIs — P=[0.3205, 0.3463] R=[0.6446, 0.6746] F1=[0.4293, 0.4562]
  MCC=0.2728  tiles TP/TN/FP/FN=2801/2365/2652/723

--- Buffer R = 25 m ---
R=25m  TP=3705  FP=6205  FN=1305  n_ref_student=4731  n_reviewer_promoted=279  n_ref_ext_scoped=5010
  P=0.3739  R=0.7395  F1=0.4966
  95% CIs — P=[0.3601, 0.3873] R=[0.7260, 0.7534] F1=[0.4827, 0.5102]
  MCC=0.2728  tiles TP/TN/FP/FN=2801/2365/2652/723

--- Buffer R = 30 m ---
R=30m  TP=3908  FP=6002  FN=1102  n_ref_student=4731  n_reviewer_promoted=279  n_ref_ext_scoped=5010
  P=0.3943  R=0.7800  F1=0.5239
  95% CIs — P=[0.3803, 0.4083] R=[0.7672, 0.7927] F1=[0.5100, 0.5374]
  MCC=0.2728  tiles TP/TN/FP/FN=2801/2365/2652/723

--- Buffer R = 35 m ---
R=35m  TP=4005  FP=5905  FN=1005  n_ref_student=4731  n_reviewer_promoted=279  n_ref_ext_scoped=5010
  P=0.4041  R=0.7994  F1=0.5369
  95% CIs — P=[0.3898, 0.4182] R=[0.7869, 0.8119] F1=[0.5230, 0.5505]
  MCC=0.2728  tiles TP/TN/FP/FN=2801/2365/2652/723

--- Buffer R = 40 m ---
R=40m  TP=4053  FP=5857  FN=957  n_ref_student=4731  n_reviewer_promoted=279  n_ref_ext_scoped=5010
  P=0.4090  R=0.8090  F1=0.5433
  95% CIs — P=[0.3946, 0.4231] R=[0.7967, 0.8215] F1=[0.5293, 0.5571]
  MCC=0.2728  tiles TP/TN/FP/FN=2801/2365/2652/723

--- Buffer R = 45 m ---
R=45m  TP=4082  FP=5828  FN=928  n_ref_student=4731  n_reviewer_promoted=279  n_ref_ext_scoped=5010
  P=0.4119  R=0.8148  F1=0.5472
  95% CIs — P=[0.3974, 0.4260] R=[0.8024, 0.8269] F1=[0.5333, 0.5609]
  MCC=0.2728  tiles TP/TN/FP/FN=2801/2365/2652/723

--- Buffer R = 50 m ---
R=50m  TP=4094  FP=5816  FN=916  n_ref_student=4731  n_reviewer_promoted=279  n_ref_ext_scoped=5010
  P=0.4131  R=0.8172  F1=0.5488
  95% CIs — P=[0.3988, 0.4273] R=[0.8049, 0.8292] F1=[0.5349, 0.5625]
  MCC=0.2728  tiles TP/TN/FP/FN=2801/2365/2652/723

--- Buffer R = 75 m ---
R=75m  TP=4106  FP=5804  FN=904  n_ref_student=4731  n_reviewer_promoted=279  n_ref_ext_scoped=5010
  P=0.4143  R=0.8196  F1=0.5504
  95% CIs — P=[0.3999, 0.4286] R=[0.8073, 0.8316] F1=[0.5365, 0.5641]
  MCC=0.2728  tiles TP/TN/FP/FN=2801/2365/2652/723

--- Buffer R = 100 m ---
R=100m  TP=4115  FP=5795  FN=895  n_ref_student=4731  n_reviewer_promoted=279  n_ref_ext_scoped=5010
  P=0.4152  R=0.8214  F1=0.5516
  95% CIs — P=[0.4008, 0.4295] R=[0.8093, 0.8334] F1=[0.5378, 0.5653]
  MCC=0.2728  tiles TP/TN/FP/FN=2801/2365/2652/723

--- Buffer R = 125 m ---
R=125m  TP=4118  FP=5792  FN=892  n_ref_student=4731  n_reviewer_promoted=279  n_ref_ext_scoped=5010
  P=0.4155  R=0.8220  F1=0.5520
  95% CIs — P=[0.4010, 0.4298] R=[0.8098, 0.8340] F1=[0.5381, 0.5657]
  MCC=0.2728  tiles TP/TN/FP/FN=2801/2365/2652/723

--- Buffer R = 150 m ---
R=150m  TP=4124  FP=5786  FN=886  n_ref_student=4731  n_reviewer_promoted=279  n_ref_ext_scoped=5010
  P=0.4161  R=0.8232  F1=0.5528
  95% CIs — P=[0.4017, 0.4305] R=[0.8110, 0.8353] F1=[0.5390, 0.5665]
  MCC=0.2728  tiles TP/TN/FP/FN=2801/2365/2652/723

Wrote results/uplift-supplement/verifier-pairing/55maps-text-high-t0-3-generalisation__verified-k4-standardised-gt/corrected-f1.csv
Wrote results/uplift-supplement/verifier-pairing/55maps-text-high-t0-3-generalisation__verified-k4-standardised-gt/summary.json
Wrote results/uplift-supplement/verifier-pairing/55maps-text-high-t0-3-generalisation__verified-k4-standardised-gt/report_autogen.md
+ python scripts/evaluate_detections.py --detections outputs/55maps-text-min-generalisation/consensus/consensus-4of5.geojson --ground-truth inputs/vectors/references/student-mounds-55maps-reviewed.geojson --bounds inputs/vectors/bounds/384/55maps_evaluation_bounds.geojson --buffers 5 10 15 20 25 30 35 40 45 50 75 100 125 150 --bootstrap 10000 --seed 42 --mcc --output-dir results/uplift-supplement/verifier-pairing/55maps-text-min-generalisation__verified --label 55maps-text-min-generalisation__verified-unverified
INFO: Detection files: 1
INFO: Loading ground truth: inputs/vectors/references/student-mounds-55maps-reviewed.geojson
INFO: Loading bounds: inputs/vectors/bounds/384/55maps_evaluation_bounds.geojson
INFO: Reference: 4746 mounds, 8541 evaluation tiles
INFO: Evaluating: consensus-4of5.geojson
INFO:   5m: F1=0.056 [0.051, 0.062], P=0.041 [0.037, 0.046], R=0.088 [0.080, 0.097]
INFO:   10m: F1=0.173 [0.163, 0.184], P=0.127 [0.119, 0.136], R=0.272 [0.258, 0.287]
INFO:   15m: F1=0.281 [0.269, 0.295], P=0.206 [0.196, 0.218], R=0.442 [0.425, 0.459]
INFO:   20m: F1=0.357 [0.343, 0.370], P=0.261 [0.249, 0.274], R=0.560 [0.543, 0.577]
INFO:   25m: F1=0.398 [0.384, 0.412], P=0.292 [0.279, 0.305], R=0.625 [0.609, 0.641]
INFO:   30m: F1=0.418 [0.404, 0.432], P=0.307 [0.294, 0.320], R=0.657 [0.641, 0.673]
INFO:   35m: F1=0.429 [0.414, 0.443], P=0.314 [0.301, 0.328], R=0.673 [0.657, 0.689]
INFO:   40m: F1=0.433 [0.419, 0.448], P=0.318 [0.304, 0.331], R=0.681 [0.664, 0.696]
INFO:   45m: F1=0.435 [0.421, 0.450], P=0.319 [0.306, 0.333], R=0.684 [0.668, 0.699]
INFO:   50m: F1=0.436 [0.422, 0.451], P=0.320 [0.307, 0.334], R=0.686 [0.669, 0.701]
INFO:   75m: F1=0.438 [0.424, 0.453], P=0.321 [0.308, 0.335], R=0.689 [0.672, 0.704]
INFO:   100m: F1=0.439 [0.425, 0.453], P=0.322 [0.309, 0.336], R=0.690 [0.674, 0.705]
INFO:   125m: F1=0.440 [0.425, 0.454], P=0.323 [0.309, 0.336], R=0.691 [0.675, 0.706]
INFO:   150m: F1=0.440 [0.426, 0.455], P=0.323 [0.310, 0.337], R=0.692 [0.676, 0.707]
INFO:   MCC=0.126 [0.106, 0.147], Sens=0.786, Spec=0.330
INFO: JSON written: results/uplift-supplement/verifier-pairing/55maps-text-min-generalisation__verified/evaluation.json
INFO: CSV written: results/uplift-supplement/verifier-pairing/55maps-text-min-generalisation__verified/evaluation.csv
INFO: Markdown written: results/uplift-supplement/verifier-pairing/55maps-text-min-generalisation__verified/evaluation.md
+ python scripts/materialise_pairing_twin.py --crop-manifest outputs/55maps-text-min-generalisation/crops/candidate_manifest.json --min-votes 4 --expect-consensus outputs/55maps-text-min-generalisation/consensus/consensus-4of5.geojson --output results/uplift-supplement/verifier-pairing/55maps-text-min-generalisation__verified-k4-canonical-gt/twin-4of5.geojson
wrote 10170 of 10170 candidates at vote_count >= 4 to results/uplift-supplement/verifier-pairing/55maps-text-min-generalisation__verified-k4-canonical-gt/twin-4of5.geojson
+ python scripts/compute_corrected_f1_multi_buffer.py --verified-detections results/uplift-supplement/verifier-pairing/55maps-text-min-generalisation__verified-k4-canonical-gt/twin-4of5.geojson --student-gt inputs/vectors/references/student-mounds-55maps-reviewed.geojson --bounds inputs/vectors/bounds/384/55maps_evaluation_bounds.geojson --buffers 5 10 15 20 25 30 35 40 45 50 75 100 125 150 --n-bootstrap 10000 --seed 42 --compute-mcc --output-dir results/uplift-supplement/verifier-pairing/55maps-text-min-generalisation__verified-k4-canonical-gt --review-yesterday results/55maps-extended-gt-2026-06-07/empty-yesterday-review.csv --review-today results/deployment-oracle-2026-06-06/canonical-gt/canonical-review.csv
Loading inputs...
  detections: 10,170
  student GT: 4,746
  bounds tiles: 8,541
  review (yesterday): 0
  review (today):     773
  excluded sentinels (>150 m shell, buffer_metres=200): 10

--- Buffer R = 5 m ---
R=5m  TP=433  FP=9737  FN=4313  n_ref_student=4746  n_reviewer_promoted=0  n_ref_ext_scoped=4746
  P=0.0426  R=0.0912  F1=0.0581
  95% CIs — P=[0.0382, 0.0470] R=[0.0824, 0.0999] F1=[0.0523, 0.0639]
  MCC=0.1084  tiles TP/TN/FP/FN=2764/1430/3730/617

--- Buffer R = 10 m ---
R=10m  TP=1357  FP=8813  FN=3389  n_ref_student=4746  n_reviewer_promoted=0  n_ref_ext_scoped=4746
  P=0.1334  R=0.2859  F1=0.1820
  95% CIs — P=[0.1250, 0.1420] R=[0.2714, 0.3006] F1=[0.1716, 0.1924]
  MCC=0.1084  tiles TP/TN/FP/FN=2764/1430/3730/617

--- Buffer R = 15 m ---
R=15m  TP=2210  FP=7960  FN=2536  n_ref_student=4746  n_reviewer_promoted=0  n_ref_ext_scoped=4746
  P=0.2173  R=0.4657  F1=0.2963
  95% CIs — P=[0.2064, 0.2287] R=[0.4490, 0.4828] F1=[0.2835, 0.3094]
  MCC=0.1084  tiles TP/TN/FP/FN=2764/1430/3730/617

--- Buffer R = 20 m ---
R=20m  TP=2807  FP=7363  FN=1939  n_ref_student=4746  n_reviewer_promoted=0  n_ref_ext_scoped=4746
  P=0.2760  R=0.5914  F1=0.3764
  95% CIs — P=[0.2633, 0.2888] R=[0.5747, 0.6085] F1=[0.3624, 0.3904]
  MCC=0.1084  tiles TP/TN/FP/FN=2764/1430/3730/617

--- Buffer R = 25 m ---
R=25m  TP=3140  FP=7030  FN=1606  n_ref_student=4746  n_reviewer_promoted=0  n_ref_ext_scoped=4746
  P=0.3088  R=0.6616  F1=0.4210
  95% CIs — P=[0.2953, 0.3222] R=[0.6454, 0.6778] F1=[0.4066, 0.4352]
  MCC=0.1084  tiles TP/TN/FP/FN=2764/1430/3730/617

--- Buffer R = 30 m ---
R=30m  TP=3310  FP=6860  FN=1436  n_ref_student=4746  n_reviewer_promoted=0  n_ref_ext_scoped=4746
  P=0.3255  R=0.6974  F1=0.4438
  95% CIs — P=[0.3117, 0.3393] R=[0.6817, 0.7132] F1=[0.4292, 0.4581]
  MCC=0.1084  tiles TP/TN/FP/FN=2764/1430/3730/617

--- Buffer R = 35 m ---
R=35m  TP=3392  FP=6778  FN=1354  n_ref_student=4746  n_reviewer_promoted=0  n_ref_ext_scoped=4746
  P=0.3335  R=0.7147  F1=0.4548
  95% CIs — P=[0.3195, 0.3477] R=[0.6991, 0.7302] F1=[0.4400, 0.4693]
  MCC=0.1084  tiles TP/TN/FP/FN=2764/1430/3730/617

--- Buffer R = 40 m ---
R=40m  TP=3427  FP=6743  FN=1319  n_ref_student=4746  n_reviewer_promoted=0  n_ref_ext_scoped=4746
  P=0.3370  R=0.7221  F1=0.4595
  95% CIs — P=[0.3229, 0.3512] R=[0.7065, 0.7372] F1=[0.4445, 0.4740]
  MCC=0.1084  tiles TP/TN/FP/FN=2764/1430/3730/617

--- Buffer R = 45 m ---
R=45m  TP=3444  FP=6726  FN=1302  n_ref_student=4746  n_reviewer_promoted=0  n_ref_ext_scoped=4746
  P=0.3386  R=0.7257  F1=0.4618
  95% CIs — P=[0.3246, 0.3528] R=[0.7101, 0.7408] F1=[0.4468, 0.4764]
  MCC=0.1084  tiles TP/TN/FP/FN=2764/1430/3730/617

--- Buffer R = 50 m ---
  build_extended_gt: dropped 1 phantom(s) within 5.0 m of a same-map student-GT point (channel-duplicated rescue de-duplication)
R=50m  TP=3726  FP=6444  FN=1434  n_ref_student=4746  n_reviewer_promoted=414  n_ref_ext_scoped=5160
  P=0.3664  R=0.7221  F1=0.4861
  95% CIs — P=[0.3516, 0.3810] R=[0.7074, 0.7366] F1=[0.4714, 0.5005]
  MCC=0.1079  tiles TP/TN/FP/FN=2873/1396/3621/651

--- Buffer R = 75 m ---
  build_extended_gt: dropped 1 phantom(s) within 5.0 m of a same-map student-GT point (channel-duplicated rescue de-duplication)
R=75m  TP=3748  FP=6422  FN=1591  n_ref_student=4746  n_reviewer_promoted=593  n_ref_ext_scoped=5339
  P=0.3685  R=0.7020  F1=0.4833
  95% CIs — P=[0.3537, 0.3832] R=[0.6873, 0.7165] F1=[0.4690, 0.4976]
  MCC=0.1084  tiles TP/TN/FP/FN=2887/1393/3607/654

--- Buffer R = 100 m ---
  build_extended_gt: dropped 1 phantom(s) within 5.0 m of a same-map student-GT point (channel-duplicated rescue de-duplication)
R=100m  TP=3761  FP=6409  FN=1669  n_ref_student=4746  n_reviewer_promoted=684  n_ref_ext_scoped=5430
  P=0.3698  R=0.6926  F1=0.4822
  95% CIs — P=[0.3551, 0.3846] R=[0.6779, 0.7070] F1=[0.4679, 0.4962]
  MCC=0.1086  tiles TP/TN/FP/FN=2895/1391/3599/656

--- Buffer R = 125 m ---
  build_extended_gt: dropped 1 phantom(s) within 5.0 m of a same-map student-GT point (channel-duplicated rescue de-duplication)
R=125m  TP=3769  FP=6401  FN=1705  n_ref_student=4746  n_reviewer_promoted=728  n_ref_ext_scoped=5474
  P=0.3706  R=0.6885  F1=0.4818
  95% CIs — P=[0.3559, 0.3854] R=[0.6736, 0.7029] F1=[0.4675, 0.4958]
  MCC=0.1081  tiles TP/TN/FP/FN=2898/1389/3596/658

--- Buffer R = 150 m ---
  build_extended_gt: dropped 1 phantom(s) within 5.0 m of a same-map student-GT point (channel-duplicated rescue de-duplication)
R=150m  TP=3777  FP=6393  FN=1731  n_ref_student=4746  n_reviewer_promoted=762  n_ref_ext_scoped=5508
  P=0.3714  R=0.6857  F1=0.4818
  95% CIs — P=[0.3566, 0.3862] R=[0.6708, 0.7003] F1=[0.4675, 0.4957]
  MCC=0.1081  tiles TP/TN/FP/FN=2898/1389/3596/658

Wrote results/uplift-supplement/verifier-pairing/55maps-text-min-generalisation__verified-k4-canonical-gt/corrected-f1.csv
Wrote results/uplift-supplement/verifier-pairing/55maps-text-min-generalisation__verified-k4-canonical-gt/summary.json
Wrote results/uplift-supplement/verifier-pairing/55maps-text-min-generalisation__verified-k4-canonical-gt/report_autogen.md
+ python scripts/materialise_pairing_twin.py --crop-manifest outputs/55maps-text-min-generalisation/crops/candidate_manifest.json --min-votes 4 --expect-consensus outputs/55maps-text-min-generalisation/consensus/consensus-4of5.geojson --output results/uplift-supplement/verifier-pairing/55maps-text-min-generalisation__verified-k4-standardised-gt/twin-4of5.geojson
wrote 10170 of 10170 candidates at vote_count >= 4 to results/uplift-supplement/verifier-pairing/55maps-text-min-generalisation__verified-k4-standardised-gt/twin-4of5.geojson
+ python scripts/compute_corrected_f1_multi_buffer.py --verified-detections results/uplift-supplement/verifier-pairing/55maps-text-min-generalisation__verified-k4-standardised-gt/twin-4of5.geojson --student-gt results/deployment-oracle-2026-06-06/canonical-gt/standardised/student-mounds-55maps-standardised.geojson --bounds inputs/vectors/bounds/384/55maps_evaluation_bounds.geojson --buffers 5 10 15 20 25 30 35 40 45 50 75 100 125 150 --n-bootstrap 10000 --seed 42 --compute-mcc --output-dir results/uplift-supplement/verifier-pairing/55maps-text-min-generalisation__verified-k4-standardised-gt --extension-csv results/deployment-oracle-2026-06-06/canonical-gt/standardised/extension-mounds-standardised.csv
Loading inputs...
  detections: 10,170
  student GT: 4,731
  bounds tiles: 8,541
  standardised extension layer: 279 (included whole at every R)
  pre-computing buffer-invariant MCC block (extension mode)...

--- Buffer R = 5 m ---
R=5m  TP=650  FP=9520  FN=4360  n_ref_student=4731  n_reviewer_promoted=279  n_ref_ext_scoped=5010
  P=0.0639  R=0.1297  F1=0.0856
  95% CIs — P=[0.0584, 0.0695] R=[0.1195, 0.1397] F1=[0.0785, 0.0926]
  MCC=0.1079  tiles TP/TN/FP/FN=2873/1396/3621/651

--- Buffer R = 10 m ---
R=10m  TP=1655  FP=8515  FN=3355  n_ref_student=4731  n_reviewer_promoted=279  n_ref_ext_scoped=5010
  P=0.1627  R=0.3303  F1=0.2181
  95% CIs — P=[0.1534, 0.1722] R=[0.3152, 0.3455] F1=[0.2068, 0.2293]
  MCC=0.1079  tiles TP/TN/FP/FN=2873/1396/3621/651

--- Buffer R = 15 m ---
R=15m  TP=2497  FP=7673  FN=2513  n_ref_student=4731  n_reviewer_promoted=279  n_ref_ext_scoped=5010
  P=0.2455  R=0.4984  F1=0.3290
  95% CIs — P=[0.2338, 0.2573] R=[0.4820, 0.5152] F1=[0.3159, 0.3423]
  MCC=0.1079  tiles TP/TN/FP/FN=2873/1396/3621/651

--- Buffer R = 20 m ---
R=20m  TP=3059  FP=7111  FN=1951  n_ref_student=4731  n_reviewer_promoted=279  n_ref_ext_scoped=5010
  P=0.3008  R=0.6106  F1=0.4030
  95% CIs — P=[0.2875, 0.3141] R=[0.5942, 0.6271] F1=[0.3891, 0.4171]
  MCC=0.1079  tiles TP/TN/FP/FN=2873/1396/3621/651

--- Buffer R = 25 m ---
R=25m  TP=3370  FP=6800  FN=1640  n_ref_student=4731  n_reviewer_promoted=279  n_ref_ext_scoped=5010
  P=0.3314  R=0.6727  F1=0.4440
  95% CIs — P=[0.3174, 0.3451] R=[0.6569, 0.6884] F1=[0.4296, 0.4582]
  MCC=0.1079  tiles TP/TN/FP/FN=2873/1396/3621/651

--- Buffer R = 30 m ---
R=30m  TP=3529  FP=6641  FN=1481  n_ref_student=4731  n_reviewer_promoted=279  n_ref_ext_scoped=5010
  P=0.3470  R=0.7044  F1=0.4650
  95% CIs — P=[0.3327, 0.3613] R=[0.6892, 0.7195] F1=[0.4503, 0.4793]
  MCC=0.1079  tiles TP/TN/FP/FN=2873/1396/3621/651

--- Buffer R = 35 m ---
R=35m  TP=3611  FP=6559  FN=1399  n_ref_student=4731  n_reviewer_promoted=279  n_ref_ext_scoped=5010
  P=0.3551  R=0.7208  F1=0.4758
  95% CIs — P=[0.3407, 0.3694] R=[0.7057, 0.7356] F1=[0.4610, 0.4901]
  MCC=0.1079  tiles TP/TN/FP/FN=2873/1396/3621/651

--- Buffer R = 40 m ---
R=40m  TP=3642  FP=6528  FN=1368  n_ref_student=4731  n_reviewer_promoted=279  n_ref_ext_scoped=5010
  P=0.3581  R=0.7269  F1=0.4798
  95% CIs — P=[0.3436, 0.3724] R=[0.7121, 0.7418] F1=[0.4651, 0.4943]
  MCC=0.1079  tiles TP/TN/FP/FN=2873/1396/3621/651

--- Buffer R = 45 m ---
R=45m  TP=3658  FP=6512  FN=1352  n_ref_student=4731  n_reviewer_promoted=279  n_ref_ext_scoped=5010
  P=0.3597  R=0.7301  F1=0.4819
  95% CIs — P=[0.3451, 0.3740] R=[0.7154, 0.7449] F1=[0.4671, 0.4964]
  MCC=0.1079  tiles TP/TN/FP/FN=2873/1396/3621/651

--- Buffer R = 50 m ---
R=50m  TP=3666  FP=6504  FN=1344  n_ref_student=4731  n_reviewer_promoted=279  n_ref_ext_scoped=5010
  P=0.3605  R=0.7317  F1=0.4830
  95% CIs — P=[0.3460, 0.3749] R=[0.7170, 0.7465] F1=[0.4682, 0.4975]
  MCC=0.1079  tiles TP/TN/FP/FN=2873/1396/3621/651

--- Buffer R = 75 m ---
R=75m  TP=3674  FP=6496  FN=1336  n_ref_student=4731  n_reviewer_promoted=279  n_ref_ext_scoped=5010
  P=0.3613  R=0.7333  F1=0.4841
  95% CIs — P=[0.3468, 0.3757] R=[0.7186, 0.7480] F1=[0.4693, 0.4986]
  MCC=0.1079  tiles TP/TN/FP/FN=2873/1396/3621/651

--- Buffer R = 100 m ---
R=100m  TP=3684  FP=6486  FN=1326  n_ref_student=4731  n_reviewer_promoted=279  n_ref_ext_scoped=5010
  P=0.3622  R=0.7353  F1=0.4854
  95% CIs — P=[0.3477, 0.3767] R=[0.7207, 0.7499] F1=[0.4707, 0.4998]
  MCC=0.1079  tiles TP/TN/FP/FN=2873/1396/3621/651

--- Buffer R = 125 m ---
R=125m  TP=3687  FP=6483  FN=1323  n_ref_student=4731  n_reviewer_promoted=279  n_ref_ext_scoped=5010
  P=0.3625  R=0.7359  F1=0.4858
  95% CIs — P=[0.3480, 0.3770] R=[0.7214, 0.7505] F1=[0.4711, 0.5002]
  MCC=0.1079  tiles TP/TN/FP/FN=2873/1396/3621/651

--- Buffer R = 150 m ---
R=150m  TP=3693  FP=6477  FN=1317  n_ref_student=4731  n_reviewer_promoted=279  n_ref_ext_scoped=5010
  P=0.3631  R=0.7371  F1=0.4866
  95% CIs — P=[0.3486, 0.3776] R=[0.7225, 0.7517] F1=[0.4719, 0.5010]
  MCC=0.1079  tiles TP/TN/FP/FN=2873/1396/3621/651

Wrote results/uplift-supplement/verifier-pairing/55maps-text-min-generalisation__verified-k4-standardised-gt/corrected-f1.csv
Wrote results/uplift-supplement/verifier-pairing/55maps-text-min-generalisation__verified-k4-standardised-gt/summary.json
Wrote results/uplift-supplement/verifier-pairing/55maps-text-min-generalisation__verified-k4-standardised-gt/report_autogen.md
+ python scripts/evaluate_detections.py --detections outputs/h11/pv-diag-384/consensus/text-6of10.geojson --ground-truth inputs/vectors/references/mounds-reference.geojson --bounds inputs/vectors/bounds/384/full_evaluation_bounds.geojson --buffers 5 10 15 20 25 30 35 40 45 50 75 100 125 150 --bootstrap 10000 --seed 42 --mcc --output-dir results/uplift-supplement/verifier-pairing/pv-diag-384__verified-adv-text-min-6of10 --label pv-diag-384__verified-adv-text-min-6of10-unverified
INFO: Detection files: 1
INFO: Loading ground truth: inputs/vectors/references/mounds-reference.geojson
INFO: Loading bounds: inputs/vectors/bounds/384/full_evaluation_bounds.geojson
INFO: Reference: 569 mounds, 487 evaluation tiles
INFO: Evaluating: text-6of10.geojson
INFO:   5m: F1=0.262 [0.221, 0.309], P=0.193 [0.157, 0.233], R=0.411 [0.357, 0.467]
INFO:   10m: F1=0.488 [0.433, 0.544], P=0.358 [0.305, 0.415], R=0.766 [0.721, 0.806]
INFO:   15m: F1=0.545 [0.487, 0.602], P=0.400 [0.342, 0.461], R=0.855 [0.816, 0.888]
INFO:   20m: F1=0.570 [0.512, 0.626], P=0.419 [0.360, 0.480], R=0.894 [0.860, 0.922]
INFO:   25m: F1=0.576 [0.517, 0.633], P=0.423 [0.363, 0.484], R=0.903 [0.870, 0.930]
INFO:   30m: F1=0.582 [0.523, 0.639], P=0.427 [0.367, 0.490], R=0.913 [0.881, 0.938]
INFO:   35m: F1=0.582 [0.523, 0.639], P=0.427 [0.367, 0.490], R=0.913 [0.881, 0.938]
INFO:   40m: F1=0.582 [0.523, 0.639], P=0.427 [0.367, 0.490], R=0.913 [0.881, 0.938]
INFO:   45m: F1=0.585 [0.526, 0.642], P=0.429 [0.369, 0.492], R=0.917 [0.887, 0.942]
INFO:   50m: F1=0.585 [0.526, 0.642], P=0.429 [0.369, 0.492], R=0.917 [0.887, 0.942]
INFO:   75m: F1=0.587 [0.527, 0.644], P=0.431 [0.370, 0.493], R=0.920 [0.889, 0.943]
INFO:   100m: F1=0.587 [0.527, 0.644], P=0.431 [0.370, 0.493], R=0.920 [0.889, 0.943]
INFO:   125m: F1=0.587 [0.527, 0.644], P=0.431 [0.370, 0.493], R=0.920 [0.889, 0.943]
INFO:   150m: F1=0.587 [0.527, 0.644], P=0.431 [0.370, 0.493], R=0.920 [0.889, 0.943]
INFO:   MCC=0.110 [0.019, 0.190], Sens=0.934, Spec=0.132
INFO: JSON written: results/uplift-supplement/verifier-pairing/pv-diag-384__verified-adv-text-min-6of10/evaluation.json
INFO: CSV written: results/uplift-supplement/verifier-pairing/pv-diag-384__verified-adv-text-min-6of10/evaluation.csv
INFO: Markdown written: results/uplift-supplement/verifier-pairing/pv-diag-384__verified-adv-text-min-6of10/evaluation.md
+ python scripts/evaluate_detections.py --detections outputs/h11/pv-diag-384/consensus/image-3of5.geojson --ground-truth inputs/vectors/references/mounds-reference.geojson --bounds inputs/vectors/bounds/384/full_evaluation_bounds.geojson --buffers 5 10 15 20 25 30 35 40 45 50 75 100 125 150 --bootstrap 10000 --seed 42 --mcc --output-dir results/uplift-supplement/verifier-pairing/pv-diag-384__verified-adv-image-min-3of5 --label pv-diag-384__verified-adv-image-min-3of5-unverified
INFO: Detection files: 1
INFO: Loading ground truth: inputs/vectors/references/mounds-reference.geojson
INFO: Loading bounds: inputs/vectors/bounds/384/full_evaluation_bounds.geojson
INFO: Reference: 569 mounds, 487 evaluation tiles
INFO: Evaluating: image-3of5.geojson
INFO:   5m: F1=0.165 [0.135, 0.203], P=0.141 [0.114, 0.176], R=0.200 [0.165, 0.243]
INFO:   10m: F1=0.432 [0.386, 0.479], P=0.368 [0.324, 0.415], R=0.522 [0.470, 0.575]
INFO:   15m: F1=0.563 [0.516, 0.607], P=0.480 [0.432, 0.528], R=0.680 [0.630, 0.727]
INFO:   20m: F1=0.646 [0.603, 0.688], P=0.551 [0.502, 0.600], R=0.782 [0.737, 0.822]
INFO:   25m: F1=0.694 [0.650, 0.734], P=0.592 [0.541, 0.641], R=0.839 [0.796, 0.875]
INFO:   30m: F1=0.707 [0.665, 0.746], P=0.603 [0.552, 0.651], R=0.855 [0.814, 0.889]
INFO:   35m: F1=0.721 [0.680, 0.757], P=0.614 [0.564, 0.663], R=0.871 [0.836, 0.902]
INFO:   40m: F1=0.730 [0.689, 0.766], P=0.622 [0.571, 0.671], R=0.883 [0.848, 0.911]
INFO:   45m: F1=0.738 [0.697, 0.774], P=0.629 [0.579, 0.678], R=0.892 [0.857, 0.919]
INFO:   50m: F1=0.740 [0.700, 0.776], P=0.630 [0.580, 0.679], R=0.894 [0.860, 0.922]
INFO:   75m: F1=0.749 [0.709, 0.785], P=0.639 [0.588, 0.688], R=0.906 [0.872, 0.932]
INFO:   100m: F1=0.749 [0.709, 0.785], P=0.639 [0.588, 0.688], R=0.906 [0.872, 0.932]
INFO:   125m: F1=0.753 [0.713, 0.788], P=0.642 [0.591, 0.691], R=0.910 [0.878, 0.936]
INFO:   150m: F1=0.753 [0.713, 0.788], P=0.642 [0.591, 0.691], R=0.910 [0.878, 0.936]
INFO:   MCC=0.330 [0.252, 0.401], Sens=0.913, Spec=0.368
INFO: JSON written: results/uplift-supplement/verifier-pairing/pv-diag-384__verified-adv-image-min-3of5/evaluation.json
INFO: CSV written: results/uplift-supplement/verifier-pairing/pv-diag-384__verified-adv-image-min-3of5/evaluation.csv
INFO: Markdown written: results/uplift-supplement/verifier-pairing/pv-diag-384__verified-adv-image-min-3of5/evaluation.md
all jobs succeeded
PAIRING RERUN DONE rc=0
verifier-uplift.csv    118 rows (metric F1)
  computed       21
  pending        97
UPLIFT F1 rc=0
verifier-uplift-mcc.csv    118 rows (metric MCC)
  computed       20
  pending        98
UPLIFT MCC rc=0
ALL PAIRING RERUN DONE 2026-08-29T10:51:20+00:00
