INFO: Detection files: 1
INFO: Loading ground truth: inputs/vectors/references/mounds-reference.geojson
INFO: Loading bounds: inputs/vectors/bounds/384/full_evaluation_bounds.geojson
INFO: Reference: 569 mounds, 487 evaluation tiles
INFO: Evaluating: detections_pro-text-high-t0_run03.geojson
INFO:   5m: F1=0.173 [0.143, 0.207], P=0.122 [0.098, 0.149], R=0.297 [0.252, 0.347] [partial: 2/487 tiles unprocessed]
INFO:   10m: F1=0.380 [0.334, 0.426], P=0.268 [0.228, 0.310], R=0.653 [0.599, 0.702] [partial: 2/487 tiles unprocessed]
INFO:   15m: F1=0.471 [0.418, 0.522], P=0.332 [0.284, 0.382], R=0.809 [0.754, 0.852] [partial: 2/487 tiles unprocessed]
INFO:   20m: F1=0.498 [0.444, 0.550], P=0.351 [0.302, 0.402], R=0.855 [0.802, 0.894] [partial: 2/487 tiles unprocessed]
INFO:   25m: F1=0.506 [0.451, 0.558], P=0.357 [0.306, 0.408], R=0.869 [0.815, 0.905] [partial: 2/487 tiles unprocessed]
INFO:   30m: F1=0.516 [0.462, 0.568], P=0.364 [0.313, 0.416], R=0.887 [0.834, 0.920] [partial: 2/487 tiles unprocessed]
INFO:   35m: F1=0.522 [0.467, 0.573], P=0.368 [0.317, 0.420], R=0.897 [0.842, 0.928] [partial: 2/487 tiles unprocessed]
INFO:   40m: F1=0.526 [0.471, 0.578], P=0.371 [0.320, 0.423], R=0.903 [0.849, 0.934] [partial: 2/487 tiles unprocessed]
INFO:   45m: F1=0.527 [0.472, 0.579], P=0.372 [0.320, 0.424], R=0.906 [0.850, 0.936] [partial: 2/487 tiles unprocessed]
INFO:   50m: F1=0.527 [0.472, 0.579], P=0.372 [0.320, 0.424], R=0.906 [0.850, 0.936] [partial: 2/487 tiles unprocessed]
INFO:   75m: F1=0.532 [0.477, 0.585], P=0.375 [0.324, 0.429], R=0.915 [0.859, 0.943] [partial: 2/487 tiles unprocessed]
INFO:   100m: F1=0.534 [0.478, 0.587], P=0.376 [0.324, 0.430], R=0.917 [0.861, 0.945] [partial: 2/487 tiles unprocessed]
INFO:   125m: F1=0.535 [0.480, 0.588], P=0.377 [0.325, 0.431], R=0.920 [0.863, 0.947] [partial: 2/487 tiles unprocessed]
INFO:   150m: F1=0.536 [0.481, 0.590], P=0.378 [0.326, 0.432], R=0.922 [0.865, 0.949] [partial: 2/487 tiles unprocessed]
INFO:   MCC=0.408 [0.356, 0.462], Sens=0.991, Spec=0.318
INFO: JSON written: results/rescore-2026-09-07/n1-outstanding-384/pro-text-high-t0-single-pass-run_3/evaluation.json
INFO: CSV written: results/rescore-2026-09-07/n1-outstanding-384/pro-text-high-t0-single-pass-run_3/evaluation.csv
INFO: Markdown written: results/rescore-2026-09-07/n1-outstanding-384/pro-text-high-t0-single-pass-run_3/evaluation.md
