INFO: Detection files: 1
INFO: Loading ground truth: inputs/vectors/references/best-available-gt-55maps-r2.geojson
INFO: Loading bounds: inputs/vectors/bounds/384/55maps_evaluation_bounds.geojson
INFO: Reference: 5018 mounds, 8541 evaluation tiles
INFO: Evaluating: detections.geojson
INFO:   5m: F1=0.218 [0.206, 0.231], P=0.228 [0.215, 0.241], R=0.209 [0.197, 0.222] [sparse coverage: 65.3% zero-tiles]
INFO:   10m: F1=0.480 [0.465, 0.496], P=0.501 [0.486, 0.517], R=0.461 [0.445, 0.477] [sparse coverage: 65.6% zero-tiles]
INFO:   15m: F1=0.668 [0.654, 0.682], P=0.697 [0.682, 0.711], R=0.641 [0.625, 0.656] [sparse coverage: 66.0% zero-tiles]
INFO:   20m: F1=0.775 [0.763, 0.787], P=0.809 [0.797, 0.821], R=0.744 [0.730, 0.758] [sparse coverage: 66.2% zero-tiles]
INFO:   25m: F1=0.831 [0.821, 0.841], P=0.868 [0.857, 0.878], R=0.798 [0.785, 0.811] [sparse coverage: 66.3% zero-tiles]
INFO:   30m: F1=0.853 [0.844, 0.861], P=0.890 [0.880, 0.899], R=0.819 [0.806, 0.831] [sparse coverage: 66.4% zero-tiles]
INFO:   35m: F1=0.866 [0.858, 0.874], P=0.904 [0.895, 0.912], R=0.831 [0.819, 0.843] [sparse coverage: 66.4% zero-tiles]
INFO:   40m: F1=0.870 [0.861, 0.878], P=0.908 [0.899, 0.916], R=0.835 [0.823, 0.846] [sparse coverage: 66.4% zero-tiles]
INFO:   45m: F1=0.872 [0.864, 0.880], P=0.910 [0.901, 0.918], R=0.837 [0.825, 0.848] [sparse coverage: 66.4% zero-tiles]
INFO:   50m: F1=0.873 [0.864, 0.880], P=0.911 [0.902, 0.919], R=0.838 [0.826, 0.849] [sparse coverage: 66.4% zero-tiles]
INFO:   75m: F1=0.874 [0.866, 0.881], P=0.912 [0.903, 0.920], R=0.839 [0.827, 0.850] [sparse coverage: 66.4% zero-tiles]
INFO:   100m: F1=0.874 [0.866, 0.882], P=0.912 [0.904, 0.921], R=0.839 [0.827, 0.851] [sparse coverage: 66.4% zero-tiles]
INFO:   125m: F1=0.875 [0.866, 0.882], P=0.913 [0.904, 0.921], R=0.840 [0.827, 0.851] [sparse coverage: 66.4% zero-tiles]
INFO:   150m: F1=0.875 [0.867, 0.883], P=0.914 [0.905, 0.922], R=0.840 [0.828, 0.852] [sparse coverage: 66.4% zero-tiles]
INFO:   MCC=0.715 [0.701, 0.729], Sens=0.689, Spec=0.975
INFO: JSON written: results/55map-final-board-r2-2026-09-06/cells/ARM1-N5-oracle/evaluation.json
INFO: CSV written: results/55map-final-board-r2-2026-09-06/cells/ARM1-N5-oracle/evaluation.csv
INFO: Markdown written: results/55map-final-board-r2-2026-09-06/cells/ARM1-N5-oracle/evaluation.md
