INFO: Detection files: 1
INFO: Loading ground truth: inputs/vectors/references/best-available-gt-55maps-r2.geojson
INFO: Loading bounds: inputs/vectors/bounds/384/55maps_evaluation_bounds.geojson
INFO: Reference: 5018 mounds, 8541 evaluation tiles
INFO: Evaluating: detections.geojson
INFO:   5m: F1=0.072 [0.065, 0.078], P=0.061 [0.055, 0.066], R=0.087 [0.080, 0.095] [sparse coverage: 63.1% zero-tiles]
INFO:   10m: F1=0.244 [0.234, 0.255], P=0.207 [0.198, 0.216], R=0.298 [0.285, 0.311] [sparse coverage: 63.4% zero-tiles]
INFO:   15m: F1=0.431 [0.419, 0.442], P=0.365 [0.354, 0.376], R=0.525 [0.511, 0.540] [sparse coverage: 63.7% zero-tiles]
INFO:   20m: F1=0.565 [0.553, 0.575], P=0.478 [0.468, 0.489], R=0.689 [0.674, 0.702] [sparse coverage: 64.0% zero-tiles]
INFO:   25m: F1=0.646 [0.636, 0.655], P=0.547 [0.537, 0.557], R=0.788 [0.775, 0.799] [sparse coverage: 64.3% zero-tiles]
INFO:   30m: F1=0.692 [0.683, 0.700], P=0.587 [0.577, 0.596], R=0.844 [0.833, 0.855] [sparse coverage: 64.4% zero-tiles]
INFO:   35m: F1=0.713 [0.705, 0.721], P=0.604 [0.595, 0.614], R=0.870 [0.860, 0.879] [sparse coverage: 64.5% zero-tiles]
INFO:   40m: F1=0.722 [0.714, 0.730], P=0.612 [0.602, 0.621], R=0.881 [0.871, 0.890] [sparse coverage: 64.5% zero-tiles]
INFO:   45m: F1=0.728 [0.720, 0.736], P=0.617 [0.607, 0.626], R=0.888 [0.879, 0.897] [sparse coverage: 64.5% zero-tiles]
INFO:   50m: F1=0.731 [0.724, 0.739], P=0.620 [0.610, 0.629], R=0.892 [0.882, 0.901] [sparse coverage: 64.6% zero-tiles]
INFO:   75m: F1=0.738 [0.731, 0.745], P=0.626 [0.616, 0.635], R=0.900 [0.891, 0.909] [sparse coverage: 64.6% zero-tiles]
INFO:   100m: F1=0.741 [0.733, 0.748], P=0.628 [0.618, 0.637], R=0.903 [0.894, 0.912] [sparse coverage: 64.6% zero-tiles]
INFO:   125m: F1=0.743 [0.735, 0.750], P=0.629 [0.620, 0.638], R=0.906 [0.897, 0.914] [sparse coverage: 64.6% zero-tiles]
INFO:   150m: F1=0.744 [0.737, 0.751], P=0.630 [0.621, 0.640], R=0.907 [0.898, 0.915] [sparse coverage: 64.6% zero-tiles]
INFO:   MCC=0.724 [0.709, 0.738], Sens=0.743, Spec=0.951
INFO: JSON written: results/gemini3-image-55map-2026-09-16/cells/G3IMG-ARM1-K5-votes3-carried/evaluation.json
INFO: CSV written: results/gemini3-image-55map-2026-09-16/cells/G3IMG-ARM1-K5-votes3-carried/evaluation.csv
INFO: Markdown written: results/gemini3-image-55map-2026-09-16/cells/G3IMG-ARM1-K5-votes3-carried/evaluation.md
