INFO: Detection files: 1
INFO: Loading ground truth: inputs/vectors/references/best-available-gt-55maps-r2.geojson
INFO: Loading bounds: inputs/vectors/bounds/384/55maps_evaluation_bounds.geojson
INFO: Reference: 5018 mounds, 8541 evaluation tiles
INFO: Evaluating: min11-uplift-5of10-pt0.15.geojson
INFO:   5m: F1=0.147 [0.137, 0.158], P=0.158 [0.147, 0.170], R=0.138 [0.127, 0.148] [sparse coverage: 63.3% zero-tiles]
INFO:   10m: F1=0.375 [0.360, 0.390], P=0.403 [0.388, 0.419], R=0.350 [0.335, 0.365] [sparse coverage: 64.0% zero-tiles]
INFO:   15m: F1=0.560 [0.545, 0.575], P=0.603 [0.587, 0.619], R=0.524 [0.508, 0.540] [sparse coverage: 64.7% zero-tiles]
INFO:   20m: F1=0.688 [0.673, 0.701], P=0.740 [0.725, 0.754], R=0.643 [0.626, 0.658] [sparse coverage: 65.2% zero-tiles]
INFO:   25m: F1=0.763 [0.751, 0.775], P=0.821 [0.808, 0.833], R=0.713 [0.698, 0.728] [sparse coverage: 65.5% zero-tiles]
INFO:   30m: F1=0.799 [0.787, 0.809], P=0.859 [0.847, 0.870], R=0.746 [0.731, 0.760] [sparse coverage: 65.6% zero-tiles]
INFO:   35m: F1=0.815 [0.805, 0.825], P=0.877 [0.866, 0.887], R=0.762 [0.748, 0.775] [sparse coverage: 65.7% zero-tiles]
INFO:   40m: F1=0.822 [0.812, 0.832], P=0.884 [0.874, 0.895], R=0.769 [0.754, 0.782] [sparse coverage: 65.8% zero-tiles]
INFO:   45m: F1=0.826 [0.816, 0.835], P=0.888 [0.877, 0.898], R=0.772 [0.758, 0.785] [sparse coverage: 65.8% zero-tiles]
INFO:   50m: F1=0.827 [0.817, 0.837], P=0.890 [0.879, 0.900], R=0.773 [0.759, 0.786] [sparse coverage: 65.8% zero-tiles]
INFO:   75m: F1=0.829 [0.819, 0.838], P=0.891 [0.881, 0.901], R=0.774 [0.760, 0.787] [sparse coverage: 65.8% zero-tiles]
INFO:   100m: F1=0.829 [0.819, 0.839], P=0.892 [0.881, 0.901], R=0.775 [0.761, 0.788] [sparse coverage: 65.8% zero-tiles]
INFO:   125m: F1=0.830 [0.820, 0.839], P=0.892 [0.882, 0.902], R=0.775 [0.761, 0.788] [sparse coverage: 65.8% zero-tiles]
INFO:   150m: F1=0.831 [0.821, 0.840], P=0.894 [0.883, 0.903], R=0.777 [0.763, 0.790] [sparse coverage: 65.8% zero-tiles]
INFO:   MCC=0.669 [0.654, 0.684], Sens=0.653, Spec=0.964
INFO: JSON written: results/55maps-r2-ref-2026-09-06/TM-n10-k5/evaluation.json
INFO: CSV written: results/55maps-r2-ref-2026-09-06/TM-n10-k5/evaluation.csv
INFO: Markdown written: results/55maps-r2-ref-2026-09-06/TM-n10-k5/evaluation.md
