2026-06-06 14:10:20,326 - INFO - Loading detections, student GT, bounds...
2026-06-06 14:10:20,547 - INFO -   detections: A=4350 B=3865  student GT=4746  tiles=8541
2026-06-06 14:10:20,557 - INFO -   review A: yesterday=0 today=2472 sentinels=173
2026-06-06 14:10:20,558 - INFO -   review B: yesterday=0 today=2472 sentinels=173
2026-06-06 14:10:20,558 - INFO - --- R = 20 m ---
2026-06-06 14:10:20,564 - INFO -   phantoms: A=0 B=0  ext_GT: A=4746 B=4746
2026-06-06 14:10:32,860 - INFO -   F1: T03=0.6308 vs TM=0.6201  ΔF1=+0.0107 [-0.0016, +0.0232]  p=0.0874 ns  W/L/T=540/460/7541
2026-06-06 14:10:32,862 - INFO - --- R = 25 m ---
2026-06-06 14:10:32,873 - INFO -   phantoms: A=0 B=0  ext_GT: A=4746 B=4746
2026-06-06 14:10:41,192 - INFO -   F1: T03=0.7190 vs TM=0.6924  ΔF1=+0.0266 [+0.0149, +0.0381]  p=0.0000 ***  W/L/T=564/418/7559
2026-06-06 14:10:41,193 - INFO - --- R = 30 m ---
2026-06-06 14:10:41,200 - INFO -   phantoms: A=0 B=0  ext_GT: A=4746 B=4746
2026-06-06 14:10:52,187 - INFO -   F1: T03=0.7643 vs TM=0.7298  ΔF1=+0.0345 [+0.0235, +0.0455]  p=0.0000 ***  W/L/T=574/388/7579
2026-06-06 14:10:52,189 - INFO - --- R = 35 m ---
2026-06-06 14:10:52,200 - INFO -   phantoms: A=0 B=0  ext_GT: A=4746 B=4746
2026-06-06 14:11:06,076 - INFO -   F1: T03=0.7869 vs TM=0.7488  ΔF1=+0.0381 [+0.0276, +0.0486]  p=0.0000 ***  W/L/T=575/368/7598
2026-06-06 14:11:06,078 - INFO - --- R = 40 m ---
2026-06-06 14:11:06,089 - INFO -   phantoms: A=0 B=0  ext_GT: A=4746 B=4746
2026-06-06 14:11:20,408 - INFO -   F1: T03=0.7964 vs TM=0.7562  ΔF1=+0.0402 [+0.0301, +0.0503]  p=0.0000 ***  W/L/T=578/359/7604
2026-06-06 14:11:20,410 - INFO - --- R = 45 m ---
2026-06-06 14:11:20,422 - INFO -   phantoms: A=0 B=0  ext_GT: A=4746 B=4746
2026-06-06 14:11:33,712 - INFO -   F1: T03=0.8030 vs TM=0.7600  ΔF1=+0.0430 [+0.0330, +0.0531]  p=0.0000 ***  W/L/T=581/350/7610
2026-06-06 14:11:33,715 - INFO - --- R = 50 m ---
2026-06-06 14:11:33,792 - INFO -   phantoms: A=831 B=831  ext_GT: A=5577 B=5577
2026-06-06 14:11:48,486 - INFO -   F1: T03=0.8002 vs TM=0.7484  ΔF1=+0.0519 [+0.0425, +0.0612]  p=0.0000 ***  W/L/T=638/333/7570
2026-06-06 14:11:48,489 - INFO - --- R = 75 m ---
2026-06-06 14:11:48,586 - INFO -   phantoms: A=1015 B=1015  ext_GT: A=5761 B=5761
2026-06-06 14:12:02,962 - INFO -   F1: T03=0.7898 vs TM=0.7378  ΔF1=+0.0520 [+0.0428, +0.0613]  p=0.0000 ***  W/L/T=647/333/7561
2026-06-06 14:12:02,964 - INFO - --- R = 100 m ---
2026-06-06 14:12:03,006 - INFO -   phantoms: A=1102 B=1102  ext_GT: A=5848 B=5848
2026-06-06 14:12:20,214 - INFO -   F1: T03=0.7854 vs TM=0.7328  ΔF1=+0.0526 [+0.0435, +0.0618]  p=0.0000 ***  W/L/T=651/333/7557
2026-06-06 14:12:20,216 - INFO - --- R = 125 m ---
2026-06-06 14:12:20,319 - INFO -   phantoms: A=1144 B=1144  ext_GT: A=5890 B=5890
2026-06-06 14:12:36,997 - INFO -   F1: T03=0.7842 vs TM=0.7307  ΔF1=+0.0535 [+0.0443, +0.0626]  p=0.0000 ***  W/L/T=659/333/7549
2026-06-06 14:12:37,002 - INFO - Wrote results/deployment-oracle-2026-06-06/config-axis-fixedunion/T03_vs_TM/summary.json
