2026-06-06 14:12:38,005 - INFO - Loading detections, student GT, bounds...
2026-06-06 14:12:38,386 - INFO -   detections: A=4350 B=4680  student GT=4746  tiles=8541
2026-06-06 14:12:38,402 - INFO -   review A: yesterday=0 today=2472 sentinels=173
2026-06-06 14:12:38,402 - INFO -   review B: yesterday=0 today=2472 sentinels=173
2026-06-06 14:12:38,402 - INFO - --- R = 20 m ---
2026-06-06 14:12:38,413 - INFO -   phantoms: A=0 B=0  ext_GT: A=4746 B=4746
2026-06-06 14:12:52,753 - INFO -   F1: T03=0.6308 vs IM=0.5082  ΔF1=+0.1227 [+0.1084, +0.1367]  p=0.0000 ***  W/L/T=804/398/7339
2026-06-06 14:12:52,755 - INFO - --- R = 25 m ---
2026-06-06 14:12:52,766 - INFO -   phantoms: A=0 B=0  ext_GT: A=4746 B=4746
2026-06-06 14:13:06,342 - INFO -   F1: T03=0.7190 vs IM=0.6210  ΔF1=+0.0979 [+0.0847, +0.1107]  p=0.0000 ***  W/L/T=752/425/7364
2026-06-06 14:13:06,345 - INFO - --- R = 30 m ---
2026-06-06 14:13:06,356 - INFO -   phantoms: A=0 B=0  ext_GT: A=4746 B=4746
2026-06-06 14:13:19,642 - INFO -   F1: T03=0.7643 vs IM=0.6887  ΔF1=+0.0756 [+0.0638, +0.0873]  p=0.0000 ***  W/L/T=679/429/7433
2026-06-06 14:13:19,645 - INFO - --- R = 35 m ---
2026-06-06 14:13:19,656 - INFO -   phantoms: A=0 B=0  ext_GT: A=4746 B=4746
2026-06-06 14:13:34,418 - INFO -   F1: T03=0.7869 vs IM=0.7278  ΔF1=+0.0592 [+0.0480, +0.0702]  p=0.0000 ***  W/L/T=641/442/7458
2026-06-06 14:13:34,420 - INFO - --- R = 40 m ---
2026-06-06 14:13:34,432 - INFO -   phantoms: A=0 B=0  ext_GT: A=4746 B=4746
2026-06-06 14:13:49,700 - INFO -   F1: T03=0.7964 vs IM=0.7520  ΔF1=+0.0444 [+0.0336, +0.0552]  p=0.0000 ***  W/L/T=592/465/7484
2026-06-06 14:13:49,703 - INFO - --- R = 45 m ---
2026-06-06 14:13:49,714 - INFO -   phantoms: A=0 B=0  ext_GT: A=4746 B=4746
2026-06-06 14:14:01,299 - INFO -   F1: T03=0.8030 vs IM=0.7662  ΔF1=+0.0368 [+0.0264, +0.0470]  p=0.0000 ***  W/L/T=569/469/7503
2026-06-06 14:14:01,300 - INFO - --- R = 50 m ---
2026-06-06 14:14:01,333 - INFO -   phantoms: A=831 B=831  ext_GT: A=5577 B=5577
2026-06-06 14:14:16,636 - INFO -   F1: T03=0.8002 vs IM=0.7665  ΔF1=+0.0337 [+0.0243, +0.0432]  p=0.0000 ***  W/L/T=616/481/7444
2026-06-06 14:14:16,639 - INFO - --- R = 75 m ---
2026-06-06 14:14:16,734 - INFO -   phantoms: A=1015 B=1015  ext_GT: A=5761 B=5761
2026-06-06 14:14:32,527 - INFO -   F1: T03=0.7898 vs IM=0.7831  ΔF1=+0.0068 [-0.0023, +0.0158]  p=0.1415 ns  W/L/T=542/557/7442
2026-06-06 14:14:32,530 - INFO - --- R = 100 m ---
2026-06-06 14:14:32,611 - INFO -   phantoms: A=1102 B=1102  ext_GT: A=5848 B=5848
2026-06-06 14:14:47,471 - INFO -   F1: T03=0.7854 vs IM=0.7853  ΔF1=+0.0001 [-0.0089, +0.0091]  p=0.9805 ns  W/L/T=525/589/7427
2026-06-06 14:14:47,474 - INFO - --- R = 125 m ---
2026-06-06 14:14:47,580 - INFO -   phantoms: A=1144 B=1144  ext_GT: A=5890 B=5890
2026-06-06 14:14:58,906 - INFO -   F1: T03=0.7842 vs IM=0.7860  ΔF1=-0.0018 [-0.0108, +0.0071]  p=0.6915 ns  W/L/T=525/598/7418
2026-06-06 14:14:58,911 - INFO - Wrote results/deployment-oracle-2026-06-06/config-axis-fixedunion/T03_vs_IM/summary.json
