2026-06-06 14:07:50,895 - INFO - Loading detections, student GT, bounds...
2026-06-06 14:07:51,276 - INFO -   detections: A=4164 B=4680  student GT=4746  tiles=8541
2026-06-06 14:07:51,292 - INFO -   review A: yesterday=0 today=2472 sentinels=173
2026-06-06 14:07:51,292 - INFO -   review B: yesterday=0 today=2472 sentinels=173
2026-06-06 14:07:51,292 - INFO - --- R = 20 m ---
2026-06-06 14:07:51,304 - INFO -   phantoms: A=0 B=0  ext_GT: A=4746 B=4746
2026-06-06 14:08:06,675 - INFO -   F1: TH7=0.6260 vs IM=0.5082  ΔF1=+0.1179 [+0.1039, +0.1316]  p=0.0000 ***  W/L/T=791/414/7336
2026-06-06 14:08:06,678 - INFO - --- R = 25 m ---
2026-06-06 14:08:06,687 - INFO -   phantoms: A=0 B=0  ext_GT: A=4746 B=4746
2026-06-06 14:08:20,390 - INFO -   F1: TH7=0.7102 vs IM=0.6210  ΔF1=+0.0892 [+0.0763, +0.1023]  p=0.0000 ***  W/L/T=736/454/7351
2026-06-06 14:08:20,393 - INFO - --- R = 30 m ---
2026-06-06 14:08:20,403 - INFO -   phantoms: A=0 B=0  ext_GT: A=4746 B=4746
2026-06-06 14:08:34,395 - INFO -   F1: TH7=0.7569 vs IM=0.6887  ΔF1=+0.0682 [+0.0560, +0.0805]  p=0.0000 ***  W/L/T=661/463/7417
2026-06-06 14:08:34,397 - INFO - --- R = 35 m ---
2026-06-06 14:08:34,409 - INFO -   phantoms: A=0 B=0  ext_GT: A=4746 B=4746
2026-06-06 14:08:48,874 - INFO -   F1: TH7=0.7778 vs IM=0.7278  ΔF1=+0.0500 [+0.0387, +0.0615]  p=0.0000 ***  W/L/T=614/489/7438
2026-06-06 14:08:48,876 - INFO - --- R = 40 m ---
2026-06-06 14:08:48,882 - INFO -   phantoms: A=0 B=0  ext_GT: A=4746 B=4746
2026-06-06 14:09:01,812 - INFO -   F1: TH7=0.7868 vs IM=0.7520  ΔF1=+0.0348 [+0.0240, +0.0461]  p=0.0000 ***  W/L/T=568/511/7462
2026-06-06 14:09:01,815 - INFO - --- R = 45 m ---
2026-06-06 14:09:01,826 - INFO -   phantoms: A=0 B=0  ext_GT: A=4746 B=4746
2026-06-06 14:09:16,077 - INFO -   F1: TH7=0.7903 vs IM=0.7662  ΔF1=+0.0242 [+0.0137, +0.0348]  p=0.0000 ***  W/L/T=532/521/7488
2026-06-06 14:09:16,084 - INFO - --- R = 50 m ---
2026-06-06 14:09:16,118 - INFO -   phantoms: A=831 B=831  ext_GT: A=5577 B=5577
2026-06-06 14:09:32,126 - INFO -   F1: TH7=0.7804 vs IM=0.7665  ΔF1=+0.0139 [+0.0043, +0.0238]  p=0.0054 **  W/L/T=544/562/7435
2026-06-06 14:09:32,129 - INFO - --- R = 75 m ---
2026-06-06 14:09:32,225 - INFO -   phantoms: A=1015 B=1015  ext_GT: A=5761 B=5761
2026-06-06 14:09:49,271 - INFO -   F1: TH7=0.7702 vs IM=0.7831  ΔF1=-0.0129 [-0.0223, -0.0034]  p=0.0067 **  W/L/T=474/648/7419
2026-06-06 14:09:49,274 - INFO - --- R = 100 m ---
2026-06-06 14:09:49,372 - INFO -   phantoms: A=1102 B=1102  ext_GT: A=5848 B=5848
2026-06-06 14:10:06,644 - INFO -   F1: TH7=0.7671 vs IM=0.7853  ΔF1=-0.0183 [-0.0277, -0.0088]  p=0.0000 ***  W/L/T=465/678/7398
2026-06-06 14:10:06,665 - INFO - --- R = 125 m ---
2026-06-06 14:10:06,771 - INFO -   phantoms: A=1144 B=1144  ext_GT: A=5890 B=5890
2026-06-06 14:10:19,304 - INFO -   F1: TH7=0.7659 vs IM=0.7860  ΔF1=-0.0201 [-0.0296, -0.0106]  p=0.0000 ***  W/L/T=466/686/7389
2026-06-06 14:10:19,307 - INFO - Wrote results/deployment-oracle-2026-06-06/config-axis-fixedunion/TH7_vs_IM/summary.json
