2026-06-06 14:05:25,390 - INFO - Loading detections, student GT, bounds...
2026-06-06 14:05:25,681 - INFO -   detections: A=4164 B=3865  student GT=4746  tiles=8541
2026-06-06 14:05:25,693 - INFO -   review A: yesterday=0 today=2472 sentinels=173
2026-06-06 14:05:25,693 - INFO -   review B: yesterday=0 today=2472 sentinels=173
2026-06-06 14:05:25,693 - INFO - --- R = 20 m ---
2026-06-06 14:05:25,701 - INFO -   phantoms: A=0 B=0  ext_GT: A=4746 B=4746
2026-06-06 14:05:38,967 - INFO -   F1: TH7=0.6260 vs TM=0.6201  ΔF1=+0.0059 [-0.0063, +0.0183]  p=0.3503 ns  W/L/T=500/459/7582
2026-06-06 14:05:38,970 - INFO - --- R = 25 m ---
2026-06-06 14:05:38,981 - INFO -   phantoms: A=0 B=0  ext_GT: A=4746 B=4746
2026-06-06 14:05:53,295 - INFO -   F1: TH7=0.7102 vs TM=0.6924  ΔF1=+0.0178 [+0.0064, +0.0294]  p=0.0020 **  W/L/T=532/430/7579
2026-06-06 14:05:53,297 - INFO - --- R = 30 m ---
2026-06-06 14:05:53,308 - INFO -   phantoms: A=0 B=0  ext_GT: A=4746 B=4746
2026-06-06 14:06:07,094 - INFO -   F1: TH7=0.7569 vs TM=0.7298  ΔF1=+0.0271 [+0.0163, +0.0380]  p=0.0000 ***  W/L/T=534/388/7619
2026-06-06 14:06:07,097 - INFO - --- R = 35 m ---
2026-06-06 14:06:07,108 - INFO -   phantoms: A=0 B=0  ext_GT: A=4746 B=4746
2026-06-06 14:06:19,847 - INFO -   F1: TH7=0.7778 vs TM=0.7488  ΔF1=+0.0290 [+0.0186, +0.0393]  p=0.0000 ***  W/L/T=534/366/7641
2026-06-06 14:06:19,849 - INFO - --- R = 40 m ---
2026-06-06 14:06:19,860 - INFO -   phantoms: A=0 B=0  ext_GT: A=4746 B=4746
2026-06-06 14:06:33,517 - INFO -   F1: TH7=0.7868 vs TM=0.7562  ΔF1=+0.0305 [+0.0202, +0.0409]  p=0.0000 ***  W/L/T=536/357/7648
2026-06-06 14:06:33,520 - INFO - --- R = 45 m ---
2026-06-06 14:06:33,531 - INFO -   phantoms: A=0 B=0  ext_GT: A=4746 B=4746
2026-06-06 14:06:46,976 - INFO -   F1: TH7=0.7903 vs TM=0.7600  ΔF1=+0.0304 [+0.0202, +0.0406]  p=0.0000 ***  W/L/T=532/356/7653
2026-06-06 14:06:46,977 - INFO - --- R = 50 m ---
2026-06-06 14:06:47,012 - INFO -   phantoms: A=831 B=831  ext_GT: A=5577 B=5577
2026-06-06 14:07:01,807 - INFO -   F1: TH7=0.7804 vs TM=0.7484  ΔF1=+0.0321 [+0.0225, +0.0416]  p=0.0000 ***  W/L/T=567/368/7606
2026-06-06 14:07:01,810 - INFO - --- R = 75 m ---
2026-06-06 14:07:01,902 - INFO -   phantoms: A=1015 B=1015  ext_GT: A=5761 B=5761
2026-06-06 14:07:18,313 - INFO -   F1: TH7=0.7702 vs TM=0.7378  ΔF1=+0.0324 [+0.0230, +0.0418]  p=0.0000 ***  W/L/T=569/376/7596
2026-06-06 14:07:18,316 - INFO - --- R = 100 m ---
2026-06-06 14:07:18,420 - INFO -   phantoms: A=1102 B=1102  ext_GT: A=5848 B=5848
2026-06-06 14:07:32,937 - INFO -   F1: TH7=0.7671 vs TM=0.7328  ΔF1=+0.0342 [+0.0248, +0.0436]  p=0.0000 ***  W/L/T=576/373/7592
2026-06-06 14:07:32,940 - INFO - --- R = 125 m ---
2026-06-06 14:07:33,043 - INFO -   phantoms: A=1144 B=1144  ext_GT: A=5890 B=5890
2026-06-06 14:07:49,891 - INFO -   F1: TH7=0.7659 vs TM=0.7307  ΔF1=+0.0352 [+0.0258, +0.0445]  p=0.0000 ***  W/L/T=582/370/7589
2026-06-06 14:07:49,896 - INFO - Wrote results/deployment-oracle-2026-06-06/config-axis-fixedunion/TH7_vs_TM/summary.json
