2026-06-06 14:02:48,821 - INFO - Loading detections, student GT, bounds...
2026-06-06 14:02:49,191 - INFO -   detections: A=4164 B=4350  student GT=4746  tiles=8541
2026-06-06 14:02:49,207 - INFO -   review A: yesterday=0 today=2472 sentinels=173
2026-06-06 14:02:49,207 - INFO -   review B: yesterday=0 today=2472 sentinels=173
2026-06-06 14:02:49,207 - INFO - --- R = 20 m ---
2026-06-06 14:02:49,218 - INFO -   phantoms: A=0 B=0  ext_GT: A=4746 B=4746
2026-06-06 14:03:04,298 - INFO -   F1: TH7=0.6260 vs T03=0.6308  ΔF1=-0.0048 [-0.0148, +0.0053]  p=0.3477 ns  W/L/T=363/387/7791
2026-06-06 14:03:04,301 - INFO - --- R = 25 m ---
2026-06-06 14:03:04,311 - INFO -   phantoms: A=0 B=0  ext_GT: A=4746 B=4746
2026-06-06 14:03:18,826 - INFO -   F1: TH7=0.7102 vs T03=0.7190  ΔF1=-0.0088 [-0.0178, +0.0001]  p=0.0545 ns  W/L/T=333/379/7829
2026-06-06 14:03:18,829 - INFO - --- R = 30 m ---
2026-06-06 14:03:18,840 - INFO -   phantoms: A=0 B=0  ext_GT: A=4746 B=4746
2026-06-06 14:03:33,402 - INFO -   F1: TH7=0.7569 vs T03=0.7643  ΔF1=-0.0074 [-0.0158, +0.0010]  p=0.0869 ns  W/L/T=313/360/7868
2026-06-06 14:03:33,404 - INFO - --- R = 35 m ---
2026-06-06 14:03:33,415 - INFO -   phantoms: A=0 B=0  ext_GT: A=4746 B=4746
2026-06-06 14:03:47,979 - INFO -   F1: TH7=0.7778 vs T03=0.7869  ΔF1=-0.0092 [-0.0174, -0.0010]  p=0.0286 *  W/L/T=303/360/7878
2026-06-06 14:03:47,981 - INFO - --- R = 40 m ---
2026-06-06 14:03:47,992 - INFO -   phantoms: A=0 B=0  ext_GT: A=4746 B=4746
2026-06-06 14:04:02,510 - INFO -   F1: TH7=0.7868 vs T03=0.7964  ΔF1=-0.0096 [-0.0178, -0.0018]  p=0.0177 *  W/L/T=299/355/7887
2026-06-06 14:04:02,512 - INFO - --- R = 45 m ---
2026-06-06 14:04:02,523 - INFO -   phantoms: A=0 B=0  ext_GT: A=4746 B=4746
2026-06-06 14:04:17,198 - INFO -   F1: TH7=0.7903 vs T03=0.8030  ΔF1=-0.0126 [-0.0208, -0.0047]  p=0.0028 **  W/L/T=296/361/7884
2026-06-06 14:04:17,201 - INFO - --- R = 50 m ---
2026-06-06 14:04:17,279 - INFO -   phantoms: A=831 B=831  ext_GT: A=5577 B=5577
2026-06-06 14:04:33,387 - INFO -   F1: TH7=0.7804 vs T03=0.8002  ΔF1=-0.0198 [-0.0275, -0.0123]  p=0.0000 ***  W/L/T=295/412/7834
2026-06-06 14:04:33,390 - INFO - --- R = 75 m ---
2026-06-06 14:04:33,479 - INFO -   phantoms: A=1015 B=1015  ext_GT: A=5761 B=5761
2026-06-06 14:04:50,375 - INFO -   F1: TH7=0.7702 vs T03=0.7898  ΔF1=-0.0197 [-0.0272, -0.0122]  p=0.0000 ***  W/L/T=288/419/7834
2026-06-06 14:04:50,378 - INFO - --- R = 100 m ---
2026-06-06 14:04:50,481 - INFO -   phantoms: A=1102 B=1102  ext_GT: A=5848 B=5848
2026-06-06 14:05:08,352 - INFO -   F1: TH7=0.7671 vs T03=0.7854  ΔF1=-0.0184 [-0.0259, -0.0109]  p=0.0000 ***  W/L/T=294/418/7829
2026-06-06 14:05:08,355 - INFO - --- R = 125 m ---
2026-06-06 14:05:08,454 - INFO -   phantoms: A=1144 B=1144  ext_GT: A=5890 B=5890
2026-06-06 14:05:24,343 - INFO -   F1: TH7=0.7659 vs T03=0.7842  ΔF1=-0.0183 [-0.0258, -0.0108]  p=0.0000 ***  W/L/T=297/422/7822
2026-06-06 14:05:24,348 - INFO - Wrote results/deployment-oracle-2026-06-06/config-axis-fixedunion/TH7_vs_T03/summary.json
