2026-06-06 14:14:59,920 - INFO - Loading detections, student GT, bounds...
2026-06-06 14:15:00,294 - INFO -   detections: A=3865 B=4680  student GT=4746  tiles=8541
2026-06-06 14:15:00,309 - INFO -   review A: yesterday=0 today=2472 sentinels=173
2026-06-06 14:15:00,309 - INFO -   review B: yesterday=0 today=2472 sentinels=173
2026-06-06 14:15:00,309 - INFO - --- R = 20 m ---
2026-06-06 14:15:00,321 - INFO -   phantoms: A=0 B=0  ext_GT: A=4746 B=4746
2026-06-06 14:15:15,099 - INFO -   F1: TM=0.6201 vs IM=0.5082  ΔF1=+0.1120 [+0.0959, +0.1278]  p=0.0000 ***  W/L/T=791/520/7230
2026-06-06 14:15:15,101 - INFO - --- R = 25 m ---
2026-06-06 14:15:15,112 - INFO -   phantoms: A=0 B=0  ext_GT: A=4746 B=4746
2026-06-06 14:15:29,036 - INFO -   F1: TM=0.6924 vs IM=0.6210  ΔF1=+0.0713 [+0.0566, +0.0862]  p=0.0000 ***  W/L/T=727/584/7230
2026-06-06 14:15:29,038 - INFO - --- R = 30 m ---
2026-06-06 14:15:29,049 - INFO -   phantoms: A=0 B=0  ext_GT: A=4746 B=4746
2026-06-06 14:15:43,304 - INFO -   F1: TM=0.7298 vs IM=0.6887  ΔF1=+0.0410 [+0.0271, +0.0546]  p=0.0000 ***  W/L/T=654/610/7277
2026-06-06 14:15:43,307 - INFO - --- R = 35 m ---
2026-06-06 14:15:43,318 - INFO -   phantoms: A=0 B=0  ext_GT: A=4746 B=4746
2026-06-06 14:15:58,687 - INFO -   F1: TM=0.7488 vs IM=0.7278  ΔF1=+0.0210 [+0.0082, +0.0340]  p=0.0005 ***  W/L/T=604/629/7308
2026-06-06 14:15:58,689 - INFO - --- R = 40 m ---
2026-06-06 14:15:58,700 - INFO -   phantoms: A=0 B=0  ext_GT: A=4746 B=4746
2026-06-06 14:16:12,261 - INFO -   F1: TM=0.7562 vs IM=0.7520  ΔF1=+0.0043 [-0.0080, +0.0168]  p=0.4858 ns  W/L/T=557/654/7330
2026-06-06 14:16:12,264 - INFO - --- R = 45 m ---
2026-06-06 14:16:12,275 - INFO -   phantoms: A=0 B=0  ext_GT: A=4746 B=4746
2026-06-06 14:16:27,301 - INFO -   F1: TM=0.7600 vs IM=0.7662  ΔF1=-0.0062 [-0.0184, +0.0058]  p=0.3029 ns  W/L/T=532/670/7339
2026-06-06 14:16:27,304 - INFO - --- R = 50 m ---
2026-06-06 14:16:27,383 - INFO -   phantoms: A=831 B=831  ext_GT: A=5577 B=5577
2026-06-06 14:16:43,747 - INFO -   F1: TM=0.7484 vs IM=0.7665  ΔF1=-0.0181 [-0.0295, -0.0070]  p=0.0008 ***  W/L/T=533/719/7289
2026-06-06 14:16:43,750 - INFO - --- R = 75 m ---
2026-06-06 14:16:43,849 - INFO -   phantoms: A=1015 B=1015  ext_GT: A=5761 B=5761
2026-06-06 14:17:01,381 - INFO -   F1: TM=0.7378 vs IM=0.7831  ΔF1=-0.0453 [-0.0563, -0.0344]  p=0.0000 ***  W/L/T=473/806/7262
2026-06-06 14:17:01,384 - INFO - --- R = 100 m ---
2026-06-06 14:17:01,481 - INFO -   phantoms: A=1102 B=1102  ext_GT: A=5848 B=5848
2026-06-06 14:17:18,525 - INFO -   F1: TM=0.7328 vs IM=0.7853  ΔF1=-0.0525 [-0.0635, -0.0418]  p=0.0000 ***  W/L/T=460/841/7240
2026-06-06 14:17:18,528 - INFO - --- R = 125 m ---
2026-06-06 14:17:18,635 - INFO -   phantoms: A=1144 B=1144  ext_GT: A=5890 B=5890
2026-06-06 14:17:36,131 - INFO -   F1: TM=0.7307 vs IM=0.7860  ΔF1=-0.0553 [-0.0661, -0.0445]  p=0.0000 ***  W/L/T=457/851/7233
2026-06-06 14:17:36,135 - INFO - Wrote results/deployment-oracle-2026-06-06/config-axis-fixedunion/TM_vs_IM/summary.json
