INFO: Detection files: 1
INFO: Loading ground truth: inputs/vectors/references/best-available-gt-55maps-r2.geojson
INFO: Loading bounds: inputs/vectors/bounds/384/55maps_evaluation_bounds.geojson
INFO: Reference: 5018 mounds, 8541 evaluation tiles
INFO: Evaluating: detections.geojson
INFO:   5m: F1=0.224 [0.211, 0.237], P=0.237 [0.223, 0.250], R=0.212 [0.200, 0.225] [sparse coverage: 66.5% zero-tiles]
INFO:   10m: F1=0.486 [0.471, 0.502], P=0.514 [0.498, 0.530], R=0.461 [0.445, 0.476] [sparse coverage: 66.8% zero-tiles]
INFO:   15m: F1=0.675 [0.661, 0.689], P=0.714 [0.699, 0.728], R=0.640 [0.625, 0.655] [sparse coverage: 67.1% zero-tiles]
INFO:   20m: F1=0.787 [0.775, 0.799], P=0.832 [0.820, 0.844], R=0.746 [0.732, 0.760] [sparse coverage: 67.4% zero-tiles]
INFO:   25m: F1=0.841 [0.831, 0.850], P=0.889 [0.879, 0.899], R=0.797 [0.784, 0.810] [sparse coverage: 67.5% zero-tiles]
INFO:   30m: F1=0.862 [0.853, 0.871], P=0.912 [0.902, 0.921], R=0.818 [0.805, 0.830] [sparse coverage: 67.5% zero-tiles]
INFO:   35m: F1=0.876 [0.868, 0.883], P=0.926 [0.918, 0.934], R=0.830 [0.819, 0.842] [sparse coverage: 67.6% zero-tiles]
INFO:   40m: F1=0.879 [0.871, 0.886], P=0.930 [0.921, 0.937], R=0.833 [0.822, 0.845] [sparse coverage: 67.6% zero-tiles]
INFO:   45m: F1=0.881 [0.873, 0.889], P=0.932 [0.923, 0.939], R=0.835 [0.824, 0.847] [sparse coverage: 67.6% zero-tiles]
INFO:   50m: F1=0.882 [0.874, 0.889], P=0.933 [0.924, 0.940], R=0.836 [0.824, 0.848] [sparse coverage: 67.6% zero-tiles]
INFO:   75m: F1=0.883 [0.875, 0.890], P=0.934 [0.926, 0.941], R=0.837 [0.826, 0.849] [sparse coverage: 67.6% zero-tiles]
INFO:   100m: F1=0.884 [0.876, 0.891], P=0.935 [0.927, 0.942], R=0.838 [0.827, 0.850] [sparse coverage: 67.6% zero-tiles]
INFO:   125m: F1=0.884 [0.877, 0.892], P=0.935 [0.927, 0.943], R=0.839 [0.827, 0.850] [sparse coverage: 67.6% zero-tiles]
INFO:   150m: F1=0.885 [0.877, 0.892], P=0.936 [0.928, 0.943], R=0.839 [0.827, 0.850] [sparse coverage: 67.6% zero-tiles]
INFO:   MCC=0.733 [0.720, 0.746], Sens=0.676, Spec=0.994
INFO: JSON written: results/55map-final-board-r2-2026-09-06/cells/ARM2-N3-mcc-oracle-k3/evaluation.json
INFO: CSV written: results/55map-final-board-r2-2026-09-06/cells/ARM2-N3-mcc-oracle-k3/evaluation.csv
INFO: Markdown written: results/55map-final-board-r2-2026-09-06/cells/ARM2-N3-mcc-oracle-k3/evaluation.md
