INFO: Detection files: 1
INFO: Loading ground truth: inputs/vectors/references/best-available-gt-55maps-r2.geojson
INFO: Loading bounds: inputs/vectors/bounds/384/55maps_evaluation_bounds.geojson
INFO: Reference: 5018 mounds, 8541 evaluation tiles
INFO: Evaluating: verified_detections.geojson
INFO:   5m: F1=0.118 [0.108, 0.128], P=0.130 [0.119, 0.141], R=0.108 [0.099, 0.117] [sparse coverage: 63.3% zero-tiles]
INFO:   10m: F1=0.334 [0.320, 0.349], P=0.368 [0.353, 0.385], R=0.306 [0.291, 0.321] [sparse coverage: 64.0% zero-tiles]
INFO:   15m: F1=0.530 [0.515, 0.545], P=0.585 [0.568, 0.601], R=0.485 [0.470, 0.501] [sparse coverage: 64.8% zero-tiles]
INFO:   20m: F1=0.665 [0.651, 0.679], P=0.733 [0.718, 0.748], R=0.609 [0.593, 0.624] [sparse coverage: 65.3% zero-tiles]
INFO:   25m: F1=0.741 [0.728, 0.753], P=0.817 [0.804, 0.829], R=0.678 [0.662, 0.693] [sparse coverage: 65.6% zero-tiles]
INFO:   30m: F1=0.785 [0.773, 0.796], P=0.865 [0.853, 0.876], R=0.718 [0.703, 0.732] [sparse coverage: 65.8% zero-tiles]
INFO:   35m: F1=0.804 [0.794, 0.815], P=0.887 [0.876, 0.897], R=0.736 [0.721, 0.750] [sparse coverage: 65.9% zero-tiles]
INFO:   40m: F1=0.811 [0.801, 0.821], P=0.894 [0.884, 0.904], R=0.742 [0.728, 0.756] [sparse coverage: 65.9% zero-tiles]
INFO:   45m: F1=0.815 [0.804, 0.825], P=0.898 [0.888, 0.908], R=0.745 [0.731, 0.759] [sparse coverage: 65.9% zero-tiles]
INFO:   50m: F1=0.816 [0.806, 0.826], P=0.900 [0.890, 0.909], R=0.747 [0.732, 0.760] [sparse coverage: 65.9% zero-tiles]
INFO:   75m: F1=0.818 [0.808, 0.828], P=0.902 [0.892, 0.911], R=0.748 [0.734, 0.762] [sparse coverage: 65.9% zero-tiles]
INFO:   100m: F1=0.820 [0.809, 0.829], P=0.904 [0.894, 0.913], R=0.750 [0.736, 0.764] [sparse coverage: 65.9% zero-tiles]
INFO:   125m: F1=0.820 [0.810, 0.830], P=0.904 [0.894, 0.914], R=0.750 [0.736, 0.764] [sparse coverage: 65.9% zero-tiles]
INFO:   150m: F1=0.821 [0.811, 0.831], P=0.905 [0.895, 0.914], R=0.751 [0.737, 0.765] [sparse coverage: 65.9% zero-tiles]
INFO:   MCC=0.665 [0.650, 0.680], Sens=0.640, Spec=0.968
INFO: JSON written: results/55maps-r2-ref-2026-09-06/TH7-k4/evaluation.json
INFO: CSV written: results/55maps-r2-ref-2026-09-06/TH7-k4/evaluation.csv
INFO: Markdown written: results/55maps-r2-ref-2026-09-06/TH7-k4/evaluation.md
