INFO: Detection files: 1
INFO: Loading ground truth: inputs/vectors/references/best-available-gt-55maps-r2.geojson
INFO: Loading bounds: inputs/vectors/bounds/384/55maps_evaluation_bounds.geojson
INFO: Reference: 5018 mounds, 8541 evaluation tiles
INFO: Evaluating: detections.geojson
INFO:   5m: F1=0.150 [0.140, 0.160], P=0.150 [0.141, 0.161], R=0.149 [0.140, 0.160] [sparse coverage: 63.8% zero-tiles]
INFO:   10m: F1=0.384 [0.370, 0.398], P=0.386 [0.372, 0.400], R=0.382 [0.368, 0.397] [sparse coverage: 64.2% zero-tiles]
INFO:   15m: F1=0.588 [0.573, 0.601], P=0.590 [0.576, 0.605], R=0.585 [0.569, 0.600] [sparse coverage: 64.6% zero-tiles]
INFO:   20m: F1=0.718 [0.706, 0.730], P=0.722 [0.708, 0.734], R=0.715 [0.701, 0.729] [sparse coverage: 64.8% zero-tiles]
INFO:   25m: F1=0.788 [0.778, 0.798], P=0.792 [0.780, 0.803], R=0.785 [0.772, 0.797] [sparse coverage: 65.0% zero-tiles]
INFO:   30m: F1=0.823 [0.813, 0.832], P=0.827 [0.815, 0.837], R=0.819 [0.807, 0.831] [sparse coverage: 65.1% zero-tiles]
INFO:   35m: F1=0.837 [0.828, 0.845], P=0.841 [0.830, 0.851], R=0.833 [0.822, 0.844] [sparse coverage: 65.1% zero-tiles]
INFO:   40m: F1=0.844 [0.836, 0.852], P=0.848 [0.838, 0.858], R=0.840 [0.829, 0.851] [sparse coverage: 65.1% zero-tiles]
INFO:   45m: F1=0.847 [0.838, 0.854], P=0.851 [0.840, 0.860], R=0.843 [0.832, 0.853] [sparse coverage: 65.1% zero-tiles]
INFO:   50m: F1=0.848 [0.840, 0.856], P=0.852 [0.841, 0.861], R=0.844 [0.833, 0.854] [sparse coverage: 65.1% zero-tiles]
INFO:   75m: F1=0.850 [0.842, 0.858], P=0.854 [0.844, 0.864], R=0.846 [0.835, 0.856] [sparse coverage: 65.1% zero-tiles]
INFO:   100m: F1=0.851 [0.843, 0.858], P=0.855 [0.844, 0.864], R=0.847 [0.836, 0.857] [sparse coverage: 65.1% zero-tiles]
INFO:   125m: F1=0.851 [0.843, 0.859], P=0.855 [0.845, 0.865], R=0.847 [0.836, 0.858] [sparse coverage: 65.1% zero-tiles]
INFO:   150m: F1=0.852 [0.844, 0.860], P=0.856 [0.846, 0.866], R=0.848 [0.837, 0.859] [sparse coverage: 65.1% zero-tiles]
INFO:   MCC=0.702 [0.687, 0.716], Sens=0.707, Spec=0.957
INFO: JSON written: results/55map-final-board-r2-2026-09-06/cells/B-N3-carried/evaluation.json
INFO: CSV written: results/55map-final-board-r2-2026-09-06/cells/B-N3-carried/evaluation.csv
INFO: Markdown written: results/55map-final-board-r2-2026-09-06/cells/B-N3-carried/evaluation.md
