INFO: Detection files: 1
INFO: Loading ground truth: inputs/vectors/references/best-available-gt-55maps-r2.geojson
INFO: Loading bounds: inputs/vectors/bounds/384/55maps_evaluation_bounds.geojson
INFO: Reference: 5018 mounds, 8541 evaluation tiles
INFO: Evaluating: verified_detections.geojson
INFO:   5m: F1=0.139 [0.129, 0.151], P=0.160 [0.148, 0.173], R=0.123 [0.113, 0.134] [sparse coverage: 63.9% zero-tiles]
INFO:   10m: F1=0.354 [0.339, 0.370], P=0.407 [0.390, 0.424], R=0.313 [0.299, 0.329] [sparse coverage: 64.4% zero-tiles]
INFO:   15m: F1=0.534 [0.519, 0.550], P=0.613 [0.597, 0.630], R=0.472 [0.456, 0.489] [sparse coverage: 65.1% zero-tiles]
INFO:   20m: F1=0.655 [0.640, 0.669], P=0.752 [0.737, 0.767], R=0.579 [0.563, 0.596] [sparse coverage: 65.5% zero-tiles]
INFO:   25m: F1=0.720 [0.706, 0.732], P=0.827 [0.813, 0.839], R=0.637 [0.621, 0.653] [sparse coverage: 65.8% zero-tiles]
INFO:   30m: F1=0.753 [0.741, 0.765], P=0.865 [0.854, 0.877], R=0.667 [0.651, 0.682] [sparse coverage: 66.0% zero-tiles]
INFO:   35m: F1=0.771 [0.760, 0.783], P=0.886 [0.875, 0.897], R=0.683 [0.667, 0.698] [sparse coverage: 66.0% zero-tiles]
INFO:   40m: F1=0.777 [0.766, 0.789], P=0.893 [0.882, 0.904], R=0.688 [0.673, 0.703] [sparse coverage: 66.1% zero-tiles]
INFO:   45m: F1=0.781 [0.770, 0.792], P=0.897 [0.887, 0.907], R=0.691 [0.676, 0.706] [sparse coverage: 66.1% zero-tiles]
INFO:   50m: F1=0.783 [0.771, 0.794], P=0.899 [0.889, 0.909], R=0.693 [0.678, 0.707] [sparse coverage: 66.1% zero-tiles]
INFO:   75m: F1=0.784 [0.773, 0.795], P=0.901 [0.890, 0.911], R=0.694 [0.678, 0.708] [sparse coverage: 66.1% zero-tiles]
INFO:   100m: F1=0.785 [0.774, 0.796], P=0.902 [0.892, 0.912], R=0.695 [0.680, 0.709] [sparse coverage: 66.1% zero-tiles]
INFO:   125m: F1=0.786 [0.774, 0.796], P=0.903 [0.892, 0.912], R=0.695 [0.680, 0.710] [sparse coverage: 66.1% zero-tiles]
INFO:   150m: F1=0.787 [0.776, 0.798], P=0.904 [0.894, 0.914], R=0.696 [0.681, 0.711] [sparse coverage: 66.1% zero-tiles]
INFO:   MCC=0.640 [0.625, 0.654], Sens=0.609, Spec=0.968
INFO: JSON written: results/55maps-r2-ref-2026-09-06/TM-k4/evaluation.json
INFO: CSV written: results/55maps-r2-ref-2026-09-06/TM-k4/evaluation.csv
INFO: Markdown written: results/55maps-r2-ref-2026-09-06/TM-k4/evaluation.md
