INFO: Detection files: 1
INFO: Loading ground truth: inputs/vectors/references/best-available-gt-55maps-r2.geojson
INFO: Loading bounds: inputs/vectors/bounds/384/55maps_evaluation_bounds.geojson
INFO: Reference: 5018 mounds, 8541 evaluation tiles
INFO: Evaluating: detections.geojson
INFO:   5m: F1=0.146 [0.136, 0.156], P=0.152 [0.141, 0.163], R=0.140 [0.131, 0.151] [sparse coverage: 64.1% zero-tiles]
INFO:   10m: F1=0.388 [0.374, 0.402], P=0.404 [0.389, 0.419], R=0.373 [0.359, 0.388] [sparse coverage: 64.5% zero-tiles]
INFO:   15m: F1=0.588 [0.573, 0.602], P=0.612 [0.596, 0.626], R=0.565 [0.549, 0.580] [sparse coverage: 64.9% zero-tiles]
INFO:   20m: F1=0.708 [0.695, 0.720], P=0.737 [0.723, 0.750], R=0.682 [0.666, 0.695] [sparse coverage: 65.1% zero-tiles]
INFO:   25m: F1=0.783 [0.772, 0.793], P=0.815 [0.802, 0.826], R=0.753 [0.740, 0.766] [sparse coverage: 65.2% zero-tiles]
INFO:   30m: F1=0.815 [0.805, 0.824], P=0.848 [0.837, 0.859], R=0.784 [0.771, 0.796] [sparse coverage: 65.4% zero-tiles]
INFO:   35m: F1=0.830 [0.821, 0.839], P=0.864 [0.854, 0.874], R=0.799 [0.787, 0.811] [sparse coverage: 65.4% zero-tiles]
INFO:   40m: F1=0.838 [0.828, 0.846], P=0.872 [0.862, 0.882], R=0.806 [0.794, 0.818] [sparse coverage: 65.5% zero-tiles]
INFO:   45m: F1=0.841 [0.832, 0.849], P=0.875 [0.865, 0.885], R=0.809 [0.797, 0.821] [sparse coverage: 65.5% zero-tiles]
INFO:   50m: F1=0.842 [0.833, 0.850], P=0.876 [0.866, 0.886], R=0.810 [0.798, 0.822] [sparse coverage: 65.5% zero-tiles]
INFO:   75m: F1=0.845 [0.836, 0.853], P=0.879 [0.869, 0.889], R=0.813 [0.801, 0.824] [sparse coverage: 65.5% zero-tiles]
INFO:   100m: F1=0.846 [0.838, 0.854], P=0.881 [0.871, 0.890], R=0.814 [0.802, 0.826] [sparse coverage: 65.5% zero-tiles]
INFO:   125m: F1=0.847 [0.838, 0.855], P=0.881 [0.871, 0.891], R=0.815 [0.802, 0.826] [sparse coverage: 65.5% zero-tiles]
INFO:   150m: F1=0.847 [0.839, 0.856], P=0.882 [0.872, 0.891], R=0.815 [0.803, 0.827] [sparse coverage: 65.5% zero-tiles]
INFO:   MCC=0.695 [0.681, 0.710], Sens=0.688, Spec=0.963
INFO: JSON written: results/55map-final-board-r2-2026-09-06/cells/A-N10-oracle/evaluation.json
INFO: CSV written: results/55map-final-board-r2-2026-09-06/cells/A-N10-oracle/evaluation.csv
INFO: Markdown written: results/55map-final-board-r2-2026-09-06/cells/A-N10-oracle/evaluation.md
