INFO: Detection files: 1
INFO: Loading ground truth: inputs/vectors/references/best-available-gt-55maps-r2.geojson
INFO: Loading bounds: inputs/vectors/bounds/384/55maps_evaluation_bounds.geojson
INFO: Reference: 5018 mounds, 8541 evaluation tiles
INFO: Evaluating: detections.geojson
INFO:   5m: F1=0.195 [0.184, 0.206], P=0.184 [0.174, 0.195], R=0.207 [0.195, 0.219] [sparse coverage: 65.7% zero-tiles]
INFO:   10m: F1=0.427 [0.413, 0.441], P=0.404 [0.390, 0.417], R=0.453 [0.438, 0.469] [sparse coverage: 66.0% zero-tiles]
INFO:   15m: F1=0.598 [0.585, 0.611], P=0.566 [0.552, 0.579], R=0.635 [0.620, 0.649] [sparse coverage: 66.4% zero-tiles]
INFO:   20m: F1=0.694 [0.683, 0.705], P=0.657 [0.643, 0.669], R=0.737 [0.723, 0.750] [sparse coverage: 66.6% zero-tiles]
INFO:   25m: F1=0.742 [0.732, 0.752], P=0.702 [0.689, 0.714], R=0.787 [0.775, 0.800] [sparse coverage: 66.7% zero-tiles]
INFO:   30m: F1=0.761 [0.751, 0.770], P=0.719 [0.707, 0.732], R=0.807 [0.795, 0.819] [sparse coverage: 66.7% zero-tiles]
INFO:   35m: F1=0.771 [0.762, 0.780], P=0.729 [0.717, 0.741], R=0.818 [0.806, 0.830] [sparse coverage: 66.8% zero-tiles]
INFO:   40m: F1=0.775 [0.767, 0.784], P=0.733 [0.721, 0.745], R=0.823 [0.811, 0.834] [sparse coverage: 66.8% zero-tiles]
INFO:   45m: F1=0.777 [0.769, 0.786], P=0.735 [0.722, 0.747], R=0.825 [0.813, 0.836] [sparse coverage: 66.8% zero-tiles]
INFO:   50m: F1=0.779 [0.770, 0.787], P=0.736 [0.724, 0.748], R=0.826 [0.815, 0.838] [sparse coverage: 66.8% zero-tiles]
INFO:   75m: F1=0.781 [0.773, 0.790], P=0.739 [0.727, 0.751], R=0.829 [0.818, 0.841] [sparse coverage: 66.8% zero-tiles]
INFO:   100m: F1=0.783 [0.775, 0.792], P=0.741 [0.729, 0.753], R=0.831 [0.820, 0.843] [sparse coverage: 66.8% zero-tiles]
INFO:   125m: F1=0.785 [0.776, 0.793], P=0.742 [0.730, 0.754], R=0.833 [0.821, 0.844] [sparse coverage: 66.8% zero-tiles]
INFO:   150m: F1=0.786 [0.777, 0.794], P=0.743 [0.731, 0.755], R=0.834 [0.822, 0.845] [sparse coverage: 66.8% zero-tiles]
INFO:   MCC=0.731 [0.718, 0.744], Sens=0.693, Spec=0.984
INFO: JSON written: results/55map-final-board-r2-2026-09-06/cells/ARM1-N5-mcc-oracle/evaluation.json
INFO: CSV written: results/55map-final-board-r2-2026-09-06/cells/ARM1-N5-mcc-oracle/evaluation.csv
INFO: Markdown written: results/55map-final-board-r2-2026-09-06/cells/ARM1-N5-mcc-oracle/evaluation.md
