INFO: Detection files: 1
INFO: Loading ground truth: inputs/vectors/references/best-available-gt-55maps-r2.geojson
INFO: Loading bounds: inputs/vectors/bounds/384/55maps_evaluation_bounds.geojson
INFO: Reference: 5018 mounds, 8541 evaluation tiles
INFO: Evaluating: detections.geojson
INFO:   5m: F1=0.227 [0.215, 0.240], P=0.230 [0.218, 0.243], R=0.224 [0.212, 0.236] [sparse coverage: 65.5% zero-tiles]
INFO:   10m: F1=0.512 [0.498, 0.527], P=0.519 [0.505, 0.535], R=0.506 [0.490, 0.521] [sparse coverage: 66.0% zero-tiles]
INFO:   15m: F1=0.710 [0.697, 0.723], P=0.720 [0.706, 0.733], R=0.700 [0.686, 0.714] [sparse coverage: 66.3% zero-tiles]
INFO:   20m: F1=0.821 [0.810, 0.831], P=0.832 [0.820, 0.843], R=0.810 [0.798, 0.821] [sparse coverage: 66.5% zero-tiles]
INFO:   25m: F1=0.870 [0.862, 0.878], P=0.882 [0.872, 0.891], R=0.859 [0.848, 0.868] [sparse coverage: 66.7% zero-tiles]
INFO:   30m: F1=0.890 [0.882, 0.897], P=0.902 [0.893, 0.910], R=0.878 [0.868, 0.887] [sparse coverage: 66.8% zero-tiles]
INFO:   35m: F1=0.900 [0.893, 0.907], P=0.912 [0.904, 0.920], R=0.888 [0.878, 0.897] [sparse coverage: 66.8% zero-tiles]
INFO:   40m: F1=0.905 [0.898, 0.911], P=0.917 [0.909, 0.925], R=0.893 [0.883, 0.901] [sparse coverage: 66.8% zero-tiles]
INFO:   45m: F1=0.906 [0.899, 0.912], P=0.918 [0.910, 0.926], R=0.894 [0.884, 0.903] [sparse coverage: 66.8% zero-tiles]
INFO:   50m: F1=0.906 [0.899, 0.912], P=0.918 [0.910, 0.926], R=0.894 [0.884, 0.903] [sparse coverage: 66.8% zero-tiles]
INFO:   75m: F1=0.907 [0.900, 0.913], P=0.919 [0.911, 0.927], R=0.895 [0.885, 0.903] [sparse coverage: 66.8% zero-tiles]
INFO:   100m: F1=0.907 [0.901, 0.913], P=0.919 [0.911, 0.927], R=0.895 [0.885, 0.904] [sparse coverage: 66.8% zero-tiles]
INFO:   125m: F1=0.907 [0.901, 0.913], P=0.920 [0.911, 0.927], R=0.895 [0.886, 0.904] [sparse coverage: 66.8% zero-tiles]
INFO:   150m: F1=0.907 [0.901, 0.914], P=0.920 [0.912, 0.928], R=0.895 [0.886, 0.904] [sparse coverage: 66.8% zero-tiles]
INFO:   MCC=0.754 [0.741, 0.767], Sens=0.727, Spec=0.982
INFO: JSON written: results/gemini37-image-55map-2026-09-13/cells/IMG-ARM1-K5-mcc-oracle/evaluation.json
INFO: CSV written: results/gemini37-image-55map-2026-09-13/cells/IMG-ARM1-K5-mcc-oracle/evaluation.csv
INFO: Markdown written: results/gemini37-image-55map-2026-09-13/cells/IMG-ARM1-K5-mcc-oracle/evaluation.md
