INFO: Detection files: 1
INFO: Loading ground truth: inputs/vectors/references/mounds-reference.geojson
INFO: Loading bounds: inputs/vectors/bounds/384/full_evaluation_bounds.geojson
INFO: Reference: 569 mounds, 487 evaluation tiles
INFO: Evaluating: detections_pro-image-high-t0_run03.geojson
INFO:   5m: F1=0.099 [0.075, 0.126], P=0.078 [0.059, 0.101], R=0.133 [0.102, 0.170] [partial: 2/487 tiles unprocessed]
INFO:   10m: F1=0.310 [0.270, 0.352], P=0.246 [0.211, 0.283], R=0.418 [0.364, 0.472] [partial: 2/487 tiles unprocessed]
INFO:   15m: F1=0.451 [0.410, 0.491], P=0.358 [0.319, 0.397], R=0.609 [0.554, 0.658] [partial: 2/487 tiles unprocessed]
INFO:   20m: F1=0.546 [0.502, 0.589], P=0.433 [0.389, 0.477], R=0.738 [0.680, 0.786] [partial: 2/487 tiles unprocessed]
INFO:   25m: F1=0.587 [0.542, 0.629], P=0.466 [0.420, 0.511], R=0.793 [0.737, 0.837] [partial: 2/487 tiles unprocessed]
INFO:   30m: F1=0.621 [0.577, 0.661], P=0.493 [0.446, 0.538], R=0.839 [0.784, 0.877] [partial: 2/487 tiles unprocessed]
INFO:   35m: F1=0.643 [0.599, 0.683], P=0.510 [0.462, 0.557], R=0.869 [0.811, 0.905] [partial: 2/487 tiles unprocessed]
INFO:   40m: F1=0.658 [0.615, 0.698], P=0.522 [0.475, 0.570], R=0.890 [0.834, 0.922] [partial: 2/487 tiles unprocessed]
INFO:   45m: F1=0.665 [0.622, 0.705], P=0.528 [0.480, 0.575], R=0.899 [0.844, 0.929] [partial: 2/487 tiles unprocessed]
INFO:   50m: F1=0.665 [0.622, 0.705], P=0.528 [0.480, 0.575], R=0.899 [0.844, 0.929] [partial: 2/487 tiles unprocessed]
INFO:   75m: F1=0.673 [0.630, 0.713], P=0.534 [0.487, 0.582], R=0.910 [0.855, 0.941] [partial: 2/487 tiles unprocessed]
INFO:   100m: F1=0.675 [0.631, 0.715], P=0.536 [0.487, 0.584], R=0.913 [0.857, 0.943] [partial: 2/487 tiles unprocessed]
INFO:   125m: F1=0.679 [0.635, 0.718], P=0.538 [0.490, 0.586], R=0.917 [0.861, 0.946] [partial: 2/487 tiles unprocessed]
INFO:   150m: F1=0.680 [0.636, 0.720], P=0.540 [0.491, 0.588], R=0.920 [0.864, 0.949] [partial: 2/487 tiles unprocessed]
INFO:   MCC=0.643 [0.586, 0.694], Sens=0.983, Spec=0.628
INFO: JSON written: results/rescore-2026-09-07/n1-outstanding-384/pro-image-high-t0-single-pass-run_3/evaluation.json
INFO: CSV written: results/rescore-2026-09-07/n1-outstanding-384/pro-image-high-t0-single-pass-run_3/evaluation.csv
INFO: Markdown written: results/rescore-2026-09-07/n1-outstanding-384/pro-image-high-t0-single-pass-run_3/evaluation.md
