INFO: Detection files: 1
INFO: Loading ground truth: inputs/vectors/references/best-available-gt-55maps-r2.geojson
INFO: Loading bounds: inputs/vectors/bounds/384/55maps_evaluation_bounds.geojson
INFO: Reference: 5018 mounds, 8541 evaluation tiles
INFO: Evaluating: detections.geojson
INFO:   5m: F1=0.075 [0.068, 0.082], P=0.072 [0.065, 0.079], R=0.079 [0.072, 0.087] [sparse coverage: 63.9% zero-tiles]
INFO:   10m: F1=0.258 [0.247, 0.270], P=0.246 [0.235, 0.257], R=0.271 [0.259, 0.284] [sparse coverage: 64.2% zero-tiles]
INFO:   15m: F1=0.460 [0.447, 0.473], P=0.438 [0.425, 0.451], R=0.483 [0.469, 0.498] [sparse coverage: 64.5% zero-tiles]
INFO:   20m: F1=0.610 [0.598, 0.622], P=0.581 [0.569, 0.594], R=0.641 [0.627, 0.656] [sparse coverage: 64.9% zero-tiles]
INFO:   25m: F1=0.698 [0.687, 0.708], P=0.665 [0.653, 0.676], R=0.734 [0.720, 0.747] [sparse coverage: 65.0% zero-tiles]
INFO:   30m: F1=0.751 [0.740, 0.760], P=0.715 [0.704, 0.726], R=0.790 [0.777, 0.802] [sparse coverage: 65.2% zero-tiles]
INFO:   35m: F1=0.778 [0.769, 0.787], P=0.742 [0.731, 0.752], R=0.818 [0.806, 0.830] [sparse coverage: 65.3% zero-tiles]
INFO:   40m: F1=0.791 [0.782, 0.799], P=0.754 [0.743, 0.764], R=0.832 [0.820, 0.843] [sparse coverage: 65.3% zero-tiles]
INFO:   45m: F1=0.799 [0.791, 0.807], P=0.761 [0.751, 0.771], R=0.840 [0.829, 0.851] [sparse coverage: 65.3% zero-tiles]
INFO:   50m: F1=0.802 [0.794, 0.810], P=0.765 [0.754, 0.775], R=0.844 [0.832, 0.855] [sparse coverage: 65.3% zero-tiles]
INFO:   75m: F1=0.809 [0.801, 0.817], P=0.771 [0.761, 0.781], R=0.851 [0.840, 0.862] [sparse coverage: 65.3% zero-tiles]
INFO:   100m: F1=0.812 [0.804, 0.820], P=0.774 [0.764, 0.784], R=0.854 [0.843, 0.865] [sparse coverage: 65.3% zero-tiles]
INFO:   125m: F1=0.814 [0.806, 0.821], P=0.776 [0.766, 0.786], R=0.856 [0.845, 0.867] [sparse coverage: 65.3% zero-tiles]
INFO:   150m: F1=0.815 [0.807, 0.822], P=0.776 [0.766, 0.786], R=0.857 [0.845, 0.867] [sparse coverage: 65.3% zero-tiles]
INFO:   MCC=0.725 [0.711, 0.739], Sens=0.725, Spec=0.963
INFO: JSON written: results/gemini3-image-55map-2026-09-16/cells/G3IMG-ARM1-K3-f1-oracle/evaluation.json
INFO: CSV written: results/gemini3-image-55map-2026-09-16/cells/G3IMG-ARM1-K3-f1-oracle/evaluation.csv
INFO: Markdown written: results/gemini3-image-55map-2026-09-16/cells/G3IMG-ARM1-K3-f1-oracle/evaluation.md
