INFO: Detection files: 1
INFO: Loading ground truth: inputs/vectors/references/best-available-gt-55maps-r2.geojson
INFO: Loading bounds: inputs/vectors/bounds/384/55maps_evaluation_bounds.geojson
INFO: Reference: 5018 mounds, 8541 evaluation tiles
INFO: Evaluating: detections.geojson
INFO:   5m: F1=0.126 [0.118, 0.134], P=0.104 [0.097, 0.111], R=0.160 [0.150, 0.171] [sparse coverage: 65.6% zero-tiles]
INFO:   10m: F1=0.336 [0.324, 0.348], P=0.277 [0.267, 0.287], R=0.427 [0.412, 0.442] [sparse coverage: 65.9% zero-tiles]
INFO:   15m: F1=0.503 [0.491, 0.515], P=0.415 [0.403, 0.426], R=0.639 [0.624, 0.653] [sparse coverage: 66.3% zero-tiles]
INFO:   20m: F1=0.607 [0.596, 0.618], P=0.501 [0.489, 0.512], R=0.772 [0.759, 0.784] [sparse coverage: 66.6% zero-tiles]
INFO:   25m: F1=0.659 [0.648, 0.669], P=0.543 [0.531, 0.555], R=0.837 [0.826, 0.848] [sparse coverage: 66.8% zero-tiles]
INFO:   30m: F1=0.683 [0.673, 0.692], P=0.563 [0.551, 0.574], R=0.867 [0.857, 0.877] [sparse coverage: 66.9% zero-tiles]
INFO:   35m: F1=0.692 [0.682, 0.701], P=0.570 [0.559, 0.582], R=0.879 [0.869, 0.889] [sparse coverage: 66.9% zero-tiles]
INFO:   40m: F1=0.700 [0.691, 0.709], P=0.577 [0.565, 0.588], R=0.889 [0.880, 0.898] [sparse coverage: 67.0% zero-tiles]
INFO:   45m: F1=0.702 [0.693, 0.711], P=0.578 [0.567, 0.590], R=0.891 [0.882, 0.901] [sparse coverage: 67.0% zero-tiles]
INFO:   50m: F1=0.703 [0.693, 0.712], P=0.579 [0.568, 0.590], R=0.893 [0.883, 0.902] [sparse coverage: 67.0% zero-tiles]
INFO:   75m: F1=0.706 [0.697, 0.715], P=0.582 [0.571, 0.593], R=0.897 [0.888, 0.906] [sparse coverage: 67.0% zero-tiles]
INFO:   100m: F1=0.707 [0.698, 0.716], P=0.583 [0.572, 0.594], R=0.898 [0.889, 0.907] [sparse coverage: 67.0% zero-tiles]
INFO:   125m: F1=0.709 [0.700, 0.718], P=0.584 [0.573, 0.596], R=0.901 [0.892, 0.909] [sparse coverage: 67.0% zero-tiles]
INFO:   150m: F1=0.710 [0.701, 0.719], P=0.585 [0.574, 0.597], R=0.902 [0.893, 0.911] [sparse coverage: 67.0% zero-tiles]
INFO:   MCC=0.757 [0.744, 0.769], Sens=0.722, Spec=0.986
INFO: JSON written: results/55map-final-board-r2-2026-09-06/cells/FOURTH-N10-mcc-oracle/evaluation.json
INFO: CSV written: results/55map-final-board-r2-2026-09-06/cells/FOURTH-N10-mcc-oracle/evaluation.csv
INFO: Markdown written: results/55map-final-board-r2-2026-09-06/cells/FOURTH-N10-mcc-oracle/evaluation.md
