2026-05-06 17:33:29,696 - INFO - __main__ - build_tiered_leaderboard.py v1.0.0 — git 005e6c71
2026-05-06 17:33:29,698 - INFO - __main__ - Resolved 21 conditions from inventory (era=1, track=None)
2026-05-06 17:33:29,698 - INFO - __main__ - Resolved 21 conditions
2026-05-06 17:33:29,698 - INFO - __main__ - Skipping evaluation (--skip-evaluation)
2026-05-06 17:33:29,700 - INFO - __main__ - Top-N filter disabled (top_n=0); including all 21 conditions
2026-05-06 17:33:29,700 - INFO - __main__ - Selected 21 conditions (best F1=0.603 at 20m)
2026-05-06 17:33:29,723 - INFO - __main__ - Pairwise tests (mcc): 210 pairs at 20m (10000 permutations, 8 workers)
2026-05-06 17:33:29,726 - INFO - __main__ - Pairwise: 210 cached, 0 computed
2026-05-06 17:33:29,726 - INFO - __main__ - Stage 4 complete in 0.0s
2026-05-06 17:33:29,727 - INFO - __main__ - FDR: 50/210 pairs significant at q=0.05 → 2 tiers
2026-05-06 17:33:29,727 - INFO - __main__ - Markdown leaderboard written to results/leaderboard/per-architecture/era1/single-pass/leaderboard_tiers_mcc_20m.md
2026-05-06 17:33:29,732 - INFO - __main__ - JSON leaderboard written to results/leaderboard/per-architecture/era1/single-pass/leaderboard_tiers_mcc_20m.json
2026-05-06 17:33:29,734 - INFO - __main__ - All evaluations written to results/leaderboard/per-architecture/era1/single-pass/leaderboard_all_evaluations.json

========================================================================
LEADERBOARD TIERS (MCC, 20m buffer)
========================================================================

Tier 1 (MCC: 0.214–0.282, 4 conditions)
    1. h5-track1-image-verbose                  MCC=0.282  t=1
    2. h5-track1-image-terse                    MCC=0.224  t=1
    3. h4-config-default                        MCC=0.216  t=1
    4. h4-canonical-last                        MCC=0.214  t=1

Tier 2 (MCC: 0.000–0.164, 17 conditions)
    5. h8-track1-image-exploratory-pure-positive-4hp MCC=0.164  t=1
    6. h8-track1-image-scale-8                  MCC=0.149  t=1
    7. h8-track1-image-scale-4                  MCC=0.134  t=1
    8. h4-canonical-first                       MCC=0.093  t=1
    9. h8-track1-image-plus-hp                  MCC=0.093  t=1
   10. h8-track1-image-canonical                MCC=0.092  t=1
   11. h8-track1-image-exploratory-pure-positive-canon MCC=0.091  t=1
   12. h8-track1-image-pure-positive-canon      MCC=0.091  t=1
   13. h4-random                                MCC=0.065  t=1
   14. h5-track2-text-verbose                   MCC=0.062  t=1
   15. h5-track2-text-terse                     MCC=0.000  t=1
   16. h8-track1-image-exploratory-pure-positive-2hp MCC=0.000  t=1
   17. h8-track2-text-canonical                 MCC=0.000  t=1
   18. h8-track2-text-plus-hp                   MCC=0.000  t=1
   19. h8-track2-text-pure-positive-canon       MCC=0.000  t=1
   20. h8-track2-text-scale-4                   MCC=0.000  t=1
   21. h8-track2-text-scale-8                   MCC=0.000  t=1

========================================================================
Total: 21 conditions in 2 tiers
========================================================================
