2026-04-25 13:29:49,619 - INFO - __main__ - build_tiered_leaderboard.py v1.0.0 — git 62d1173a
2026-04-25 13:29:49,621 - INFO - __main__ - Resolved 21 conditions from inventory (era=1, track=None)
2026-04-25 13:29:49,621 - INFO - __main__ - Resolved 21 conditions
2026-04-25 13:29:49,621 - INFO - __main__ - Skipping evaluation (--skip-evaluation)
2026-04-25 13:29:49,624 - INFO - __main__ - Top-N filter disabled (top_n=0); including all 21 conditions
2026-04-25 13:29:49,624 - INFO - __main__ - Selected 21 conditions (best F1=0.603 at 20m)
2026-04-25 13:29:49,624 - INFO - __main__ - Skipping pairwise (--skip-pairwise)
2026-04-25 13:29:49,629 - INFO - __main__ - FDR: 29/210 pairs significant at q=0.01 → 2 tiers
2026-04-25 13:29:49,629 - INFO - __main__ - Markdown leaderboard written to results/leaderboard/per-architecture/era1/single-pass/leaderboard_tiers_mcc_q01_20m.md
2026-04-25 13:29:49,629 - INFO - __main__ - Markdown leaderboard written to results/leaderboard/per-architecture/era1/single-pass/leaderboard_tiers_mcc_q01_30m.md
2026-04-25 13:29:49,629 - INFO - __main__ - Markdown leaderboard written to results/leaderboard/per-architecture/era1/single-pass/leaderboard_tiers_mcc_q01_40m.md
2026-04-25 13:29:49,629 - INFO - __main__ - Markdown leaderboard written to results/leaderboard/per-architecture/era1/single-pass/leaderboard_tiers_mcc_q01_50m.md
2026-04-25 13:29:49,629 - INFO - __main__ - Markdown leaderboard written to results/leaderboard/per-architecture/era1/single-pass/leaderboard_tiers_mcc_q01_100m.md
2026-04-25 13:29:49,634 - INFO - __main__ - JSON leaderboard written to results/leaderboard/per-architecture/era1/single-pass/leaderboard_tiers_mcc_q01_20m.json
2026-04-25 13:29:49,635 - INFO - __main__ - All evaluations written to results/leaderboard/per-architecture/era1/single-pass/leaderboard_all_evaluations.json

========================================================================
LEADERBOARD TIERS (MCC, 20m buffer)
========================================================================

Tier 1 (MCC: 0.147–0.281, 6 conditions)
    1. h5-track1-image-verbose                  MCC=0.281  t=1
    2. h5-track1-image-terse                    MCC=0.223  t=1
    3. h4-config-default                        MCC=0.214  t=1
    4. h4-canonical-last                        MCC=0.212  t=1
    5. h8-track1-image-exploratory-pure-positive-4hp MCC=0.162  t=1
    6. h8-track1-image-scale-8                  MCC=0.147  t=1

Tier 2 (MCC: 0.000–0.133, 15 conditions)
    7. h8-track1-image-scale-4                  MCC=0.133  t=1
    8. h4-canonical-first                       MCC=0.098  t=1
    9. h8-track1-image-plus-hp                  MCC=0.098  t=1
   10. h8-track1-image-canonical                MCC=0.098  t=1
   11. h8-track1-image-exploratory-pure-positive-canon MCC=0.097  t=1
   12. h8-track1-image-pure-positive-canon      MCC=0.097  t=1
   13. h4-random                                MCC=0.084  t=1
   14. h5-track2-text-verbose                   MCC=0.081  t=1
   15. h5-track2-text-terse                     MCC=0.000  t=1
   16. h8-track1-image-exploratory-pure-positive-2hp MCC=0.000  t=1
   17. h8-track2-text-canonical                 MCC=0.000  t=1
   18. h8-track2-text-plus-hp                   MCC=0.000  t=1
   19. h8-track2-text-pure-positive-canon       MCC=0.000  t=1
   20. h8-track2-text-scale-4                   MCC=0.000  t=1
   21. h8-track2-text-scale-8                   MCC=0.000  t=1

========================================================================
Total: 21 conditions in 2 tiers
========================================================================
