2026-04-25 14:31:07,346 - INFO - __main__ - build_tiered_leaderboard.py v1.0.0 — git ad38ffbd
2026-04-25 14:31:07,347 - INFO - __main__ - Resolved 8 conditions from inventory (era=2, track=None)
2026-04-25 14:31:07,347 - INFO - __main__ - Resolved 8 conditions
2026-04-25 14:31:07,347 - INFO - __main__ - Skipping evaluation (--skip-evaluation)
2026-04-25 14:31:07,348 - INFO - __main__ - Top-N filter disabled (top_n=0); including all 8 conditions
2026-04-25 14:31:07,348 - INFO - __main__ - Selected 8 conditions (best F1=0.504 at 20m)
2026-04-25 14:31:07,371 - INFO - __main__ - Pairwise tests (mcc): 28 pairs at 20m (10000 permutations, 8 workers)
2026-04-25 14:31:07,423 - INFO - pairwise_permutation_test - PV repair: 264 verified detections retained from verified-cascade-adversarial-checklist.geojson (CRS overridden to EPSG:32635, polygons → centroids)
2026-04-25 14:31:07,423 - INFO - pairwise_permutation_test - GeoJSON: 264 detections from verified-cascade-adversarial-checklist.geojson
2026-04-25 14:31:07,423 - INFO - pairwise_permutation_test - PV repair: 264 verified detections retained from verified-cascade-adversarial-checklist.geojson (CRS overridden to EPSG:32635, polygons → centroids)
2026-04-25 14:31:07,423 - INFO - pairwise_permutation_test - PV repair: 264 verified detections retained from verified-cascade-adversarial-checklist.geojson (CRS overridden to EPSG:32635, polygons → centroids)
2026-04-25 14:31:07,423 - INFO - pairwise_permutation_test - GeoJSON: 264 detections from verified-cascade-adversarial-checklist.geojson
2026-04-25 14:31:07,423 - INFO - pairwise_permutation_test - GeoJSON: 264 detections from verified-cascade-adversarial-checklist.geojson
2026-04-25 14:31:07,423 - INFO - pairwise_permutation_test - PV repair: 264 verified detections retained from verified-cascade-adversarial-checklist.geojson (CRS overridden to EPSG:32635, polygons → centroids)
2026-04-25 14:31:07,423 - INFO - pairwise_permutation_test - GeoJSON: 264 detections from verified-cascade-adversarial-checklist.geojson
2026-04-25 14:31:07,424 - INFO - pairwise_permutation_test - PV repair: 264 verified detections retained from verified-cascade-adversarial-checklist.geojson (CRS overridden to EPSG:32635, polygons → centroids)
2026-04-25 14:31:07,424 - INFO - pairwise_permutation_test - PV repair: 264 verified detections retained from verified-cascade-adversarial-checklist.geojson (CRS overridden to EPSG:32635, polygons → centroids)
2026-04-25 14:31:07,424 - INFO - pairwise_permutation_test - GeoJSON: 264 detections from verified-cascade-adversarial-checklist.geojson
2026-04-25 14:31:07,424 - INFO - pairwise_permutation_test - GeoJSON: 264 detections from verified-cascade-adversarial-checklist.geojson
2026-04-25 14:31:07,425 - INFO - pairwise_permutation_test - PV repair: 264 verified detections retained from verified-cascade-adversarial-checklist.geojson (CRS overridden to EPSG:32635, polygons → centroids)
2026-04-25 14:31:07,425 - INFO - pairwise_permutation_test - GeoJSON: 264 detections from verified-cascade-adversarial-checklist.geojson
2026-04-25 14:31:07,432 - INFO - pairwise_permutation_test - PV repair: 215 verified detections retained from verified-adversarial-text.geojson (CRS overridden to EPSG:32635, polygons → centroids)
2026-04-25 14:31:07,432 - INFO - pairwise_permutation_test - GeoJSON: 215 detections from verified-adversarial-text.geojson
2026-04-25 14:31:07,434 - INFO - pairwise_permutation_test - PV repair: 260 verified detections retained from verified-cascade-checklist-adversarial.geojson (CRS overridden to EPSG:32635, polygons → centroids)
2026-04-25 14:31:07,434 - INFO - pairwise_permutation_test - GeoJSON: 260 detections from verified-cascade-checklist-adversarial.geojson
2026-04-25 14:31:07,437 - INFO - pairwise_permutation_test - PV repair: 326 verified detections retained from verified-brief-image.geojson (CRS overridden to EPSG:32635, polygons → centroids)
2026-04-25 14:31:07,437 - INFO - pairwise_permutation_test - GeoJSON: 326 detections from verified-brief-image.geojson
2026-04-25 14:31:07,437 - INFO - pairwise_permutation_test - PV repair: 326 verified detections retained from verified-checklist-image.geojson (CRS overridden to EPSG:32635, polygons → centroids)
2026-04-25 14:31:07,437 - INFO - pairwise_permutation_test - GeoJSON: 326 detections from verified-checklist-image.geojson
2026-04-25 14:31:07,437 - INFO - pairwise_permutation_test - PV repair: 269 verified detections retained from verified-brief-text.geojson (CRS overridden to EPSG:32635, polygons → centroids)
2026-04-25 14:31:07,437 - INFO - pairwise_permutation_test - GeoJSON: 269 detections from verified-brief-text.geojson
2026-04-25 14:31:07,438 - INFO - pairwise_permutation_test - PV repair: 215 verified detections retained from verified-adversarial-text.geojson (CRS overridden to EPSG:32635, polygons → centroids)
2026-04-25 14:31:07,438 - INFO - pairwise_permutation_test - GeoJSON: 215 detections from verified-adversarial-text.geojson
2026-04-25 14:31:07,439 - INFO - pairwise_permutation_test - PV repair: 336 verified detections retained from verified-checklist-text.geojson (CRS overridden to EPSG:32635, polygons → centroids)
2026-04-25 14:31:07,439 - INFO - pairwise_permutation_test - GeoJSON: 336 detections from verified-checklist-text.geojson
2026-04-25 14:31:07,439 - INFO - pairwise_permutation_test - PV repair: 261 verified detections retained from verified-adversarial-image.geojson (CRS overridden to EPSG:32635, polygons → centroids)
2026-04-25 14:31:07,440 - INFO - pairwise_permutation_test - GeoJSON: 261 detections from verified-adversarial-image.geojson
2026-04-25 14:31:07,446 - INFO - pairwise_permutation_test - PV repair: 261 verified detections retained from verified-adversarial-image.geojson (CRS overridden to EPSG:32635, polygons → centroids)
2026-04-25 14:31:07,446 - INFO - pairwise_permutation_test - GeoJSON: 261 detections from verified-adversarial-image.geojson
2026-04-25 14:31:08,388 - INFO - pairwise_permutation_test - PV repair: 215 verified detections retained from verified-adversarial-text.geojson (CRS overridden to EPSG:32635, polygons → centroids)
2026-04-25 14:31:08,388 - INFO - pairwise_permutation_test - GeoJSON: 215 detections from verified-adversarial-text.geojson
2026-04-25 14:31:08,391 - INFO - pairwise_permutation_test - PV repair: 215 verified detections retained from verified-adversarial-text.geojson (CRS overridden to EPSG:32635, polygons → centroids)
2026-04-25 14:31:08,391 - INFO - pairwise_permutation_test - GeoJSON: 215 detections from verified-adversarial-text.geojson
2026-04-25 14:31:08,394 - INFO - pairwise_permutation_test - PV repair: 215 verified detections retained from verified-adversarial-text.geojson (CRS overridden to EPSG:32635, polygons → centroids)
2026-04-25 14:31:08,394 - INFO - pairwise_permutation_test - GeoJSON: 215 detections from verified-adversarial-text.geojson
2026-04-25 14:31:08,396 - INFO - pairwise_permutation_test - PV repair: 215 verified detections retained from verified-adversarial-text.geojson (CRS overridden to EPSG:32635, polygons → centroids)
2026-04-25 14:31:08,396 - INFO - pairwise_permutation_test - GeoJSON: 215 detections from verified-adversarial-text.geojson
2026-04-25 14:31:08,397 - INFO - pairwise_permutation_test - PV repair: 260 verified detections retained from verified-cascade-checklist-adversarial.geojson (CRS overridden to EPSG:32635, polygons → centroids)
2026-04-25 14:31:08,397 - INFO - pairwise_permutation_test - GeoJSON: 260 detections from verified-cascade-checklist-adversarial.geojson
2026-04-25 14:31:08,398 - INFO - pairwise_permutation_test - PV repair: 215 verified detections retained from verified-adversarial-text.geojson (CRS overridden to EPSG:32635, polygons → centroids)
2026-04-25 14:31:08,398 - INFO - pairwise_permutation_test - GeoJSON: 215 detections from verified-adversarial-text.geojson
2026-04-25 14:31:08,404 - INFO - pairwise_permutation_test - PV repair: 269 verified detections retained from verified-brief-text.geojson (CRS overridden to EPSG:32635, polygons → centroids)
2026-04-25 14:31:08,404 - INFO - pairwise_permutation_test - GeoJSON: 269 detections from verified-brief-text.geojson
2026-04-25 14:31:08,407 - INFO - pairwise_permutation_test - PV repair: 261 verified detections retained from verified-adversarial-image.geojson (CRS overridden to EPSG:32635, polygons → centroids)
2026-04-25 14:31:08,407 - INFO - pairwise_permutation_test - GeoJSON: 261 detections from verified-adversarial-image.geojson
2026-04-25 14:31:08,408 - INFO - pairwise_permutation_test - PV repair: 326 verified detections retained from verified-checklist-image.geojson (CRS overridden to EPSG:32635, polygons → centroids)
2026-04-25 14:31:08,408 - INFO - pairwise_permutation_test - GeoJSON: 326 detections from verified-checklist-image.geojson
2026-04-25 14:31:08,409 - INFO - pairwise_permutation_test - PV repair: 326 verified detections retained from verified-brief-image.geojson (CRS overridden to EPSG:32635, polygons → centroids)
2026-04-25 14:31:08,409 - INFO - pairwise_permutation_test - GeoJSON: 326 detections from verified-brief-image.geojson
2026-04-25 14:31:08,412 - INFO - pairwise_permutation_test - PV repair: 336 verified detections retained from verified-checklist-text.geojson (CRS overridden to EPSG:32635, polygons → centroids)
2026-04-25 14:31:08,412 - INFO - pairwise_permutation_test - GeoJSON: 336 detections from verified-checklist-text.geojson
2026-04-25 14:31:08,412 - INFO - pairwise_permutation_test - PV repair: 261 verified detections retained from verified-adversarial-image.geojson (CRS overridden to EPSG:32635, polygons → centroids)
2026-04-25 14:31:08,412 - INFO - pairwise_permutation_test - GeoJSON: 261 detections from verified-adversarial-image.geojson
2026-04-25 14:31:08,416 - INFO - pairwise_permutation_test - PV repair: 260 verified detections retained from verified-cascade-checklist-adversarial.geojson (CRS overridden to EPSG:32635, polygons → centroids)
2026-04-25 14:31:08,416 - INFO - pairwise_permutation_test - GeoJSON: 260 detections from verified-cascade-checklist-adversarial.geojson
2026-04-25 14:31:08,426 - INFO - pairwise_permutation_test - PV repair: 269 verified detections retained from verified-brief-text.geojson (CRS overridden to EPSG:32635, polygons → centroids)
2026-04-25 14:31:08,426 - INFO - pairwise_permutation_test - GeoJSON: 269 detections from verified-brief-text.geojson
2026-04-25 14:31:08,427 - INFO - pairwise_permutation_test - PV repair: 261 verified detections retained from verified-adversarial-image.geojson (CRS overridden to EPSG:32635, polygons → centroids)
2026-04-25 14:31:08,427 - INFO - pairwise_permutation_test - GeoJSON: 261 detections from verified-adversarial-image.geojson
2026-04-25 14:31:08,441 - INFO - pairwise_permutation_test - PV repair: 326 verified detections retained from verified-checklist-image.geojson (CRS overridden to EPSG:32635, polygons → centroids)
2026-04-25 14:31:08,441 - INFO - pairwise_permutation_test - GeoJSON: 326 detections from verified-checklist-image.geojson
2026-04-25 14:31:09,340 - INFO - pairwise_permutation_test - PV repair: 261 verified detections retained from verified-adversarial-image.geojson (CRS overridden to EPSG:32635, polygons → centroids)
2026-04-25 14:31:09,340 - INFO - pairwise_permutation_test - GeoJSON: 261 detections from verified-adversarial-image.geojson
2026-04-25 14:31:09,350 - INFO - pairwise_permutation_test - PV repair: 261 verified detections retained from verified-adversarial-image.geojson (CRS overridden to EPSG:32635, polygons → centroids)
2026-04-25 14:31:09,350 - INFO - pairwise_permutation_test - GeoJSON: 261 detections from verified-adversarial-image.geojson
2026-04-25 14:31:09,353 - INFO - pairwise_permutation_test - PV repair: 260 verified detections retained from verified-cascade-checklist-adversarial.geojson (CRS overridden to EPSG:32635, polygons → centroids)
2026-04-25 14:31:09,353 - INFO - pairwise_permutation_test - GeoJSON: 260 detections from verified-cascade-checklist-adversarial.geojson
2026-04-25 14:31:09,354 - INFO - pairwise_permutation_test - PV repair: 326 verified detections retained from verified-brief-image.geojson (CRS overridden to EPSG:32635, polygons → centroids)
2026-04-25 14:31:09,354 - INFO - pairwise_permutation_test - GeoJSON: 326 detections from verified-brief-image.geojson
2026-04-25 14:31:09,354 - INFO - pairwise_permutation_test - PV repair: 260 verified detections retained from verified-cascade-checklist-adversarial.geojson (CRS overridden to EPSG:32635, polygons → centroids)
2026-04-25 14:31:09,354 - INFO - pairwise_permutation_test - GeoJSON: 260 detections from verified-cascade-checklist-adversarial.geojson
2026-04-25 14:31:09,362 - INFO - pairwise_permutation_test - PV repair: 260 verified detections retained from verified-cascade-checklist-adversarial.geojson (CRS overridden to EPSG:32635, polygons → centroids)
2026-04-25 14:31:09,362 - INFO - pairwise_permutation_test - GeoJSON: 260 detections from verified-cascade-checklist-adversarial.geojson
2026-04-25 14:31:09,363 - INFO - pairwise_permutation_test - PV repair: 260 verified detections retained from verified-cascade-checklist-adversarial.geojson (CRS overridden to EPSG:32635, polygons → centroids)
2026-04-25 14:31:09,363 - INFO - pairwise_permutation_test - GeoJSON: 260 detections from verified-cascade-checklist-adversarial.geojson
2026-04-25 14:31:09,364 - INFO - pairwise_permutation_test - PV repair: 336 verified detections retained from verified-checklist-text.geojson (CRS overridden to EPSG:32635, polygons → centroids)
2026-04-25 14:31:09,365 - INFO - pairwise_permutation_test - GeoJSON: 336 detections from verified-checklist-text.geojson
2026-04-25 14:31:09,367 - INFO - pairwise_permutation_test - PV repair: 269 verified detections retained from verified-brief-text.geojson (CRS overridden to EPSG:32635, polygons → centroids)
2026-04-25 14:31:09,367 - INFO - pairwise_permutation_test - GeoJSON: 269 detections from verified-brief-text.geojson
2026-04-25 14:31:09,368 - INFO - pairwise_permutation_test - PV repair: 326 verified detections retained from verified-checklist-image.geojson (CRS overridden to EPSG:32635, polygons → centroids)
2026-04-25 14:31:09,368 - INFO - pairwise_permutation_test - GeoJSON: 326 detections from verified-checklist-image.geojson
2026-04-25 14:31:09,375 - INFO - pairwise_permutation_test - PV repair: 326 verified detections retained from verified-brief-image.geojson (CRS overridden to EPSG:32635, polygons → centroids)
2026-04-25 14:31:09,375 - INFO - pairwise_permutation_test - GeoJSON: 326 detections from verified-brief-image.geojson
2026-04-25 14:31:09,377 - INFO - pairwise_permutation_test - PV repair: 336 verified detections retained from verified-checklist-text.geojson (CRS overridden to EPSG:32635, polygons → centroids)
2026-04-25 14:31:09,377 - INFO - pairwise_permutation_test - GeoJSON: 336 detections from verified-checklist-text.geojson
2026-04-25 14:31:09,416 - INFO - pairwise_permutation_test - PV repair: 269 verified detections retained from verified-brief-text.geojson (CRS overridden to EPSG:32635, polygons → centroids)
2026-04-25 14:31:09,416 - INFO - pairwise_permutation_test - GeoJSON: 269 detections from verified-brief-text.geojson
2026-04-25 14:31:09,430 - INFO - pairwise_permutation_test - PV repair: 326 verified detections retained from verified-checklist-image.geojson (CRS overridden to EPSG:32635, polygons → centroids)
2026-04-25 14:31:09,430 - INFO - pairwise_permutation_test - GeoJSON: 326 detections from verified-checklist-image.geojson
2026-04-25 14:31:09,433 - INFO - pairwise_permutation_test - PV repair: 269 verified detections retained from verified-brief-text.geojson (CRS overridden to EPSG:32635, polygons → centroids)
2026-04-25 14:31:09,433 - INFO - pairwise_permutation_test - GeoJSON: 269 detections from verified-brief-text.geojson
2026-04-25 14:31:09,447 - INFO - pairwise_permutation_test - PV repair: 326 verified detections retained from verified-brief-image.geojson (CRS overridden to EPSG:32635, polygons → centroids)
2026-04-25 14:31:09,447 - INFO - pairwise_permutation_test - GeoJSON: 326 detections from verified-brief-image.geojson
2026-04-25 14:31:10,300 - INFO - pairwise_permutation_test - PV repair: 269 verified detections retained from verified-brief-text.geojson (CRS overridden to EPSG:32635, polygons → centroids)
2026-04-25 14:31:10,300 - INFO - pairwise_permutation_test - GeoJSON: 269 detections from verified-brief-text.geojson
2026-04-25 14:31:10,314 - INFO - pairwise_permutation_test - PV repair: 336 verified detections retained from verified-checklist-text.geojson (CRS overridden to EPSG:32635, polygons → centroids)
2026-04-25 14:31:10,314 - INFO - pairwise_permutation_test - GeoJSON: 336 detections from verified-checklist-text.geojson
2026-04-25 14:31:10,318 - INFO - pairwise_permutation_test - PV repair: 326 verified detections retained from verified-checklist-image.geojson (CRS overridden to EPSG:32635, polygons → centroids)
2026-04-25 14:31:10,318 - INFO - pairwise_permutation_test - GeoJSON: 326 detections from verified-checklist-image.geojson
2026-04-25 14:31:10,319 - INFO - pairwise_permutation_test - PV repair: 326 verified detections retained from verified-checklist-image.geojson (CRS overridden to EPSG:32635, polygons → centroids)
2026-04-25 14:31:10,319 - INFO - pairwise_permutation_test - GeoJSON: 326 detections from verified-checklist-image.geojson
2026-04-25 14:31:10,319 - INFO - pairwise_permutation_test - PV repair: 326 verified detections retained from verified-brief-image.geojson (CRS overridden to EPSG:32635, polygons → centroids)
2026-04-25 14:31:10,320 - INFO - pairwise_permutation_test - GeoJSON: 326 detections from verified-brief-image.geojson
2026-04-25 14:31:10,331 - INFO - pairwise_permutation_test - PV repair: 326 verified detections retained from verified-brief-image.geojson (CRS overridden to EPSG:32635, polygons → centroids)
2026-04-25 14:31:10,331 - INFO - pairwise_permutation_test - GeoJSON: 326 detections from verified-brief-image.geojson
2026-04-25 14:31:10,332 - INFO - pairwise_permutation_test - PV repair: 336 verified detections retained from verified-checklist-text.geojson (CRS overridden to EPSG:32635, polygons → centroids)
2026-04-25 14:31:10,332 - INFO - pairwise_permutation_test - GeoJSON: 336 detections from verified-checklist-text.geojson
2026-04-25 14:31:10,333 - INFO - pairwise_permutation_test - PV repair: 336 verified detections retained from verified-checklist-text.geojson (CRS overridden to EPSG:32635, polygons → centroids)
2026-04-25 14:31:10,333 - INFO - pairwise_permutation_test - GeoJSON: 336 detections from verified-checklist-text.geojson
2026-04-25 14:31:11,198 - INFO - __main__ - [28/28] pairwise done
2026-04-25 14:31:11,205 - INFO - __main__ - Pairwise: 0 cached, 28 computed
2026-04-25 14:31:11,206 - INFO - __main__ - Stage 4 complete in 3.9s
2026-04-25 14:31:11,206 - INFO - __main__ - FDR: 9/28 pairs significant at q=0.05 → 2 tiers
2026-04-25 14:31:11,206 - INFO - __main__ - Markdown leaderboard written to results/leaderboard/per-architecture/era2/single-pass+PV/leaderboard_tiers_mcc_20m.md
2026-04-25 14:31:11,206 - INFO - __main__ - Markdown leaderboard written to results/leaderboard/per-architecture/era2/single-pass+PV/leaderboard_tiers_mcc_30m.md
2026-04-25 14:31:11,206 - INFO - __main__ - Markdown leaderboard written to results/leaderboard/per-architecture/era2/single-pass+PV/leaderboard_tiers_mcc_40m.md
2026-04-25 14:31:11,206 - INFO - __main__ - Markdown leaderboard written to results/leaderboard/per-architecture/era2/single-pass+PV/leaderboard_tiers_mcc_50m.md
2026-04-25 14:31:11,207 - INFO - __main__ - Markdown leaderboard written to results/leaderboard/per-architecture/era2/single-pass+PV/leaderboard_tiers_mcc_100m.md
2026-04-25 14:31:11,209 - INFO - __main__ - JSON leaderboard written to results/leaderboard/per-architecture/era2/single-pass+PV/leaderboard_tiers_mcc_20m.json
2026-04-25 14:31:11,210 - INFO - __main__ - All evaluations written to results/leaderboard/per-architecture/era2/single-pass+PV/leaderboard_all_evaluations.json

========================================================================
LEADERBOARD TIERS (MCC, 20m buffer)
========================================================================

Tier 1 (MCC: 0.388–0.432, 6 conditions)
    1. pv-cascade-adversarial-checklist         MCC=0.432  t=1
    2. pv-adversarial-text                      MCC=0.431  t=1
    3. pv-adversarial-image                     MCC=0.416  t=1
    4. pv-cascade-checklist-adversarial         MCC=0.412  t=1
    5. pv-brief-text                            MCC=0.396  t=1
    6. pv-checklist-image                       MCC=0.388  t=1

Tier 2 (MCC: 0.315–0.340, 2 conditions)
    7. pv-brief-image                           MCC=0.340  t=1
    8. pv-checklist-text                        MCC=0.315  t=1

========================================================================
Total: 8 conditions in 2 tiers
========================================================================
