2026-05-06 10:58:56,839 - INFO - __main__ - build_tiered_leaderboard.py v1.0.0 — git a8f4b7f8
2026-05-06 10:58:56,840 - INFO - __main__ - Resolved 6 conditions from inventory (era=2, track=None)
2026-05-06 10:58:56,840 - INFO - __main__ - Resolved 6 conditions
2026-05-06 10:58:56,841 - INFO - __main__ - Skipping evaluation (--skip-evaluation)
2026-05-06 10:58:56,842 - INFO - __main__ - Top-N filter disabled (top_n=0); including all 6 conditions
2026-05-06 10:58:56,842 - INFO - __main__ - Selected 6 conditions (best F1=0.763 at 20m)
2026-05-06 10:58:56,842 - INFO - __main__ - Skipping pairwise (--skip-pairwise)
2026-05-06 10:58:56,842 - INFO - __main__ - FDR: 11/15 pairs significant at q=0.01 → 4 tiers
2026-05-06 10:58:56,842 - INFO - __main__ - Markdown leaderboard written to results/leaderboard/per-architecture/era2/single-pass/leaderboard_tiers_q01_20m.md
2026-05-06 10:58:56,844 - INFO - __main__ - JSON leaderboard written to results/leaderboard/per-architecture/era2/single-pass/leaderboard_tiers_q01_20m.json
2026-05-06 10:58:56,845 - INFO - __main__ - All evaluations written to results/leaderboard/per-architecture/era2/single-pass/leaderboard_all_evaluations.json

========================================================================
LEADERBOARD TIERS (F1, 20m buffer)
========================================================================

Tier 1 (F1: 0.763–0.763, 1 conditions)
    1. h11-pvd-pro-medium-text-baseline         F1=0.763  t=1

Tier 2 (F1: 0.600–0.606, 2 conditions)
    2. h11-pvd-pro-medium-image-baseline        F1=0.606  t=1
    3. h11-pvd-image-baseline                   F1=0.600  t=1

Tier 3 (F1: 0.452–0.520, 2 conditions)
    4. h11-pvd-text-baseline                    F1=0.520  t=1
    5. h11-n1-pro-image-medium-t07              F1=0.452  t=1

Tier 4 (F1: 0.416–0.416, 1 conditions)
    6. h11-n1-pro-text-medium-t07               F1=0.416  t=1

========================================================================
Total: 6 conditions in 4 tiers
========================================================================
