2026-04-25 14:31:06,943 - INFO - __main__ - build_tiered_leaderboard.py v1.0.0 — git ad38ffbd
2026-04-25 14:31:06,944 - INFO - __main__ - Resolved 8 conditions from inventory (era=2, track=None)
2026-04-25 14:31:06,944 - INFO - __main__ - Resolved 8 conditions
2026-04-25 14:31:06,944 - INFO - __main__ - Skipping evaluation (--skip-evaluation)
2026-04-25 14:31:06,945 - INFO - __main__ - Top-N filter disabled (top_n=0); including all 8 conditions
2026-04-25 14:31:06,945 - INFO - __main__ - Selected 8 conditions (best F1=0.531 at 20m)
2026-04-25 14:31:06,945 - INFO - __main__ - Skipping pairwise (--skip-pairwise)
2026-04-25 14:31:06,946 - INFO - __main__ - FDR: 0/28 pairs significant at q=0.01 → 1 tiers
2026-04-25 14:31:06,946 - INFO - __main__ - Markdown leaderboard written to results/leaderboard/per-architecture/era2/single-pass+PV/leaderboard_tiers_q01_20m.md
2026-04-25 14:31:06,946 - INFO - __main__ - Markdown leaderboard written to results/leaderboard/per-architecture/era2/single-pass+PV/leaderboard_tiers_q01_30m.md
2026-04-25 14:31:06,946 - INFO - __main__ - Markdown leaderboard written to results/leaderboard/per-architecture/era2/single-pass+PV/leaderboard_tiers_q01_40m.md
2026-04-25 14:31:06,946 - INFO - __main__ - Markdown leaderboard written to results/leaderboard/per-architecture/era2/single-pass+PV/leaderboard_tiers_q01_50m.md
2026-04-25 14:31:06,946 - INFO - __main__ - Markdown leaderboard written to results/leaderboard/per-architecture/era2/single-pass+PV/leaderboard_tiers_q01_100m.md
2026-04-25 14:31:06,949 - INFO - __main__ - JSON leaderboard written to results/leaderboard/per-architecture/era2/single-pass+PV/leaderboard_tiers_q01_20m.json
2026-04-25 14:31:06,950 - INFO - __main__ - All evaluations written to results/leaderboard/per-architecture/era2/single-pass+PV/leaderboard_all_evaluations.json

========================================================================
LEADERBOARD TIERS (F1, 20m buffer)
========================================================================

Tier 1 (F1: 0.471–0.531, 8 conditions)
    1. pv-checklist-image                       F1=0.531  t=1
    2. pv-checklist-text                        F1=0.521  t=1
    3. pv-brief-image                           F1=0.520  t=1
    4. pv-brief-text                            F1=0.514  t=1
    5. pv-cascade-adversarial-checklist         F1=0.504  t=1
    6. pv-cascade-checklist-adversarial         F1=0.495  t=1
    7. pv-adversarial-image                     F1=0.494  t=1
    8. pv-adversarial-text                      F1=0.471  t=1

========================================================================
Total: 8 conditions in 1 tiers
========================================================================
