2026-05-06 10:59:01,009 - INFO - __main__ - build_tiered_leaderboard.py v1.0.0 — git a8f4b7f8
2026-05-06 10:59:01,014 - INFO - __main__ - Resolved 29 conditions from inventory (era=2, track=None)
2026-05-06 10:59:01,014 - INFO - __main__ - Resolved 29 conditions
2026-05-06 10:59:01,014 - INFO - __main__ - Skipping evaluation (--skip-evaluation)
2026-05-06 10:59:01,037 - INFO - __main__ - Top-N filter disabled (top_n=0); including all 29 conditions
2026-05-06 10:59:01,037 - INFO - __main__ - Selected 29 conditions (best F1=0.836 at 20m)
2026-05-06 10:59:01,037 - INFO - __main__ - Skipping pairwise (--skip-pairwise)
2026-05-06 10:59:01,044 - INFO - __main__ - FDR: 249/406 pairs significant at q=0.01 → 6 tiers
2026-05-06 10:59:01,044 - INFO - __main__ - Markdown leaderboard written to results/leaderboard/per-architecture/era2/consensus/leaderboard_tiers_q01_20m.md
2026-05-06 10:59:01,053 - INFO - __main__ - JSON leaderboard written to results/leaderboard/per-architecture/era2/consensus/leaderboard_tiers_q01_20m.json
2026-05-06 10:59:01,077 - INFO - __main__ - All evaluations written to results/leaderboard/per-architecture/era2/consensus/leaderboard_all_evaluations.json

========================================================================
LEADERBOARD TIERS (F1, 20m buffer)
========================================================================

Tier 1 (F1: 0.789–0.836, 4 conditions)
    1. h11-pvd-pro-high-text-n5                 F1=0.836  t=6
    2. h11-pvd-flash-high-text-n5               F1=0.814  t=26
    3. p3a-high-text-t0.3                       F1=0.789  t=10
    4. p3a-high-text-t0.3-n5                    F1=0.789  t=10

Tier 2 (F1: 0.731–0.773, 6 conditions)
    5. p3a-high-text-t1.0                       F1=0.773  t=9
    6. p3a-high-text-t1.0-n5                    F1=0.773  t=9
    7. h11-pvd-flash-high-image-n5              F1=0.750  t=7
    8. scale4-optimal-487                       F1=0.742  t=6
    9. p3a-high-image-t1.0                      F1=0.735  t=6
   10. p3a-high-image-t0.3                      F1=0.731  t=9

Tier 3 (F1: 0.660–0.714, 8 conditions)
   11. h11-e47-propose-brief                    F1=0.714  t=5
   12. h11-pvd-pro-high-image-n5                F1=0.700  t=3
   13. h11-pvd-image-n5                         F1=0.680  t=8
   14. h11-n1-image-t03                         F1=0.677  t=3
   15. p3a-minimal-text-t1.0                    F1=0.667  t=9
   16. p3a-minimal-text-t1.0-n5                 F1=0.667  t=9
   17. h11-pvd-flash-minimal-text-n30-t07       F1=0.661  t=29
   18. p3a-min-image-t0.3                       F1=0.660  t=10

Tier 4 (F1: 0.605–0.646, 6 conditions)
   19. p3a-min-image-t1.0                       F1=0.646  t=8
   20. p3a-minimal-text-t0.3                    F1=0.642  t=10
   21. p3a-minimal-text-t0.3-n5                 F1=0.642  t=10
   22. h11-n1-image-t0                          F1=0.629  t=2
   23. h11-pvd-text-n10                         F1=0.619  t=10
   24. p3a-high-text-t0.0                       F1=0.605  t=3

Tier 5 (F1: 0.552–0.593, 4 conditions)
   25. p3a-minimal-text-t0.0                    F1=0.593  t=3
   26. h11-n1-brief-text-t03                    F1=0.591  t=3
   27. h11-n1-pro-text-high-t0                  F1=0.567  t=3
   28. h11-n1-pro-image-high-t0                 F1=0.552  t=3

Tier 6 (F1: 0.488–0.488, 1 conditions)
   29. p3a-high-image-t0.0                      F1=0.488  t=1

========================================================================
Total: 29 conditions in 6 tiers
========================================================================
