2026-05-06 10:59:42,759 - INFO - __main__ - build_tiered_leaderboard.py v1.0.0 — git a8f4b7f8
2026-05-06 10:59:42,760 - INFO - __main__ - Resolved 8 conditions from inventory (era=2, track=None)
2026-05-06 10:59:42,760 - INFO - __main__ - Resolved 8 conditions
2026-05-06 10:59:42,761 - INFO - __main__ - Evaluation: 8 cached, 0 to compute (8 workers)
2026-05-06 10:59:42,761 - INFO - __main__ - Stage 2 complete in 0.0s
2026-05-06 10:59:42,761 - INFO - __main__ - Top-N filter disabled (top_n=0); including all 8 conditions
2026-05-06 10:59:42,761 - INFO - __main__ - Selected 8 conditions (best F1=0.531 at 20m)
2026-05-06 10:59:42,786 - INFO - __main__ - Pairwise tests (f1): 28 pairs at 20m (10000 permutations, 8 workers)
2026-05-06 10:59:42,787 - INFO - __main__ - Pairwise: 28 cached, 0 computed
2026-05-06 10:59:42,787 - INFO - __main__ - Stage 4 complete in 0.0s
2026-05-06 10:59:42,787 - INFO - __main__ - FDR: 0/28 pairs significant at q=0.05 → 1 tiers
2026-05-06 10:59:42,788 - INFO - __main__ - Markdown leaderboard written to results/leaderboard/per-architecture/era2/single-pass+PV/leaderboard_tiers_20m.md
2026-05-06 10:59:42,791 - INFO - __main__ - JSON leaderboard written to results/leaderboard/per-architecture/era2/single-pass+PV/leaderboard_tiers_20m.json
2026-05-06 10:59:42,791 - INFO - __main__ - All evaluations written to results/leaderboard/per-architecture/era2/single-pass+PV/leaderboard_all_evaluations.json

========================================================================
LEADERBOARD TIERS (F1, 20m buffer)
========================================================================

Tier 1 (F1: 0.471–0.531, 8 conditions)
    1. pv-checklist-image                       F1=0.531  t=1
    2. pv-checklist-text                        F1=0.521  t=1
    3. pv-brief-image                           F1=0.520  t=1
    4. pv-brief-text                            F1=0.514  t=1
    5. pv-cascade-adversarial-checklist         F1=0.504  t=1
    6. pv-cascade-checklist-adversarial         F1=0.495  t=1
    7. pv-adversarial-image                     F1=0.494  t=1
    8. pv-adversarial-text                      F1=0.471  t=1

========================================================================
Total: 8 conditions in 1 tiers
========================================================================
