2026-05-06 10:59:42,093 - INFO - __main__ - build_tiered_leaderboard.py v1.0.0 — git a8f4b7f8
2026-05-06 10:59:42,097 - INFO - __main__ - Resolved 29 conditions from inventory (era=2, track=None)
2026-05-06 10:59:42,097 - INFO - __main__ - Resolved 29 conditions
2026-05-06 10:59:42,097 - INFO - __main__ - Skipping evaluation (--skip-evaluation)
2026-05-06 10:59:42,122 - INFO - __main__ - Top-N filter disabled (top_n=0); including all 29 conditions
2026-05-06 10:59:42,122 - INFO - __main__ - Selected 29 conditions (best F1=0.700 at 20m)
2026-05-06 10:59:42,122 - INFO - __main__ - Skipping pairwise (--skip-pairwise)
2026-05-06 10:59:42,129 - INFO - __main__ - FDR: 274/406 pairs significant at q=0.01 → 5 tiers
2026-05-06 10:59:42,129 - INFO - __main__ - Markdown leaderboard written to results/leaderboard/per-architecture/era2/consensus/leaderboard_tiers_mcc_q01_20m.md
2026-05-06 10:59:42,137 - INFO - __main__ - JSON leaderboard written to results/leaderboard/per-architecture/era2/consensus/leaderboard_tiers_mcc_q01_20m.json
2026-05-06 10:59:42,166 - INFO - __main__ - All evaluations written to results/leaderboard/per-architecture/era2/consensus/leaderboard_all_evaluations.json

========================================================================
LEADERBOARD TIERS (MCC, 20m buffer)
========================================================================

Tier 1 (MCC: 0.676–0.761, 5 conditions)
    1. h11-pvd-pro-high-image-n5                MCC=0.761  t=3
    2. scale4-optimal-487                       MCC=0.746  t=6
    3. h11-pvd-pro-high-text-n5                 MCC=0.727  t=6
    4. p3a-high-image-t0.3                      MCC=0.682  t=9
    5. h11-pvd-flash-high-image-n5              MCC=0.676  t=7

Tier 2 (MCC: 0.565–0.644, 7 conditions)
    6. p3a-high-image-t1.0                      MCC=0.644  t=6
    7. h11-pvd-flash-high-text-n5               MCC=0.620  t=26
    8. p3a-high-text-t0.3                       MCC=0.587  t=10
    9. p3a-high-text-t0.3-n5                    MCC=0.587  t=10
   10. p3a-high-text-t1.0                       MCC=0.575  t=9
   11. p3a-high-text-t1.0-n5                    MCC=0.575  t=9
   12. h11-n1-pro-image-high-t0                 MCC=0.565  t=3

Tier 3 (MCC: 0.395–0.503, 8 conditions)
   13. h11-e47-propose-brief                    MCC=0.503  t=5
   14. p3a-high-image-t0.0                      MCC=0.484  t=1
   15. p3a-high-text-t0.0                       MCC=0.451  t=3
   16. p3a-min-image-t1.0                       MCC=0.441  t=8
   17. p3a-minimal-text-t1.0                    MCC=0.415  t=9
   18. p3a-minimal-text-t1.0-n5                 MCC=0.415  t=9
   19. h11-pvd-image-n5                         MCC=0.404  t=8
   20. h11-n1-pro-text-high-t0                  MCC=0.395  t=3

Tier 4 (MCC: 0.311–0.380, 6 conditions)
   21. h11-pvd-flash-minimal-text-n30-t07       MCC=0.380  t=29
   22. h11-n1-image-t03                         MCC=0.349  t=3
   23. p3a-min-image-t0.3                       MCC=0.340  t=10
   24. h11-pvd-text-n10                         MCC=0.316  t=10
   25. p3a-minimal-text-t0.3                    MCC=0.311  t=10
   26. p3a-minimal-text-t0.3-n5                 MCC=0.311  t=10

Tier 5 (MCC: 0.170–0.223, 3 conditions)
   27. p3a-minimal-text-t0.0                    MCC=0.223  t=3
   28. h11-n1-image-t0                          MCC=0.214  t=2
   29. h11-n1-brief-text-t03                    MCC=0.170  t=3

========================================================================
Total: 29 conditions in 5 tiers
========================================================================
