2026-05-06 10:58:56,236 - INFO - __main__ - build_tiered_leaderboard.py v1.0.0 — git a8f4b7f8
2026-05-06 10:58:56,237 - INFO - __main__ - Resolved 6 conditions from inventory (era=2, track=None)
2026-05-06 10:58:56,237 - INFO - __main__ - Resolved 6 conditions
2026-05-06 10:58:56,238 - INFO - __main__ - Evaluation: 6 cached, 0 to compute (8 workers)
2026-05-06 10:58:56,238 - INFO - __main__ - Stage 2 complete in 0.0s
2026-05-06 10:58:56,238 - INFO - __main__ - Top-N filter disabled (top_n=0); including all 6 conditions
2026-05-06 10:58:56,238 - INFO - __main__ - Selected 6 conditions (best F1=0.763 at 20m)
2026-05-06 10:58:56,262 - INFO - __main__ - Pairwise tests (f1): 15 pairs at 20m (10000 permutations, 8 workers)
2026-05-06 10:58:56,263 - INFO - __main__ - Pairwise: 15 cached, 0 computed
2026-05-06 10:58:56,263 - INFO - __main__ - Stage 4 complete in 0.0s
2026-05-06 10:58:56,263 - INFO - __main__ - FDR: 13/15 pairs significant at q=0.05 → 4 tiers
2026-05-06 10:58:56,263 - INFO - __main__ - Markdown leaderboard written to results/leaderboard/per-architecture/era2/single-pass/leaderboard_tiers_20m.md
2026-05-06 10:58:56,266 - INFO - __main__ - JSON leaderboard written to results/leaderboard/per-architecture/era2/single-pass/leaderboard_tiers_20m.json
2026-05-06 10:58:56,267 - INFO - __main__ - All evaluations written to results/leaderboard/per-architecture/era2/single-pass/leaderboard_all_evaluations.json

========================================================================
LEADERBOARD TIERS (F1, 20m buffer)
========================================================================

Tier 1 (F1: 0.763–0.763, 1 conditions)
    1. h11-pvd-pro-medium-text-baseline         F1=0.763  t=1

Tier 2 (F1: 0.600–0.606, 2 conditions)
    2. h11-pvd-pro-medium-image-baseline        F1=0.606  t=1
    3. h11-pvd-image-baseline                   F1=0.600  t=1

Tier 3 (F1: 0.520–0.520, 1 conditions)
    4. h11-pvd-text-baseline                    F1=0.520  t=1

Tier 4 (F1: 0.416–0.452, 2 conditions)
    5. h11-n1-pro-image-medium-t07              F1=0.452  t=1
    6. h11-n1-pro-text-medium-t07               F1=0.416  t=1

========================================================================
Total: 6 conditions in 4 tiers
========================================================================
