2026-04-25 14:40:43,547 - INFO - __main__ - build_tiered_leaderboard.py v1.0.0 — git ad38ffbd
2026-04-25 14:40:43,549 - INFO - __main__ - Resolved 14 conditions from inventory (era=3, track=None)
2026-04-25 14:40:43,549 - INFO - __main__ - Resolved 14 conditions
2026-04-25 14:40:43,550 - INFO - __main__ - Skipping evaluation (--skip-evaluation)
2026-04-25 14:40:43,558 - INFO - __main__ - Top-N filter disabled (top_n=0); including all 14 conditions
2026-04-25 14:40:43,558 - INFO - __main__ - Selected 14 conditions (best F1=0.733 at 20m)
2026-04-25 14:40:43,558 - INFO - __main__ - Skipping pairwise (--skip-pairwise)
2026-04-25 14:40:43,560 - INFO - __main__ - FDR: 0/91 pairs significant at q=0.01 → 1 tiers
2026-04-25 14:40:43,560 - INFO - __main__ - Markdown leaderboard written to results/leaderboard/per-architecture/era3/consensus/leaderboard_tiers_q01_20m.md
2026-04-25 14:40:43,560 - INFO - __main__ - Markdown leaderboard written to results/leaderboard/per-architecture/era3/consensus/leaderboard_tiers_q01_30m.md
2026-04-25 14:40:43,560 - INFO - __main__ - Markdown leaderboard written to results/leaderboard/per-architecture/era3/consensus/leaderboard_tiers_q01_40m.md
2026-04-25 14:40:43,560 - INFO - __main__ - Markdown leaderboard written to results/leaderboard/per-architecture/era3/consensus/leaderboard_tiers_q01_50m.md
2026-04-25 14:40:43,560 - INFO - __main__ - Markdown leaderboard written to results/leaderboard/per-architecture/era3/consensus/leaderboard_tiers_q01_100m.md
2026-04-25 14:40:43,564 - INFO - __main__ - JSON leaderboard written to results/leaderboard/per-architecture/era3/consensus/leaderboard_tiers_q01_20m.json
2026-04-25 14:40:43,568 - INFO - __main__ - All evaluations written to results/leaderboard/per-architecture/era3/consensus/leaderboard_all_evaluations.json

========================================================================
LEADERBOARD TIERS (F1, 20m buffer)
========================================================================

Tier 1 (F1: 0.688–0.733, 14 conditions)
    1. h8v2-scale-4                             F1=0.733  t=4
    2. h12v2-r1-hn-heavy                        F1=0.731  t=3
    3. h8v2-scale-8                             F1=0.730  t=3
    4. h10v2-pool_160_hp4hn4                    F1=0.717  t=4
    5. h12v2-r2-balanced                        F1=0.717  t=4
    6. h8v2-scale-32                            F1=0.713  t=4
    7. h8v2-scale-16                            F1=0.712  t=3
    8. h8v2-canonical                           F1=0.707  t=4
    9. h8v2-pure-positive-canon                 F1=0.705  t=3
   10. h8v2-plus-hp                             F1=0.705  t=4
   11. h12v2-r3-hp-heavy                        F1=0.701  t=3
   12. h10v2-pool_020_hp4hn4                    F1=0.697  t=3
   13. h10v2-pool_040_hp4hn4                    F1=0.694  t=3
   14. h10v2-pool_080_hp4hn4                    F1=0.688  t=3

========================================================================
Total: 14 conditions in 1 tiers
========================================================================
