2026-04-25 14:40:43,957 - INFO - __main__ - build_tiered_leaderboard.py v1.0.0 — git ad38ffbd
2026-04-25 14:40:43,959 - INFO - __main__ - Resolved 14 conditions from inventory (era=3, track=None)
2026-04-25 14:40:43,959 - INFO - __main__ - Resolved 14 conditions
2026-04-25 14:40:43,959 - INFO - __main__ - Skipping evaluation (--skip-evaluation)
2026-04-25 14:40:43,967 - INFO - __main__ - Top-N filter disabled (top_n=0); including all 14 conditions
2026-04-25 14:40:43,967 - INFO - __main__ - Selected 14 conditions (best F1=0.733 at 20m)
2026-04-25 14:40:43,990 - INFO - __main__ - Pairwise tests (mcc): 91 pairs at 20m (10000 permutations, 8 workers)
2026-04-25 14:40:44,038 - WARNING - pairwise_permutation_test - GeoJSON lacks source_tile — will assign via spatial join
2026-04-25 14:40:44,038 - WARNING - pairwise_permutation_test - GeoJSON lacks source_tile — will assign via spatial join
2026-04-25 14:40:44,038 - WARNING - pairwise_permutation_test - GeoJSON lacks source_tile — will assign via spatial join
2026-04-25 14:40:44,038 - INFO - pairwise_permutation_test - GeoJSON: 257 detections from consensus_t4.geojson
2026-04-25 14:40:44,038 - INFO - pairwise_permutation_test - GeoJSON: 257 detections from consensus_t4.geojson
2026-04-25 14:40:44,038 - INFO - pairwise_permutation_test - GeoJSON: 257 detections from consensus_t4.geojson
2026-04-25 14:40:44,038 - WARNING - pairwise_permutation_test - GeoJSON lacks source_tile — will assign via spatial join
2026-04-25 14:40:44,038 - WARNING - pairwise_permutation_test - GeoJSON lacks source_tile — will assign via spatial join
2026-04-25 14:40:44,038 - WARNING - pairwise_permutation_test - GeoJSON lacks source_tile — will assign via spatial join
2026-04-25 14:40:44,038 - INFO - pairwise_permutation_test - GeoJSON: 257 detections from consensus_t4.geojson
2026-04-25 14:40:44,038 - INFO - pairwise_permutation_test - GeoJSON: 257 detections from consensus_t4.geojson
2026-04-25 14:40:44,038 - INFO - pairwise_permutation_test - GeoJSON: 257 detections from consensus_t4.geojson
2026-04-25 14:40:44,039 - WARNING - pairwise_permutation_test - GeoJSON lacks source_tile — will assign via spatial join
2026-04-25 14:40:44,039 - INFO - pairwise_permutation_test - GeoJSON: 257 detections from consensus_t4.geojson
2026-04-25 14:40:44,039 - WARNING - pairwise_permutation_test - GeoJSON lacks source_tile — will assign via spatial join
2026-04-25 14:40:44,039 - INFO - pairwise_permutation_test - GeoJSON: 257 detections from consensus_t4.geojson
2026-04-25 14:40:44,046 - WARNING - pairwise_permutation_test - GeoJSON lacks source_tile — will assign via spatial join
2026-04-25 14:40:44,046 - WARNING - pairwise_permutation_test - GeoJSON lacks source_tile — will assign via spatial join
2026-04-25 14:40:44,046 - INFO - pairwise_permutation_test - GeoJSON: 236 detections from consensus_t4.geojson
2026-04-25 14:40:44,046 - INFO - pairwise_permutation_test - GeoJSON: 236 detections from consensus_t4.geojson
2026-04-25 14:40:44,046 - WARNING - pairwise_permutation_test - GeoJSON lacks source_tile — will assign via spatial join
2026-04-25 14:40:44,046 - INFO - pairwise_permutation_test - GeoJSON: 254 detections from consensus_t4.geojson
2026-04-25 14:40:44,047 - WARNING - pairwise_permutation_test - GeoJSON lacks source_tile — will assign via spatial join
2026-04-25 14:40:44,047 - INFO - pairwise_permutation_test - GeoJSON: 242 detections from consensus_t4.geojson
2026-04-25 14:40:44,047 - WARNING - pairwise_permutation_test - GeoJSON lacks source_tile — will assign via spatial join
2026-04-25 14:40:44,047 - INFO - pairwise_permutation_test - GeoJSON: 317 detections from consensus_t3.geojson
2026-04-25 14:40:44,047 - WARNING - pairwise_permutation_test - GeoJSON lacks source_tile — will assign via spatial join
2026-04-25 14:40:44,047 - INFO - pairwise_permutation_test - GeoJSON: 327 detections from consensus_t3.geojson
2026-04-25 14:40:44,047 - WARNING - pairwise_permutation_test - GeoJSON lacks source_tile — will assign via spatial join
2026-04-25 14:40:44,047 - INFO - pairwise_permutation_test - GeoJSON: 326 detections from consensus_t3.geojson
2026-04-25 14:40:44,048 - WARNING - pairwise_permutation_test - GeoJSON lacks source_tile — will assign via spatial join
2026-04-25 14:40:44,048 - INFO - pairwise_permutation_test - GeoJSON: 333 detections from consensus_t3.geojson
2026-04-25 14:40:44,693 - WARNING - pairwise_permutation_test - GeoJSON lacks source_tile — will assign via spatial join
2026-04-25 14:40:44,693 - INFO - pairwise_permutation_test - GeoJSON: 257 detections from consensus_t4.geojson
2026-04-25 14:40:44,697 - WARNING - pairwise_permutation_test - GeoJSON lacks source_tile — will assign via spatial join
2026-04-25 14:40:44,697 - INFO - pairwise_permutation_test - GeoJSON: 257 detections from consensus_t4.geojson
2026-04-25 14:40:44,698 - WARNING - pairwise_permutation_test - GeoJSON lacks source_tile — will assign via spatial join
2026-04-25 14:40:44,699 - INFO - pairwise_permutation_test - GeoJSON: 257 detections from consensus_t4.geojson
2026-04-25 14:40:44,700 - WARNING - pairwise_permutation_test - GeoJSON lacks source_tile — will assign via spatial join
2026-04-25 14:40:44,700 - INFO - pairwise_permutation_test - GeoJSON: 341 detections from consensus_t3.geojson
2026-04-25 14:40:44,701 - WARNING - pairwise_permutation_test - GeoJSON lacks source_tile — will assign via spatial join
2026-04-25 14:40:44,702 - INFO - pairwise_permutation_test - GeoJSON: 257 detections from consensus_t4.geojson
2026-04-25 14:40:44,702 - WARNING - pairwise_permutation_test - GeoJSON lacks source_tile — will assign via spatial join
2026-04-25 14:40:44,702 - INFO - pairwise_permutation_test - GeoJSON: 257 detections from consensus_t4.geojson
2026-04-25 14:40:44,704 - WARNING - pairwise_permutation_test - GeoJSON lacks source_tile — will assign via spatial join
2026-04-25 14:40:44,705 - INFO - pairwise_permutation_test - GeoJSON: 344 detections from consensus_t3.geojson
2026-04-25 14:40:44,705 - WARNING - pairwise_permutation_test - GeoJSON lacks source_tile — will assign via spatial join
2026-04-25 14:40:44,705 - INFO - pairwise_permutation_test - GeoJSON: 258 detections from consensus_t4.geojson
2026-04-25 14:40:44,709 - WARNING - pairwise_permutation_test - GeoJSON lacks source_tile — will assign via spatial join
2026-04-25 14:40:44,709 - INFO - pairwise_permutation_test - GeoJSON: 317 detections from consensus_t3.geojson
2026-04-25 14:40:44,709 - WARNING - pairwise_permutation_test - GeoJSON lacks source_tile — will assign via spatial join
2026-04-25 14:40:44,709 - INFO - pairwise_permutation_test - GeoJSON: 344 detections from consensus_t3.geojson
2026-04-25 14:40:44,710 - WARNING - pairwise_permutation_test - GeoJSON lacks source_tile — will assign via spatial join
2026-04-25 14:40:44,710 - INFO - pairwise_permutation_test - GeoJSON: 370 detections from consensus_t3.geojson
2026-04-25 14:40:44,711 - WARNING - pairwise_permutation_test - GeoJSON lacks source_tile — will assign via spatial join
2026-04-25 14:40:44,711 - INFO - pairwise_permutation_test - GeoJSON: 317 detections from consensus_t3.geojson
2026-04-25 14:40:44,716 - WARNING - pairwise_permutation_test - GeoJSON lacks source_tile — will assign via spatial join
2026-04-25 14:40:44,716 - INFO - pairwise_permutation_test - GeoJSON: 326 detections from consensus_t3.geojson
2026-04-25 14:40:44,717 - WARNING - pairwise_permutation_test - GeoJSON lacks source_tile — will assign via spatial join
2026-04-25 14:40:44,717 - INFO - pairwise_permutation_test - GeoJSON: 254 detections from consensus_t4.geojson
2026-04-25 14:40:44,723 - WARNING - pairwise_permutation_test - GeoJSON lacks source_tile — will assign via spatial join
2026-04-25 14:40:44,723 - INFO - pairwise_permutation_test - GeoJSON: 317 detections from consensus_t3.geojson
2026-04-25 14:40:44,730 - WARNING - pairwise_permutation_test - GeoJSON lacks source_tile — will assign via spatial join
2026-04-25 14:40:44,730 - INFO - pairwise_permutation_test - GeoJSON: 333 detections from consensus_t3.geojson
2026-04-25 14:40:45,348 - WARNING - pairwise_permutation_test - GeoJSON lacks source_tile — will assign via spatial join
2026-04-25 14:40:45,348 - INFO - pairwise_permutation_test - GeoJSON: 317 detections from consensus_t3.geojson
2026-04-25 14:40:45,353 - WARNING - pairwise_permutation_test - GeoJSON lacks source_tile — will assign via spatial join
2026-04-25 14:40:45,353 - INFO - pairwise_permutation_test - GeoJSON: 317 detections from consensus_t3.geojson
2026-04-25 14:40:45,356 - WARNING - pairwise_permutation_test - GeoJSON lacks source_tile — will assign via spatial join
2026-04-25 14:40:45,357 - INFO - pairwise_permutation_test - GeoJSON: 327 detections from consensus_t3.geojson
2026-04-25 14:40:45,360 - WARNING - pairwise_permutation_test - GeoJSON lacks source_tile — will assign via spatial join
2026-04-25 14:40:45,360 - INFO - pairwise_permutation_test - GeoJSON: 242 detections from consensus_t4.geojson
2026-04-25 14:40:45,365 - WARNING - pairwise_permutation_test - GeoJSON lacks source_tile — will assign via spatial join
2026-04-25 14:40:45,365 - INFO - pairwise_permutation_test - GeoJSON: 317 detections from consensus_t3.geojson
2026-04-25 14:40:45,366 - WARNING - pairwise_permutation_test - GeoJSON lacks source_tile — will assign via spatial join
2026-04-25 14:40:45,366 - INFO - pairwise_permutation_test - GeoJSON: 317 detections from consensus_t3.geojson
2026-04-25 14:40:45,372 - WARNING - pairwise_permutation_test - GeoJSON lacks source_tile — will assign via spatial join
2026-04-25 14:40:45,372 - INFO - pairwise_permutation_test - GeoJSON: 236 detections from consensus_t4.geojson
2026-04-25 14:40:45,373 - WARNING - pairwise_permutation_test - GeoJSON lacks source_tile — will assign via spatial join
2026-04-25 14:40:45,373 - INFO - pairwise_permutation_test - GeoJSON: 317 detections from consensus_t3.geojson
2026-04-25 14:40:45,373 - WARNING - pairwise_permutation_test - GeoJSON lacks source_tile — will assign via spatial join
2026-04-25 14:40:45,373 - INFO - pairwise_permutation_test - GeoJSON: 236 detections from consensus_t4.geojson
2026-04-25 14:40:45,376 - WARNING - pairwise_permutation_test - GeoJSON lacks source_tile — will assign via spatial join
2026-04-25 14:40:45,376 - INFO - pairwise_permutation_test - GeoJSON: 317 detections from consensus_t3.geojson
2026-04-25 14:40:45,376 - WARNING - pairwise_permutation_test - GeoJSON lacks source_tile — will assign via spatial join
2026-04-25 14:40:45,376 - INFO - pairwise_permutation_test - GeoJSON: 317 detections from consensus_t3.geojson
2026-04-25 14:40:45,381 - WARNING - pairwise_permutation_test - GeoJSON lacks source_tile — will assign via spatial join
2026-04-25 14:40:45,381 - INFO - pairwise_permutation_test - GeoJSON: 341 detections from consensus_t3.geojson
2026-04-25 14:40:45,383 - WARNING - pairwise_permutation_test - GeoJSON lacks source_tile — will assign via spatial join
2026-04-25 14:40:45,383 - INFO - pairwise_permutation_test - GeoJSON: 258 detections from consensus_t4.geojson
2026-04-25 14:40:45,385 - WARNING - pairwise_permutation_test - GeoJSON lacks source_tile — will assign via spatial join
2026-04-25 14:40:45,385 - INFO - pairwise_permutation_test - GeoJSON: 344 detections from consensus_t3.geojson
2026-04-25 14:40:45,409 - WARNING - pairwise_permutation_test - GeoJSON lacks source_tile — will assign via spatial join
2026-04-25 14:40:45,409 - INFO - pairwise_permutation_test - GeoJSON: 317 detections from consensus_t3.geojson
2026-04-25 14:40:45,417 - WARNING - pairwise_permutation_test - GeoJSON lacks source_tile — will assign via spatial join
2026-04-25 14:40:45,417 - INFO - pairwise_permutation_test - GeoJSON: 344 detections from consensus_t3.geojson
2026-04-25 14:40:46,006 - WARNING - pairwise_permutation_test - GeoJSON lacks source_tile — will assign via spatial join
2026-04-25 14:40:46,006 - INFO - pairwise_permutation_test - GeoJSON: 317 detections from consensus_t3.geojson
2026-04-25 14:40:46,006 - WARNING - pairwise_permutation_test - GeoJSON lacks source_tile — will assign via spatial join
2026-04-25 14:40:46,006 - INFO - pairwise_permutation_test - GeoJSON: 326 detections from consensus_t3.geojson
2026-04-25 14:40:46,012 - WARNING - pairwise_permutation_test - GeoJSON lacks source_tile — will assign via spatial join
2026-04-25 14:40:46,012 - INFO - pairwise_permutation_test - GeoJSON: 254 detections from consensus_t4.geojson
2026-04-25 14:40:46,013 - WARNING - pairwise_permutation_test - GeoJSON lacks source_tile — will assign via spatial join
2026-04-25 14:40:46,013 - INFO - pairwise_permutation_test - GeoJSON: 370 detections from consensus_t3.geojson
2026-04-25 14:40:46,024 - WARNING - pairwise_permutation_test - GeoJSON lacks source_tile — will assign via spatial join
2026-04-25 14:40:46,024 - INFO - pairwise_permutation_test - GeoJSON: 326 detections from consensus_t3.geojson
2026-04-25 14:40:46,031 - WARNING - pairwise_permutation_test - GeoJSON lacks source_tile — will assign via spatial join
2026-04-25 14:40:46,031 - INFO - pairwise_permutation_test - GeoJSON: 333 detections from consensus_t3.geojson
2026-04-25 14:40:46,031 - WARNING - pairwise_permutation_test - GeoJSON lacks source_tile — will assign via spatial join
2026-04-25 14:40:46,031 - INFO - pairwise_permutation_test - GeoJSON: 326 detections from consensus_t3.geojson
2026-04-25 14:40:46,035 - WARNING - pairwise_permutation_test - GeoJSON lacks source_tile — will assign via spatial join
2026-04-25 14:40:46,035 - INFO - pairwise_permutation_test - GeoJSON: 326 detections from consensus_t3.geojson
2026-04-25 14:40:46,036 - WARNING - pairwise_permutation_test - GeoJSON lacks source_tile — will assign via spatial join
2026-04-25 14:40:46,036 - INFO - pairwise_permutation_test - GeoJSON: 326 detections from consensus_t3.geojson
2026-04-25 14:40:46,038 - WARNING - pairwise_permutation_test - GeoJSON lacks source_tile — will assign via spatial join
2026-04-25 14:40:46,038 - INFO - pairwise_permutation_test - GeoJSON: 327 detections from consensus_t3.geojson
2026-04-25 14:40:46,041 - WARNING - pairwise_permutation_test - GeoJSON lacks source_tile — will assign via spatial join
2026-04-25 14:40:46,041 - INFO - pairwise_permutation_test - GeoJSON: 242 detections from consensus_t4.geojson
2026-04-25 14:40:46,042 - WARNING - pairwise_permutation_test - GeoJSON lacks source_tile — will assign via spatial join
2026-04-25 14:40:46,042 - INFO - pairwise_permutation_test - GeoJSON: 236 detections from consensus_t4.geojson
2026-04-25 14:40:46,058 - WARNING - pairwise_permutation_test - GeoJSON lacks source_tile — will assign via spatial join
2026-04-25 14:40:46,058 - INFO - pairwise_permutation_test - GeoJSON: 326 detections from consensus_t3.geojson
2026-04-25 14:40:46,064 - WARNING - pairwise_permutation_test - GeoJSON lacks source_tile — will assign via spatial join
2026-04-25 14:40:46,064 - INFO - pairwise_permutation_test - GeoJSON: 236 detections from consensus_t4.geojson
2026-04-25 14:40:46,090 - WARNING - pairwise_permutation_test - GeoJSON lacks source_tile — will assign via spatial join
2026-04-25 14:40:46,090 - INFO - pairwise_permutation_test - GeoJSON: 326 detections from consensus_t3.geojson
2026-04-25 14:40:46,097 - WARNING - pairwise_permutation_test - GeoJSON lacks source_tile — will assign via spatial join
2026-04-25 14:40:46,097 - INFO - pairwise_permutation_test - GeoJSON: 341 detections from consensus_t3.geojson
2026-04-25 14:40:46,662 - WARNING - pairwise_permutation_test - GeoJSON lacks source_tile — will assign via spatial join
2026-04-25 14:40:46,662 - INFO - pairwise_permutation_test - GeoJSON: 326 detections from consensus_t3.geojson
2026-04-25 14:40:46,665 - WARNING - pairwise_permutation_test - GeoJSON lacks source_tile — will assign via spatial join
2026-04-25 14:40:46,665 - INFO - pairwise_permutation_test - GeoJSON: 326 detections from consensus_t3.geojson
2026-04-25 14:40:46,669 - WARNING - pairwise_permutation_test - GeoJSON lacks source_tile — will assign via spatial join
2026-04-25 14:40:46,669 - INFO - pairwise_permutation_test - GeoJSON: 344 detections from consensus_t3.geojson
2026-04-25 14:40:46,671 - WARNING - pairwise_permutation_test - GeoJSON lacks source_tile — will assign via spatial join
2026-04-25 14:40:46,671 - INFO - pairwise_permutation_test - GeoJSON: 258 detections from consensus_t4.geojson
2026-04-25 14:40:46,682 - WARNING - pairwise_permutation_test - GeoJSON lacks source_tile — will assign via spatial join
2026-04-25 14:40:46,682 - INFO - pairwise_permutation_test - GeoJSON: 326 detections from consensus_t3.geojson
2026-04-25 14:40:46,687 - WARNING - pairwise_permutation_test - GeoJSON lacks source_tile — will assign via spatial join
2026-04-25 14:40:46,687 - INFO - pairwise_permutation_test - GeoJSON: 326 detections from consensus_t3.geojson
2026-04-25 14:40:46,689 - WARNING - pairwise_permutation_test - GeoJSON lacks source_tile — will assign via spatial join
2026-04-25 14:40:46,689 - INFO - pairwise_permutation_test - GeoJSON: 344 detections from consensus_t3.geojson
2026-04-25 14:40:46,694 - WARNING - pairwise_permutation_test - GeoJSON lacks source_tile — will assign via spatial join
2026-04-25 14:40:46,694 - INFO - pairwise_permutation_test - GeoJSON: 370 detections from consensus_t3.geojson
2026-04-25 14:40:46,702 - WARNING - pairwise_permutation_test - GeoJSON lacks source_tile — will assign via spatial join
2026-04-25 14:40:46,702 - INFO - pairwise_permutation_test - GeoJSON: 254 detections from consensus_t4.geojson
2026-04-25 14:40:46,706 - WARNING - pairwise_permutation_test - GeoJSON lacks source_tile — will assign via spatial join
2026-04-25 14:40:46,706 - INFO - pairwise_permutation_test - GeoJSON: 254 detections from consensus_t4.geojson
2026-04-25 14:40:46,709 - WARNING - pairwise_permutation_test - GeoJSON lacks source_tile — will assign via spatial join
2026-04-25 14:40:46,709 - INFO - pairwise_permutation_test - GeoJSON: 333 detections from consensus_t3.geojson
2026-04-25 14:40:46,713 - WARNING - pairwise_permutation_test - GeoJSON lacks source_tile — will assign via spatial join
2026-04-25 14:40:46,713 - INFO - pairwise_permutation_test - GeoJSON: 327 detections from consensus_t3.geojson
2026-04-25 14:40:46,720 - WARNING - pairwise_permutation_test - GeoJSON lacks source_tile — will assign via spatial join
2026-04-25 14:40:46,720 - INFO - pairwise_permutation_test - GeoJSON: 254 detections from consensus_t4.geojson
2026-04-25 14:40:46,726 - WARNING - pairwise_permutation_test - GeoJSON lacks source_tile — will assign via spatial join
2026-04-25 14:40:46,726 - INFO - pairwise_permutation_test - GeoJSON: 242 detections from consensus_t4.geojson
2026-04-25 14:40:46,770 - WARNING - pairwise_permutation_test - GeoJSON lacks source_tile — will assign via spatial join
2026-04-25 14:40:46,770 - INFO - pairwise_permutation_test - GeoJSON: 254 detections from consensus_t4.geojson
2026-04-25 14:40:46,776 - WARNING - pairwise_permutation_test - GeoJSON lacks source_tile — will assign via spatial join
2026-04-25 14:40:46,776 - INFO - pairwise_permutation_test - GeoJSON: 236 detections from consensus_t4.geojson
2026-04-25 14:40:47,319 - WARNING - pairwise_permutation_test - GeoJSON lacks source_tile — will assign via spatial join
2026-04-25 14:40:47,319 - INFO - pairwise_permutation_test - GeoJSON: 254 detections from consensus_t4.geojson
2026-04-25 14:40:47,323 - WARNING - pairwise_permutation_test - GeoJSON lacks source_tile — will assign via spatial join
2026-04-25 14:40:47,323 - INFO - pairwise_permutation_test - GeoJSON: 254 detections from consensus_t4.geojson
2026-04-25 14:40:47,325 - WARNING - pairwise_permutation_test - GeoJSON lacks source_tile — will assign via spatial join
2026-04-25 14:40:47,325 - INFO - pairwise_permutation_test - GeoJSON: 236 detections from consensus_t4.geojson
2026-04-25 14:40:47,330 - WARNING - pairwise_permutation_test - GeoJSON lacks source_tile — will assign via spatial join
2026-04-25 14:40:47,330 - INFO - pairwise_permutation_test - GeoJSON: 341 detections from consensus_t3.geojson
2026-04-25 14:40:47,340 - WARNING - pairwise_permutation_test - GeoJSON lacks source_tile — will assign via spatial join
2026-04-25 14:40:47,340 - INFO - pairwise_permutation_test - GeoJSON: 254 detections from consensus_t4.geojson
2026-04-25 14:40:47,343 - WARNING - pairwise_permutation_test - GeoJSON lacks source_tile — will assign via spatial join
2026-04-25 14:40:47,343 - INFO - pairwise_permutation_test - GeoJSON: 254 detections from consensus_t4.geojson
2026-04-25 14:40:47,347 - WARNING - pairwise_permutation_test - GeoJSON lacks source_tile — will assign via spatial join
2026-04-25 14:40:47,347 - INFO - pairwise_permutation_test - GeoJSON: 344 detections from consensus_t3.geojson
2026-04-25 14:40:47,349 - WARNING - pairwise_permutation_test - GeoJSON lacks source_tile — will assign via spatial join
2026-04-25 14:40:47,349 - INFO - pairwise_permutation_test - GeoJSON: 258 detections from consensus_t4.geojson
2026-04-25 14:40:47,361 - WARNING - pairwise_permutation_test - GeoJSON lacks source_tile — will assign via spatial join
2026-04-25 14:40:47,361 - INFO - pairwise_permutation_test - GeoJSON: 254 detections from consensus_t4.geojson
2026-04-25 14:40:47,368 - WARNING - pairwise_permutation_test - GeoJSON lacks source_tile — will assign via spatial join
2026-04-25 14:40:47,368 - INFO - pairwise_permutation_test - GeoJSON: 344 detections from consensus_t3.geojson
2026-04-25 14:40:47,372 - WARNING - pairwise_permutation_test - GeoJSON lacks source_tile — will assign via spatial join
2026-04-25 14:40:47,372 - INFO - pairwise_permutation_test - GeoJSON: 254 detections from consensus_t4.geojson
2026-04-25 14:40:47,380 - WARNING - pairwise_permutation_test - GeoJSON lacks source_tile — will assign via spatial join
2026-04-25 14:40:47,380 - INFO - pairwise_permutation_test - GeoJSON: 370 detections from consensus_t3.geojson
2026-04-25 14:40:47,381 - WARNING - pairwise_permutation_test - GeoJSON lacks source_tile — will assign via spatial join
2026-04-25 14:40:47,381 - INFO - pairwise_permutation_test - GeoJSON: 333 detections from consensus_t3.geojson
2026-04-25 14:40:47,388 - WARNING - pairwise_permutation_test - GeoJSON lacks source_tile — will assign via spatial join
2026-04-25 14:40:47,388 - INFO - pairwise_permutation_test - GeoJSON: 327 detections from consensus_t3.geojson
2026-04-25 14:40:47,442 - WARNING - pairwise_permutation_test - GeoJSON lacks source_tile — will assign via spatial join
2026-04-25 14:40:47,442 - INFO - pairwise_permutation_test - GeoJSON: 333 detections from consensus_t3.geojson
2026-04-25 14:40:47,448 - WARNING - pairwise_permutation_test - GeoJSON lacks source_tile — will assign via spatial join
2026-04-25 14:40:47,448 - INFO - pairwise_permutation_test - GeoJSON: 242 detections from consensus_t4.geojson
2026-04-25 14:40:47,972 - WARNING - pairwise_permutation_test - GeoJSON lacks source_tile — will assign via spatial join
2026-04-25 14:40:47,972 - INFO - pairwise_permutation_test - GeoJSON: 333 detections from consensus_t3.geojson
2026-04-25 14:40:47,978 - WARNING - pairwise_permutation_test - GeoJSON lacks source_tile — will assign via spatial join
2026-04-25 14:40:47,978 - INFO - pairwise_permutation_test - GeoJSON: 236 detections from consensus_t4.geojson
2026-04-25 14:40:47,978 - WARNING - pairwise_permutation_test - GeoJSON lacks source_tile — will assign via spatial join
2026-04-25 14:40:47,978 - INFO - pairwise_permutation_test - GeoJSON: 333 detections from consensus_t3.geojson
2026-04-25 14:40:47,984 - WARNING - pairwise_permutation_test - GeoJSON lacks source_tile — will assign via spatial join
2026-04-25 14:40:47,984 - INFO - pairwise_permutation_test - GeoJSON: 236 detections from consensus_t4.geojson
2026-04-25 14:40:47,993 - WARNING - pairwise_permutation_test - GeoJSON lacks source_tile — will assign via spatial join
2026-04-25 14:40:47,993 - INFO - pairwise_permutation_test - GeoJSON: 333 detections from consensus_t3.geojson
2026-04-25 14:40:47,994 - WARNING - pairwise_permutation_test - GeoJSON lacks source_tile — will assign via spatial join
2026-04-25 14:40:47,994 - INFO - pairwise_permutation_test - GeoJSON: 333 detections from consensus_t3.geojson
2026-04-25 14:40:48,000 - WARNING - pairwise_permutation_test - GeoJSON lacks source_tile — will assign via spatial join
2026-04-25 14:40:48,000 - INFO - pairwise_permutation_test - GeoJSON: 341 detections from consensus_t3.geojson
2026-04-25 14:40:48,001 - WARNING - pairwise_permutation_test - GeoJSON lacks source_tile — will assign via spatial join
2026-04-25 14:40:48,002 - INFO - pairwise_permutation_test - GeoJSON: 344 detections from consensus_t3.geojson
2026-04-25 14:40:48,019 - WARNING - pairwise_permutation_test - GeoJSON lacks source_tile — will assign via spatial join
2026-04-25 14:40:48,019 - INFO - pairwise_permutation_test - GeoJSON: 333 detections from consensus_t3.geojson
2026-04-25 14:40:48,025 - WARNING - pairwise_permutation_test - GeoJSON lacks source_tile — will assign via spatial join
2026-04-25 14:40:48,025 - INFO - pairwise_permutation_test - GeoJSON: 258 detections from consensus_t4.geojson
2026-04-25 14:40:48,027 - WARNING - pairwise_permutation_test - GeoJSON lacks source_tile — will assign via spatial join
2026-04-25 14:40:48,027 - INFO - pairwise_permutation_test - GeoJSON: 333 detections from consensus_t3.geojson
2026-04-25 14:40:48,035 - WARNING - pairwise_permutation_test - GeoJSON lacks source_tile — will assign via spatial join
2026-04-25 14:40:48,035 - INFO - pairwise_permutation_test - GeoJSON: 344 detections from consensus_t3.geojson
2026-04-25 14:40:48,060 - WARNING - pairwise_permutation_test - GeoJSON lacks source_tile — will assign via spatial join
2026-04-25 14:40:48,060 - INFO - pairwise_permutation_test - GeoJSON: 333 detections from consensus_t3.geojson
2026-04-25 14:40:48,068 - WARNING - pairwise_permutation_test - GeoJSON lacks source_tile — will assign via spatial join
2026-04-25 14:40:48,068 - INFO - pairwise_permutation_test - GeoJSON: 370 detections from consensus_t3.geojson
2026-04-25 14:40:48,120 - WARNING - pairwise_permutation_test - GeoJSON lacks source_tile — will assign via spatial join
2026-04-25 14:40:48,120 - INFO - pairwise_permutation_test - GeoJSON: 327 detections from consensus_t3.geojson
2026-04-25 14:40:48,126 - WARNING - pairwise_permutation_test - GeoJSON lacks source_tile — will assign via spatial join
2026-04-25 14:40:48,126 - INFO - pairwise_permutation_test - GeoJSON: 242 detections from consensus_t4.geojson
2026-04-25 14:40:48,624 - WARNING - pairwise_permutation_test - GeoJSON lacks source_tile — will assign via spatial join
2026-04-25 14:40:48,624 - INFO - pairwise_permutation_test - GeoJSON: 327 detections from consensus_t3.geojson
2026-04-25 14:40:48,630 - WARNING - pairwise_permutation_test - GeoJSON lacks source_tile — will assign via spatial join
2026-04-25 14:40:48,630 - INFO - pairwise_permutation_test - GeoJSON: 236 detections from consensus_t4.geojson
2026-04-25 14:40:48,634 - INFO - __main__ - [50/91] pairwise done
2026-04-25 14:40:48,647 - WARNING - pairwise_permutation_test - GeoJSON lacks source_tile — will assign via spatial join
2026-04-25 14:40:48,647 - INFO - pairwise_permutation_test - GeoJSON: 327 detections from consensus_t3.geojson
2026-04-25 14:40:48,648 - WARNING - pairwise_permutation_test - GeoJSON lacks source_tile — will assign via spatial join
2026-04-25 14:40:48,648 - INFO - pairwise_permutation_test - GeoJSON: 327 detections from consensus_t3.geojson
2026-04-25 14:40:48,652 - WARNING - pairwise_permutation_test - GeoJSON lacks source_tile — will assign via spatial join
2026-04-25 14:40:48,652 - INFO - pairwise_permutation_test - GeoJSON: 327 detections from consensus_t3.geojson
2026-04-25 14:40:48,653 - WARNING - pairwise_permutation_test - GeoJSON lacks source_tile — will assign via spatial join
2026-04-25 14:40:48,653 - INFO - pairwise_permutation_test - GeoJSON: 236 detections from consensus_t4.geojson
2026-04-25 14:40:48,655 - WARNING - pairwise_permutation_test - GeoJSON lacks source_tile — will assign via spatial join
2026-04-25 14:40:48,655 - INFO - pairwise_permutation_test - GeoJSON: 341 detections from consensus_t3.geojson
2026-04-25 14:40:48,660 - WARNING - pairwise_permutation_test - GeoJSON lacks source_tile — will assign via spatial join
2026-04-25 14:40:48,660 - INFO - pairwise_permutation_test - GeoJSON: 344 detections from consensus_t3.geojson
2026-04-25 14:40:48,680 - WARNING - pairwise_permutation_test - GeoJSON lacks source_tile — will assign via spatial join
2026-04-25 14:40:48,680 - INFO - pairwise_permutation_test - GeoJSON: 327 detections from consensus_t3.geojson
2026-04-25 14:40:48,686 - WARNING - pairwise_permutation_test - GeoJSON lacks source_tile — will assign via spatial join
2026-04-25 14:40:48,686 - INFO - pairwise_permutation_test - GeoJSON: 258 detections from consensus_t4.geojson
2026-04-25 14:40:48,694 - WARNING - pairwise_permutation_test - GeoJSON lacks source_tile — will assign via spatial join
2026-04-25 14:40:48,694 - INFO - pairwise_permutation_test - GeoJSON: 327 detections from consensus_t3.geojson
2026-04-25 14:40:48,701 - WARNING - pairwise_permutation_test - GeoJSON lacks source_tile — will assign via spatial join
2026-04-25 14:40:48,701 - INFO - pairwise_permutation_test - GeoJSON: 344 detections from consensus_t3.geojson
2026-04-25 14:40:48,723 - WARNING - pairwise_permutation_test - GeoJSON lacks source_tile — will assign via spatial join
2026-04-25 14:40:48,723 - INFO - pairwise_permutation_test - GeoJSON: 327 detections from consensus_t3.geojson
2026-04-25 14:40:48,731 - WARNING - pairwise_permutation_test - GeoJSON lacks source_tile — will assign via spatial join
2026-04-25 14:40:48,731 - INFO - pairwise_permutation_test - GeoJSON: 370 detections from consensus_t3.geojson
2026-04-25 14:40:48,777 - WARNING - pairwise_permutation_test - GeoJSON lacks source_tile — will assign via spatial join
2026-04-25 14:40:48,777 - INFO - pairwise_permutation_test - GeoJSON: 242 detections from consensus_t4.geojson
2026-04-25 14:40:48,783 - WARNING - pairwise_permutation_test - GeoJSON lacks source_tile — will assign via spatial join
2026-04-25 14:40:48,783 - INFO - pairwise_permutation_test - GeoJSON: 236 detections from consensus_t4.geojson
2026-04-25 14:40:49,274 - WARNING - pairwise_permutation_test - GeoJSON lacks source_tile — will assign via spatial join
2026-04-25 14:40:49,274 - INFO - pairwise_permutation_test - GeoJSON: 242 detections from consensus_t4.geojson
2026-04-25 14:40:49,280 - WARNING - pairwise_permutation_test - GeoJSON lacks source_tile — will assign via spatial join
2026-04-25 14:40:49,280 - INFO - pairwise_permutation_test - GeoJSON: 236 detections from consensus_t4.geojson
2026-04-25 14:40:49,302 - WARNING - pairwise_permutation_test - GeoJSON lacks source_tile — will assign via spatial join
2026-04-25 14:40:49,302 - INFO - pairwise_permutation_test - GeoJSON: 242 detections from consensus_t4.geojson
2026-04-25 14:40:49,304 - WARNING - pairwise_permutation_test - GeoJSON lacks source_tile — will assign via spatial join
2026-04-25 14:40:49,304 - INFO - pairwise_permutation_test - GeoJSON: 242 detections from consensus_t4.geojson
2026-04-25 14:40:49,308 - WARNING - pairwise_permutation_test - GeoJSON lacks source_tile — will assign via spatial join
2026-04-25 14:40:49,308 - INFO - pairwise_permutation_test - GeoJSON: 242 detections from consensus_t4.geojson
2026-04-25 14:40:49,309 - WARNING - pairwise_permutation_test - GeoJSON lacks source_tile — will assign via spatial join
2026-04-25 14:40:49,309 - INFO - pairwise_permutation_test - GeoJSON: 341 detections from consensus_t3.geojson
2026-04-25 14:40:49,311 - WARNING - pairwise_permutation_test - GeoJSON lacks source_tile — will assign via spatial join
2026-04-25 14:40:49,311 - INFO - pairwise_permutation_test - GeoJSON: 344 detections from consensus_t3.geojson
2026-04-25 14:40:49,314 - WARNING - pairwise_permutation_test - GeoJSON lacks source_tile — will assign via spatial join
2026-04-25 14:40:49,314 - INFO - pairwise_permutation_test - GeoJSON: 258 detections from consensus_t4.geojson
2026-04-25 14:40:49,334 - WARNING - pairwise_permutation_test - GeoJSON lacks source_tile — will assign via spatial join
2026-04-25 14:40:49,335 - INFO - pairwise_permutation_test - GeoJSON: 242 detections from consensus_t4.geojson
2026-04-25 14:40:49,342 - WARNING - pairwise_permutation_test - GeoJSON lacks source_tile — will assign via spatial join
2026-04-25 14:40:49,342 - INFO - pairwise_permutation_test - GeoJSON: 344 detections from consensus_t3.geojson
2026-04-25 14:40:49,368 - WARNING - pairwise_permutation_test - GeoJSON lacks source_tile — will assign via spatial join
2026-04-25 14:40:49,368 - INFO - pairwise_permutation_test - GeoJSON: 242 detections from consensus_t4.geojson
2026-04-25 14:40:49,375 - WARNING - pairwise_permutation_test - GeoJSON lacks source_tile — will assign via spatial join
2026-04-25 14:40:49,375 - INFO - pairwise_permutation_test - GeoJSON: 370 detections from consensus_t3.geojson
2026-04-25 14:40:49,391 - WARNING - pairwise_permutation_test - GeoJSON lacks source_tile — will assign via spatial join
2026-04-25 14:40:49,391 - INFO - pairwise_permutation_test - GeoJSON: 236 detections from consensus_t4.geojson
2026-04-25 14:40:49,397 - WARNING - pairwise_permutation_test - GeoJSON lacks source_tile — will assign via spatial join
2026-04-25 14:40:49,397 - INFO - pairwise_permutation_test - GeoJSON: 236 detections from consensus_t4.geojson
2026-04-25 14:40:49,443 - WARNING - pairwise_permutation_test - GeoJSON lacks source_tile — will assign via spatial join
2026-04-25 14:40:49,443 - INFO - pairwise_permutation_test - GeoJSON: 236 detections from consensus_t4.geojson
2026-04-25 14:40:49,450 - WARNING - pairwise_permutation_test - GeoJSON lacks source_tile — will assign via spatial join
2026-04-25 14:40:49,451 - INFO - pairwise_permutation_test - GeoJSON: 341 detections from consensus_t3.geojson
2026-04-25 14:40:49,926 - WARNING - pairwise_permutation_test - GeoJSON lacks source_tile — will assign via spatial join
2026-04-25 14:40:49,926 - INFO - pairwise_permutation_test - GeoJSON: 236 detections from consensus_t4.geojson
2026-04-25 14:40:49,933 - WARNING - pairwise_permutation_test - GeoJSON lacks source_tile — will assign via spatial join
2026-04-25 14:40:49,933 - INFO - pairwise_permutation_test - GeoJSON: 344 detections from consensus_t3.geojson
2026-04-25 14:40:49,955 - WARNING - pairwise_permutation_test - GeoJSON lacks source_tile — will assign via spatial join
2026-04-25 14:40:49,955 - INFO - pairwise_permutation_test - GeoJSON: 236 detections from consensus_t4.geojson
2026-04-25 14:40:49,958 - WARNING - pairwise_permutation_test - GeoJSON lacks source_tile — will assign via spatial join
2026-04-25 14:40:49,958 - INFO - pairwise_permutation_test - GeoJSON: 236 detections from consensus_t4.geojson
2026-04-25 14:40:49,959 - WARNING - pairwise_permutation_test - GeoJSON lacks source_tile — will assign via spatial join
2026-04-25 14:40:49,959 - INFO - pairwise_permutation_test - GeoJSON: 236 detections from consensus_t4.geojson
2026-04-25 14:40:49,961 - WARNING - pairwise_permutation_test - GeoJSON lacks source_tile — will assign via spatial join
2026-04-25 14:40:49,961 - INFO - pairwise_permutation_test - GeoJSON: 258 detections from consensus_t4.geojson
2026-04-25 14:40:49,965 - WARNING - pairwise_permutation_test - GeoJSON lacks source_tile — will assign via spatial join
2026-04-25 14:40:49,965 - INFO - pairwise_permutation_test - GeoJSON: 344 detections from consensus_t3.geojson
2026-04-25 14:40:49,966 - WARNING - pairwise_permutation_test - GeoJSON lacks source_tile — will assign via spatial join
2026-04-25 14:40:49,966 - INFO - pairwise_permutation_test - GeoJSON: 370 detections from consensus_t3.geojson
2026-04-25 14:40:49,991 - WARNING - pairwise_permutation_test - GeoJSON lacks source_tile — will assign via spatial join
2026-04-25 14:40:49,991 - INFO - pairwise_permutation_test - GeoJSON: 236 detections from consensus_t4.geojson
2026-04-25 14:40:49,998 - WARNING - pairwise_permutation_test - GeoJSON lacks source_tile — will assign via spatial join
2026-04-25 14:40:49,998 - INFO - pairwise_permutation_test - GeoJSON: 341 detections from consensus_t3.geojson
2026-04-25 14:40:50,049 - WARNING - pairwise_permutation_test - GeoJSON lacks source_tile — will assign via spatial join
2026-04-25 14:40:50,049 - INFO - pairwise_permutation_test - GeoJSON: 236 detections from consensus_t4.geojson
2026-04-25 14:40:50,052 - WARNING - pairwise_permutation_test - GeoJSON lacks source_tile — will assign via spatial join
2026-04-25 14:40:50,052 - INFO - pairwise_permutation_test - GeoJSON: 236 detections from consensus_t4.geojson
2026-04-25 14:40:50,056 - WARNING - pairwise_permutation_test - GeoJSON lacks source_tile — will assign via spatial join
2026-04-25 14:40:50,056 - INFO - pairwise_permutation_test - GeoJSON: 344 detections from consensus_t3.geojson
2026-04-25 14:40:50,058 - WARNING - pairwise_permutation_test - GeoJSON lacks source_tile — will assign via spatial join
2026-04-25 14:40:50,059 - INFO - pairwise_permutation_test - GeoJSON: 258 detections from consensus_t4.geojson
2026-04-25 14:40:50,116 - WARNING - pairwise_permutation_test - GeoJSON lacks source_tile — will assign via spatial join
2026-04-25 14:40:50,116 - INFO - pairwise_permutation_test - GeoJSON: 236 detections from consensus_t4.geojson
2026-04-25 14:40:50,124 - WARNING - pairwise_permutation_test - GeoJSON lacks source_tile — will assign via spatial join
2026-04-25 14:40:50,124 - INFO - pairwise_permutation_test - GeoJSON: 344 detections from consensus_t3.geojson
2026-04-25 14:40:50,579 - WARNING - pairwise_permutation_test - GeoJSON lacks source_tile — will assign via spatial join
2026-04-25 14:40:50,579 - INFO - pairwise_permutation_test - GeoJSON: 236 detections from consensus_t4.geojson
2026-04-25 14:40:50,586 - WARNING - pairwise_permutation_test - GeoJSON lacks source_tile — will assign via spatial join
2026-04-25 14:40:50,586 - INFO - pairwise_permutation_test - GeoJSON: 370 detections from consensus_t3.geojson
2026-04-25 14:40:50,609 - WARNING - pairwise_permutation_test - GeoJSON lacks source_tile — will assign via spatial join
2026-04-25 14:40:50,609 - INFO - pairwise_permutation_test - GeoJSON: 341 detections from consensus_t3.geojson
2026-04-25 14:40:50,613 - WARNING - pairwise_permutation_test - GeoJSON lacks source_tile — will assign via spatial join
2026-04-25 14:40:50,613 - INFO - pairwise_permutation_test - GeoJSON: 341 detections from consensus_t3.geojson
2026-04-25 14:40:50,616 - WARNING - pairwise_permutation_test - GeoJSON lacks source_tile — will assign via spatial join
2026-04-25 14:40:50,616 - INFO - pairwise_permutation_test - GeoJSON: 344 detections from consensus_t3.geojson
2026-04-25 14:40:50,617 - WARNING - pairwise_permutation_test - GeoJSON lacks source_tile — will assign via spatial join
2026-04-25 14:40:50,617 - INFO - pairwise_permutation_test - GeoJSON: 341 detections from consensus_t3.geojson
2026-04-25 14:40:50,619 - WARNING - pairwise_permutation_test - GeoJSON lacks source_tile — will assign via spatial join
2026-04-25 14:40:50,619 - INFO - pairwise_permutation_test - GeoJSON: 258 detections from consensus_t4.geojson
2026-04-25 14:40:50,624 - WARNING - pairwise_permutation_test - GeoJSON lacks source_tile — will assign via spatial join
2026-04-25 14:40:50,624 - INFO - pairwise_permutation_test - GeoJSON: 344 detections from consensus_t3.geojson
2026-04-25 14:40:50,647 - WARNING - pairwise_permutation_test - GeoJSON lacks source_tile — will assign via spatial join
2026-04-25 14:40:50,647 - INFO - pairwise_permutation_test - GeoJSON: 341 detections from consensus_t3.geojson
2026-04-25 14:40:50,655 - WARNING - pairwise_permutation_test - GeoJSON lacks source_tile — will assign via spatial join
2026-04-25 14:40:50,655 - INFO - pairwise_permutation_test - GeoJSON: 370 detections from consensus_t3.geojson
2026-04-25 14:40:50,711 - WARNING - pairwise_permutation_test - GeoJSON lacks source_tile — will assign via spatial join
2026-04-25 14:40:50,711 - INFO - pairwise_permutation_test - GeoJSON: 344 detections from consensus_t3.geojson
2026-04-25 14:40:50,717 - WARNING - pairwise_permutation_test - GeoJSON lacks source_tile — will assign via spatial join
2026-04-25 14:40:50,717 - INFO - pairwise_permutation_test - GeoJSON: 258 detections from consensus_t4.geojson
2026-04-25 14:40:50,723 - WARNING - pairwise_permutation_test - GeoJSON lacks source_tile — will assign via spatial join
2026-04-25 14:40:50,723 - INFO - pairwise_permutation_test - GeoJSON: 344 detections from consensus_t3.geojson
2026-04-25 14:40:50,731 - WARNING - pairwise_permutation_test - GeoJSON lacks source_tile — will assign via spatial join
2026-04-25 14:40:50,731 - INFO - pairwise_permutation_test - GeoJSON: 344 detections from consensus_t3.geojson
2026-04-25 14:40:50,795 - WARNING - pairwise_permutation_test - GeoJSON lacks source_tile — will assign via spatial join
2026-04-25 14:40:50,795 - INFO - pairwise_permutation_test - GeoJSON: 344 detections from consensus_t3.geojson
2026-04-25 14:40:50,803 - WARNING - pairwise_permutation_test - GeoJSON lacks source_tile — will assign via spatial join
2026-04-25 14:40:50,803 - INFO - pairwise_permutation_test - GeoJSON: 370 detections from consensus_t3.geojson
2026-04-25 14:40:51,232 - WARNING - pairwise_permutation_test - GeoJSON lacks source_tile — will assign via spatial join
2026-04-25 14:40:51,232 - INFO - pairwise_permutation_test - GeoJSON: 258 detections from consensus_t4.geojson
2026-04-25 14:40:51,239 - WARNING - pairwise_permutation_test - GeoJSON lacks source_tile — will assign via spatial join
2026-04-25 14:40:51,239 - INFO - pairwise_permutation_test - GeoJSON: 344 detections from consensus_t3.geojson
2026-04-25 14:40:51,262 - WARNING - pairwise_permutation_test - GeoJSON lacks source_tile — will assign via spatial join
2026-04-25 14:40:51,262 - INFO - pairwise_permutation_test - GeoJSON: 258 detections from consensus_t4.geojson
2026-04-25 14:40:51,269 - WARNING - pairwise_permutation_test - GeoJSON lacks source_tile — will assign via spatial join
2026-04-25 14:40:51,269 - INFO - pairwise_permutation_test - GeoJSON: 344 detections from consensus_t3.geojson
2026-04-25 14:40:51,269 - WARNING - pairwise_permutation_test - GeoJSON lacks source_tile — will assign via spatial join
2026-04-25 14:40:51,269 - INFO - pairwise_permutation_test - GeoJSON: 370 detections from consensus_t3.geojson
2026-04-25 14:40:51,276 - WARNING - pairwise_permutation_test - GeoJSON lacks source_tile — will assign via spatial join
2026-04-25 14:40:51,276 - INFO - pairwise_permutation_test - GeoJSON: 370 detections from consensus_t3.geojson
2026-04-25 14:40:51,866 - INFO - __main__ - [91/91] pairwise done
2026-04-25 14:40:51,874 - INFO - __main__ - Pairwise: 0 cached, 91 computed
2026-04-25 14:40:51,875 - INFO - __main__ - Stage 4 complete in 7.9s
2026-04-25 14:40:51,875 - INFO - __main__ - FDR: 6/91 pairs significant at q=0.05 → 2 tiers
2026-04-25 14:40:51,875 - INFO - __main__ - Markdown leaderboard written to results/leaderboard/per-architecture/era3/consensus/leaderboard_tiers_mcc_20m.md
2026-04-25 14:40:51,876 - INFO - __main__ - Markdown leaderboard written to results/leaderboard/per-architecture/era3/consensus/leaderboard_tiers_mcc_30m.md
2026-04-25 14:40:51,876 - INFO - __main__ - Markdown leaderboard written to results/leaderboard/per-architecture/era3/consensus/leaderboard_tiers_mcc_40m.md
2026-04-25 14:40:51,876 - INFO - __main__ - Markdown leaderboard written to results/leaderboard/per-architecture/era3/consensus/leaderboard_tiers_mcc_50m.md
2026-04-25 14:40:51,876 - INFO - __main__ - Markdown leaderboard written to results/leaderboard/per-architecture/era3/consensus/leaderboard_tiers_mcc_100m.md
2026-04-25 14:40:51,879 - INFO - __main__ - JSON leaderboard written to results/leaderboard/per-architecture/era3/consensus/leaderboard_tiers_mcc_20m.json
2026-04-25 14:40:51,883 - INFO - __main__ - All evaluations written to results/leaderboard/per-architecture/era3/consensus/leaderboard_all_evaluations.json

========================================================================
LEADERBOARD TIERS (MCC, 20m buffer)
========================================================================

Tier 1 (MCC: 0.680–0.772, 12 conditions)
    1. h8v2-scale-4                             MCC=0.772  t=4
    2. h8v2-scale-8                             MCC=0.739  t=3
    3. h12v2-r3-hp-heavy                        MCC=0.733  t=3
    4. h8v2-plus-hp                             MCC=0.732  t=4
    5. h8v2-scale-16                            MCC=0.726  t=3
    6. h12v2-r1-hn-heavy                        MCC=0.725  t=3
    7. h8v2-scale-32                            MCC=0.718  t=4
    8. h10v2-pool_160_hp4hn4                    MCC=0.718  t=4
    9. h12v2-r2-balanced                        MCC=0.718  t=4
   10. h10v2-pool_080_hp4hn4                    MCC=0.691  t=3
   11. h10v2-pool_020_hp4hn4                    MCC=0.686  t=3
   12. h8v2-canonical                           MCC=0.680  t=4

Tier 2 (MCC: 0.599–0.640, 2 conditions)
   13. h10v2-pool_040_hp4hn4                    MCC=0.640  t=3
   14. h8v2-pure-positive-canon                 MCC=0.599  t=3

========================================================================
Total: 14 conditions in 2 tiers
========================================================================
