=== Era 1 single-pass ===
[13:27:37] Building: era1-single-pass-f1-q005
    OK (logs/per-arch-leaderboards-rebuild-2026-04-25/era1-single-pass-f1-q005.log)
[13:29:29] Building: era1-single-pass-f1-q001
    OK (logs/per-arch-leaderboards-rebuild-2026-04-25/era1-single-pass-f1-q001.log)
[13:29:29] Building: era1-single-pass-mcc-q005
    OK (logs/per-arch-leaderboards-rebuild-2026-04-25/era1-single-pass-mcc-q005.log)
[13:29:49] Building: era1-single-pass-mcc-q001
    OK (logs/per-arch-leaderboards-rebuild-2026-04-25/era1-single-pass-mcc-q001.log)
=== Era 1 consensus ===
[13:29:49] Building: era1-consensus-f1-q005
    OK (logs/per-arch-leaderboards-rebuild-2026-04-25/era1-consensus-f1-q005.log)
[14:07:54] Building: era1-consensus-f1-q001
    OK (logs/per-arch-leaderboards-rebuild-2026-04-25/era1-consensus-f1-q001.log)
[14:07:55] Building: era1-consensus-mcc-q005
    OK (logs/per-arch-leaderboards-rebuild-2026-04-25/era1-consensus-mcc-q005.log)
[14:11:42] Building: era1-consensus-mcc-q001
    OK (logs/per-arch-leaderboards-rebuild-2026-04-25/era1-consensus-mcc-q001.log)
=== Era 2 single-pass ===
[14:11:43] Building: era2-single-pass-f1-q005
    OK (logs/per-arch-leaderboards-rebuild-2026-04-25/era2-single-pass-f1-q005.log)
[14:12:16] Building: era2-single-pass-f1-q001
    OK (logs/per-arch-leaderboards-rebuild-2026-04-25/era2-single-pass-f1-q001.log)
[14:12:17] Building: era2-single-pass-mcc-q005
    OK (logs/per-arch-leaderboards-rebuild-2026-04-25/era2-single-pass-mcc-q005.log)
[14:12:19] Building: era2-single-pass-mcc-q001
    OK (logs/per-arch-leaderboards-rebuild-2026-04-25/era2-single-pass-mcc-q001.log)
=== Era 2 consensus ===
[14:12:19] Building: era2-consensus-f1-q005
    OK (logs/per-arch-leaderboards-rebuild-2026-04-25/era2-consensus-f1-q005.log)
[14:29:46] Building: era2-consensus-f1-q001
    OK (logs/per-arch-leaderboards-rebuild-2026-04-25/era2-consensus-f1-q001.log)
[14:29:46] Building: era2-consensus-mcc-q005
    OK (logs/per-arch-leaderboards-rebuild-2026-04-25/era2-consensus-mcc-q005.log)
[14:30:35] Building: era2-consensus-mcc-q001
    OK (logs/per-arch-leaderboards-rebuild-2026-04-25/era2-consensus-mcc-q001.log)
=== Era 2 single-pass+PV ===
[14:30:35] Building: era2-single-pass+PV-f1-q005
    OK (logs/per-arch-leaderboards-rebuild-2026-04-25/era2-single-pass+PV-f1-q005.log)
[14:31:06] Building: era2-single-pass+PV-f1-q001
    OK (logs/per-arch-leaderboards-rebuild-2026-04-25/era2-single-pass+PV-f1-q001.log)
[14:31:07] Building: era2-single-pass+PV-mcc-q005
    OK (logs/per-arch-leaderboards-rebuild-2026-04-25/era2-single-pass+PV-mcc-q005.log)
[14:31:11] Building: era2-single-pass+PV-mcc-q001
    OK (logs/per-arch-leaderboards-rebuild-2026-04-25/era2-single-pass+PV-mcc-q001.log)
=== Era 2 pv ===
[14:31:11] Building: era2-pv-f1-q005
    OK (logs/per-arch-leaderboards-rebuild-2026-04-25/era2-pv-f1-q005.log)
[14:35:49] Building: era2-pv-f1-q001
    OK (logs/per-arch-leaderboards-rebuild-2026-04-25/era2-pv-f1-q001.log)
[14:35:49] Building: era2-pv-mcc-q005
    OK (logs/per-arch-leaderboards-rebuild-2026-04-25/era2-pv-mcc-q005.log)
[14:37:39] Building: era2-pv-mcc-q001
    OK (logs/per-arch-leaderboards-rebuild-2026-04-25/era2-pv-mcc-q001.log)
=== Era 3 consensus ===
[14:37:39] Building: era3-consensus-f1-q005
    OK (logs/per-arch-leaderboards-rebuild-2026-04-25/era3-consensus-f1-q005.log)
[14:40:43] Building: era3-consensus-f1-q001
    OK (logs/per-arch-leaderboards-rebuild-2026-04-25/era3-consensus-f1-q001.log)
[14:40:43] Building: era3-consensus-mcc-q005
    OK (logs/per-arch-leaderboards-rebuild-2026-04-25/era3-consensus-mcc-q005.log)
[14:40:51] Building: era3-consensus-mcc-q001
    OK (logs/per-arch-leaderboards-rebuild-2026-04-25/era3-consensus-mcc-q001.log)
=== Stage 2 complete ===
