INFO: Detection files: 1
INFO: Loading ground truth: inputs/vectors/references/best-available-gt-55maps-r2.geojson
INFO: Loading bounds: inputs/vectors/bounds/384/55maps_evaluation_bounds.geojson
INFO: Reference: 5018 mounds, 8541 evaluation tiles
INFO: Evaluating: detections.geojson
INFO:   5m: F1=0.057 [0.052, 0.062], P=0.040 [0.037, 0.043], R=0.100 [0.091, 0.108] [sparse coverage: 65.1% zero-tiles]
INFO:   10m: F1=0.193 [0.185, 0.201], P=0.135 [0.129, 0.141], R=0.337 [0.323, 0.350] [sparse coverage: 65.4% zero-tiles]
INFO:   15m: F1=0.332 [0.323, 0.341], P=0.233 [0.226, 0.240], R=0.580 [0.566, 0.595] [sparse coverage: 65.8% zero-tiles]
INFO:   20m: F1=0.425 [0.416, 0.433], P=0.298 [0.290, 0.305], R=0.742 [0.729, 0.754] [sparse coverage: 66.2% zero-tiles]
INFO:   25m: F1=0.476 [0.467, 0.483], P=0.333 [0.326, 0.340], R=0.830 [0.819, 0.841] [sparse coverage: 66.4% zero-tiles]
INFO:   30m: F1=0.501 [0.493, 0.509], P=0.351 [0.344, 0.358], R=0.875 [0.865, 0.884] [sparse coverage: 66.5% zero-tiles]
INFO:   35m: F1=0.512 [0.505, 0.520], P=0.359 [0.352, 0.366], R=0.895 [0.886, 0.903] [sparse coverage: 66.5% zero-tiles]
INFO:   40m: F1=0.517 [0.509, 0.524], P=0.362 [0.355, 0.369], R=0.903 [0.894, 0.911] [sparse coverage: 66.6% zero-tiles]
INFO:   45m: F1=0.520 [0.513, 0.528], P=0.364 [0.357, 0.372], R=0.908 [0.900, 0.916] [sparse coverage: 66.6% zero-tiles]
INFO:   50m: F1=0.522 [0.514, 0.529], P=0.366 [0.358, 0.373], R=0.911 [0.903, 0.919] [sparse coverage: 66.6% zero-tiles]
INFO:   75m: F1=0.524 [0.517, 0.532], P=0.367 [0.360, 0.375], R=0.916 [0.907, 0.923] [sparse coverage: 66.6% zero-tiles]
INFO:   100m: F1=0.526 [0.518, 0.534], P=0.369 [0.361, 0.376], R=0.919 [0.910, 0.926] [sparse coverage: 66.6% zero-tiles]
INFO:   125m: F1=0.527 [0.519, 0.534], P=0.369 [0.362, 0.377], R=0.920 [0.912, 0.928] [sparse coverage: 66.6% zero-tiles]
INFO:   150m: F1=0.528 [0.520, 0.535], P=0.370 [0.362, 0.377], R=0.921 [0.913, 0.929] [sparse coverage: 66.6% zero-tiles]
INFO:   MCC=0.775 [0.763, 0.788], Sens=0.743, Spec=0.988
INFO: JSON written: results/gemini3-image-55map-2026-09-16/cells/G3IMG-ARM2-K5-mcc-oracle/evaluation.json
INFO: CSV written: results/gemini3-image-55map-2026-09-16/cells/G3IMG-ARM2-K5-mcc-oracle/evaluation.csv
INFO: Markdown written: results/gemini3-image-55map-2026-09-16/cells/G3IMG-ARM2-K5-mcc-oracle/evaluation.md
