r2 reference: 5018 points (4726 student + 278 extension + 14 audit-reviewed); min separation 15.48 m
2026-09-14 02:16:24,684 - INFO - IMG-ARM1-K1: 6985 candidates
2026-09-14 02:16:24,714 - INFO - IMG-ARM1-K3: 8337 candidates
2026-09-14 02:16:24,733 - INFO - IMG-ARM2-K1: 6985 candidates
2026-09-14 02:16:24,756 - INFO - IMG-ARM2-K3: 8337 candidates
2026-09-14 02:16:24,763 - INFO - sweeping 179 points across 4 rungs (12 workers)
Exception in thread Thread-3 (_handle_results):
Traceback (most recent call last):
  File "/usr/lib/python3.13/threading.py", line 1041, in _bootstrap_inner
    self.run()
    ~~~~~~~~^^
  File "/usr/lib/python3.13/threading.py", line 992, in run
    self._target(*self._args, **self._kwargs)
    ~~~~~~~~~~~~^^^^^^^^^^^^^^^^^^^^^^^^^^^^^
  File "/usr/lib/python3.13/multiprocessing/pool.py", line 579, in _handle_results
    task = get()
  File "/usr/lib/python3.13/multiprocessing/connection.py", line 251, in recv
    return _ForkingPickler.loads(buf.getbuffer())
           ~~~~~~~~~~~~~~~~~~~~~^^^^^^^^^^^^^^^^^
TypeError: TileJoinRefusalError.__init__() missing 4 required keyword-only arguments: 'reason', 'tile_join', 'n_booked', and 'n_considered'
