INFO: Detection files: 1
INFO: Loading ground truth: inputs/vectors/references/mounds-reference.geojson
INFO: Loading bounds: inputs/vectors/bounds/384/full_evaluation_bounds.geojson
INFO: Reference: 569 mounds, 487 evaluation tiles
INFO: Evaluating: detections_pro-image-high-t0_run01.geojson
INFO:   5m: F1=0.096 [0.073, 0.124], P=0.076 [0.057, 0.099], R=0.131 [0.099, 0.168] [partial: 1/487 tiles unprocessed]
INFO:   10m: F1=0.304 [0.264, 0.346], P=0.240 [0.206, 0.277], R=0.414 [0.361, 0.468] [partial: 1/487 tiles unprocessed]
INFO:   15m: F1=0.447 [0.407, 0.488], P=0.353 [0.316, 0.392], R=0.609 [0.555, 0.658] [partial: 1/487 tiles unprocessed]
INFO:   20m: F1=0.540 [0.497, 0.583], P=0.427 [0.384, 0.470], R=0.736 [0.679, 0.783] [partial: 1/487 tiles unprocessed]
INFO:   25m: F1=0.577 [0.533, 0.619], P=0.456 [0.411, 0.500], R=0.786 [0.731, 0.830] [partial: 1/487 tiles unprocessed]
INFO:   30m: F1=0.616 [0.573, 0.656], P=0.487 [0.442, 0.530], R=0.839 [0.784, 0.877] [partial: 1/487 tiles unprocessed]
INFO:   35m: F1=0.643 [0.600, 0.683], P=0.508 [0.461, 0.553], R=0.876 [0.821, 0.911] [partial: 1/487 tiles unprocessed]
INFO:   40m: F1=0.657 [0.614, 0.696], P=0.519 [0.472, 0.564], R=0.894 [0.839, 0.926] [partial: 1/487 tiles unprocessed]
INFO:   45m: F1=0.665 [0.624, 0.704], P=0.525 [0.479, 0.571], R=0.906 [0.851, 0.935] [partial: 1/487 tiles unprocessed]
INFO:   50m: F1=0.665 [0.624, 0.704], P=0.525 [0.479, 0.571], R=0.906 [0.851, 0.935] [partial: 1/487 tiles unprocessed]
INFO:   75m: F1=0.672 [0.629, 0.710], P=0.531 [0.483, 0.577], R=0.915 [0.861, 0.943] [partial: 1/487 tiles unprocessed]
INFO:   100m: F1=0.673 [0.630, 0.713], P=0.532 [0.484, 0.578], R=0.917 [0.863, 0.946] [partial: 1/487 tiles unprocessed]
INFO:   125m: F1=0.677 [0.634, 0.716], P=0.535 [0.488, 0.581], R=0.922 [0.867, 0.949] [partial: 1/487 tiles unprocessed]
INFO:   150m: F1=0.678 [0.636, 0.717], P=0.536 [0.489, 0.583], R=0.924 [0.869, 0.952] [partial: 1/487 tiles unprocessed]
INFO:   MCC=0.651 [0.597, 0.702], Sens=0.991, Spec=0.624
INFO: JSON written: results/rescore-2026-09-07/n1-outstanding-384/pro-image-high-t0-single-pass-run_1/evaluation.json
INFO: CSV written: results/rescore-2026-09-07/n1-outstanding-384/pro-image-high-t0-single-pass-run_1/evaluation.csv
INFO: Markdown written: results/rescore-2026-09-07/n1-outstanding-384/pro-image-high-t0-single-pass-run_1/evaluation.md
