INFO: Detection files: 1
INFO: Loading ground truth: inputs/vectors/references/best-available-gt-55maps-r2.geojson
INFO: Loading bounds: inputs/vectors/bounds/384/55maps_evaluation_bounds.geojson
INFO: Reference: 5018 mounds, 8541 evaluation tiles
INFO: Evaluating: detections.geojson
INFO:   5m: F1=0.215 [0.205, 0.227], P=0.198 [0.188, 0.209], R=0.236 [0.224, 0.249] [sparse coverage: 64.5% zero-tiles]
INFO:   10m: F1=0.485 [0.471, 0.499], P=0.446 [0.433, 0.460], R=0.532 [0.517, 0.547] [sparse coverage: 64.9% zero-tiles]
INFO:   15m: F1=0.689 [0.676, 0.701], P=0.633 [0.620, 0.646], R=0.755 [0.741, 0.768] [sparse coverage: 65.3% zero-tiles]
INFO:   20m: F1=0.791 [0.781, 0.801], P=0.727 [0.715, 0.739], R=0.867 [0.857, 0.877] [sparse coverage: 65.6% zero-tiles]
INFO:   25m: F1=0.839 [0.831, 0.847], P=0.772 [0.761, 0.783], R=0.920 [0.912, 0.927] [sparse coverage: 65.8% zero-tiles]
INFO:   30m: F1=0.860 [0.852, 0.867], P=0.791 [0.780, 0.801], R=0.942 [0.936, 0.949] [sparse coverage: 65.8% zero-tiles]
INFO:   35m: F1=0.869 [0.862, 0.876], P=0.799 [0.788, 0.809], R=0.952 [0.946, 0.958] [sparse coverage: 65.9% zero-tiles]
INFO:   40m: F1=0.872 [0.865, 0.879], P=0.802 [0.791, 0.812], R=0.956 [0.950, 0.962] [sparse coverage: 65.9% zero-tiles]
INFO:   45m: F1=0.874 [0.867, 0.880], P=0.803 [0.793, 0.814], R=0.958 [0.952, 0.963] [sparse coverage: 65.9% zero-tiles]
INFO:   50m: F1=0.874 [0.867, 0.880], P=0.804 [0.793, 0.814], R=0.958 [0.952, 0.963] [sparse coverage: 65.9% zero-tiles]
INFO:   75m: F1=0.876 [0.869, 0.882], P=0.805 [0.795, 0.816], R=0.960 [0.955, 0.965] [sparse coverage: 65.9% zero-tiles]
INFO:   100m: F1=0.876 [0.869, 0.883], P=0.806 [0.795, 0.816], R=0.960 [0.955, 0.965] [sparse coverage: 65.9% zero-tiles]
INFO:   125m: F1=0.876 [0.870, 0.883], P=0.806 [0.795, 0.816], R=0.961 [0.955, 0.966] [sparse coverage: 65.9% zero-tiles]
INFO:   150m: F1=0.877 [0.870, 0.883], P=0.806 [0.795, 0.816], R=0.961 [0.955, 0.966] [sparse coverage: 65.9% zero-tiles]
INFO:   MCC=0.757 [0.744, 0.771], Sens=0.757, Spec=0.967
INFO: JSON written: results/gemini37-image-55map-2026-09-13/inheritance-2026-09-20/cells/IMG-ARM2-K1-carried-inherited/evaluation.json
INFO: CSV written: results/gemini37-image-55map-2026-09-13/inheritance-2026-09-20/cells/IMG-ARM2-K1-carried-inherited/evaluation.csv
INFO: Markdown written: results/gemini37-image-55map-2026-09-13/inheritance-2026-09-20/cells/IMG-ARM2-K1-carried-inherited/evaluation.md
