INFO: Detection files: 1
INFO: Loading ground truth: inputs/vectors/references/best-available-gt-55maps-r2.geojson
INFO: Loading bounds: inputs/vectors/bounds/384/55maps_evaluation_bounds.geojson
INFO: Reference: 5018 mounds, 8541 evaluation tiles
INFO: Evaluating: detections.geojson
INFO:   5m: F1=0.204 [0.193, 0.215], P=0.188 [0.178, 0.199], R=0.222 [0.210, 0.235] [sparse coverage: 62.6% zero-tiles]
INFO:   10m: F1=0.448 [0.435, 0.463], P=0.414 [0.400, 0.428], R=0.489 [0.474, 0.505] [sparse coverage: 63.0% zero-tiles]
INFO:   15m: F1=0.640 [0.627, 0.653], P=0.590 [0.577, 0.604], R=0.698 [0.684, 0.713] [sparse coverage: 63.3% zero-tiles]
INFO:   20m: F1=0.751 [0.740, 0.762], P=0.693 [0.680, 0.705], R=0.820 [0.808, 0.831] [sparse coverage: 63.6% zero-tiles]
INFO:   25m: F1=0.805 [0.796, 0.814], P=0.743 [0.731, 0.754], R=0.879 [0.869, 0.889] [sparse coverage: 63.8% zero-tiles]
INFO:   30m: F1=0.824 [0.815, 0.833], P=0.761 [0.749, 0.771], R=0.900 [0.890, 0.909] [sparse coverage: 63.9% zero-tiles]
INFO:   35m: F1=0.837 [0.829, 0.845], P=0.772 [0.761, 0.783], R=0.914 [0.905, 0.922] [sparse coverage: 63.9% zero-tiles]
INFO:   40m: F1=0.841 [0.833, 0.849], P=0.776 [0.764, 0.786], R=0.918 [0.909, 0.926] [sparse coverage: 63.9% zero-tiles]
INFO:   45m: F1=0.844 [0.836, 0.852], P=0.779 [0.767, 0.789], R=0.921 [0.913, 0.929] [sparse coverage: 63.9% zero-tiles]
INFO:   50m: F1=0.846 [0.838, 0.853], P=0.780 [0.769, 0.791], R=0.923 [0.915, 0.931] [sparse coverage: 63.9% zero-tiles]
INFO:   75m: F1=0.848 [0.840, 0.855], P=0.782 [0.771, 0.792], R=0.925 [0.917, 0.933] [sparse coverage: 63.9% zero-tiles]
INFO:   100m: F1=0.849 [0.841, 0.856], P=0.783 [0.772, 0.793], R=0.926 [0.918, 0.934] [sparse coverage: 63.9% zero-tiles]
INFO:   125m: F1=0.850 [0.842, 0.857], P=0.784 [0.773, 0.795], R=0.927 [0.919, 0.935] [sparse coverage: 63.9% zero-tiles]
INFO:   150m: F1=0.850 [0.842, 0.857], P=0.784 [0.773, 0.795], R=0.928 [0.919, 0.935] [sparse coverage: 63.9% zero-tiles]
INFO:   MCC=0.707 [0.692, 0.722], Sens=0.744, Spec=0.938
INFO: JSON written: results/55map-final-board-r2-2026-09-06/cells/ARM2-N1-carried/evaluation.json
INFO: CSV written: results/55map-final-board-r2-2026-09-06/cells/ARM2-N1-carried/evaluation.csv
INFO: Markdown written: results/55map-final-board-r2-2026-09-06/cells/ARM2-N1-carried/evaluation.md
