INFO: Detection files: 1
INFO: Loading ground truth: inputs/vectors/references/best-available-gt-55maps-r2.geojson
INFO: Loading bounds: inputs/vectors/bounds/384/55maps_evaluation_bounds.geojson
INFO: Reference: 5018 mounds, 8541 evaluation tiles
INFO: Evaluating: detections.geojson
INFO:   5m: F1=0.215 [0.202, 0.227], P=0.224 [0.212, 0.237], R=0.206 [0.194, 0.218] [sparse coverage: 65.6% zero-tiles]
INFO:   10m: F1=0.473 [0.459, 0.489], P=0.494 [0.479, 0.510], R=0.454 [0.439, 0.470] [sparse coverage: 65.9% zero-tiles]
INFO:   15m: F1=0.661 [0.648, 0.675], P=0.690 [0.676, 0.705], R=0.635 [0.619, 0.650] [sparse coverage: 66.3% zero-tiles]
INFO:   20m: F1=0.773 [0.761, 0.784], P=0.807 [0.795, 0.819], R=0.742 [0.727, 0.755] [sparse coverage: 66.5% zero-tiles]
INFO:   25m: F1=0.826 [0.816, 0.835], P=0.862 [0.852, 0.872], R=0.793 [0.780, 0.805] [sparse coverage: 66.7% zero-tiles]
INFO:   30m: F1=0.849 [0.839, 0.857], P=0.886 [0.876, 0.895], R=0.814 [0.802, 0.826] [sparse coverage: 66.7% zero-tiles]
INFO:   35m: F1=0.862 [0.853, 0.870], P=0.899 [0.890, 0.908], R=0.827 [0.815, 0.838] [sparse coverage: 66.8% zero-tiles]
INFO:   40m: F1=0.865 [0.856, 0.873], P=0.903 [0.893, 0.911], R=0.830 [0.818, 0.841] [sparse coverage: 66.8% zero-tiles]
INFO:   45m: F1=0.867 [0.859, 0.874], P=0.905 [0.895, 0.913], R=0.832 [0.820, 0.843] [sparse coverage: 66.8% zero-tiles]
INFO:   50m: F1=0.868 [0.860, 0.875], P=0.906 [0.896, 0.915], R=0.833 [0.821, 0.844] [sparse coverage: 66.8% zero-tiles]
INFO:   75m: F1=0.869 [0.861, 0.877], P=0.907 [0.898, 0.916], R=0.834 [0.822, 0.845] [sparse coverage: 66.8% zero-tiles]
INFO:   100m: F1=0.870 [0.862, 0.878], P=0.908 [0.899, 0.917], R=0.835 [0.823, 0.846] [sparse coverage: 66.8% zero-tiles]
INFO:   125m: F1=0.870 [0.862, 0.878], P=0.909 [0.900, 0.917], R=0.835 [0.823, 0.847] [sparse coverage: 66.8% zero-tiles]
INFO:   150m: F1=0.871 [0.863, 0.879], P=0.909 [0.900, 0.918], R=0.836 [0.824, 0.847] [sparse coverage: 66.8% zero-tiles]
INFO:   MCC=0.724 [0.710, 0.737], Sens=0.689, Spec=0.981
INFO: JSON written: results/55map-final-board-r2-2026-09-06/cells/ARM1-N3-mcc-oracle-k3/evaluation.json
INFO: CSV written: results/55map-final-board-r2-2026-09-06/cells/ARM1-N3-mcc-oracle-k3/evaluation.csv
INFO: Markdown written: results/55map-final-board-r2-2026-09-06/cells/ARM1-N3-mcc-oracle-k3/evaluation.md
