INFO: Detection files: 1
INFO: Loading ground truth: inputs/vectors/references/best-available-gt-55maps-r2.geojson
INFO: Loading bounds: inputs/vectors/bounds/384/55maps_evaluation_bounds.geojson
INFO: Reference: 5018 mounds, 8541 evaluation tiles
INFO: Evaluating: detections.geojson
INFO:   5m: F1=0.148 [0.139, 0.159], P=0.154 [0.144, 0.165], R=0.143 [0.133, 0.153] [sparse coverage: 64.9% zero-tiles]
INFO:   10m: F1=0.398 [0.384, 0.413], P=0.414 [0.400, 0.430], R=0.383 [0.369, 0.398] [sparse coverage: 65.2% zero-tiles]
INFO:   15m: F1=0.597 [0.583, 0.611], P=0.622 [0.607, 0.637], R=0.575 [0.560, 0.590] [sparse coverage: 65.6% zero-tiles]
INFO:   20m: F1=0.730 [0.717, 0.742], P=0.759 [0.746, 0.772], R=0.702 [0.688, 0.716] [sparse coverage: 65.8% zero-tiles]
INFO:   25m: F1=0.800 [0.789, 0.809], P=0.832 [0.821, 0.843], R=0.769 [0.756, 0.782] [sparse coverage: 65.9% zero-tiles]
INFO:   30m: F1=0.832 [0.823, 0.841], P=0.866 [0.856, 0.876], R=0.801 [0.788, 0.813] [sparse coverage: 66.0% zero-tiles]
INFO:   35m: F1=0.845 [0.836, 0.853], P=0.879 [0.869, 0.889], R=0.813 [0.801, 0.824] [sparse coverage: 66.1% zero-tiles]
INFO:   40m: F1=0.853 [0.844, 0.860], P=0.887 [0.878, 0.897], R=0.820 [0.809, 0.832] [sparse coverage: 66.2% zero-tiles]
INFO:   45m: F1=0.855 [0.847, 0.863], P=0.890 [0.880, 0.899], R=0.823 [0.811, 0.834] [sparse coverage: 66.2% zero-tiles]
INFO:   50m: F1=0.856 [0.848, 0.864], P=0.891 [0.881, 0.900], R=0.824 [0.812, 0.835] [sparse coverage: 66.2% zero-tiles]
INFO:   75m: F1=0.857 [0.848, 0.864], P=0.892 [0.882, 0.901], R=0.824 [0.812, 0.835] [sparse coverage: 66.2% zero-tiles]
INFO:   100m: F1=0.857 [0.849, 0.865], P=0.892 [0.883, 0.901], R=0.825 [0.813, 0.836] [sparse coverage: 66.2% zero-tiles]
INFO:   125m: F1=0.858 [0.850, 0.866], P=0.894 [0.884, 0.902], R=0.826 [0.814, 0.837] [sparse coverage: 66.2% zero-tiles]
INFO:   150m: F1=0.859 [0.851, 0.866], P=0.894 [0.884, 0.903], R=0.826 [0.815, 0.838] [sparse coverage: 66.2% zero-tiles]
INFO:   MCC=0.712 [0.698, 0.726], Sens=0.692, Spec=0.972
INFO: JSON written: results/55map-final-board-r2-2026-09-06/cells/B-N10-oracle/evaluation.json
INFO: CSV written: results/55map-final-board-r2-2026-09-06/cells/B-N10-oracle/evaluation.csv
INFO: Markdown written: results/55map-final-board-r2-2026-09-06/cells/B-N10-oracle/evaluation.md
