55 maps, 8541 tiles, tile 1918 m (3.68 km2)
students 4746, phantoms 773 (gate buffers: {50.0: 415, 75.0: 179, 125.0: 44, 150.0: 34, 100.0: 91, 200.0: 10})
GT nearest-neighbour distance: p10 65 m, p25 113 m, median 375 m

T03-k3 (oracle): 4905 detections
  R     obs-F1   null-F1  obs-step  null-step  NN<=2R
    5  0.0870   0.0000                       0.1%
   10  0.2791   0.0001    0.1921    0.0001   0.3%
   15  0.4708   0.0001    0.1917       0.0   2.0%
   20  0.6296   0.0002    0.1587    0.0001   3.3%
   25  0.7183   0.0004    0.0887    0.0002   4.3%
   30  0.7651   0.0005    0.0468    0.0001   7.9%
   35  0.7896   0.0007    0.0245    0.0002   11.8%
   40  0.8003   0.0010    0.0108    0.0003   14.7%
   45  0.8080   0.0012    0.0077    0.0002   18.6%
   50  0.8476   0.0016    0.0396    0.0004   21.3%
   75  0.8435   0.0036   -0.0041     0.002   31.8%
  100  0.8413   0.0065   -0.0022    0.0029   37.0%
  125  0.8412   0.0102   -0.0001    0.0037   41.9%
  150  0.8414   0.0146    0.0001    0.0044   45.3%

TH7-k4 (carry-forward): 4164 detections
  R     obs-F1   null-F1  obs-step  null-step  NN<=2R
    5  0.0855   0.0000                       0.1%
   10  0.2754   0.0001    0.1899    0.0001   0.3%
   15  0.4788   0.0001    0.2034       0.0   2.0%
   20  0.6260   0.0002    0.1473    0.0001   3.3%
   25  0.7102   0.0004    0.0842    0.0002   4.3%
   30  0.7569   0.0005    0.0467    0.0001   7.9%
   35  0.7778   0.0007    0.0209    0.0002   11.8%
   40  0.7868   0.0009     0.009    0.0002   14.7%
   45  0.7903   0.0011    0.0036    0.0002   18.6%
   50  0.8152   0.0015    0.0249    0.0004   21.3%
   75  0.8045   0.0034   -0.0107    0.0019   31.8%
  100  0.8006   0.0060   -0.0039    0.0026   37.0%
  125  0.7990   0.0094   -0.0016    0.0034   41.9%
  150  0.7977   0.0135   -0.0014    0.0041   45.3%

Wrote results/working-precision/55maps-csr-noise-floor.json
