INFO: Detection files: 1
INFO: Loading ground truth: inputs/vectors/references/best-available-gt-55maps-r2.geojson
INFO: Loading bounds: inputs/vectors/bounds/384/55maps_evaluation_bounds.geojson
INFO: Reference: 5018 mounds, 8541 evaluation tiles
INFO: Evaluating: detections.geojson
INFO:   5m: F1=0.058 [0.050, 0.066], P=0.092 [0.080, 0.105], R=0.042 [0.036, 0.048] [sparse coverage: 66.5% zero-tiles]
INFO:   10m: F1=0.192 [0.179, 0.206], P=0.307 [0.288, 0.328], R=0.140 [0.130, 0.151] [sparse coverage: 66.7% zero-tiles]
INFO:   15m: F1=0.325 [0.309, 0.340], P=0.519 [0.497, 0.540], R=0.236 [0.223, 0.250] [sparse coverage: 66.9% zero-tiles]
INFO:   20m: F1=0.433 [0.416, 0.449], P=0.692 [0.672, 0.712], R=0.315 [0.300, 0.330] [sparse coverage: 67.0% zero-tiles]
INFO:   25m: F1=0.505 [0.488, 0.521], P=0.807 [0.789, 0.823], R=0.367 [0.352, 0.383] [sparse coverage: 67.1% zero-tiles]
INFO:   30m: F1=0.547 [0.531, 0.563], P=0.875 [0.860, 0.888], R=0.398 [0.382, 0.414] [sparse coverage: 67.2% zero-tiles]
INFO:   35m: F1=0.566 [0.550, 0.582], P=0.905 [0.892, 0.917], R=0.412 [0.396, 0.428] [sparse coverage: 67.2% zero-tiles]
INFO:   40m: F1=0.575 [0.559, 0.591], P=0.919 [0.907, 0.930], R=0.418 [0.402, 0.434] [sparse coverage: 67.2% zero-tiles]
INFO:   45m: F1=0.581 [0.565, 0.597], P=0.929 [0.918, 0.940], R=0.423 [0.407, 0.439] [sparse coverage: 67.2% zero-tiles]
INFO:   50m: F1=0.585 [0.569, 0.600], P=0.936 [0.925, 0.945], R=0.426 [0.410, 0.442] [sparse coverage: 67.2% zero-tiles]
INFO:   75m: F1=0.590 [0.574, 0.605], P=0.943 [0.932, 0.952], R=0.429 [0.413, 0.445] [sparse coverage: 67.2% zero-tiles]
INFO:   100m: F1=0.590 [0.574, 0.605], P=0.943 [0.933, 0.952], R=0.429 [0.413, 0.445] [sparse coverage: 67.2% zero-tiles]
INFO:   125m: F1=0.591 [0.575, 0.606], P=0.944 [0.934, 0.953], R=0.430 [0.414, 0.445] [sparse coverage: 67.2% zero-tiles]
INFO:   150m: F1=0.591 [0.575, 0.606], P=0.945 [0.935, 0.954], R=0.430 [0.414, 0.446] [sparse coverage: 67.2% zero-tiles]
INFO:   MCC=0.546 [0.531, 0.560], Sens=0.442, Spec=0.991
INFO: JSON written: results/im-june-pool-grid-2026-09-20/cells/IM-5pass-k5-carried/evaluation.json
INFO: CSV written: results/im-june-pool-grid-2026-09-20/cells/IM-5pass-k5-carried/evaluation.csv
INFO: Markdown written: results/im-june-pool-grid-2026-09-20/cells/IM-5pass-k5-carried/evaluation.md
