2026-06-06 14:18:41,252 - INFO - Loading detections, student GT, bounds...
2026-06-06 14:18:41,617 - INFO -   detections: A=4164 B=4905  student GT=4746  tiles=8541
2026-06-06 14:18:41,630 - INFO -   review A: yesterday=0 today=1569 sentinels=97
2026-06-06 14:18:41,630 - INFO -   review B: yesterday=0 today=1569 sentinels=97
2026-06-06 14:18:41,630 - INFO - --- R = 20 m ---
2026-06-06 14:18:41,641 - INFO -   phantoms: A=0 B=0  ext_GT: A=4746 B=4746
2026-06-06 14:18:54,621 - INFO -   F1: carryfwd_T0.7_k4=0.6260 vs oracle_T0.3_k3=0.6296  ΔF1=-0.0035 [-0.0135, +0.0063]  p=0.4851 ns  W/L/T=359/442/7740
2026-06-06 14:18:54,623 - INFO - --- R = 25 m ---
2026-06-06 14:18:54,634 - INFO -   phantoms: A=0 B=0  ext_GT: A=4746 B=4746
2026-06-06 14:19:09,761 - INFO -   F1: carryfwd_T0.7_k4=0.7102 vs oracle_T0.3_k3=0.7183  ΔF1=-0.0081 [-0.0171, +0.0011]  p=0.0808 ns  W/L/T=321/430/7790
2026-06-06 14:19:09,782 - INFO - --- R = 30 m ---
2026-06-06 14:19:09,792 - INFO -   phantoms: A=0 B=0  ext_GT: A=4746 B=4746
2026-06-06 14:19:23,604 - INFO -   F1: carryfwd_T0.7_k4=0.7569 vs oracle_T0.3_k3=0.7651  ΔF1=-0.0082 [-0.0167, +0.0002]  p=0.0574 ns  W/L/T=297/429/7815
2026-06-06 14:19:23,606 - INFO - --- R = 35 m ---
2026-06-06 14:19:23,618 - INFO -   phantoms: A=0 B=0  ext_GT: A=4746 B=4746
2026-06-06 14:19:37,933 - INFO -   F1: carryfwd_T0.7_k4=0.7778 vs oracle_T0.3_k3=0.7896  ΔF1=-0.0118 [-0.0201, -0.0036]  p=0.0054 **  W/L/T=283/440/7818
2026-06-06 14:19:37,936 - INFO - --- R = 40 m ---
2026-06-06 14:19:37,947 - INFO -   phantoms: A=0 B=0  ext_GT: A=4746 B=4746
2026-06-06 14:19:52,694 - INFO -   F1: carryfwd_T0.7_k4=0.7868 vs oracle_T0.3_k3=0.8003  ΔF1=-0.0136 [-0.0220, -0.0055]  p=0.0010 **  W/L/T=272/440/7829
2026-06-06 14:19:52,697 - INFO - --- R = 45 m ---
2026-06-06 14:19:52,708 - INFO -   phantoms: A=0 B=0  ext_GT: A=4746 B=4746
2026-06-06 14:20:07,608 - INFO -   F1: carryfwd_T0.7_k4=0.7903 vs oracle_T0.3_k3=0.8080  ΔF1=-0.0177 [-0.0260, -0.0096]  p=0.0000 ***  W/L/T=266/449/7826
2026-06-06 14:20:07,611 - INFO - --- R = 50 m ---
2026-06-06 14:20:07,667 - INFO -   phantoms: A=607 B=607  ext_GT: A=5353 B=5353
2026-06-06 14:20:23,770 - INFO -   F1: carryfwd_T0.7_k4=0.7986 vs oracle_T0.3_k3=0.8302  ΔF1=-0.0316 [-0.0395, -0.0240]  p=0.0000 ***  W/L/T=243/519/7779
2026-06-06 14:20:23,772 - INFO - --- R = 75 m ---
2026-06-06 14:20:23,838 - INFO -   phantoms: A=676 B=676  ext_GT: A=5422 B=5422
2026-06-06 14:20:40,794 - INFO -   F1: carryfwd_T0.7_k4=0.7970 vs oracle_T0.3_k3=0.8353  ΔF1=-0.0383 [-0.0461, -0.0306]  p=0.0000 ***  W/L/T=220/547/7774
2026-06-06 14:20:40,797 - INFO - --- R = 100 m ---
2026-06-06 14:20:40,863 - INFO -   phantoms: A=719 B=719  ext_GT: A=5465 B=5465
2026-06-06 14:20:54,390 - INFO -   F1: carryfwd_T0.7_k4=0.7974 vs oracle_T0.3_k3=0.8363  ΔF1=-0.0389 [-0.0467, -0.0312]  p=0.0000 ***  W/L/T=224/553/7764
2026-06-06 14:20:54,393 - INFO - --- R = 125 m ---
2026-06-06 14:20:54,432 - INFO -   phantoms: A=749 B=749  ext_GT: A=5495 B=5495
2026-06-06 14:21:10,257 - INFO -   F1: carryfwd_T0.7_k4=0.7972 vs oracle_T0.3_k3=0.8379  ΔF1=-0.0407 [-0.0485, -0.0330]  p=0.0000 ***  W/L/T=219/562/7760
2026-06-06 14:21:10,261 - INFO - Wrote results/deployment-oracle-2026-06-06/joint-oracle/carryfwd-vs-oracle/summary.json
