INFO: Detection files: 1
INFO: Loading ground truth: inputs/vectors/references/best-available-gt-55maps-r2.geojson
INFO: Loading bounds: inputs/vectors/bounds/384/55maps_evaluation_bounds.geojson
INFO: Reference: 5018 mounds, 8541 evaluation tiles
INFO: Evaluating: detections.geojson
INFO:   5m: F1=0.228 [0.216, 0.240], P=0.221 [0.209, 0.232], R=0.236 [0.223, 0.248] [sparse coverage: 65.0% zero-tiles]
INFO:   10m: F1=0.514 [0.500, 0.529], P=0.498 [0.484, 0.513], R=0.532 [0.517, 0.547] [sparse coverage: 65.4% zero-tiles]
INFO:   15m: F1=0.719 [0.707, 0.732], P=0.696 [0.683, 0.710], R=0.744 [0.731, 0.757] [sparse coverage: 65.8% zero-tiles]
INFO:   20m: F1=0.829 [0.819, 0.839], P=0.803 [0.791, 0.815], R=0.857 [0.847, 0.868] [sparse coverage: 66.0% zero-tiles]
INFO:   25m: F1=0.883 [0.875, 0.890], P=0.855 [0.845, 0.865], R=0.913 [0.904, 0.920] [sparse coverage: 66.2% zero-tiles]
INFO:   30m: F1=0.904 [0.897, 0.910], P=0.875 [0.866, 0.885], R=0.934 [0.927, 0.941] [sparse coverage: 66.3% zero-tiles]
INFO:   35m: F1=0.914 [0.908, 0.920], P=0.885 [0.876, 0.894], R=0.945 [0.938, 0.951] [sparse coverage: 66.4% zero-tiles]
INFO:   40m: F1=0.918 [0.912, 0.923], P=0.889 [0.880, 0.897], R=0.949 [0.942, 0.955] [sparse coverage: 66.4% zero-tiles]
INFO:   45m: F1=0.919 [0.914, 0.925], P=0.890 [0.881, 0.899], R=0.950 [0.944, 0.956] [sparse coverage: 66.4% zero-tiles]
INFO:   50m: F1=0.920 [0.914, 0.925], P=0.891 [0.882, 0.899], R=0.951 [0.945, 0.957] [sparse coverage: 66.4% zero-tiles]
INFO:   75m: F1=0.921 [0.915, 0.927], P=0.892 [0.883, 0.900], R=0.952 [0.946, 0.958] [sparse coverage: 66.4% zero-tiles]
INFO:   100m: F1=0.921 [0.916, 0.927], P=0.892 [0.883, 0.901], R=0.953 [0.946, 0.958] [sparse coverage: 66.4% zero-tiles]
INFO:   125m: F1=0.922 [0.916, 0.927], P=0.892 [0.884, 0.901], R=0.953 [0.947, 0.958] [sparse coverage: 66.4% zero-tiles]
INFO:   150m: F1=0.922 [0.916, 0.927], P=0.892 [0.884, 0.901], R=0.953 [0.947, 0.958] [sparse coverage: 66.4% zero-tiles]
INFO:   MCC=0.765 [0.752, 0.778], Sens=0.753, Spec=0.975
INFO: JSON written: results/gemini37-image-55map-2026-09-13/cells/IMG-ARM2-K3-carried/evaluation.json
INFO: CSV written: results/gemini37-image-55map-2026-09-13/cells/IMG-ARM2-K3-carried/evaluation.csv
INFO: Markdown written: results/gemini37-image-55map-2026-09-13/cells/IMG-ARM2-K3-carried/evaluation.md
