INFO: Detection files: 1
INFO: Loading ground truth: inputs/vectors/references/mounds-reference.geojson
INFO: Loading bounds: inputs/vectors/bounds/384/full_evaluation_bounds.geojson
INFO: Reference: 569 mounds, 487 evaluation tiles
INFO: Evaluating: detections_pro-text-high-t0_run02.geojson
INFO:   5m: F1=0.167 [0.137, 0.202], P=0.116 [0.093, 0.144], R=0.297 [0.249, 0.347] [partial: 3/487 tiles unprocessed]
INFO:   10m: F1=0.378 [0.330, 0.427], P=0.263 [0.222, 0.307], R=0.671 [0.616, 0.721] [partial: 3/487 tiles unprocessed]
INFO:   15m: F1=0.462 [0.408, 0.516], P=0.321 [0.274, 0.373], R=0.821 [0.766, 0.863] [partial: 3/487 tiles unprocessed]
INFO:   20m: F1=0.485 [0.429, 0.540], P=0.337 [0.288, 0.391], R=0.862 [0.809, 0.900] [partial: 3/487 tiles unprocessed]
INFO:   25m: F1=0.495 [0.439, 0.551], P=0.344 [0.295, 0.399], R=0.880 [0.826, 0.915] [partial: 3/487 tiles unprocessed]
INFO:   30m: F1=0.505 [0.449, 0.561], P=0.352 [0.301, 0.406], R=0.899 [0.846, 0.930] [partial: 3/487 tiles unprocessed]
INFO:   35m: F1=0.509 [0.453, 0.566], P=0.354 [0.304, 0.410], R=0.906 [0.851, 0.936] [partial: 3/487 tiles unprocessed]
INFO:   40m: F1=0.513 [0.457, 0.569], P=0.357 [0.305, 0.413], R=0.913 [0.858, 0.942] [partial: 3/487 tiles unprocessed]
INFO:   45m: F1=0.513 [0.457, 0.569], P=0.357 [0.305, 0.413], R=0.913 [0.858, 0.942] [partial: 3/487 tiles unprocessed]
INFO:   50m: F1=0.515 [0.458, 0.571], P=0.358 [0.307, 0.414], R=0.915 [0.860, 0.943] [partial: 3/487 tiles unprocessed]
INFO:   75m: F1=0.520 [0.463, 0.576], P=0.362 [0.310, 0.418], R=0.924 [0.868, 0.951] [partial: 3/487 tiles unprocessed]
INFO:   100m: F1=0.521 [0.464, 0.578], P=0.362 [0.311, 0.419], R=0.926 [0.871, 0.953] [partial: 3/487 tiles unprocessed]
INFO:   125m: F1=0.522 [0.466, 0.579], P=0.363 [0.312, 0.420], R=0.929 [0.873, 0.955] [partial: 3/487 tiles unprocessed]
INFO:   150m: F1=0.522 [0.466, 0.579], P=0.363 [0.312, 0.420], R=0.929 [0.873, 0.955] [partial: 3/487 tiles unprocessed]
INFO:   MCC=0.392 [0.337, 0.445], Sens=0.991, Spec=0.298
INFO: JSON written: results/rescore-2026-09-07/n1-outstanding-384/pro-text-high-t0-single-pass-run_2/evaluation.json
INFO: CSV written: results/rescore-2026-09-07/n1-outstanding-384/pro-text-high-t0-single-pass-run_2/evaluation.csv
INFO: Markdown written: results/rescore-2026-09-07/n1-outstanding-384/pro-text-high-t0-single-pass-run_2/evaluation.md
