INFO: Detection files: 1
INFO: Loading ground truth: inputs/vectors/references/best-available-gt-55maps-r2.geojson
INFO: Loading bounds: inputs/vectors/bounds/384/55maps_evaluation_bounds.geojson
INFO: Reference: 5018 mounds, 8541 evaluation tiles
INFO: Evaluating: detections.geojson
INFO:   5m: F1=0.208 [0.198, 0.220], P=0.188 [0.178, 0.198], R=0.234 [0.222, 0.247] [sparse coverage: 62.9% zero-tiles]
INFO:   10m: F1=0.469 [0.455, 0.482], P=0.423 [0.410, 0.436], R=0.526 [0.511, 0.542] [sparse coverage: 63.4% zero-tiles]
INFO:   15m: F1=0.667 [0.654, 0.679], P=0.601 [0.588, 0.614], R=0.749 [0.735, 0.762] [sparse coverage: 63.8% zero-tiles]
INFO:   20m: F1=0.765 [0.755, 0.775], P=0.690 [0.678, 0.702], R=0.859 [0.849, 0.869] [sparse coverage: 64.0% zero-tiles]
INFO:   25m: F1=0.813 [0.804, 0.821], P=0.732 [0.721, 0.744], R=0.912 [0.904, 0.920] [sparse coverage: 64.2% zero-tiles]
INFO:   30m: F1=0.833 [0.825, 0.841], P=0.751 [0.739, 0.762], R=0.935 [0.928, 0.942] [sparse coverage: 64.3% zero-tiles]
INFO:   35m: F1=0.842 [0.834, 0.849], P=0.759 [0.748, 0.770], R=0.945 [0.938, 0.951] [sparse coverage: 64.3% zero-tiles]
INFO:   40m: F1=0.845 [0.838, 0.853], P=0.762 [0.751, 0.773], R=0.949 [0.943, 0.955] [sparse coverage: 64.3% zero-tiles]
INFO:   45m: F1=0.846 [0.839, 0.854], P=0.763 [0.752, 0.774], R=0.950 [0.944, 0.956] [sparse coverage: 64.3% zero-tiles]
INFO:   50m: F1=0.848 [0.840, 0.855], P=0.764 [0.753, 0.775], R=0.952 [0.945, 0.958] [sparse coverage: 64.3% zero-tiles]
INFO:   75m: F1=0.850 [0.842, 0.857], P=0.766 [0.755, 0.777], R=0.954 [0.948, 0.960] [sparse coverage: 64.3% zero-tiles]
INFO:   100m: F1=0.850 [0.843, 0.857], P=0.766 [0.755, 0.777], R=0.954 [0.948, 0.960] [sparse coverage: 64.3% zero-tiles]
INFO:   125m: F1=0.850 [0.843, 0.857], P=0.767 [0.755, 0.777], R=0.955 [0.948, 0.960] [sparse coverage: 64.3% zero-tiles]
INFO:   150m: F1=0.851 [0.844, 0.858], P=0.767 [0.756, 0.778], R=0.956 [0.949, 0.961] [sparse coverage: 64.3% zero-tiles]
INFO:   MCC=0.732 [0.718, 0.746], Sens=0.763, Spec=0.945
INFO: JSON written: results/gemini37-image-55map-2026-09-13/cells/IMG-ARM1-K1-carried/evaluation.json
INFO: CSV written: results/gemini37-image-55map-2026-09-13/cells/IMG-ARM1-K1-carried/evaluation.csv
INFO: Markdown written: results/gemini37-image-55map-2026-09-13/cells/IMG-ARM1-K1-carried/evaluation.md
