INFO: Detection files: 3
INFO: Loading ground truth: inputs/vectors/references/mounds-reference.geojson
INFO: Loading bounds: inputs/vectors/bounds/384/full_evaluation_bounds.geojson
INFO: Reference: 569 mounds, 487 evaluation tiles
INFO: Evaluating: detections_pro-image-high-t0_run01.geojson
INFO:   5m: F1=0.096 [0.073, 0.124], P=0.076 [0.057, 0.099], R=0.131 [0.099, 0.168] [partial: 1/487 tiles unprocessed]
INFO:   10m: F1=0.304 [0.264, 0.346], P=0.240 [0.206, 0.277], R=0.414 [0.361, 0.468] [partial: 1/487 tiles unprocessed]
INFO:   15m: F1=0.447 [0.407, 0.488], P=0.353 [0.316, 0.392], R=0.609 [0.555, 0.658] [partial: 1/487 tiles unprocessed]
INFO:   20m: F1=0.540 [0.497, 0.583], P=0.427 [0.384, 0.470], R=0.736 [0.679, 0.783] [partial: 1/487 tiles unprocessed]
INFO:   25m: F1=0.577 [0.533, 0.619], P=0.456 [0.411, 0.500], R=0.786 [0.731, 0.830] [partial: 1/487 tiles unprocessed]
INFO:   30m: F1=0.616 [0.573, 0.656], P=0.487 [0.442, 0.530], R=0.839 [0.784, 0.877] [partial: 1/487 tiles unprocessed]
INFO:   35m: F1=0.643 [0.600, 0.683], P=0.508 [0.461, 0.553], R=0.876 [0.821, 0.911] [partial: 1/487 tiles unprocessed]
INFO:   40m: F1=0.657 [0.614, 0.696], P=0.519 [0.472, 0.564], R=0.894 [0.839, 0.926] [partial: 1/487 tiles unprocessed]
INFO:   45m: F1=0.665 [0.624, 0.704], P=0.525 [0.479, 0.571], R=0.906 [0.851, 0.935] [partial: 1/487 tiles unprocessed]
INFO:   50m: F1=0.665 [0.624, 0.704], P=0.525 [0.479, 0.571], R=0.906 [0.851, 0.935] [partial: 1/487 tiles unprocessed]
INFO:   75m: F1=0.672 [0.629, 0.710], P=0.531 [0.483, 0.577], R=0.915 [0.861, 0.943] [partial: 1/487 tiles unprocessed]
INFO:   100m: F1=0.673 [0.630, 0.713], P=0.532 [0.484, 0.578], R=0.917 [0.863, 0.946] [partial: 1/487 tiles unprocessed]
INFO:   125m: F1=0.677 [0.634, 0.716], P=0.535 [0.488, 0.581], R=0.922 [0.867, 0.949] [partial: 1/487 tiles unprocessed]
INFO:   150m: F1=0.678 [0.636, 0.717], P=0.536 [0.489, 0.583], R=0.924 [0.869, 0.952] [partial: 1/487 tiles unprocessed]
INFO:   MCC=0.651 [0.597, 0.702], Sens=0.991, Spec=0.624
INFO: Evaluating: detections_pro-image-high-t0_run02.geojson
INFO:   5m: F1=0.095 [0.072, 0.122], P=0.075 [0.056, 0.097], R=0.129 [0.098, 0.165] [partial: 1/487 tiles unprocessed]
INFO:   10m: F1=0.310 [0.270, 0.355], P=0.246 [0.211, 0.285], R=0.421 [0.365, 0.475] [partial: 1/487 tiles unprocessed]
INFO:   15m: F1=0.458 [0.417, 0.499], P=0.363 [0.324, 0.403], R=0.621 [0.566, 0.671] [partial: 1/487 tiles unprocessed]
INFO:   20m: F1=0.548 [0.504, 0.591], P=0.434 [0.391, 0.478], R=0.743 [0.687, 0.790] [partial: 1/487 tiles unprocessed]
INFO:   25m: F1=0.590 [0.547, 0.633], P=0.468 [0.423, 0.513], R=0.800 [0.746, 0.842] [partial: 1/487 tiles unprocessed]
INFO:   30m: F1=0.626 [0.583, 0.666], P=0.496 [0.450, 0.541], R=0.848 [0.793, 0.885] [partial: 1/487 tiles unprocessed]
INFO:   35m: F1=0.646 [0.603, 0.687], P=0.512 [0.465, 0.558], R=0.876 [0.820, 0.910] [partial: 1/487 tiles unprocessed]
INFO:   40m: F1=0.660 [0.618, 0.700], P=0.523 [0.475, 0.569], R=0.894 [0.839, 0.926] [partial: 1/487 tiles unprocessed]
INFO:   45m: F1=0.667 [0.626, 0.706], P=0.528 [0.482, 0.575], R=0.903 [0.849, 0.933] [partial: 1/487 tiles unprocessed]
INFO:   50m: F1=0.667 [0.626, 0.706], P=0.528 [0.482, 0.575], R=0.903 [0.849, 0.933] [partial: 1/487 tiles unprocessed]
INFO:   75m: F1=0.675 [0.633, 0.714], P=0.535 [0.488, 0.582], R=0.915 [0.860, 0.943] [partial: 1/487 tiles unprocessed]
INFO:   100m: F1=0.677 [0.634, 0.716], P=0.536 [0.489, 0.583], R=0.917 [0.863, 0.946] [partial: 1/487 tiles unprocessed]
INFO:   125m: F1=0.680 [0.638, 0.720], P=0.539 [0.492, 0.586], R=0.922 [0.867, 0.949] [partial: 1/487 tiles unprocessed]
INFO:   150m: F1=0.682 [0.639, 0.721], P=0.540 [0.493, 0.588], R=0.924 [0.869, 0.951] [partial: 1/487 tiles unprocessed]
INFO:   MCC=0.651 [0.597, 0.702], Sens=0.991, Spec=0.624
INFO: Evaluating: detections_pro-image-high-t0_run03.geojson
INFO:   5m: F1=0.099 [0.075, 0.126], P=0.078 [0.059, 0.101], R=0.133 [0.102, 0.170] [partial: 2/487 tiles unprocessed]
INFO:   10m: F1=0.310 [0.270, 0.352], P=0.246 [0.211, 0.283], R=0.418 [0.364, 0.472] [partial: 2/487 tiles unprocessed]
INFO:   15m: F1=0.451 [0.410, 0.491], P=0.358 [0.319, 0.397], R=0.609 [0.554, 0.658] [partial: 2/487 tiles unprocessed]
INFO:   20m: F1=0.546 [0.502, 0.589], P=0.433 [0.389, 0.477], R=0.738 [0.680, 0.786] [partial: 2/487 tiles unprocessed]
INFO:   25m: F1=0.587 [0.542, 0.629], P=0.466 [0.420, 0.511], R=0.793 [0.737, 0.837] [partial: 2/487 tiles unprocessed]
INFO:   30m: F1=0.621 [0.577, 0.661], P=0.493 [0.446, 0.538], R=0.839 [0.784, 0.877] [partial: 2/487 tiles unprocessed]
INFO:   35m: F1=0.643 [0.599, 0.683], P=0.510 [0.462, 0.557], R=0.869 [0.811, 0.905] [partial: 2/487 tiles unprocessed]
INFO:   40m: F1=0.658 [0.615, 0.698], P=0.522 [0.475, 0.570], R=0.890 [0.834, 0.922] [partial: 2/487 tiles unprocessed]
INFO:   45m: F1=0.665 [0.622, 0.705], P=0.528 [0.480, 0.575], R=0.899 [0.844, 0.929] [partial: 2/487 tiles unprocessed]
INFO:   50m: F1=0.665 [0.622, 0.705], P=0.528 [0.480, 0.575], R=0.899 [0.844, 0.929] [partial: 2/487 tiles unprocessed]
INFO:   75m: F1=0.673 [0.630, 0.713], P=0.534 [0.487, 0.582], R=0.910 [0.855, 0.941] [partial: 2/487 tiles unprocessed]
INFO:   100m: F1=0.675 [0.631, 0.715], P=0.536 [0.487, 0.584], R=0.913 [0.857, 0.943] [partial: 2/487 tiles unprocessed]
INFO:   125m: F1=0.679 [0.635, 0.718], P=0.538 [0.490, 0.586], R=0.917 [0.861, 0.946] [partial: 2/487 tiles unprocessed]
INFO:   150m: F1=0.680 [0.636, 0.720], P=0.540 [0.491, 0.588], R=0.920 [0.864, 0.949] [partial: 2/487 tiles unprocessed]
INFO:   MCC=0.643 [0.586, 0.694], Sens=0.983, Spec=0.628
INFO:   Mean across 3 runs @ 5m: F1=0.097 [0.073, 0.124], P=0.076, R=0.131 [sparse coverage: max zero-fraction 33.7%]
INFO:   Mean across 3 runs @ 10m: F1=0.308 [0.268, 0.351], P=0.244, R=0.418 [sparse coverage: max zero-fraction 33.7%]
INFO:   Mean across 3 runs @ 15m: F1=0.452 [0.411, 0.493], P=0.358, R=0.613 [sparse coverage: max zero-fraction 33.7%]
INFO:   Mean across 3 runs @ 20m: F1=0.545 [0.501, 0.588], P=0.431, R=0.739 [sparse coverage: max zero-fraction 33.7%]
INFO:   Mean across 3 runs @ 25m: F1=0.585 [0.541, 0.627], P=0.463, R=0.793 [sparse coverage: max zero-fraction 33.7%]
INFO:   Mean across 3 runs @ 30m: F1=0.621 [0.578, 0.661], P=0.492, R=0.842 [sparse coverage: max zero-fraction 33.7%]
INFO:   Mean across 3 runs @ 35m: F1=0.644 [0.601, 0.684], P=0.510, R=0.874 [sparse coverage: max zero-fraction 33.7%]
INFO:   Mean across 3 runs @ 40m: F1=0.658 [0.616, 0.698], P=0.521, R=0.893 [sparse coverage: max zero-fraction 33.7%]
INFO:   Mean across 3 runs @ 45m: F1=0.666 [0.624, 0.705], P=0.527, R=0.903 [sparse coverage: max zero-fraction 33.7%]
INFO:   Mean across 3 runs @ 50m: F1=0.666 [0.624, 0.705], P=0.527, R=0.903 [sparse coverage: max zero-fraction 33.7%]
INFO:   Mean across 3 runs @ 75m: F1=0.673 [0.630, 0.713], P=0.533, R=0.913 [sparse coverage: max zero-fraction 33.7%]
INFO:   Mean across 3 runs @ 100m: F1=0.675 [0.632, 0.715], P=0.535, R=0.916 [sparse coverage: max zero-fraction 33.7%]
INFO:   Mean across 3 runs @ 125m: F1=0.678 [0.636, 0.718], P=0.537, R=0.920 [sparse coverage: max zero-fraction 33.7%]
INFO:   Mean across 3 runs @ 150m: F1=0.680 [0.637, 0.719], P=0.539, R=0.923 [sparse coverage: max zero-fraction 33.7%]
INFO:   Mean MCC across 3/3 defined runs: 0.648 [0.593, 0.699]
INFO: JSON written: results/rescore-2026-09-07/n1-outstanding-384/baseline-pro-image-high-t-0-0/evaluation.json
INFO: CSV written: results/rescore-2026-09-07/n1-outstanding-384/baseline-pro-image-high-t-0-0/evaluation.csv
INFO: Markdown written: results/rescore-2026-09-07/n1-outstanding-384/baseline-pro-image-high-t-0-0/evaluation.md
