2026-06-06 13:23:08,215 - INFO - Loading detections, student GT, bounds...
2026-06-06 13:23:08,360 - INFO -   detections: A=3865 B=4279  student GT=4746  tiles=8541
2026-06-06 13:23:08,364 - INFO -   review A: yesterday=585 today=116 sentinels=13
2026-06-06 13:23:08,364 - INFO -   review B: yesterday=585 today=116 sentinels=13
2026-06-06 13:23:08,364 - INFO - --- R = 20 m ---
2026-06-06 13:23:08,370 - INFO -   phantoms: A=0 B=0  ext_GT: A=4746 B=4746
2026-06-06 13:23:14,807 - INFO -   F1: k4=0.6201 vs k3=0.6336  ΔF1=-0.0134 [-0.0184, -0.0086]  p=0.0000 ***  W/L/T=62/172/8307
2026-06-06 13:23:14,809 - INFO - --- R = 25 m ---
2026-06-06 13:23:14,814 - INFO -   phantoms: A=0 B=0  ext_GT: A=4746 B=4746
2026-06-06 13:23:21,254 - INFO -   F1: k4=0.6924 vs k3=0.7107  ΔF1=-0.0183 [-0.0235, -0.0133]  p=0.0000 ***  W/L/T=57/196/8288
2026-06-06 13:23:21,256 - INFO - --- R = 30 m ---
2026-06-06 13:23:21,262 - INFO -   phantoms: A=0 B=0  ext_GT: A=4746 B=4746
2026-06-06 13:23:27,701 - INFO -   F1: k4=0.7298 vs k3=0.7506  ΔF1=-0.0208 [-0.0260, -0.0157]  p=0.0000 ***  W/L/T=51/212/8278
2026-06-06 13:23:27,703 - INFO - --- R = 35 m ---
2026-06-06 13:23:27,709 - INFO -   phantoms: A=0 B=0  ext_GT: A=4746 B=4746
2026-06-06 13:23:34,138 - INFO -   F1: k4=0.7488 vs k3=0.7710  ΔF1=-0.0222 [-0.0275, -0.0169]  p=0.0000 ***  W/L/T=47/220/8274
2026-06-06 13:23:34,140 - INFO - --- R = 40 m ---
2026-06-06 13:23:34,145 - INFO -   phantoms: A=0 B=0  ext_GT: A=4746 B=4746
2026-06-06 13:23:40,569 - INFO -   F1: k4=0.7562 vs k3=0.7794  ΔF1=-0.0231 [-0.0285, -0.0178]  p=0.0000 ***  W/L/T=46/224/8271
2026-06-06 13:23:40,570 - INFO - --- R = 45 m ---
2026-06-06 13:23:40,575 - INFO -   phantoms: A=0 B=0  ext_GT: A=4746 B=4746
2026-06-06 13:23:47,010 - INFO -   F1: k4=0.7600 vs k3=0.7840  ΔF1=-0.0241 [-0.0295, -0.0188]  p=0.0000 ***  W/L/T=44/228/8269
2026-06-06 13:23:47,012 - INFO - --- R = 50 m ---
2026-06-06 13:23:47,024 - INFO -   phantoms: A=274 B=274  ext_GT: A=5020 B=5020
2026-06-06 13:23:53,699 - INFO -   F1: k4=0.7946 vs k3=0.8220  ΔF1=-0.0274 [-0.0326, -0.0223]  p=0.0000 ***  W/L/T=39/248/8254
2026-06-06 13:23:53,700 - INFO - --- R = 75 m ---
2026-06-06 13:23:53,714 - INFO -   phantoms: A=303 B=303  ext_GT: A=5049 B=5049
2026-06-06 13:24:00,419 - INFO -   F1: k4=0.7963 vs k3=0.8255  ΔF1=-0.0292 [-0.0345, -0.0241]  p=0.0000 ***  W/L/T=32/254/8255
2026-06-06 13:24:00,421 - INFO - --- R = 100 m ---
2026-06-06 13:24:00,435 - INFO -   phantoms: A=316 B=316  ext_GT: A=5062 B=5062
2026-06-06 13:24:07,130 - INFO -   F1: k4=0.7969 vs k3=0.8275  ΔF1=-0.0306 [-0.0359, -0.0255]  p=0.0000 ***  W/L/T=27/259/8255
2026-06-06 13:24:07,132 - INFO - --- R = 125 m ---
2026-06-06 13:24:07,145 - INFO -   phantoms: A=324 B=324  ext_GT: A=5070 B=5070
2026-06-06 13:24:13,858 - INFO -   F1: k4=0.7971 vs k3=0.8283  ΔF1=-0.0312 [-0.0366, -0.0260]  p=0.0000 ***  W/L/T=26/261/8254
2026-06-06 13:24:13,861 - INFO - Wrote results/deployment-oracle-2026-06-06/k3-scoring/55maps-text-min-generalisation/perm-k3-vs-k4/summary.json
