INFO: Detection files: 1
INFO: Loading ground truth: inputs/vectors/references/best-available-gt-55maps-r2.geojson
INFO: Loading bounds: inputs/vectors/bounds/384/55maps_evaluation_bounds.geojson
INFO: Reference: 5018 mounds, 8541 evaluation tiles
INFO: Evaluating: detections.geojson
INFO:   5m: F1=0.228 [0.216, 0.240], P=0.221 [0.210, 0.233], R=0.236 [0.223, 0.248] [sparse coverage: 65.0% zero-tiles]
INFO:   10m: F1=0.515 [0.500, 0.529], P=0.499 [0.485, 0.514], R=0.531 [0.516, 0.547] [sparse coverage: 65.5% zero-tiles]
INFO:   15m: F1=0.720 [0.707, 0.733], P=0.698 [0.685, 0.712], R=0.743 [0.730, 0.757] [sparse coverage: 65.9% zero-tiles]
INFO:   20m: F1=0.830 [0.820, 0.840], P=0.805 [0.793, 0.816], R=0.857 [0.846, 0.867] [sparse coverage: 66.1% zero-tiles]
INFO:   25m: F1=0.884 [0.876, 0.891], P=0.857 [0.847, 0.866], R=0.912 [0.904, 0.920] [sparse coverage: 66.3% zero-tiles]
INFO:   30m: F1=0.905 [0.898, 0.911], P=0.877 [0.868, 0.886], R=0.934 [0.927, 0.941] [sparse coverage: 66.4% zero-tiles]
INFO:   35m: F1=0.915 [0.909, 0.921], P=0.887 [0.878, 0.896], R=0.944 [0.938, 0.951] [sparse coverage: 66.4% zero-tiles]
INFO:   40m: F1=0.918 [0.913, 0.924], P=0.891 [0.882, 0.899], R=0.948 [0.942, 0.954] [sparse coverage: 66.4% zero-tiles]
INFO:   45m: F1=0.920 [0.914, 0.925], P=0.892 [0.883, 0.900], R=0.950 [0.943, 0.956] [sparse coverage: 66.4% zero-tiles]
INFO:   50m: F1=0.921 [0.915, 0.926], P=0.893 [0.884, 0.901], R=0.950 [0.944, 0.956] [sparse coverage: 66.4% zero-tiles]
INFO:   75m: F1=0.922 [0.916, 0.927], P=0.894 [0.885, 0.902], R=0.952 [0.946, 0.958] [sparse coverage: 66.4% zero-tiles]
INFO:   100m: F1=0.922 [0.917, 0.928], P=0.894 [0.885, 0.903], R=0.952 [0.946, 0.958] [sparse coverage: 66.4% zero-tiles]
INFO:   125m: F1=0.922 [0.917, 0.928], P=0.894 [0.886, 0.903], R=0.952 [0.946, 0.958] [sparse coverage: 66.4% zero-tiles]
INFO:   150m: F1=0.922 [0.917, 0.928], P=0.894 [0.886, 0.903], R=0.952 [0.946, 0.958] [sparse coverage: 66.4% zero-tiles]
INFO:   MCC=0.765 [0.752, 0.778], Sens=0.753, Spec=0.975
INFO: JSON written: results/gemini37-image-55map-2026-09-13/cells/IMG-ARM2-K3-f1-oracle/evaluation.json
INFO: CSV written: results/gemini37-image-55map-2026-09-13/cells/IMG-ARM2-K3-f1-oracle/evaluation.csv
INFO: Markdown written: results/gemini37-image-55map-2026-09-13/cells/IMG-ARM2-K3-f1-oracle/evaluation.md
