INFO: Detection files: 1
INFO: Loading ground truth: inputs/vectors/references/best-available-gt-55maps-r2.geojson
INFO: Loading bounds: inputs/vectors/bounds/384/55maps_evaluation_bounds.geojson
INFO: Reference: 5018 mounds, 8541 evaluation tiles
INFO: Evaluating: detections.geojson
INFO:   5m: F1=0.157 [0.147, 0.168], P=0.164 [0.154, 0.175], R=0.151 [0.141, 0.162] [sparse coverage: 66.3% zero-tiles]
INFO:   10m: F1=0.400 [0.386, 0.414], P=0.417 [0.402, 0.432], R=0.384 [0.370, 0.399] [sparse coverage: 66.6% zero-tiles]
INFO:   15m: F1=0.612 [0.598, 0.626], P=0.638 [0.623, 0.653], R=0.588 [0.573, 0.603] [sparse coverage: 67.0% zero-tiles]
INFO:   20m: F1=0.745 [0.732, 0.756], P=0.776 [0.763, 0.789], R=0.715 [0.701, 0.729] [sparse coverage: 67.2% zero-tiles]
INFO:   25m: F1=0.815 [0.805, 0.825], P=0.850 [0.839, 0.860], R=0.784 [0.771, 0.796] [sparse coverage: 67.4% zero-tiles]
INFO:   30m: F1=0.849 [0.840, 0.858], P=0.885 [0.876, 0.894], R=0.816 [0.804, 0.828] [sparse coverage: 67.5% zero-tiles]
INFO:   35m: F1=0.864 [0.856, 0.872], P=0.901 [0.892, 0.909], R=0.830 [0.819, 0.842] [sparse coverage: 67.6% zero-tiles]
INFO:   40m: F1=0.871 [0.864, 0.879], P=0.908 [0.900, 0.916], R=0.837 [0.826, 0.848] [sparse coverage: 67.6% zero-tiles]
INFO:   45m: F1=0.873 [0.866, 0.881], P=0.911 [0.902, 0.919], R=0.839 [0.828, 0.850] [sparse coverage: 67.6% zero-tiles]
INFO:   50m: F1=0.875 [0.867, 0.882], P=0.912 [0.903, 0.920], R=0.841 [0.829, 0.851] [sparse coverage: 67.6% zero-tiles]
INFO:   75m: F1=0.877 [0.869, 0.884], P=0.914 [0.905, 0.922], R=0.842 [0.831, 0.853] [sparse coverage: 67.6% zero-tiles]
INFO:   100m: F1=0.877 [0.870, 0.884], P=0.914 [0.906, 0.922], R=0.843 [0.832, 0.854] [sparse coverage: 67.6% zero-tiles]
INFO:   125m: F1=0.878 [0.870, 0.885], P=0.915 [0.907, 0.923], R=0.844 [0.832, 0.854] [sparse coverage: 67.6% zero-tiles]
INFO:   150m: F1=0.879 [0.871, 0.886], P=0.916 [0.908, 0.924], R=0.844 [0.833, 0.855] [sparse coverage: 67.6% zero-tiles]
INFO:   MCC=0.738 [0.725, 0.750], Sens=0.686, Spec=0.992
INFO: JSON written: results/55map-final-board-r2-2026-09-06/cells/FOURTH-N3-oracle/evaluation.json
INFO: CSV written: results/55map-final-board-r2-2026-09-06/cells/FOURTH-N3-oracle/evaluation.csv
INFO: Markdown written: results/55map-final-board-r2-2026-09-06/cells/FOURTH-N3-oracle/evaluation.md
