2026-04-26 00:14:11,213 - INFO - __main__ - build_tiered_leaderboard.py v1.0.0 — git b4b67486
2026-04-26 00:14:11,214 - INFO - __main__ - Resolved 21 conditions from inventory (era=1, track=None)
2026-04-26 00:14:11,215 - INFO - __main__ - Resolved 21 conditions
2026-04-26 00:14:11,215 - INFO - __main__ - Skipping evaluation (--skip-evaluation)
2026-04-26 00:14:11,217 - INFO - __main__ - Threshold selection at 20m; pairwise + tiering at 50m (Option A semantics)
2026-04-26 00:14:11,217 - INFO - __main__ - Top-N filter disabled (top_n=0); including all 21 conditions
2026-04-26 00:14:11,217 - INFO - __main__ - Selected 21 conditions (best F1=0.631 at 20m)
2026-04-26 00:14:11,217 - INFO - __main__ - Skipping pairwise (--skip-pairwise)
2026-04-26 00:14:11,222 - INFO - __main__ - FDR: 24/210 pairs significant at q=0.01 → 6 tiers
2026-04-26 00:14:11,222 - INFO - __main__ - Markdown leaderboard written to results/leaderboard/per-architecture/era1/single-pass/leaderboard_tiers_q01_20m.md
2026-04-26 00:14:11,222 - INFO - __main__ - Markdown leaderboard written to results/leaderboard/per-architecture/era1/single-pass/leaderboard_tiers_q01_30m.md
2026-04-26 00:14:11,222 - INFO - __main__ - Markdown leaderboard written to results/leaderboard/per-architecture/era1/single-pass/leaderboard_tiers_q01_40m.md
2026-04-26 00:14:11,222 - INFO - __main__ - Markdown leaderboard written to results/leaderboard/per-architecture/era1/single-pass/leaderboard_tiers_q01_50m.md
2026-04-26 00:14:11,223 - INFO - __main__ - Markdown leaderboard written to results/leaderboard/per-architecture/era1/single-pass/leaderboard_tiers_q01_100m.md
2026-04-26 00:14:11,226 - INFO - __main__ - JSON leaderboard written to results/leaderboard/per-architecture/era1/single-pass/leaderboard_tiers_q01_50m.json
2026-04-26 00:14:11,228 - INFO - __main__ - All evaluations written to results/leaderboard/per-architecture/era1/single-pass/leaderboard_all_evaluations.json

========================================================================
LEADERBOARD TIERS (F1, 50m buffer)
========================================================================

Tier 1 (F1: 0.724–0.724, 1 conditions)
    1. h4-canonical-last                        F1=0.724  t=1

Tier 2 (F1: 0.654–0.658, 2 conditions)
    2. h8-track2-text-scale-4                   F1=0.654  t=1
    3. h8-track2-text-scale-8                   F1=0.658  t=1

Tier 3 (F1: 0.717–0.734, 2 conditions)
    4. h4-config-default                        F1=0.734  t=1
    5. h5-track1-image-terse                    F1=0.717  t=1

Tier 4 (F1: 0.650–0.726, 3 conditions)
    6. h8-track2-text-canonical                 F1=0.650  t=1
    7. h8-track2-text-pure-positive-canon       F1=0.655  t=1
    8. h5-track1-image-verbose                  F1=0.726  t=1

Tier 5 (F1: 0.724–0.730, 3 conditions)
    9. h4-canonical-first                       F1=0.730  t=1
   10. h8-track1-image-exploratory-pure-positive-4hp F1=0.724  t=1
   11. h8-track1-image-plus-hp                  F1=0.730  t=1

Tier 6 (F1: 0.654–0.704, 10 conditions)
   12. h5-track2-text-terse                     F1=0.654  t=1
   13. h8-track2-text-plus-hp                   F1=0.654  t=1
   14. h8-track1-image-scale-8                  F1=0.704  t=1
   15. h8-track1-image-scale-4                  F1=0.690  t=1
   16. h5-track2-text-verbose                   F1=0.667  t=1
   17. h8-track1-image-canonical                F1=0.689  t=1
   18. h8-track1-image-exploratory-pure-positive-2hp F1=0.678  t=1
   19. h4-random                                F1=0.697  t=1
   20. h8-track1-image-exploratory-pure-positive-canon F1=0.699  t=1
   21. h8-track1-image-pure-positive-canon      F1=0.695  t=1

========================================================================
Total: 21 conditions in 6 tiers
========================================================================
