2026-04-26 00:13:28,713 - INFO - __main__ - build_tiered_leaderboard.py v1.0.0 — git b4b67486
2026-04-26 00:13:28,715 - INFO - __main__ - Resolved 21 conditions from inventory (era=1, track=None)
2026-04-26 00:13:28,715 - INFO - __main__ - Resolved 21 conditions
2026-04-26 00:13:28,715 - INFO - __main__ - Skipping evaluation (--skip-evaluation)
2026-04-26 00:13:28,717 - INFO - __main__ - Threshold selection at 20m; pairwise + tiering at 50m (Option A semantics)
2026-04-26 00:13:28,717 - INFO - __main__ - Top-N filter disabled (top_n=0); including all 21 conditions
2026-04-26 00:13:28,717 - INFO - __main__ - Selected 21 conditions (best F1=0.631 at 20m)
2026-04-26 00:13:28,739 - INFO - __main__ - Pairwise tests (f1): 210 pairs at 50m (10000 permutations, 8 workers)
2026-04-26 00:13:28,789 - INFO - pairwise_permutation_test - GeoJSON: 785 detections from detections_canonical-last_run01.geojson
2026-04-26 00:13:28,790 - INFO - pairwise_permutation_test - GeoJSON: 785 detections from detections_canonical-last_run01.geojson
2026-04-26 00:13:28,790 - INFO - pairwise_permutation_test - GeoJSON: 785 detections from detections_canonical-last_run01.geojson
2026-04-26 00:13:28,791 - INFO - pairwise_permutation_test - GeoJSON: 785 detections from detections_canonical-last_run01.geojson
2026-04-26 00:13:28,791 - INFO - pairwise_permutation_test - GeoJSON: 785 detections from detections_canonical-last_run01.geojson
2026-04-26 00:13:28,791 - INFO - pairwise_permutation_test - GeoJSON: 785 detections from detections_canonical-last_run01.geojson
2026-04-26 00:13:28,791 - INFO - pairwise_permutation_test - GeoJSON: 785 detections from detections_canonical-last_run01.geojson
2026-04-26 00:13:28,791 - INFO - pairwise_permutation_test - GeoJSON: 785 detections from detections_canonical-last_run01.geojson
2026-04-26 00:13:28,799 - INFO - pairwise_permutation_test - GeoJSON: 882 detections from detections_scale-4_run01.geojson
2026-04-26 00:13:28,800 - INFO - pairwise_permutation_test - GeoJSON: 742 detections from detections_verbose_run01.geojson
2026-04-26 00:13:28,800 - INFO - pairwise_permutation_test - GeoJSON: 752 detections from detections_config-default_run01.geojson
2026-04-26 00:13:28,801 - INFO - pairwise_permutation_test - GeoJSON: 773 detections from detections_terse_run01.geojson
2026-04-26 00:13:28,801 - INFO - pairwise_permutation_test - GeoJSON: 771 detections from detections_canonical-first_run01.geojson
2026-04-26 00:13:28,802 - INFO - pairwise_permutation_test - GeoJSON: 881 detections from detections_scale-8_run01.geojson
2026-04-26 00:13:28,802 - INFO - pairwise_permutation_test - GeoJSON: 897 detections from detections_canonical_run01.geojson
2026-04-26 00:13:28,802 - INFO - pairwise_permutation_test - GeoJSON: 887 detections from detections_pure-positive-canon_run01.geojson
2026-04-26 00:13:30,340 - INFO - pairwise_permutation_test - GeoJSON: 785 detections from detections_canonical-last_run01.geojson
2026-04-26 00:13:30,348 - INFO - pairwise_permutation_test - GeoJSON: 771 detections from detections_pure-positive-4hp_run01.geojson
2026-04-26 00:13:30,356 - INFO - pairwise_permutation_test - GeoJSON: 785 detections from detections_canonical-last_run01.geojson
2026-04-26 00:13:30,364 - INFO - pairwise_permutation_test - GeoJSON: 771 detections from detections_plus-hp_run01.geojson
2026-04-26 00:13:30,366 - INFO - pairwise_permutation_test - GeoJSON: 785 detections from detections_canonical-last_run01.geojson
2026-04-26 00:13:30,375 - INFO - pairwise_permutation_test - GeoJSON: 868 detections from detections_terse_run01.geojson
2026-04-26 00:13:30,376 - INFO - pairwise_permutation_test - GeoJSON: 785 detections from detections_canonical-last_run01.geojson
2026-04-26 00:13:30,382 - INFO - pairwise_permutation_test - GeoJSON: 785 detections from detections_canonical-last_run01.geojson
2026-04-26 00:13:30,385 - INFO - pairwise_permutation_test - GeoJSON: 885 detections from detections_plus-hp_run01.geojson
2026-04-26 00:13:30,385 - INFO - pairwise_permutation_test - GeoJSON: 785 detections from detections_canonical-last_run01.geojson
2026-04-26 00:13:30,390 - INFO - pairwise_permutation_test - GeoJSON: 770 detections from detections_scale-8_run01.geojson
2026-04-26 00:13:30,394 - INFO - pairwise_permutation_test - GeoJSON: 811 detections from detections_scale-4_run01.geojson
2026-04-26 00:13:30,398 - INFO - pairwise_permutation_test - GeoJSON: 785 detections from detections_canonical-last_run01.geojson
2026-04-26 00:13:30,407 - INFO - pairwise_permutation_test - GeoJSON: 798 detections from detections_verbose_run01.geojson
2026-04-26 00:13:30,436 - INFO - pairwise_permutation_test - GeoJSON: 785 detections from detections_canonical-last_run01.geojson
2026-04-26 00:13:30,444 - INFO - pairwise_permutation_test - GeoJSON: 720 detections from detections_canonical_run01.geojson
2026-04-26 00:13:31,914 - INFO - pairwise_permutation_test - GeoJSON: 785 detections from detections_canonical-last_run01.geojson
2026-04-26 00:13:31,922 - INFO - pairwise_permutation_test - GeoJSON: 823 detections from detections_pure-positive-2hp_run01.geojson
2026-04-26 00:13:31,924 - INFO - pairwise_permutation_test - GeoJSON: 785 detections from detections_canonical-last_run01.geojson
2026-04-26 00:13:31,932 - INFO - pairwise_permutation_test - GeoJSON: 821 detections from detections_random_run01.geojson
2026-04-26 00:13:31,948 - INFO - pairwise_permutation_test - GeoJSON: 785 detections from detections_canonical-last_run01.geojson
2026-04-26 00:13:31,949 - INFO - pairwise_permutation_test - GeoJSON: 785 detections from detections_canonical-last_run01.geojson
2026-04-26 00:13:31,956 - INFO - pairwise_permutation_test - GeoJSON: 728 detections from detections_pure-positive-canon_run01.geojson
2026-04-26 00:13:31,957 - INFO - pairwise_permutation_test - GeoJSON: 736 detections from detections_pure-positive-canon_run01.geojson
2026-04-26 00:13:31,959 - INFO - pairwise_permutation_test - GeoJSON: 882 detections from detections_scale-4_run01.geojson
2026-04-26 00:13:31,968 - INFO - pairwise_permutation_test - GeoJSON: 881 detections from detections_scale-8_run01.geojson
2026-04-26 00:13:31,975 - INFO - pairwise_permutation_test - GeoJSON: 882 detections from detections_scale-4_run01.geojson
2026-04-26 00:13:31,980 - INFO - pairwise_permutation_test - GeoJSON: 882 detections from detections_scale-4_run01.geojson
2026-04-26 00:13:31,982 - INFO - pairwise_permutation_test - GeoJSON: 752 detections from detections_config-default_run01.geojson
2026-04-26 00:13:31,986 - INFO - pairwise_permutation_test - GeoJSON: 882 detections from detections_scale-4_run01.geojson
2026-04-26 00:13:31,988 - INFO - pairwise_permutation_test - GeoJSON: 773 detections from detections_terse_run01.geojson
2026-04-26 00:13:31,995 - INFO - pairwise_permutation_test - GeoJSON: 897 detections from detections_canonical_run01.geojson
2026-04-26 00:13:33,464 - INFO - pairwise_permutation_test - GeoJSON: 882 detections from detections_scale-4_run01.geojson
2026-04-26 00:13:33,473 - INFO - pairwise_permutation_test - GeoJSON: 887 detections from detections_pure-positive-canon_run01.geojson
2026-04-26 00:13:33,475 - INFO - pairwise_permutation_test - GeoJSON: 882 detections from detections_scale-4_run01.geojson
2026-04-26 00:13:33,482 - INFO - pairwise_permutation_test - GeoJSON: 742 detections from detections_verbose_run01.geojson
2026-04-26 00:13:33,490 - INFO - pairwise_permutation_test - GeoJSON: 882 detections from detections_scale-4_run01.geojson
2026-04-26 00:13:33,498 - INFO - pairwise_permutation_test - GeoJSON: 771 detections from detections_canonical-first_run01.geojson
2026-04-26 00:13:33,507 - INFO - pairwise_permutation_test - GeoJSON: 882 detections from detections_scale-4_run01.geojson
2026-04-26 00:13:33,515 - INFO - pairwise_permutation_test - GeoJSON: 771 detections from detections_pure-positive-4hp_run01.geojson
2026-04-26 00:13:33,544 - INFO - pairwise_permutation_test - GeoJSON: 882 detections from detections_scale-4_run01.geojson
2026-04-26 00:13:33,551 - INFO - pairwise_permutation_test - GeoJSON: 882 detections from detections_scale-4_run01.geojson
2026-04-26 00:13:33,552 - INFO - pairwise_permutation_test - GeoJSON: 771 detections from detections_plus-hp_run01.geojson
2026-04-26 00:13:33,560 - INFO - pairwise_permutation_test - GeoJSON: 868 detections from detections_terse_run01.geojson
2026-04-26 00:13:33,604 - INFO - pairwise_permutation_test - GeoJSON: 882 detections from detections_scale-4_run01.geojson
2026-04-26 00:13:33,614 - INFO - pairwise_permutation_test - GeoJSON: 885 detections from detections_plus-hp_run01.geojson
2026-04-26 00:13:33,627 - INFO - pairwise_permutation_test - GeoJSON: 882 detections from detections_scale-4_run01.geojson
2026-04-26 00:13:33,635 - INFO - pairwise_permutation_test - GeoJSON: 770 detections from detections_scale-8_run01.geojson
2026-04-26 00:13:35,031 - INFO - pairwise_permutation_test - GeoJSON: 882 detections from detections_scale-4_run01.geojson
2026-04-26 00:13:35,040 - INFO - pairwise_permutation_test - GeoJSON: 811 detections from detections_scale-4_run01.geojson
2026-04-26 00:13:35,061 - INFO - pairwise_permutation_test - GeoJSON: 882 detections from detections_scale-4_run01.geojson
2026-04-26 00:13:35,062 - INFO - pairwise_permutation_test - GeoJSON: 882 detections from detections_scale-4_run01.geojson
2026-04-26 00:13:35,069 - INFO - pairwise_permutation_test - GeoJSON: 720 detections from detections_canonical_run01.geojson
2026-04-26 00:13:35,070 - INFO - pairwise_permutation_test - GeoJSON: 798 detections from detections_verbose_run01.geojson
2026-04-26 00:13:35,088 - INFO - pairwise_permutation_test - GeoJSON: 882 detections from detections_scale-4_run01.geojson
2026-04-26 00:13:35,096 - INFO - pairwise_permutation_test - GeoJSON: 823 detections from detections_pure-positive-2hp_run01.geojson
2026-04-26 00:13:35,133 - INFO - pairwise_permutation_test - GeoJSON: 882 detections from detections_scale-4_run01.geojson
2026-04-26 00:13:35,141 - INFO - pairwise_permutation_test - GeoJSON: 821 detections from detections_random_run01.geojson
2026-04-26 00:13:35,145 - INFO - pairwise_permutation_test - GeoJSON: 882 detections from detections_scale-4_run01.geojson
2026-04-26 00:13:35,152 - INFO - pairwise_permutation_test - GeoJSON: 728 detections from detections_pure-positive-canon_run01.geojson
2026-04-26 00:13:35,242 - INFO - pairwise_permutation_test - GeoJSON: 882 detections from detections_scale-4_run01.geojson
2026-04-26 00:13:35,244 - INFO - pairwise_permutation_test - GeoJSON: 881 detections from detections_scale-8_run01.geojson
2026-04-26 00:13:35,250 - INFO - pairwise_permutation_test - GeoJSON: 736 detections from detections_pure-positive-canon_run01.geojson
2026-04-26 00:13:35,252 - INFO - pairwise_permutation_test - GeoJSON: 752 detections from detections_config-default_run01.geojson
2026-04-26 00:13:36,588 - INFO - pairwise_permutation_test - GeoJSON: 881 detections from detections_scale-8_run01.geojson
2026-04-26 00:13:36,596 - INFO - pairwise_permutation_test - GeoJSON: 773 detections from detections_terse_run01.geojson
2026-04-26 00:13:36,598 - INFO - pairwise_permutation_test - GeoJSON: 881 detections from detections_scale-8_run01.geojson
2026-04-26 00:13:36,607 - INFO - pairwise_permutation_test - GeoJSON: 897 detections from detections_canonical_run01.geojson
2026-04-26 00:13:36,612 - INFO - pairwise_permutation_test - GeoJSON: 881 detections from detections_scale-8_run01.geojson
2026-04-26 00:13:36,622 - INFO - pairwise_permutation_test - GeoJSON: 887 detections from detections_pure-positive-canon_run01.geojson
2026-04-26 00:13:36,684 - INFO - pairwise_permutation_test - GeoJSON: 881 detections from detections_scale-8_run01.geojson
2026-04-26 00:13:36,692 - INFO - pairwise_permutation_test - GeoJSON: 742 detections from detections_verbose_run01.geojson
2026-04-26 00:13:36,701 - INFO - pairwise_permutation_test - GeoJSON: 881 detections from detections_scale-8_run01.geojson
2026-04-26 00:13:36,709 - INFO - pairwise_permutation_test - GeoJSON: 771 detections from detections_canonical-first_run01.geojson
2026-04-26 00:13:36,730 - INFO - pairwise_permutation_test - GeoJSON: 881 detections from detections_scale-8_run01.geojson
2026-04-26 00:13:36,739 - INFO - pairwise_permutation_test - GeoJSON: 771 detections from detections_pure-positive-4hp_run01.geojson
2026-04-26 00:13:36,831 - INFO - pairwise_permutation_test - GeoJSON: 881 detections from detections_scale-8_run01.geojson
2026-04-26 00:13:36,839 - INFO - pairwise_permutation_test - GeoJSON: 771 detections from detections_plus-hp_run01.geojson
2026-04-26 00:13:36,848 - INFO - pairwise_permutation_test - GeoJSON: 881 detections from detections_scale-8_run01.geojson
2026-04-26 00:13:36,857 - INFO - pairwise_permutation_test - GeoJSON: 868 detections from detections_terse_run01.geojson
2026-04-26 00:13:38,154 - INFO - pairwise_permutation_test - GeoJSON: 881 detections from detections_scale-8_run01.geojson
2026-04-26 00:13:38,163 - INFO - pairwise_permutation_test - GeoJSON: 885 detections from detections_plus-hp_run01.geojson
2026-04-26 00:13:38,183 - INFO - pairwise_permutation_test - GeoJSON: 881 detections from detections_scale-8_run01.geojson
2026-04-26 00:13:38,191 - INFO - pairwise_permutation_test - GeoJSON: 770 detections from detections_scale-8_run01.geojson
2026-04-26 00:13:38,204 - INFO - pairwise_permutation_test - GeoJSON: 881 detections from detections_scale-8_run01.geojson
2026-04-26 00:13:38,213 - INFO - pairwise_permutation_test - GeoJSON: 811 detections from detections_scale-4_run01.geojson
2026-04-26 00:13:38,256 - INFO - pairwise_permutation_test - GeoJSON: 881 detections from detections_scale-8_run01.geojson
2026-04-26 00:13:38,265 - INFO - pairwise_permutation_test - GeoJSON: 798 detections from detections_verbose_run01.geojson
2026-04-26 00:13:38,316 - INFO - pairwise_permutation_test - GeoJSON: 881 detections from detections_scale-8_run01.geojson
2026-04-26 00:13:38,324 - INFO - pairwise_permutation_test - GeoJSON: 720 detections from detections_canonical_run01.geojson
2026-04-26 00:13:38,364 - INFO - pairwise_permutation_test - GeoJSON: 881 detections from detections_scale-8_run01.geojson
2026-04-26 00:13:38,373 - INFO - pairwise_permutation_test - GeoJSON: 823 detections from detections_pure-positive-2hp_run01.geojson
2026-04-26 00:13:38,416 - INFO - pairwise_permutation_test - GeoJSON: 881 detections from detections_scale-8_run01.geojson
2026-04-26 00:13:38,421 - INFO - pairwise_permutation_test - GeoJSON: 881 detections from detections_scale-8_run01.geojson
2026-04-26 00:13:38,425 - INFO - pairwise_permutation_test - GeoJSON: 821 detections from detections_random_run01.geojson
2026-04-26 00:13:38,429 - INFO - pairwise_permutation_test - GeoJSON: 728 detections from detections_pure-positive-canon_run01.geojson
2026-04-26 00:13:39,728 - INFO - __main__ - [50/210] pairwise done
2026-04-26 00:13:39,740 - INFO - pairwise_permutation_test - GeoJSON: 881 detections from detections_scale-8_run01.geojson
2026-04-26 00:13:39,745 - INFO - pairwise_permutation_test - GeoJSON: 752 detections from detections_config-default_run01.geojson
2026-04-26 00:13:39,747 - INFO - pairwise_permutation_test - GeoJSON: 736 detections from detections_pure-positive-canon_run01.geojson
2026-04-26 00:13:39,753 - INFO - pairwise_permutation_test - GeoJSON: 773 detections from detections_terse_run01.geojson
2026-04-26 00:13:39,780 - INFO - pairwise_permutation_test - GeoJSON: 752 detections from detections_config-default_run01.geojson
2026-04-26 00:13:39,789 - INFO - pairwise_permutation_test - GeoJSON: 897 detections from detections_canonical_run01.geojson
2026-04-26 00:13:39,807 - INFO - pairwise_permutation_test - GeoJSON: 752 detections from detections_config-default_run01.geojson
2026-04-26 00:13:39,816 - INFO - pairwise_permutation_test - GeoJSON: 887 detections from detections_pure-positive-canon_run01.geojson
2026-04-26 00:13:39,902 - INFO - pairwise_permutation_test - GeoJSON: 752 detections from detections_config-default_run01.geojson
2026-04-26 00:13:39,910 - INFO - pairwise_permutation_test - GeoJSON: 742 detections from detections_verbose_run01.geojson
2026-04-26 00:13:39,957 - INFO - pairwise_permutation_test - GeoJSON: 752 detections from detections_config-default_run01.geojson
2026-04-26 00:13:39,965 - INFO - pairwise_permutation_test - GeoJSON: 771 detections from detections_canonical-first_run01.geojson
2026-04-26 00:13:40,010 - INFO - pairwise_permutation_test - GeoJSON: 752 detections from detections_config-default_run01.geojson
2026-04-26 00:13:40,016 - INFO - pairwise_permutation_test - GeoJSON: 752 detections from detections_config-default_run01.geojson
2026-04-26 00:13:40,018 - INFO - pairwise_permutation_test - GeoJSON: 771 detections from detections_pure-positive-4hp_run01.geojson
2026-04-26 00:13:40,024 - INFO - pairwise_permutation_test - GeoJSON: 771 detections from detections_plus-hp_run01.geojson
2026-04-26 00:13:41,279 - INFO - pairwise_permutation_test - GeoJSON: 752 detections from detections_config-default_run01.geojson
2026-04-26 00:13:41,288 - INFO - pairwise_permutation_test - GeoJSON: 868 detections from detections_terse_run01.geojson
2026-04-26 00:13:41,321 - INFO - pairwise_permutation_test - GeoJSON: 752 detections from detections_config-default_run01.geojson
2026-04-26 00:13:41,330 - INFO - pairwise_permutation_test - GeoJSON: 885 detections from detections_plus-hp_run01.geojson
2026-04-26 00:13:41,360 - INFO - pairwise_permutation_test - GeoJSON: 752 detections from detections_config-default_run01.geojson
2026-04-26 00:13:41,368 - INFO - pairwise_permutation_test - GeoJSON: 770 detections from detections_scale-8_run01.geojson
2026-04-26 00:13:41,385 - INFO - pairwise_permutation_test - GeoJSON: 752 detections from detections_config-default_run01.geojson
2026-04-26 00:13:41,393 - INFO - pairwise_permutation_test - GeoJSON: 811 detections from detections_scale-4_run01.geojson
2026-04-26 00:13:41,503 - INFO - pairwise_permutation_test - GeoJSON: 752 detections from detections_config-default_run01.geojson
2026-04-26 00:13:41,510 - INFO - pairwise_permutation_test - GeoJSON: 752 detections from detections_config-default_run01.geojson
2026-04-26 00:13:41,511 - INFO - pairwise_permutation_test - GeoJSON: 798 detections from detections_verbose_run01.geojson
2026-04-26 00:13:41,518 - INFO - pairwise_permutation_test - GeoJSON: 720 detections from detections_canonical_run01.geojson
2026-04-26 00:13:41,574 - INFO - pairwise_permutation_test - GeoJSON: 752 detections from detections_config-default_run01.geojson
2026-04-26 00:13:41,580 - INFO - pairwise_permutation_test - GeoJSON: 752 detections from detections_config-default_run01.geojson
2026-04-26 00:13:41,583 - INFO - pairwise_permutation_test - GeoJSON: 823 detections from detections_pure-positive-2hp_run01.geojson
2026-04-26 00:13:41,589 - INFO - pairwise_permutation_test - GeoJSON: 821 detections from detections_random_run01.geojson
2026-04-26 00:13:42,834 - INFO - pairwise_permutation_test - GeoJSON: 752 detections from detections_config-default_run01.geojson
2026-04-26 00:13:42,842 - INFO - pairwise_permutation_test - GeoJSON: 728 detections from detections_pure-positive-canon_run01.geojson
2026-04-26 00:13:42,902 - INFO - pairwise_permutation_test - GeoJSON: 752 detections from detections_config-default_run01.geojson
2026-04-26 00:13:42,909 - INFO - pairwise_permutation_test - GeoJSON: 773 detections from detections_terse_run01.geojson
2026-04-26 00:13:42,910 - INFO - pairwise_permutation_test - GeoJSON: 736 detections from detections_pure-positive-canon_run01.geojson
2026-04-26 00:13:42,918 - INFO - pairwise_permutation_test - GeoJSON: 897 detections from detections_canonical_run01.geojson
2026-04-26 00:13:42,935 - INFO - pairwise_permutation_test - GeoJSON: 773 detections from detections_terse_run01.geojson
2026-04-26 00:13:42,944 - INFO - pairwise_permutation_test - GeoJSON: 887 detections from detections_pure-positive-canon_run01.geojson
2026-04-26 00:13:43,055 - INFO - pairwise_permutation_test - GeoJSON: 773 detections from detections_terse_run01.geojson
2026-04-26 00:13:43,064 - INFO - pairwise_permutation_test - GeoJSON: 742 detections from detections_verbose_run01.geojson
2026-04-26 00:13:43,096 - INFO - pairwise_permutation_test - GeoJSON: 773 detections from detections_terse_run01.geojson
2026-04-26 00:13:43,104 - INFO - pairwise_permutation_test - GeoJSON: 771 detections from detections_canonical-first_run01.geojson
2026-04-26 00:13:43,127 - INFO - pairwise_permutation_test - GeoJSON: 773 detections from detections_terse_run01.geojson
2026-04-26 00:13:43,136 - INFO - pairwise_permutation_test - GeoJSON: 771 detections from detections_pure-positive-4hp_run01.geojson
2026-04-26 00:13:43,138 - INFO - pairwise_permutation_test - GeoJSON: 773 detections from detections_terse_run01.geojson
2026-04-26 00:13:43,146 - INFO - pairwise_permutation_test - GeoJSON: 771 detections from detections_plus-hp_run01.geojson
2026-04-26 00:13:44,357 - INFO - pairwise_permutation_test - GeoJSON: 773 detections from detections_terse_run01.geojson
2026-04-26 00:13:44,370 - INFO - pairwise_permutation_test - GeoJSON: 868 detections from detections_terse_run01.geojson
2026-04-26 00:13:44,420 - INFO - pairwise_permutation_test - GeoJSON: 773 detections from detections_terse_run01.geojson
2026-04-26 00:13:44,429 - INFO - pairwise_permutation_test - GeoJSON: 885 detections from detections_plus-hp_run01.geojson
2026-04-26 00:13:44,490 - INFO - pairwise_permutation_test - GeoJSON: 773 detections from detections_terse_run01.geojson
2026-04-26 00:13:44,498 - INFO - pairwise_permutation_test - GeoJSON: 770 detections from detections_scale-8_run01.geojson
2026-04-26 00:13:44,514 - INFO - pairwise_permutation_test - GeoJSON: 773 detections from detections_terse_run01.geojson
2026-04-26 00:13:44,523 - INFO - pairwise_permutation_test - GeoJSON: 811 detections from detections_scale-4_run01.geojson
2026-04-26 00:13:44,633 - INFO - pairwise_permutation_test - GeoJSON: 773 detections from detections_terse_run01.geojson
2026-04-26 00:13:44,642 - INFO - pairwise_permutation_test - GeoJSON: 798 detections from detections_verbose_run01.geojson
2026-04-26 00:13:44,683 - INFO - pairwise_permutation_test - GeoJSON: 773 detections from detections_terse_run01.geojson
2026-04-26 00:13:44,691 - INFO - pairwise_permutation_test - GeoJSON: 720 detections from detections_canonical_run01.geojson
2026-04-26 00:13:44,701 - INFO - pairwise_permutation_test - GeoJSON: 773 detections from detections_terse_run01.geojson
2026-04-26 00:13:44,709 - INFO - pairwise_permutation_test - GeoJSON: 823 detections from detections_pure-positive-2hp_run01.geojson
2026-04-26 00:13:44,711 - INFO - pairwise_permutation_test - GeoJSON: 773 detections from detections_terse_run01.geojson
2026-04-26 00:13:44,720 - INFO - pairwise_permutation_test - GeoJSON: 821 detections from detections_random_run01.geojson
2026-04-26 00:13:45,950 - INFO - pairwise_permutation_test - GeoJSON: 773 detections from detections_terse_run01.geojson
2026-04-26 00:13:45,958 - INFO - pairwise_permutation_test - GeoJSON: 728 detections from detections_pure-positive-canon_run01.geojson
2026-04-26 00:13:45,995 - INFO - pairwise_permutation_test - GeoJSON: 773 detections from detections_terse_run01.geojson
2026-04-26 00:13:46,003 - INFO - pairwise_permutation_test - GeoJSON: 736 detections from detections_pure-positive-canon_run01.geojson
2026-04-26 00:13:46,065 - INFO - pairwise_permutation_test - GeoJSON: 897 detections from detections_canonical_run01.geojson
2026-04-26 00:13:46,067 - INFO - pairwise_permutation_test - GeoJSON: 897 detections from detections_canonical_run01.geojson
2026-04-26 00:13:46,074 - INFO - pairwise_permutation_test - GeoJSON: 887 detections from detections_pure-positive-canon_run01.geojson
2026-04-26 00:13:46,075 - INFO - pairwise_permutation_test - GeoJSON: 742 detections from detections_verbose_run01.geojson
2026-04-26 00:13:46,168 - INFO - pairwise_permutation_test - GeoJSON: 897 detections from detections_canonical_run01.geojson
2026-04-26 00:13:46,176 - INFO - pairwise_permutation_test - GeoJSON: 771 detections from detections_canonical-first_run01.geojson
2026-04-26 00:13:46,192 - INFO - pairwise_permutation_test - GeoJSON: 897 detections from detections_canonical_run01.geojson
2026-04-26 00:13:46,200 - INFO - pairwise_permutation_test - GeoJSON: 771 detections from detections_pure-positive-4hp_run01.geojson
2026-04-26 00:13:46,285 - INFO - pairwise_permutation_test - GeoJSON: 897 detections from detections_canonical_run01.geojson
2026-04-26 00:13:46,293 - INFO - pairwise_permutation_test - GeoJSON: 771 detections from detections_plus-hp_run01.geojson
2026-04-26 00:13:46,345 - INFO - pairwise_permutation_test - GeoJSON: 897 detections from detections_canonical_run01.geojson
2026-04-26 00:13:46,354 - INFO - pairwise_permutation_test - GeoJSON: 868 detections from detections_terse_run01.geojson
2026-04-26 00:13:47,467 - INFO - pairwise_permutation_test - GeoJSON: 897 detections from detections_canonical_run01.geojson
2026-04-26 00:13:47,476 - INFO - pairwise_permutation_test - GeoJSON: 885 detections from detections_plus-hp_run01.geojson
2026-04-26 00:13:47,514 - INFO - pairwise_permutation_test - GeoJSON: 897 detections from detections_canonical_run01.geojson
2026-04-26 00:13:47,523 - INFO - pairwise_permutation_test - GeoJSON: 770 detections from detections_scale-8_run01.geojson
2026-04-26 00:13:47,663 - INFO - pairwise_permutation_test - GeoJSON: 897 detections from detections_canonical_run01.geojson
2026-04-26 00:13:47,671 - INFO - pairwise_permutation_test - GeoJSON: 811 detections from detections_scale-4_run01.geojson
2026-04-26 00:13:47,678 - INFO - pairwise_permutation_test - GeoJSON: 897 detections from detections_canonical_run01.geojson
2026-04-26 00:13:47,687 - INFO - pairwise_permutation_test - GeoJSON: 798 detections from detections_verbose_run01.geojson
2026-04-26 00:13:47,747 - INFO - pairwise_permutation_test - GeoJSON: 897 detections from detections_canonical_run01.geojson
2026-04-26 00:13:47,755 - INFO - pairwise_permutation_test - GeoJSON: 720 detections from detections_canonical_run01.geojson
2026-04-26 00:13:47,781 - INFO - pairwise_permutation_test - GeoJSON: 897 detections from detections_canonical_run01.geojson
2026-04-26 00:13:47,790 - INFO - pairwise_permutation_test - GeoJSON: 823 detections from detections_pure-positive-2hp_run01.geojson
2026-04-26 00:13:47,859 - INFO - pairwise_permutation_test - GeoJSON: 897 detections from detections_canonical_run01.geojson
2026-04-26 00:13:47,867 - INFO - pairwise_permutation_test - GeoJSON: 821 detections from detections_random_run01.geojson
2026-04-26 00:13:47,985 - INFO - pairwise_permutation_test - GeoJSON: 897 detections from detections_canonical_run01.geojson
2026-04-26 00:13:47,992 - INFO - pairwise_permutation_test - GeoJSON: 728 detections from detections_pure-positive-canon_run01.geojson
2026-04-26 00:13:49,061 - INFO - pairwise_permutation_test - GeoJSON: 897 detections from detections_canonical_run01.geojson
2026-04-26 00:13:49,068 - INFO - pairwise_permutation_test - GeoJSON: 736 detections from detections_pure-positive-canon_run01.geojson
2026-04-26 00:13:49,088 - INFO - pairwise_permutation_test - GeoJSON: 887 detections from detections_pure-positive-canon_run01.geojson
2026-04-26 00:13:49,096 - INFO - pairwise_permutation_test - GeoJSON: 742 detections from detections_verbose_run01.geojson
2026-04-26 00:13:49,238 - INFO - pairwise_permutation_test - GeoJSON: 887 detections from detections_pure-positive-canon_run01.geojson
2026-04-26 00:13:49,247 - INFO - pairwise_permutation_test - GeoJSON: 771 detections from detections_canonical-first_run01.geojson
2026-04-26 00:13:49,248 - INFO - __main__ - [100/210] pairwise done
2026-04-26 00:13:49,267 - INFO - pairwise_permutation_test - GeoJSON: 887 detections from detections_pure-positive-canon_run01.geojson
2026-04-26 00:13:49,275 - INFO - pairwise_permutation_test - GeoJSON: 771 detections from detections_pure-positive-4hp_run01.geojson
2026-04-26 00:13:49,278 - INFO - pairwise_permutation_test - GeoJSON: 887 detections from detections_pure-positive-canon_run01.geojson
2026-04-26 00:13:49,286 - INFO - pairwise_permutation_test - GeoJSON: 771 detections from detections_plus-hp_run01.geojson
2026-04-26 00:13:49,392 - INFO - pairwise_permutation_test - GeoJSON: 887 detections from detections_pure-positive-canon_run01.geojson
2026-04-26 00:13:49,401 - INFO - pairwise_permutation_test - GeoJSON: 868 detections from detections_terse_run01.geojson
2026-04-26 00:13:49,460 - INFO - pairwise_permutation_test - GeoJSON: 887 detections from detections_pure-positive-canon_run01.geojson
2026-04-26 00:13:49,469 - INFO - pairwise_permutation_test - GeoJSON: 885 detections from detections_plus-hp_run01.geojson
2026-04-26 00:13:49,591 - INFO - pairwise_permutation_test - GeoJSON: 887 detections from detections_pure-positive-canon_run01.geojson
2026-04-26 00:13:49,600 - INFO - pairwise_permutation_test - GeoJSON: 770 detections from detections_scale-8_run01.geojson
2026-04-26 00:13:50,641 - INFO - pairwise_permutation_test - GeoJSON: 887 detections from detections_pure-positive-canon_run01.geojson
2026-04-26 00:13:50,648 - INFO - pairwise_permutation_test - GeoJSON: 887 detections from detections_pure-positive-canon_run01.geojson
2026-04-26 00:13:50,650 - INFO - pairwise_permutation_test - GeoJSON: 811 detections from detections_scale-4_run01.geojson
2026-04-26 00:13:50,656 - INFO - pairwise_permutation_test - GeoJSON: 798 detections from detections_verbose_run01.geojson
2026-04-26 00:13:50,807 - INFO - pairwise_permutation_test - GeoJSON: 887 detections from detections_pure-positive-canon_run01.geojson
2026-04-26 00:13:50,815 - INFO - pairwise_permutation_test - GeoJSON: 720 detections from detections_canonical_run01.geojson
2026-04-26 00:13:50,842 - INFO - pairwise_permutation_test - GeoJSON: 887 detections from detections_pure-positive-canon_run01.geojson
2026-04-26 00:13:50,851 - INFO - pairwise_permutation_test - GeoJSON: 823 detections from detections_pure-positive-2hp_run01.geojson
2026-04-26 00:13:50,864 - INFO - pairwise_permutation_test - GeoJSON: 887 detections from detections_pure-positive-canon_run01.geojson
2026-04-26 00:13:50,872 - INFO - pairwise_permutation_test - GeoJSON: 821 detections from detections_random_run01.geojson
2026-04-26 00:13:50,975 - INFO - pairwise_permutation_test - GeoJSON: 887 detections from detections_pure-positive-canon_run01.geojson
2026-04-26 00:13:50,983 - INFO - pairwise_permutation_test - GeoJSON: 728 detections from detections_pure-positive-canon_run01.geojson
2026-04-26 00:13:51,070 - INFO - pairwise_permutation_test - GeoJSON: 887 detections from detections_pure-positive-canon_run01.geojson
2026-04-26 00:13:51,077 - INFO - pairwise_permutation_test - GeoJSON: 736 detections from detections_pure-positive-canon_run01.geojson
2026-04-26 00:13:51,225 - INFO - pairwise_permutation_test - GeoJSON: 742 detections from detections_verbose_run01.geojson
2026-04-26 00:13:51,233 - INFO - pairwise_permutation_test - GeoJSON: 771 detections from detections_canonical-first_run01.geojson
2026-04-26 00:13:52,221 - INFO - pairwise_permutation_test - GeoJSON: 742 detections from detections_verbose_run01.geojson
2026-04-26 00:13:52,229 - INFO - pairwise_permutation_test - GeoJSON: 771 detections from detections_pure-positive-4hp_run01.geojson
2026-04-26 00:13:52,267 - INFO - pairwise_permutation_test - GeoJSON: 742 detections from detections_verbose_run01.geojson
2026-04-26 00:13:52,276 - INFO - pairwise_permutation_test - GeoJSON: 771 detections from detections_plus-hp_run01.geojson
2026-04-26 00:13:52,348 - INFO - pairwise_permutation_test - GeoJSON: 742 detections from detections_verbose_run01.geojson
2026-04-26 00:13:52,357 - INFO - pairwise_permutation_test - GeoJSON: 868 detections from detections_terse_run01.geojson
2026-04-26 00:13:52,426 - INFO - pairwise_permutation_test - GeoJSON: 742 detections from detections_verbose_run01.geojson
2026-04-26 00:13:52,435 - INFO - pairwise_permutation_test - GeoJSON: 885 detections from detections_plus-hp_run01.geojson
2026-04-26 00:13:52,461 - INFO - pairwise_permutation_test - GeoJSON: 742 detections from detections_verbose_run01.geojson
2026-04-26 00:13:52,469 - INFO - pairwise_permutation_test - GeoJSON: 770 detections from detections_scale-8_run01.geojson
2026-04-26 00:13:52,511 - INFO - pairwise_permutation_test - GeoJSON: 742 detections from detections_verbose_run01.geojson
2026-04-26 00:13:52,520 - INFO - pairwise_permutation_test - GeoJSON: 811 detections from detections_scale-4_run01.geojson
2026-04-26 00:13:52,621 - INFO - pairwise_permutation_test - GeoJSON: 742 detections from detections_verbose_run01.geojson
2026-04-26 00:13:52,630 - INFO - pairwise_permutation_test - GeoJSON: 798 detections from detections_verbose_run01.geojson
2026-04-26 00:13:52,831 - INFO - pairwise_permutation_test - GeoJSON: 742 detections from detections_verbose_run01.geojson
2026-04-26 00:13:52,839 - INFO - pairwise_permutation_test - GeoJSON: 720 detections from detections_canonical_run01.geojson
2026-04-26 00:13:53,758 - INFO - pairwise_permutation_test - GeoJSON: 742 detections from detections_verbose_run01.geojson
2026-04-26 00:13:53,767 - INFO - pairwise_permutation_test - GeoJSON: 823 detections from detections_pure-positive-2hp_run01.geojson
2026-04-26 00:13:53,853 - INFO - pairwise_permutation_test - GeoJSON: 742 detections from detections_verbose_run01.geojson
2026-04-26 00:13:53,861 - INFO - pairwise_permutation_test - GeoJSON: 821 detections from detections_random_run01.geojson
2026-04-26 00:13:53,908 - INFO - pairwise_permutation_test - GeoJSON: 742 detections from detections_verbose_run01.geojson
2026-04-26 00:13:53,915 - INFO - pairwise_permutation_test - GeoJSON: 728 detections from detections_pure-positive-canon_run01.geojson
2026-04-26 00:13:53,984 - INFO - pairwise_permutation_test - GeoJSON: 742 detections from detections_verbose_run01.geojson
2026-04-26 00:13:53,992 - INFO - pairwise_permutation_test - GeoJSON: 736 detections from detections_pure-positive-canon_run01.geojson
2026-04-26 00:13:54,007 - INFO - pairwise_permutation_test - GeoJSON: 771 detections from detections_canonical-first_run01.geojson
2026-04-26 00:13:54,015 - INFO - pairwise_permutation_test - GeoJSON: 771 detections from detections_pure-positive-4hp_run01.geojson
2026-04-26 00:13:54,056 - INFO - pairwise_permutation_test - GeoJSON: 771 detections from detections_canonical-first_run01.geojson
2026-04-26 00:13:54,064 - INFO - pairwise_permutation_test - GeoJSON: 771 detections from detections_plus-hp_run01.geojson
2026-04-26 00:13:54,150 - INFO - pairwise_permutation_test - GeoJSON: 771 detections from detections_canonical-first_run01.geojson
2026-04-26 00:13:54,159 - INFO - pairwise_permutation_test - GeoJSON: 868 detections from detections_terse_run01.geojson
2026-04-26 00:13:54,380 - INFO - pairwise_permutation_test - GeoJSON: 771 detections from detections_canonical-first_run01.geojson
2026-04-26 00:13:54,392 - INFO - pairwise_permutation_test - GeoJSON: 885 detections from detections_plus-hp_run01.geojson
2026-04-26 00:13:55,318 - INFO - pairwise_permutation_test - GeoJSON: 771 detections from detections_canonical-first_run01.geojson
2026-04-26 00:13:55,327 - INFO - pairwise_permutation_test - GeoJSON: 770 detections from detections_scale-8_run01.geojson
2026-04-26 00:13:55,433 - INFO - pairwise_permutation_test - GeoJSON: 771 detections from detections_canonical-first_run01.geojson
2026-04-26 00:13:55,441 - INFO - pairwise_permutation_test - GeoJSON: 811 detections from detections_scale-4_run01.geojson
2026-04-26 00:13:55,461 - INFO - pairwise_permutation_test - GeoJSON: 771 detections from detections_canonical-first_run01.geojson
2026-04-26 00:13:55,469 - INFO - pairwise_permutation_test - GeoJSON: 798 detections from detections_verbose_run01.geojson
2026-04-26 00:13:55,494 - INFO - pairwise_permutation_test - GeoJSON: 771 detections from detections_canonical-first_run01.geojson
2026-04-26 00:13:55,502 - INFO - pairwise_permutation_test - GeoJSON: 720 detections from detections_canonical_run01.geojson
2026-04-26 00:13:55,577 - INFO - pairwise_permutation_test - GeoJSON: 771 detections from detections_canonical-first_run01.geojson
2026-04-26 00:13:55,610 - INFO - pairwise_permutation_test - GeoJSON: 823 detections from detections_pure-positive-2hp_run01.geojson
2026-04-26 00:13:55,618 - INFO - pairwise_permutation_test - GeoJSON: 771 detections from detections_canonical-first_run01.geojson
2026-04-26 00:13:55,651 - INFO - pairwise_permutation_test - GeoJSON: 821 detections from detections_random_run01.geojson
2026-04-26 00:13:55,712 - INFO - pairwise_permutation_test - GeoJSON: 771 detections from detections_canonical-first_run01.geojson
2026-04-26 00:13:55,742 - INFO - pairwise_permutation_test - GeoJSON: 728 detections from detections_pure-positive-canon_run01.geojson
2026-04-26 00:13:56,031 - INFO - pairwise_permutation_test - GeoJSON: 771 detections from detections_canonical-first_run01.geojson
2026-04-26 00:13:56,039 - INFO - pairwise_permutation_test - GeoJSON: 736 detections from detections_pure-positive-canon_run01.geojson
2026-04-26 00:13:56,872 - INFO - pairwise_permutation_test - GeoJSON: 771 detections from detections_pure-positive-4hp_run01.geojson
2026-04-26 00:13:56,903 - INFO - pairwise_permutation_test - GeoJSON: 771 detections from detections_plus-hp_run01.geojson
2026-04-26 00:13:57,027 - INFO - pairwise_permutation_test - GeoJSON: 771 detections from detections_pure-positive-4hp_run01.geojson
2026-04-26 00:13:57,029 - INFO - pairwise_permutation_test - GeoJSON: 771 detections from detections_pure-positive-4hp_run01.geojson
2026-04-26 00:13:57,036 - INFO - pairwise_permutation_test - GeoJSON: 868 detections from detections_terse_run01.geojson
2026-04-26 00:13:57,038 - INFO - pairwise_permutation_test - GeoJSON: 885 detections from detections_plus-hp_run01.geojson
2026-04-26 00:13:57,069 - INFO - pairwise_permutation_test - GeoJSON: 771 detections from detections_pure-positive-4hp_run01.geojson
2026-04-26 00:13:57,077 - INFO - pairwise_permutation_test - GeoJSON: 770 detections from detections_scale-8_run01.geojson
2026-04-26 00:13:57,183 - INFO - pairwise_permutation_test - GeoJSON: 771 detections from detections_pure-positive-4hp_run01.geojson
2026-04-26 00:13:57,191 - INFO - pairwise_permutation_test - GeoJSON: 811 detections from detections_scale-4_run01.geojson
2026-04-26 00:13:57,203 - INFO - pairwise_permutation_test - GeoJSON: 771 detections from detections_pure-positive-4hp_run01.geojson
2026-04-26 00:13:57,212 - INFO - pairwise_permutation_test - GeoJSON: 798 detections from detections_verbose_run01.geojson
2026-04-26 00:13:57,250 - INFO - pairwise_permutation_test - GeoJSON: 771 detections from detections_pure-positive-4hp_run01.geojson
2026-04-26 00:13:57,258 - INFO - pairwise_permutation_test - GeoJSON: 720 detections from detections_canonical_run01.geojson
2026-04-26 00:13:57,629 - INFO - pairwise_permutation_test - GeoJSON: 771 detections from detections_pure-positive-4hp_run01.geojson
2026-04-26 00:13:57,638 - INFO - pairwise_permutation_test - GeoJSON: 823 detections from detections_pure-positive-2hp_run01.geojson
2026-04-26 00:13:58,456 - INFO - pairwise_permutation_test - GeoJSON: 771 detections from detections_pure-positive-4hp_run01.geojson
2026-04-26 00:13:58,464 - INFO - pairwise_permutation_test - GeoJSON: 821 detections from detections_random_run01.geojson
2026-04-26 00:13:58,600 - INFO - pairwise_permutation_test - GeoJSON: 771 detections from detections_pure-positive-4hp_run01.geojson
2026-04-26 00:13:58,607 - INFO - pairwise_permutation_test - GeoJSON: 771 detections from detections_pure-positive-4hp_run01.geojson
2026-04-26 00:13:58,608 - INFO - pairwise_permutation_test - GeoJSON: 728 detections from detections_pure-positive-canon_run01.geojson
2026-04-26 00:13:58,615 - INFO - pairwise_permutation_test - GeoJSON: 736 detections from detections_pure-positive-canon_run01.geojson
2026-04-26 00:13:58,684 - INFO - pairwise_permutation_test - GeoJSON: 771 detections from detections_plus-hp_run01.geojson
2026-04-26 00:13:58,693 - INFO - pairwise_permutation_test - GeoJSON: 868 detections from detections_terse_run01.geojson
2026-04-26 00:13:58,734 - INFO - __main__ - [150/210] pairwise done
2026-04-26 00:13:58,748 - INFO - pairwise_permutation_test - GeoJSON: 771 detections from detections_plus-hp_run01.geojson
2026-04-26 00:13:58,752 - INFO - pairwise_permutation_test - GeoJSON: 771 detections from detections_plus-hp_run01.geojson
2026-04-26 00:13:58,757 - INFO - pairwise_permutation_test - GeoJSON: 885 detections from detections_plus-hp_run01.geojson
2026-04-26 00:13:58,760 - INFO - pairwise_permutation_test - GeoJSON: 770 detections from detections_scale-8_run01.geojson
2026-04-26 00:13:58,770 - INFO - pairwise_permutation_test - GeoJSON: 771 detections from detections_plus-hp_run01.geojson
2026-04-26 00:13:58,778 - INFO - pairwise_permutation_test - GeoJSON: 811 detections from detections_scale-4_run01.geojson
2026-04-26 00:13:59,270 - INFO - pairwise_permutation_test - GeoJSON: 771 detections from detections_plus-hp_run01.geojson
2026-04-26 00:13:59,279 - INFO - pairwise_permutation_test - GeoJSON: 798 detections from detections_verbose_run01.geojson
2026-04-26 00:14:00,041 - INFO - pairwise_permutation_test - GeoJSON: 771 detections from detections_plus-hp_run01.geojson
2026-04-26 00:14:00,049 - INFO - pairwise_permutation_test - GeoJSON: 720 detections from detections_canonical_run01.geojson
2026-04-26 00:14:00,130 - INFO - pairwise_permutation_test - GeoJSON: 771 detections from detections_plus-hp_run01.geojson
2026-04-26 00:14:00,131 - INFO - pairwise_permutation_test - GeoJSON: 771 detections from detections_plus-hp_run01.geojson
2026-04-26 00:14:00,139 - INFO - pairwise_permutation_test - GeoJSON: 823 detections from detections_pure-positive-2hp_run01.geojson
2026-04-26 00:14:00,140 - INFO - pairwise_permutation_test - GeoJSON: 821 detections from detections_random_run01.geojson
2026-04-26 00:14:00,293 - INFO - pairwise_permutation_test - GeoJSON: 771 detections from detections_plus-hp_run01.geojson
2026-04-26 00:14:00,301 - INFO - pairwise_permutation_test - GeoJSON: 728 detections from detections_pure-positive-canon_run01.geojson
2026-04-26 00:14:00,303 - INFO - pairwise_permutation_test - GeoJSON: 771 detections from detections_plus-hp_run01.geojson
2026-04-26 00:14:00,311 - INFO - pairwise_permutation_test - GeoJSON: 736 detections from detections_pure-positive-canon_run01.geojson
2026-04-26 00:14:00,322 - INFO - pairwise_permutation_test - GeoJSON: 868 detections from detections_terse_run01.geojson
2026-04-26 00:14:00,331 - INFO - pairwise_permutation_test - GeoJSON: 885 detections from detections_plus-hp_run01.geojson
2026-04-26 00:14:00,360 - INFO - pairwise_permutation_test - GeoJSON: 868 detections from detections_terse_run01.geojson
2026-04-26 00:14:00,368 - INFO - pairwise_permutation_test - GeoJSON: 770 detections from detections_scale-8_run01.geojson
2026-04-26 00:14:00,860 - INFO - pairwise_permutation_test - GeoJSON: 868 detections from detections_terse_run01.geojson
2026-04-26 00:14:00,869 - INFO - pairwise_permutation_test - GeoJSON: 811 detections from detections_scale-4_run01.geojson
2026-04-26 00:14:01,567 - INFO - pairwise_permutation_test - GeoJSON: 868 detections from detections_terse_run01.geojson
2026-04-26 00:14:01,575 - INFO - pairwise_permutation_test - GeoJSON: 798 detections from detections_verbose_run01.geojson
2026-04-26 00:14:01,712 - INFO - pairwise_permutation_test - GeoJSON: 868 detections from detections_terse_run01.geojson
2026-04-26 00:14:01,713 - INFO - pairwise_permutation_test - GeoJSON: 868 detections from detections_terse_run01.geojson
2026-04-26 00:14:01,719 - INFO - pairwise_permutation_test - GeoJSON: 720 detections from detections_canonical_run01.geojson
2026-04-26 00:14:01,722 - INFO - pairwise_permutation_test - GeoJSON: 823 detections from detections_pure-positive-2hp_run01.geojson
2026-04-26 00:14:01,827 - INFO - pairwise_permutation_test - GeoJSON: 868 detections from detections_terse_run01.geojson
2026-04-26 00:14:01,836 - INFO - pairwise_permutation_test - GeoJSON: 821 detections from detections_random_run01.geojson
2026-04-26 00:14:01,866 - INFO - pairwise_permutation_test - GeoJSON: 868 detections from detections_terse_run01.geojson
2026-04-26 00:14:01,874 - INFO - pairwise_permutation_test - GeoJSON: 728 detections from detections_pure-positive-canon_run01.geojson
2026-04-26 00:14:01,911 - INFO - pairwise_permutation_test - GeoJSON: 868 detections from detections_terse_run01.geojson
2026-04-26 00:14:01,919 - INFO - pairwise_permutation_test - GeoJSON: 736 detections from detections_pure-positive-canon_run01.geojson
2026-04-26 00:14:01,931 - INFO - pairwise_permutation_test - GeoJSON: 885 detections from detections_plus-hp_run01.geojson
2026-04-26 00:14:01,939 - INFO - pairwise_permutation_test - GeoJSON: 770 detections from detections_scale-8_run01.geojson
2026-04-26 00:14:02,475 - INFO - pairwise_permutation_test - GeoJSON: 885 detections from detections_plus-hp_run01.geojson
2026-04-26 00:14:02,484 - INFO - pairwise_permutation_test - GeoJSON: 811 detections from detections_scale-4_run01.geojson
2026-04-26 00:14:03,106 - INFO - pairwise_permutation_test - GeoJSON: 885 detections from detections_plus-hp_run01.geojson
2026-04-26 00:14:03,114 - INFO - pairwise_permutation_test - GeoJSON: 798 detections from detections_verbose_run01.geojson
2026-04-26 00:14:03,265 - INFO - pairwise_permutation_test - GeoJSON: 885 detections from detections_plus-hp_run01.geojson
2026-04-26 00:14:03,273 - INFO - pairwise_permutation_test - GeoJSON: 720 detections from detections_canonical_run01.geojson
2026-04-26 00:14:03,282 - INFO - pairwise_permutation_test - GeoJSON: 885 detections from detections_plus-hp_run01.geojson
2026-04-26 00:14:03,290 - INFO - pairwise_permutation_test - GeoJSON: 823 detections from detections_pure-positive-2hp_run01.geojson
2026-04-26 00:14:03,380 - INFO - pairwise_permutation_test - GeoJSON: 885 detections from detections_plus-hp_run01.geojson
2026-04-26 00:14:03,389 - INFO - pairwise_permutation_test - GeoJSON: 821 detections from detections_random_run01.geojson
2026-04-26 00:14:03,398 - INFO - pairwise_permutation_test - GeoJSON: 885 detections from detections_plus-hp_run01.geojson
2026-04-26 00:14:03,406 - INFO - pairwise_permutation_test - GeoJSON: 728 detections from detections_pure-positive-canon_run01.geojson
2026-04-26 00:14:03,442 - INFO - pairwise_permutation_test - GeoJSON: 885 detections from detections_plus-hp_run01.geojson
2026-04-26 00:14:03,450 - INFO - pairwise_permutation_test - GeoJSON: 736 detections from detections_pure-positive-canon_run01.geojson
2026-04-26 00:14:03,522 - INFO - pairwise_permutation_test - GeoJSON: 770 detections from detections_scale-8_run01.geojson
2026-04-26 00:14:03,530 - INFO - pairwise_permutation_test - GeoJSON: 811 detections from detections_scale-4_run01.geojson
2026-04-26 00:14:04,123 - INFO - pairwise_permutation_test - GeoJSON: 770 detections from detections_scale-8_run01.geojson
2026-04-26 00:14:04,131 - INFO - pairwise_permutation_test - GeoJSON: 798 detections from detections_verbose_run01.geojson
2026-04-26 00:14:04,667 - INFO - pairwise_permutation_test - GeoJSON: 770 detections from detections_scale-8_run01.geojson
2026-04-26 00:14:04,674 - INFO - pairwise_permutation_test - GeoJSON: 720 detections from detections_canonical_run01.geojson
2026-04-26 00:14:04,807 - INFO - pairwise_permutation_test - GeoJSON: 770 detections from detections_scale-8_run01.geojson
2026-04-26 00:14:04,818 - INFO - pairwise_permutation_test - GeoJSON: 823 detections from detections_pure-positive-2hp_run01.geojson
2026-04-26 00:14:04,877 - INFO - pairwise_permutation_test - GeoJSON: 770 detections from detections_scale-8_run01.geojson
2026-04-26 00:14:04,886 - INFO - pairwise_permutation_test - GeoJSON: 821 detections from detections_random_run01.geojson
2026-04-26 00:14:04,938 - INFO - pairwise_permutation_test - GeoJSON: 770 detections from detections_scale-8_run01.geojson
2026-04-26 00:14:04,946 - INFO - pairwise_permutation_test - GeoJSON: 728 detections from detections_pure-positive-canon_run01.geojson
2026-04-26 00:14:04,954 - INFO - pairwise_permutation_test - GeoJSON: 770 detections from detections_scale-8_run01.geojson
2026-04-26 00:14:04,962 - INFO - pairwise_permutation_test - GeoJSON: 736 detections from detections_pure-positive-canon_run01.geojson
2026-04-26 00:14:05,011 - INFO - pairwise_permutation_test - GeoJSON: 811 detections from detections_scale-4_run01.geojson
2026-04-26 00:14:05,020 - INFO - pairwise_permutation_test - GeoJSON: 798 detections from detections_verbose_run01.geojson
2026-04-26 00:14:05,093 - INFO - pairwise_permutation_test - GeoJSON: 811 detections from detections_scale-4_run01.geojson
2026-04-26 00:14:05,101 - INFO - pairwise_permutation_test - GeoJSON: 720 detections from detections_canonical_run01.geojson
2026-04-26 00:14:05,701 - INFO - pairwise_permutation_test - GeoJSON: 811 detections from detections_scale-4_run01.geojson
2026-04-26 00:14:05,710 - INFO - pairwise_permutation_test - GeoJSON: 823 detections from detections_pure-positive-2hp_run01.geojson
2026-04-26 00:14:06,167 - INFO - pairwise_permutation_test - GeoJSON: 811 detections from detections_scale-4_run01.geojson
2026-04-26 00:14:06,176 - INFO - pairwise_permutation_test - GeoJSON: 821 detections from detections_random_run01.geojson
2026-04-26 00:14:06,400 - INFO - pairwise_permutation_test - GeoJSON: 811 detections from detections_scale-4_run01.geojson
2026-04-26 00:14:06,408 - INFO - pairwise_permutation_test - GeoJSON: 728 detections from detections_pure-positive-canon_run01.geojson
2026-04-26 00:14:06,434 - INFO - pairwise_permutation_test - GeoJSON: 811 detections from detections_scale-4_run01.geojson
2026-04-26 00:14:06,441 - INFO - pairwise_permutation_test - GeoJSON: 736 detections from detections_pure-positive-canon_run01.geojson
2026-04-26 00:14:06,466 - INFO - pairwise_permutation_test - GeoJSON: 798 detections from detections_verbose_run01.geojson
2026-04-26 00:14:06,470 - INFO - pairwise_permutation_test - GeoJSON: 798 detections from detections_verbose_run01.geojson
2026-04-26 00:14:06,474 - INFO - pairwise_permutation_test - GeoJSON: 720 detections from detections_canonical_run01.geojson
2026-04-26 00:14:06,479 - INFO - pairwise_permutation_test - GeoJSON: 823 detections from detections_pure-positive-2hp_run01.geojson
2026-04-26 00:14:06,585 - INFO - pairwise_permutation_test - GeoJSON: 798 detections from detections_verbose_run01.geojson
2026-04-26 00:14:06,593 - INFO - pairwise_permutation_test - GeoJSON: 821 detections from detections_random_run01.geojson
2026-04-26 00:14:06,627 - INFO - pairwise_permutation_test - GeoJSON: 798 detections from detections_verbose_run01.geojson
2026-04-26 00:14:06,634 - INFO - pairwise_permutation_test - GeoJSON: 728 detections from detections_pure-positive-canon_run01.geojson
2026-04-26 00:14:07,297 - INFO - pairwise_permutation_test - GeoJSON: 798 detections from detections_verbose_run01.geojson
2026-04-26 00:14:07,305 - INFO - pairwise_permutation_test - GeoJSON: 736 detections from detections_pure-positive-canon_run01.geojson
2026-04-26 00:14:07,741 - INFO - pairwise_permutation_test - GeoJSON: 720 detections from detections_canonical_run01.geojson
2026-04-26 00:14:07,749 - INFO - pairwise_permutation_test - GeoJSON: 823 detections from detections_pure-positive-2hp_run01.geojson
2026-04-26 00:14:07,928 - INFO - pairwise_permutation_test - GeoJSON: 720 detections from detections_canonical_run01.geojson
2026-04-26 00:14:07,937 - INFO - pairwise_permutation_test - GeoJSON: 821 detections from detections_random_run01.geojson
2026-04-26 00:14:07,946 - INFO - pairwise_permutation_test - GeoJSON: 720 detections from detections_canonical_run01.geojson
2026-04-26 00:14:07,954 - INFO - pairwise_permutation_test - GeoJSON: 728 detections from detections_pure-positive-canon_run01.geojson
2026-04-26 00:14:07,993 - INFO - pairwise_permutation_test - GeoJSON: 720 detections from detections_canonical_run01.geojson
2026-04-26 00:14:08,001 - INFO - pairwise_permutation_test - GeoJSON: 736 detections from detections_pure-positive-canon_run01.geojson
2026-04-26 00:14:08,024 - INFO - pairwise_permutation_test - GeoJSON: 823 detections from detections_pure-positive-2hp_run01.geojson
2026-04-26 00:14:08,032 - INFO - pairwise_permutation_test - GeoJSON: 821 detections from detections_random_run01.geojson
2026-04-26 00:14:08,161 - INFO - pairwise_permutation_test - GeoJSON: 823 detections from detections_pure-positive-2hp_run01.geojson
2026-04-26 00:14:08,161 - INFO - pairwise_permutation_test - GeoJSON: 823 detections from detections_pure-positive-2hp_run01.geojson
2026-04-26 00:14:08,168 - INFO - pairwise_permutation_test - GeoJSON: 728 detections from detections_pure-positive-canon_run01.geojson
2026-04-26 00:14:08,169 - INFO - pairwise_permutation_test - GeoJSON: 736 detections from detections_pure-positive-canon_run01.geojson
2026-04-26 00:14:08,790 - INFO - __main__ - [200/210] pairwise done
2026-04-26 00:14:08,807 - INFO - pairwise_permutation_test - GeoJSON: 821 detections from detections_random_run01.geojson
2026-04-26 00:14:08,815 - INFO - pairwise_permutation_test - GeoJSON: 728 detections from detections_pure-positive-canon_run01.geojson
2026-04-26 00:14:09,275 - INFO - pairwise_permutation_test - GeoJSON: 821 detections from detections_random_run01.geojson
2026-04-26 00:14:09,283 - INFO - pairwise_permutation_test - GeoJSON: 736 detections from detections_pure-positive-canon_run01.geojson
2026-04-26 00:14:09,426 - INFO - pairwise_permutation_test - GeoJSON: 728 detections from detections_pure-positive-canon_run01.geojson
2026-04-26 00:14:09,434 - INFO - pairwise_permutation_test - GeoJSON: 736 detections from detections_pure-positive-canon_run01.geojson
2026-04-26 00:14:10,782 - INFO - __main__ - [210/210] pairwise done
2026-04-26 00:14:10,793 - INFO - __main__ - Pairwise: 0 cached, 210 computed
2026-04-26 00:14:10,794 - INFO - __main__ - Stage 4 complete in 42.1s
2026-04-26 00:14:10,794 - INFO - __main__ - FDR: 61/210 pairs significant at q=0.05 → 6 tiers
2026-04-26 00:14:10,795 - INFO - __main__ - Markdown leaderboard written to results/leaderboard/per-architecture/era1/single-pass/leaderboard_tiers_20m.md
2026-04-26 00:14:10,795 - INFO - __main__ - Markdown leaderboard written to results/leaderboard/per-architecture/era1/single-pass/leaderboard_tiers_30m.md
2026-04-26 00:14:10,795 - INFO - __main__ - Markdown leaderboard written to results/leaderboard/per-architecture/era1/single-pass/leaderboard_tiers_40m.md
2026-04-26 00:14:10,795 - INFO - __main__ - Markdown leaderboard written to results/leaderboard/per-architecture/era1/single-pass/leaderboard_tiers_50m.md
2026-04-26 00:14:10,795 - INFO - __main__ - Markdown leaderboard written to results/leaderboard/per-architecture/era1/single-pass/leaderboard_tiers_100m.md
2026-04-26 00:14:10,800 - INFO - __main__ - JSON leaderboard written to results/leaderboard/per-architecture/era1/single-pass/leaderboard_tiers_50m.json
2026-04-26 00:14:10,801 - INFO - __main__ - All evaluations written to results/leaderboard/per-architecture/era1/single-pass/leaderboard_all_evaluations.json

========================================================================
LEADERBOARD TIERS (F1, 50m buffer)
========================================================================

Tier 1 (F1: 0.724–0.724, 1 conditions)
    1. h4-canonical-last                        F1=0.724  t=1

Tier 2 (F1: 0.654–0.658, 2 conditions)
    2. h8-track2-text-scale-4                   F1=0.654  t=1
    3. h8-track2-text-scale-8                   F1=0.658  t=1

Tier 3 (F1: 0.717–0.734, 2 conditions)
    4. h4-config-default                        F1=0.734  t=1
    5. h5-track1-image-terse                    F1=0.717  t=1

Tier 4 (F1: 0.650–0.655, 2 conditions)
    6. h8-track2-text-canonical                 F1=0.650  t=1
    7. h8-track2-text-pure-positive-canon       F1=0.655  t=1

Tier 5 (F1: 0.724–0.730, 4 conditions)
    8. h5-track1-image-verbose                  F1=0.726  t=1
    9. h4-canonical-first                       F1=0.730  t=1
   10. h8-track1-image-exploratory-pure-positive-4hp F1=0.724  t=1
   11. h8-track1-image-plus-hp                  F1=0.730  t=1

Tier 6 (F1: 0.654–0.704, 10 conditions)
   12. h5-track2-text-terse                     F1=0.654  t=1
   13. h8-track2-text-plus-hp                   F1=0.654  t=1
   14. h8-track1-image-scale-8                  F1=0.704  t=1
   15. h8-track1-image-scale-4                  F1=0.690  t=1
   16. h5-track2-text-verbose                   F1=0.667  t=1
   17. h8-track1-image-canonical                F1=0.689  t=1
   18. h8-track1-image-exploratory-pure-positive-2hp F1=0.678  t=1
   19. h4-random                                F1=0.697  t=1
   20. h8-track1-image-exploratory-pure-positive-canon F1=0.699  t=1
   21. h8-track1-image-pure-positive-canon      F1=0.695  t=1

========================================================================
Total: 21 conditions in 6 tiers
========================================================================
