2026-04-26 00:12:45,576 - INFO - __main__ - build_tiered_leaderboard.py v1.0.0 — git b4b67486
2026-04-26 00:12:45,578 - INFO - __main__ - Resolved 21 conditions from inventory (era=1, track=None)
2026-04-26 00:12:45,578 - INFO - __main__ - Resolved 21 conditions
2026-04-26 00:12:45,578 - INFO - __main__ - Skipping evaluation (--skip-evaluation)
2026-04-26 00:12:45,580 - INFO - __main__ - Threshold selection at 20m; pairwise + tiering at 40m (Option A semantics)
2026-04-26 00:12:45,580 - INFO - __main__ - Top-N filter disabled (top_n=0); including all 21 conditions
2026-04-26 00:12:45,580 - INFO - __main__ - Selected 21 conditions (best F1=0.631 at 20m)
2026-04-26 00:12:45,603 - INFO - __main__ - Pairwise tests (f1): 210 pairs at 40m (10000 permutations, 8 workers)
2026-04-26 00:12:45,658 - INFO - pairwise_permutation_test - GeoJSON: 785 detections from detections_canonical-last_run01.geojson
2026-04-26 00:12:45,658 - INFO - pairwise_permutation_test - GeoJSON: 785 detections from detections_canonical-last_run01.geojson
2026-04-26 00:12:45,658 - INFO - pairwise_permutation_test - GeoJSON: 785 detections from detections_canonical-last_run01.geojson
2026-04-26 00:12:45,658 - INFO - pairwise_permutation_test - GeoJSON: 785 detections from detections_canonical-last_run01.geojson
2026-04-26 00:12:45,658 - INFO - pairwise_permutation_test - GeoJSON: 785 detections from detections_canonical-last_run01.geojson
2026-04-26 00:12:45,658 - INFO - pairwise_permutation_test - GeoJSON: 785 detections from detections_canonical-last_run01.geojson
2026-04-26 00:12:45,658 - INFO - pairwise_permutation_test - GeoJSON: 785 detections from detections_canonical-last_run01.geojson
2026-04-26 00:12:45,659 - INFO - pairwise_permutation_test - GeoJSON: 785 detections from detections_canonical-last_run01.geojson
2026-04-26 00:12:45,666 - INFO - pairwise_permutation_test - GeoJSON: 742 detections from detections_verbose_run01.geojson
2026-04-26 00:12:45,666 - INFO - pairwise_permutation_test - GeoJSON: 752 detections from detections_config-default_run01.geojson
2026-04-26 00:12:45,666 - INFO - pairwise_permutation_test - GeoJSON: 773 detections from detections_terse_run01.geojson
2026-04-26 00:12:45,667 - INFO - pairwise_permutation_test - GeoJSON: 881 detections from detections_scale-8_run01.geojson
2026-04-26 00:12:45,668 - INFO - pairwise_permutation_test - GeoJSON: 882 detections from detections_scale-4_run01.geojson
2026-04-26 00:12:45,668 - INFO - pairwise_permutation_test - GeoJSON: 887 detections from detections_pure-positive-canon_run01.geojson
2026-04-26 00:12:45,668 - INFO - pairwise_permutation_test - GeoJSON: 897 detections from detections_canonical_run01.geojson
2026-04-26 00:12:45,668 - INFO - pairwise_permutation_test - GeoJSON: 771 detections from detections_canonical-first_run01.geojson
2026-04-26 00:12:47,220 - INFO - pairwise_permutation_test - GeoJSON: 785 detections from detections_canonical-last_run01.geojson
2026-04-26 00:12:47,227 - INFO - pairwise_permutation_test - GeoJSON: 785 detections from detections_canonical-last_run01.geojson
2026-04-26 00:12:47,228 - INFO - pairwise_permutation_test - GeoJSON: 771 detections from detections_pure-positive-4hp_run01.geojson
2026-04-26 00:12:47,229 - INFO - pairwise_permutation_test - GeoJSON: 785 detections from detections_canonical-last_run01.geojson
2026-04-26 00:12:47,235 - INFO - pairwise_permutation_test - GeoJSON: 771 detections from detections_plus-hp_run01.geojson
2026-04-26 00:12:47,238 - INFO - pairwise_permutation_test - GeoJSON: 868 detections from detections_terse_run01.geojson
2026-04-26 00:12:47,255 - INFO - pairwise_permutation_test - GeoJSON: 785 detections from detections_canonical-last_run01.geojson
2026-04-26 00:12:47,258 - INFO - pairwise_permutation_test - GeoJSON: 785 detections from detections_canonical-last_run01.geojson
2026-04-26 00:12:47,265 - INFO - pairwise_permutation_test - GeoJSON: 885 detections from detections_plus-hp_run01.geojson
2026-04-26 00:12:47,266 - INFO - pairwise_permutation_test - GeoJSON: 770 detections from detections_scale-8_run01.geojson
2026-04-26 00:12:47,278 - INFO - pairwise_permutation_test - GeoJSON: 785 detections from detections_canonical-last_run01.geojson
2026-04-26 00:12:47,287 - INFO - pairwise_permutation_test - GeoJSON: 811 detections from detections_scale-4_run01.geojson
2026-04-26 00:12:47,287 - INFO - pairwise_permutation_test - GeoJSON: 785 detections from detections_canonical-last_run01.geojson
2026-04-26 00:12:47,296 - INFO - pairwise_permutation_test - GeoJSON: 798 detections from detections_verbose_run01.geojson
2026-04-26 00:12:47,324 - INFO - pairwise_permutation_test - GeoJSON: 785 detections from detections_canonical-last_run01.geojson
2026-04-26 00:12:47,332 - INFO - pairwise_permutation_test - GeoJSON: 720 detections from detections_canonical_run01.geojson
2026-04-26 00:12:48,810 - INFO - pairwise_permutation_test - GeoJSON: 785 detections from detections_canonical-last_run01.geojson
2026-04-26 00:12:48,812 - INFO - pairwise_permutation_test - GeoJSON: 785 detections from detections_canonical-last_run01.geojson
2026-04-26 00:12:48,818 - INFO - pairwise_permutation_test - GeoJSON: 823 detections from detections_pure-positive-2hp_run01.geojson
2026-04-26 00:12:48,821 - INFO - pairwise_permutation_test - GeoJSON: 821 detections from detections_random_run01.geojson
2026-04-26 00:12:48,839 - INFO - pairwise_permutation_test - GeoJSON: 785 detections from detections_canonical-last_run01.geojson
2026-04-26 00:12:48,846 - INFO - pairwise_permutation_test - GeoJSON: 728 detections from detections_pure-positive-canon_run01.geojson
2026-04-26 00:12:48,857 - INFO - pairwise_permutation_test - GeoJSON: 785 detections from detections_canonical-last_run01.geojson
2026-04-26 00:12:48,858 - INFO - pairwise_permutation_test - GeoJSON: 882 detections from detections_scale-4_run01.geojson
2026-04-26 00:12:48,865 - INFO - pairwise_permutation_test - GeoJSON: 736 detections from detections_pure-positive-canon_run01.geojson
2026-04-26 00:12:48,867 - INFO - pairwise_permutation_test - GeoJSON: 881 detections from detections_scale-8_run01.geojson
2026-04-26 00:12:48,868 - INFO - pairwise_permutation_test - GeoJSON: 882 detections from detections_scale-4_run01.geojson
2026-04-26 00:12:48,874 - INFO - pairwise_permutation_test - GeoJSON: 882 detections from detections_scale-4_run01.geojson
2026-04-26 00:12:48,876 - INFO - pairwise_permutation_test - GeoJSON: 752 detections from detections_config-default_run01.geojson
2026-04-26 00:12:48,882 - INFO - pairwise_permutation_test - GeoJSON: 773 detections from detections_terse_run01.geojson
2026-04-26 00:12:48,898 - INFO - pairwise_permutation_test - GeoJSON: 882 detections from detections_scale-4_run01.geojson
2026-04-26 00:12:48,907 - INFO - pairwise_permutation_test - GeoJSON: 897 detections from detections_canonical_run01.geojson
2026-04-26 00:12:50,383 - INFO - pairwise_permutation_test - GeoJSON: 882 detections from detections_scale-4_run01.geojson
2026-04-26 00:12:50,392 - INFO - pairwise_permutation_test - GeoJSON: 887 detections from detections_pure-positive-canon_run01.geojson
2026-04-26 00:12:50,402 - INFO - pairwise_permutation_test - GeoJSON: 882 detections from detections_scale-4_run01.geojson
2026-04-26 00:12:50,409 - INFO - pairwise_permutation_test - GeoJSON: 742 detections from detections_verbose_run01.geojson
2026-04-26 00:12:50,411 - INFO - pairwise_permutation_test - GeoJSON: 882 detections from detections_scale-4_run01.geojson
2026-04-26 00:12:50,419 - INFO - pairwise_permutation_test - GeoJSON: 771 detections from detections_canonical-first_run01.geojson
2026-04-26 00:12:50,423 - INFO - pairwise_permutation_test - GeoJSON: 882 detections from detections_scale-4_run01.geojson
2026-04-26 00:12:50,431 - INFO - pairwise_permutation_test - GeoJSON: 771 detections from detections_pure-positive-4hp_run01.geojson
2026-04-26 00:12:50,459 - INFO - pairwise_permutation_test - GeoJSON: 882 detections from detections_scale-4_run01.geojson
2026-04-26 00:12:50,465 - INFO - pairwise_permutation_test - GeoJSON: 882 detections from detections_scale-4_run01.geojson
2026-04-26 00:12:50,467 - INFO - pairwise_permutation_test - GeoJSON: 771 detections from detections_plus-hp_run01.geojson
2026-04-26 00:12:50,474 - INFO - pairwise_permutation_test - GeoJSON: 868 detections from detections_terse_run01.geojson
2026-04-26 00:12:50,505 - INFO - pairwise_permutation_test - GeoJSON: 882 detections from detections_scale-4_run01.geojson
2026-04-26 00:12:50,514 - INFO - pairwise_permutation_test - GeoJSON: 885 detections from detections_plus-hp_run01.geojson
2026-04-26 00:12:50,561 - INFO - pairwise_permutation_test - GeoJSON: 882 detections from detections_scale-4_run01.geojson
2026-04-26 00:12:50,570 - INFO - pairwise_permutation_test - GeoJSON: 770 detections from detections_scale-8_run01.geojson
2026-04-26 00:12:51,967 - INFO - pairwise_permutation_test - GeoJSON: 882 detections from detections_scale-4_run01.geojson
2026-04-26 00:12:51,975 - INFO - pairwise_permutation_test - GeoJSON: 811 detections from detections_scale-4_run01.geojson
2026-04-26 00:12:51,993 - INFO - pairwise_permutation_test - GeoJSON: 882 detections from detections_scale-4_run01.geojson
2026-04-26 00:12:52,002 - INFO - pairwise_permutation_test - GeoJSON: 798 detections from detections_verbose_run01.geojson
2026-04-26 00:12:52,002 - INFO - pairwise_permutation_test - GeoJSON: 882 detections from detections_scale-4_run01.geojson
2026-04-26 00:12:52,010 - INFO - pairwise_permutation_test - GeoJSON: 720 detections from detections_canonical_run01.geojson
2026-04-26 00:12:52,012 - INFO - pairwise_permutation_test - GeoJSON: 882 detections from detections_scale-4_run01.geojson
2026-04-26 00:12:52,021 - INFO - pairwise_permutation_test - GeoJSON: 823 detections from detections_pure-positive-2hp_run01.geojson
2026-04-26 00:12:52,029 - INFO - pairwise_permutation_test - GeoJSON: 882 detections from detections_scale-4_run01.geojson
2026-04-26 00:12:52,037 - INFO - pairwise_permutation_test - GeoJSON: 821 detections from detections_random_run01.geojson
2026-04-26 00:12:52,062 - INFO - pairwise_permutation_test - GeoJSON: 882 detections from detections_scale-4_run01.geojson
2026-04-26 00:12:52,069 - INFO - pairwise_permutation_test - GeoJSON: 728 detections from detections_pure-positive-canon_run01.geojson
2026-04-26 00:12:52,168 - INFO - pairwise_permutation_test - GeoJSON: 882 detections from detections_scale-4_run01.geojson
2026-04-26 00:12:52,176 - INFO - pairwise_permutation_test - GeoJSON: 736 detections from detections_pure-positive-canon_run01.geojson
2026-04-26 00:12:52,200 - INFO - pairwise_permutation_test - GeoJSON: 881 detections from detections_scale-8_run01.geojson
2026-04-26 00:12:52,208 - INFO - pairwise_permutation_test - GeoJSON: 752 detections from detections_config-default_run01.geojson
2026-04-26 00:12:53,545 - INFO - pairwise_permutation_test - GeoJSON: 881 detections from detections_scale-8_run01.geojson
2026-04-26 00:12:53,546 - INFO - pairwise_permutation_test - GeoJSON: 881 detections from detections_scale-8_run01.geojson
2026-04-26 00:12:53,553 - INFO - pairwise_permutation_test - GeoJSON: 773 detections from detections_terse_run01.geojson
2026-04-26 00:12:53,556 - INFO - pairwise_permutation_test - GeoJSON: 897 detections from detections_canonical_run01.geojson
2026-04-26 00:12:53,577 - INFO - pairwise_permutation_test - GeoJSON: 881 detections from detections_scale-8_run01.geojson
2026-04-26 00:12:53,587 - INFO - pairwise_permutation_test - GeoJSON: 887 detections from detections_pure-positive-canon_run01.geojson
2026-04-26 00:12:53,609 - INFO - pairwise_permutation_test - GeoJSON: 881 detections from detections_scale-8_run01.geojson
2026-04-26 00:12:53,617 - INFO - pairwise_permutation_test - GeoJSON: 742 detections from detections_verbose_run01.geojson
2026-04-26 00:12:53,627 - INFO - pairwise_permutation_test - GeoJSON: 881 detections from detections_scale-8_run01.geojson
2026-04-26 00:12:53,627 - INFO - pairwise_permutation_test - GeoJSON: 881 detections from detections_scale-8_run01.geojson
2026-04-26 00:12:53,635 - INFO - pairwise_permutation_test - GeoJSON: 771 detections from detections_canonical-first_run01.geojson
2026-04-26 00:12:53,635 - INFO - pairwise_permutation_test - GeoJSON: 771 detections from detections_pure-positive-4hp_run01.geojson
2026-04-26 00:12:53,737 - INFO - pairwise_permutation_test - GeoJSON: 881 detections from detections_scale-8_run01.geojson
2026-04-26 00:12:53,745 - INFO - pairwise_permutation_test - GeoJSON: 771 detections from detections_plus-hp_run01.geojson
2026-04-26 00:12:53,830 - INFO - pairwise_permutation_test - GeoJSON: 881 detections from detections_scale-8_run01.geojson
2026-04-26 00:12:53,839 - INFO - pairwise_permutation_test - GeoJSON: 868 detections from detections_terse_run01.geojson
2026-04-26 00:12:55,130 - INFO - pairwise_permutation_test - GeoJSON: 881 detections from detections_scale-8_run01.geojson
2026-04-26 00:12:55,139 - INFO - pairwise_permutation_test - GeoJSON: 885 detections from detections_plus-hp_run01.geojson
2026-04-26 00:12:55,149 - INFO - pairwise_permutation_test - GeoJSON: 881 detections from detections_scale-8_run01.geojson
2026-04-26 00:12:55,157 - INFO - pairwise_permutation_test - GeoJSON: 770 detections from detections_scale-8_run01.geojson
2026-04-26 00:12:55,182 - INFO - pairwise_permutation_test - GeoJSON: 881 detections from detections_scale-8_run01.geojson
2026-04-26 00:12:55,191 - INFO - pairwise_permutation_test - GeoJSON: 811 detections from detections_scale-4_run01.geojson
2026-04-26 00:12:55,203 - INFO - pairwise_permutation_test - GeoJSON: 881 detections from detections_scale-8_run01.geojson
2026-04-26 00:12:55,211 - INFO - pairwise_permutation_test - GeoJSON: 798 detections from detections_verbose_run01.geojson
2026-04-26 00:12:55,223 - INFO - pairwise_permutation_test - GeoJSON: 881 detections from detections_scale-8_run01.geojson
2026-04-26 00:12:55,231 - INFO - pairwise_permutation_test - GeoJSON: 720 detections from detections_canonical_run01.geojson
2026-04-26 00:12:55,232 - INFO - pairwise_permutation_test - GeoJSON: 881 detections from detections_scale-8_run01.geojson
2026-04-26 00:12:55,241 - INFO - pairwise_permutation_test - GeoJSON: 823 detections from detections_pure-positive-2hp_run01.geojson
2026-04-26 00:12:55,325 - INFO - pairwise_permutation_test - GeoJSON: 881 detections from detections_scale-8_run01.geojson
2026-04-26 00:12:55,334 - INFO - pairwise_permutation_test - GeoJSON: 821 detections from detections_random_run01.geojson
2026-04-26 00:12:55,479 - INFO - pairwise_permutation_test - GeoJSON: 881 detections from detections_scale-8_run01.geojson
2026-04-26 00:12:55,487 - INFO - pairwise_permutation_test - GeoJSON: 728 detections from detections_pure-positive-canon_run01.geojson
2026-04-26 00:12:56,721 - INFO - pairwise_permutation_test - GeoJSON: 881 detections from detections_scale-8_run01.geojson
2026-04-26 00:12:56,726 - INFO - __main__ - [50/210] pairwise done
2026-04-26 00:12:56,729 - INFO - pairwise_permutation_test - GeoJSON: 736 detections from detections_pure-positive-canon_run01.geojson
2026-04-26 00:12:56,743 - INFO - pairwise_permutation_test - GeoJSON: 752 detections from detections_config-default_run01.geojson
2026-04-26 00:12:56,751 - INFO - pairwise_permutation_test - GeoJSON: 773 detections from detections_terse_run01.geojson
2026-04-26 00:12:56,761 - INFO - pairwise_permutation_test - GeoJSON: 752 detections from detections_config-default_run01.geojson
2026-04-26 00:12:56,765 - INFO - pairwise_permutation_test - GeoJSON: 752 detections from detections_config-default_run01.geojson
2026-04-26 00:12:56,770 - INFO - pairwise_permutation_test - GeoJSON: 752 detections from detections_config-default_run01.geojson
2026-04-26 00:12:56,771 - INFO - pairwise_permutation_test - GeoJSON: 897 detections from detections_canonical_run01.geojson
2026-04-26 00:12:56,774 - INFO - pairwise_permutation_test - GeoJSON: 887 detections from detections_pure-positive-canon_run01.geojson
2026-04-26 00:12:56,778 - INFO - pairwise_permutation_test - GeoJSON: 742 detections from detections_verbose_run01.geojson
2026-04-26 00:12:56,886 - INFO - pairwise_permutation_test - GeoJSON: 752 detections from detections_config-default_run01.geojson
2026-04-26 00:12:56,894 - INFO - pairwise_permutation_test - GeoJSON: 771 detections from detections_canonical-first_run01.geojson
2026-04-26 00:12:56,919 - INFO - pairwise_permutation_test - GeoJSON: 752 detections from detections_config-default_run01.geojson
2026-04-26 00:12:56,927 - INFO - pairwise_permutation_test - GeoJSON: 771 detections from detections_pure-positive-4hp_run01.geojson
2026-04-26 00:12:57,073 - INFO - pairwise_permutation_test - GeoJSON: 752 detections from detections_config-default_run01.geojson
2026-04-26 00:12:57,081 - INFO - pairwise_permutation_test - GeoJSON: 771 detections from detections_plus-hp_run01.geojson
2026-04-26 00:12:58,290 - INFO - pairwise_permutation_test - GeoJSON: 752 detections from detections_config-default_run01.geojson
2026-04-26 00:12:58,299 - INFO - pairwise_permutation_test - GeoJSON: 868 detections from detections_terse_run01.geojson
2026-04-26 00:12:58,312 - INFO - pairwise_permutation_test - GeoJSON: 752 detections from detections_config-default_run01.geojson
2026-04-26 00:12:58,321 - INFO - pairwise_permutation_test - GeoJSON: 885 detections from detections_plus-hp_run01.geojson
2026-04-26 00:12:58,323 - INFO - pairwise_permutation_test - GeoJSON: 752 detections from detections_config-default_run01.geojson
2026-04-26 00:12:58,331 - INFO - pairwise_permutation_test - GeoJSON: 770 detections from detections_scale-8_run01.geojson
2026-04-26 00:12:58,339 - INFO - pairwise_permutation_test - GeoJSON: 752 detections from detections_config-default_run01.geojson
2026-04-26 00:12:58,348 - INFO - pairwise_permutation_test - GeoJSON: 811 detections from detections_scale-4_run01.geojson
2026-04-26 00:12:58,377 - INFO - pairwise_permutation_test - GeoJSON: 752 detections from detections_config-default_run01.geojson
2026-04-26 00:12:58,386 - INFO - pairwise_permutation_test - GeoJSON: 798 detections from detections_verbose_run01.geojson
2026-04-26 00:12:58,490 - INFO - pairwise_permutation_test - GeoJSON: 752 detections from detections_config-default_run01.geojson
2026-04-26 00:12:58,497 - INFO - pairwise_permutation_test - GeoJSON: 720 detections from detections_canonical_run01.geojson
2026-04-26 00:12:58,501 - INFO - pairwise_permutation_test - GeoJSON: 752 detections from detections_config-default_run01.geojson
2026-04-26 00:12:58,510 - INFO - pairwise_permutation_test - GeoJSON: 823 detections from detections_pure-positive-2hp_run01.geojson
2026-04-26 00:12:58,656 - INFO - pairwise_permutation_test - GeoJSON: 752 detections from detections_config-default_run01.geojson
2026-04-26 00:12:58,665 - INFO - pairwise_permutation_test - GeoJSON: 821 detections from detections_random_run01.geojson
2026-04-26 00:12:59,859 - INFO - pairwise_permutation_test - GeoJSON: 752 detections from detections_config-default_run01.geojson
2026-04-26 00:12:59,867 - INFO - pairwise_permutation_test - GeoJSON: 728 detections from detections_pure-positive-canon_run01.geojson
2026-04-26 00:12:59,888 - INFO - pairwise_permutation_test - GeoJSON: 752 detections from detections_config-default_run01.geojson
2026-04-26 00:12:59,890 - INFO - pairwise_permutation_test - GeoJSON: 773 detections from detections_terse_run01.geojson
2026-04-26 00:12:59,895 - INFO - pairwise_permutation_test - GeoJSON: 736 detections from detections_pure-positive-canon_run01.geojson
2026-04-26 00:12:59,899 - INFO - pairwise_permutation_test - GeoJSON: 897 detections from detections_canonical_run01.geojson
2026-04-26 00:12:59,903 - INFO - pairwise_permutation_test - GeoJSON: 773 detections from detections_terse_run01.geojson
2026-04-26 00:12:59,912 - INFO - pairwise_permutation_test - GeoJSON: 887 detections from detections_pure-positive-canon_run01.geojson
2026-04-26 00:12:59,972 - INFO - pairwise_permutation_test - GeoJSON: 773 detections from detections_terse_run01.geojson
2026-04-26 00:12:59,980 - INFO - pairwise_permutation_test - GeoJSON: 742 detections from detections_verbose_run01.geojson
2026-04-26 00:13:00,017 - INFO - pairwise_permutation_test - GeoJSON: 773 detections from detections_terse_run01.geojson
2026-04-26 00:13:00,026 - INFO - pairwise_permutation_test - GeoJSON: 771 detections from detections_canonical-first_run01.geojson
2026-04-26 00:13:00,126 - INFO - pairwise_permutation_test - GeoJSON: 773 detections from detections_terse_run01.geojson
2026-04-26 00:13:00,135 - INFO - pairwise_permutation_test - GeoJSON: 771 detections from detections_pure-positive-4hp_run01.geojson
2026-04-26 00:13:00,236 - INFO - pairwise_permutation_test - GeoJSON: 773 detections from detections_terse_run01.geojson
2026-04-26 00:13:00,244 - INFO - pairwise_permutation_test - GeoJSON: 771 detections from detections_plus-hp_run01.geojson
2026-04-26 00:13:01,387 - INFO - pairwise_permutation_test - GeoJSON: 773 detections from detections_terse_run01.geojson
2026-04-26 00:13:01,396 - INFO - pairwise_permutation_test - GeoJSON: 868 detections from detections_terse_run01.geojson
2026-04-26 00:13:01,433 - INFO - pairwise_permutation_test - GeoJSON: 773 detections from detections_terse_run01.geojson
2026-04-26 00:13:01,442 - INFO - pairwise_permutation_test - GeoJSON: 885 detections from detections_plus-hp_run01.geojson
2026-04-26 00:13:01,474 - INFO - pairwise_permutation_test - GeoJSON: 773 detections from detections_terse_run01.geojson
2026-04-26 00:13:01,482 - INFO - pairwise_permutation_test - GeoJSON: 770 detections from detections_scale-8_run01.geojson
2026-04-26 00:13:01,492 - INFO - pairwise_permutation_test - GeoJSON: 773 detections from detections_terse_run01.geojson
2026-04-26 00:13:01,501 - INFO - pairwise_permutation_test - GeoJSON: 811 detections from detections_scale-4_run01.geojson
2026-04-26 00:13:01,585 - INFO - pairwise_permutation_test - GeoJSON: 773 detections from detections_terse_run01.geojson
2026-04-26 00:13:01,593 - INFO - pairwise_permutation_test - GeoJSON: 773 detections from detections_terse_run01.geojson
2026-04-26 00:13:01,593 - INFO - pairwise_permutation_test - GeoJSON: 798 detections from detections_verbose_run01.geojson
2026-04-26 00:13:01,601 - INFO - pairwise_permutation_test - GeoJSON: 720 detections from detections_canonical_run01.geojson
2026-04-26 00:13:01,722 - INFO - pairwise_permutation_test - GeoJSON: 773 detections from detections_terse_run01.geojson
2026-04-26 00:13:01,731 - INFO - pairwise_permutation_test - GeoJSON: 823 detections from detections_pure-positive-2hp_run01.geojson
2026-04-26 00:13:01,807 - INFO - pairwise_permutation_test - GeoJSON: 773 detections from detections_terse_run01.geojson
2026-04-26 00:13:01,815 - INFO - pairwise_permutation_test - GeoJSON: 821 detections from detections_random_run01.geojson
2026-04-26 00:13:02,960 - INFO - pairwise_permutation_test - GeoJSON: 773 detections from detections_terse_run01.geojson
2026-04-26 00:13:02,968 - INFO - pairwise_permutation_test - GeoJSON: 728 detections from detections_pure-positive-canon_run01.geojson
2026-04-26 00:13:03,040 - INFO - pairwise_permutation_test - GeoJSON: 773 detections from detections_terse_run01.geojson
2026-04-26 00:13:03,048 - INFO - pairwise_permutation_test - GeoJSON: 736 detections from detections_pure-positive-canon_run01.geojson
2026-04-26 00:13:03,057 - INFO - pairwise_permutation_test - GeoJSON: 897 detections from detections_canonical_run01.geojson
2026-04-26 00:13:03,066 - INFO - pairwise_permutation_test - GeoJSON: 887 detections from detections_pure-positive-canon_run01.geojson
2026-04-26 00:13:03,092 - INFO - pairwise_permutation_test - GeoJSON: 897 detections from detections_canonical_run01.geojson
2026-04-26 00:13:03,100 - INFO - pairwise_permutation_test - GeoJSON: 742 detections from detections_verbose_run01.geojson
2026-04-26 00:13:03,124 - INFO - pairwise_permutation_test - GeoJSON: 897 detections from detections_canonical_run01.geojson
2026-04-26 00:13:03,132 - INFO - pairwise_permutation_test - GeoJSON: 771 detections from detections_canonical-first_run01.geojson
2026-04-26 00:13:03,199 - INFO - pairwise_permutation_test - GeoJSON: 897 detections from detections_canonical_run01.geojson
2026-04-26 00:13:03,207 - INFO - pairwise_permutation_test - GeoJSON: 771 detections from detections_pure-positive-4hp_run01.geojson
2026-04-26 00:13:03,340 - INFO - pairwise_permutation_test - GeoJSON: 897 detections from detections_canonical_run01.geojson
2026-04-26 00:13:03,351 - INFO - pairwise_permutation_test - GeoJSON: 771 detections from detections_plus-hp_run01.geojson
2026-04-26 00:13:03,388 - INFO - pairwise_permutation_test - GeoJSON: 897 detections from detections_canonical_run01.geojson
2026-04-26 00:13:03,397 - INFO - pairwise_permutation_test - GeoJSON: 868 detections from detections_terse_run01.geojson
2026-04-26 00:13:04,482 - INFO - pairwise_permutation_test - GeoJSON: 897 detections from detections_canonical_run01.geojson
2026-04-26 00:13:04,491 - INFO - pairwise_permutation_test - GeoJSON: 885 detections from detections_plus-hp_run01.geojson
2026-04-26 00:13:04,596 - INFO - pairwise_permutation_test - GeoJSON: 897 detections from detections_canonical_run01.geojson
2026-04-26 00:13:04,605 - INFO - pairwise_permutation_test - GeoJSON: 770 detections from detections_scale-8_run01.geojson
2026-04-26 00:13:04,648 - INFO - pairwise_permutation_test - GeoJSON: 897 detections from detections_canonical_run01.geojson
2026-04-26 00:13:04,657 - INFO - pairwise_permutation_test - GeoJSON: 811 detections from detections_scale-4_run01.geojson
2026-04-26 00:13:04,658 - INFO - pairwise_permutation_test - GeoJSON: 897 detections from detections_canonical_run01.geojson
2026-04-26 00:13:04,667 - INFO - pairwise_permutation_test - GeoJSON: 798 detections from detections_verbose_run01.geojson
2026-04-26 00:13:04,720 - INFO - pairwise_permutation_test - GeoJSON: 897 detections from detections_canonical_run01.geojson
2026-04-26 00:13:04,727 - INFO - pairwise_permutation_test - GeoJSON: 720 detections from detections_canonical_run01.geojson
2026-04-26 00:13:04,846 - INFO - pairwise_permutation_test - GeoJSON: 897 detections from detections_canonical_run01.geojson
2026-04-26 00:13:04,855 - INFO - pairwise_permutation_test - GeoJSON: 823 detections from detections_pure-positive-2hp_run01.geojson
2026-04-26 00:13:04,950 - INFO - pairwise_permutation_test - GeoJSON: 897 detections from detections_canonical_run01.geojson
2026-04-26 00:13:04,959 - INFO - pairwise_permutation_test - GeoJSON: 821 detections from detections_random_run01.geojson
2026-04-26 00:13:04,985 - INFO - pairwise_permutation_test - GeoJSON: 897 detections from detections_canonical_run01.geojson
2026-04-26 00:13:04,993 - INFO - pairwise_permutation_test - GeoJSON: 728 detections from detections_pure-positive-canon_run01.geojson
2026-04-26 00:13:06,093 - INFO - pairwise_permutation_test - GeoJSON: 897 detections from detections_canonical_run01.geojson
2026-04-26 00:13:06,101 - INFO - pairwise_permutation_test - GeoJSON: 736 detections from detections_pure-positive-canon_run01.geojson
2026-04-26 00:13:06,224 - INFO - pairwise_permutation_test - GeoJSON: 887 detections from detections_pure-positive-canon_run01.geojson
2026-04-26 00:13:06,230 - INFO - __main__ - [100/210] pairwise done
2026-04-26 00:13:06,232 - INFO - pairwise_permutation_test - GeoJSON: 742 detections from detections_verbose_run01.geojson
2026-04-26 00:13:06,237 - INFO - pairwise_permutation_test - GeoJSON: 887 detections from detections_pure-positive-canon_run01.geojson
2026-04-26 00:13:06,245 - INFO - pairwise_permutation_test - GeoJSON: 771 detections from detections_canonical-first_run01.geojson
2026-04-26 00:13:06,248 - INFO - pairwise_permutation_test - GeoJSON: 887 detections from detections_pure-positive-canon_run01.geojson
2026-04-26 00:13:06,257 - INFO - pairwise_permutation_test - GeoJSON: 771 detections from detections_pure-positive-4hp_run01.geojson
2026-04-26 00:13:06,268 - INFO - pairwise_permutation_test - GeoJSON: 887 detections from detections_pure-positive-canon_run01.geojson
2026-04-26 00:13:06,276 - INFO - pairwise_permutation_test - GeoJSON: 771 detections from detections_plus-hp_run01.geojson
2026-04-26 00:13:06,508 - INFO - pairwise_permutation_test - GeoJSON: 887 detections from detections_pure-positive-canon_run01.geojson
2026-04-26 00:13:06,518 - INFO - pairwise_permutation_test - GeoJSON: 868 detections from detections_terse_run01.geojson
2026-04-26 00:13:06,543 - INFO - pairwise_permutation_test - GeoJSON: 887 detections from detections_pure-positive-canon_run01.geojson
2026-04-26 00:13:06,544 - INFO - pairwise_permutation_test - GeoJSON: 887 detections from detections_pure-positive-canon_run01.geojson
2026-04-26 00:13:06,552 - INFO - pairwise_permutation_test - GeoJSON: 770 detections from detections_scale-8_run01.geojson
2026-04-26 00:13:06,552 - INFO - pairwise_permutation_test - GeoJSON: 885 detections from detections_plus-hp_run01.geojson
2026-04-26 00:13:07,646 - INFO - pairwise_permutation_test - GeoJSON: 887 detections from detections_pure-positive-canon_run01.geojson
2026-04-26 00:13:07,655 - INFO - pairwise_permutation_test - GeoJSON: 811 detections from detections_scale-4_run01.geojson
2026-04-26 00:13:07,804 - INFO - pairwise_permutation_test - GeoJSON: 887 detections from detections_pure-positive-canon_run01.geojson
2026-04-26 00:13:07,813 - INFO - pairwise_permutation_test - GeoJSON: 798 detections from detections_verbose_run01.geojson
2026-04-26 00:13:07,850 - INFO - pairwise_permutation_test - GeoJSON: 887 detections from detections_pure-positive-canon_run01.geojson
2026-04-26 00:13:07,858 - INFO - pairwise_permutation_test - GeoJSON: 720 detections from detections_canonical_run01.geojson
2026-04-26 00:13:07,863 - INFO - pairwise_permutation_test - GeoJSON: 887 detections from detections_pure-positive-canon_run01.geojson
2026-04-26 00:13:07,872 - INFO - pairwise_permutation_test - GeoJSON: 823 detections from detections_pure-positive-2hp_run01.geojson
2026-04-26 00:13:07,878 - INFO - pairwise_permutation_test - GeoJSON: 887 detections from detections_pure-positive-canon_run01.geojson
2026-04-26 00:13:07,887 - INFO - pairwise_permutation_test - GeoJSON: 821 detections from detections_random_run01.geojson
2026-04-26 00:13:08,125 - INFO - pairwise_permutation_test - GeoJSON: 887 detections from detections_pure-positive-canon_run01.geojson
2026-04-26 00:13:08,132 - INFO - pairwise_permutation_test - GeoJSON: 887 detections from detections_pure-positive-canon_run01.geojson
2026-04-26 00:13:08,133 - INFO - pairwise_permutation_test - GeoJSON: 728 detections from detections_pure-positive-canon_run01.geojson
2026-04-26 00:13:08,140 - INFO - pairwise_permutation_test - GeoJSON: 736 detections from detections_pure-positive-canon_run01.geojson
2026-04-26 00:13:08,175 - INFO - pairwise_permutation_test - GeoJSON: 742 detections from detections_verbose_run01.geojson
2026-04-26 00:13:08,184 - INFO - pairwise_permutation_test - GeoJSON: 771 detections from detections_canonical-first_run01.geojson
2026-04-26 00:13:09,229 - INFO - pairwise_permutation_test - GeoJSON: 742 detections from detections_verbose_run01.geojson
2026-04-26 00:13:09,238 - INFO - pairwise_permutation_test - GeoJSON: 771 detections from detections_pure-positive-4hp_run01.geojson
2026-04-26 00:13:09,355 - INFO - pairwise_permutation_test - GeoJSON: 742 detections from detections_verbose_run01.geojson
2026-04-26 00:13:09,363 - INFO - pairwise_permutation_test - GeoJSON: 771 detections from detections_plus-hp_run01.geojson
2026-04-26 00:13:09,394 - INFO - pairwise_permutation_test - GeoJSON: 742 detections from detections_verbose_run01.geojson
2026-04-26 00:13:09,403 - INFO - pairwise_permutation_test - GeoJSON: 868 detections from detections_terse_run01.geojson
2026-04-26 00:13:09,452 - INFO - pairwise_permutation_test - GeoJSON: 742 detections from detections_verbose_run01.geojson
2026-04-26 00:13:09,461 - INFO - pairwise_permutation_test - GeoJSON: 885 detections from detections_plus-hp_run01.geojson
2026-04-26 00:13:09,524 - INFO - pairwise_permutation_test - GeoJSON: 742 detections from detections_verbose_run01.geojson
2026-04-26 00:13:09,533 - INFO - pairwise_permutation_test - GeoJSON: 770 detections from detections_scale-8_run01.geojson
2026-04-26 00:13:09,669 - INFO - pairwise_permutation_test - GeoJSON: 742 detections from detections_verbose_run01.geojson
2026-04-26 00:13:09,675 - INFO - pairwise_permutation_test - GeoJSON: 742 detections from detections_verbose_run01.geojson
2026-04-26 00:13:09,678 - INFO - pairwise_permutation_test - GeoJSON: 811 detections from detections_scale-4_run01.geojson
2026-04-26 00:13:09,684 - INFO - pairwise_permutation_test - GeoJSON: 798 detections from detections_verbose_run01.geojson
2026-04-26 00:13:09,781 - INFO - pairwise_permutation_test - GeoJSON: 742 detections from detections_verbose_run01.geojson
2026-04-26 00:13:09,788 - INFO - pairwise_permutation_test - GeoJSON: 720 detections from detections_canonical_run01.geojson
2026-04-26 00:13:10,793 - INFO - pairwise_permutation_test - GeoJSON: 742 detections from detections_verbose_run01.geojson
2026-04-26 00:13:10,801 - INFO - pairwise_permutation_test - GeoJSON: 823 detections from detections_pure-positive-2hp_run01.geojson
2026-04-26 00:13:10,909 - INFO - pairwise_permutation_test - GeoJSON: 742 detections from detections_verbose_run01.geojson
2026-04-26 00:13:10,918 - INFO - pairwise_permutation_test - GeoJSON: 821 detections from detections_random_run01.geojson
2026-04-26 00:13:10,953 - INFO - pairwise_permutation_test - GeoJSON: 742 detections from detections_verbose_run01.geojson
2026-04-26 00:13:10,960 - INFO - pairwise_permutation_test - GeoJSON: 728 detections from detections_pure-positive-canon_run01.geojson
2026-04-26 00:13:11,054 - INFO - pairwise_permutation_test - GeoJSON: 742 detections from detections_verbose_run01.geojson
2026-04-26 00:13:11,062 - INFO - pairwise_permutation_test - GeoJSON: 736 detections from detections_pure-positive-canon_run01.geojson
2026-04-26 00:13:11,127 - INFO - pairwise_permutation_test - GeoJSON: 771 detections from detections_canonical-first_run01.geojson
2026-04-26 00:13:11,135 - INFO - pairwise_permutation_test - GeoJSON: 771 detections from detections_pure-positive-4hp_run01.geojson
2026-04-26 00:13:11,217 - INFO - pairwise_permutation_test - GeoJSON: 771 detections from detections_canonical-first_run01.geojson
2026-04-26 00:13:11,226 - INFO - pairwise_permutation_test - GeoJSON: 771 detections from detections_plus-hp_run01.geojson
2026-04-26 00:13:11,228 - INFO - pairwise_permutation_test - GeoJSON: 771 detections from detections_canonical-first_run01.geojson
2026-04-26 00:13:11,237 - INFO - pairwise_permutation_test - GeoJSON: 868 detections from detections_terse_run01.geojson
2026-04-26 00:13:11,335 - INFO - pairwise_permutation_test - GeoJSON: 771 detections from detections_canonical-first_run01.geojson
2026-04-26 00:13:11,344 - INFO - pairwise_permutation_test - GeoJSON: 885 detections from detections_plus-hp_run01.geojson
2026-04-26 00:13:12,351 - INFO - pairwise_permutation_test - GeoJSON: 771 detections from detections_canonical-first_run01.geojson
2026-04-26 00:13:12,359 - INFO - pairwise_permutation_test - GeoJSON: 770 detections from detections_scale-8_run01.geojson
2026-04-26 00:13:12,470 - INFO - pairwise_permutation_test - GeoJSON: 771 detections from detections_canonical-first_run01.geojson
2026-04-26 00:13:12,473 - INFO - pairwise_permutation_test - GeoJSON: 771 detections from detections_canonical-first_run01.geojson
2026-04-26 00:13:12,481 - INFO - pairwise_permutation_test - GeoJSON: 798 detections from detections_verbose_run01.geojson
2026-04-26 00:13:12,502 - INFO - pairwise_permutation_test - GeoJSON: 811 detections from detections_scale-4_run01.geojson
2026-04-26 00:13:12,571 - INFO - pairwise_permutation_test - GeoJSON: 771 detections from detections_canonical-first_run01.geojson
2026-04-26 00:13:12,601 - INFO - pairwise_permutation_test - GeoJSON: 720 detections from detections_canonical_run01.geojson
2026-04-26 00:13:12,755 - INFO - pairwise_permutation_test - GeoJSON: 771 detections from detections_canonical-first_run01.geojson
2026-04-26 00:13:12,763 - INFO - pairwise_permutation_test - GeoJSON: 823 detections from detections_pure-positive-2hp_run01.geojson
2026-04-26 00:13:12,786 - INFO - pairwise_permutation_test - GeoJSON: 771 detections from detections_canonical-first_run01.geojson
2026-04-26 00:13:12,807 - INFO - pairwise_permutation_test - GeoJSON: 771 detections from detections_canonical-first_run01.geojson
2026-04-26 00:13:12,819 - INFO - pairwise_permutation_test - GeoJSON: 821 detections from detections_random_run01.geojson
2026-04-26 00:13:12,838 - INFO - pairwise_permutation_test - GeoJSON: 728 detections from detections_pure-positive-canon_run01.geojson
2026-04-26 00:13:12,979 - INFO - pairwise_permutation_test - GeoJSON: 771 detections from detections_canonical-first_run01.geojson
2026-04-26 00:13:12,987 - INFO - pairwise_permutation_test - GeoJSON: 736 detections from detections_pure-positive-canon_run01.geojson
2026-04-26 00:13:13,944 - INFO - pairwise_permutation_test - GeoJSON: 771 detections from detections_pure-positive-4hp_run01.geojson
2026-04-26 00:13:13,952 - INFO - pairwise_permutation_test - GeoJSON: 771 detections from detections_plus-hp_run01.geojson
2026-04-26 00:13:14,041 - INFO - pairwise_permutation_test - GeoJSON: 771 detections from detections_pure-positive-4hp_run01.geojson
2026-04-26 00:13:14,050 - INFO - pairwise_permutation_test - GeoJSON: 868 detections from detections_terse_run01.geojson
2026-04-26 00:13:14,061 - INFO - pairwise_permutation_test - GeoJSON: 771 detections from detections_pure-positive-4hp_run01.geojson
2026-04-26 00:13:14,070 - INFO - pairwise_permutation_test - GeoJSON: 885 detections from detections_plus-hp_run01.geojson
2026-04-26 00:13:14,110 - INFO - pairwise_permutation_test - GeoJSON: 771 detections from detections_pure-positive-4hp_run01.geojson
2026-04-26 00:13:14,119 - INFO - pairwise_permutation_test - GeoJSON: 770 detections from detections_scale-8_run01.geojson
2026-04-26 00:13:14,370 - INFO - pairwise_permutation_test - GeoJSON: 771 detections from detections_pure-positive-4hp_run01.geojson
2026-04-26 00:13:14,378 - INFO - pairwise_permutation_test - GeoJSON: 811 detections from detections_scale-4_run01.geojson
2026-04-26 00:13:14,385 - INFO - pairwise_permutation_test - GeoJSON: 771 detections from detections_pure-positive-4hp_run01.geojson
2026-04-26 00:13:14,393 - INFO - pairwise_permutation_test - GeoJSON: 771 detections from detections_pure-positive-4hp_run01.geojson
2026-04-26 00:13:14,394 - INFO - pairwise_permutation_test - GeoJSON: 798 detections from detections_verbose_run01.geojson
2026-04-26 00:13:14,424 - INFO - pairwise_permutation_test - GeoJSON: 720 detections from detections_canonical_run01.geojson
2026-04-26 00:13:14,563 - INFO - pairwise_permutation_test - GeoJSON: 771 detections from detections_pure-positive-4hp_run01.geojson
2026-04-26 00:13:14,595 - INFO - pairwise_permutation_test - GeoJSON: 823 detections from detections_pure-positive-2hp_run01.geojson
2026-04-26 00:13:15,520 - INFO - pairwise_permutation_test - GeoJSON: 771 detections from detections_pure-positive-4hp_run01.geojson
2026-04-26 00:13:15,529 - INFO - pairwise_permutation_test - GeoJSON: 821 detections from detections_random_run01.geojson
2026-04-26 00:13:15,628 - INFO - pairwise_permutation_test - GeoJSON: 771 detections from detections_pure-positive-4hp_run01.geojson
2026-04-26 00:13:15,636 - INFO - pairwise_permutation_test - GeoJSON: 728 detections from detections_pure-positive-canon_run01.geojson
2026-04-26 00:13:15,663 - INFO - pairwise_permutation_test - GeoJSON: 771 detections from detections_pure-positive-4hp_run01.geojson
2026-04-26 00:13:15,671 - INFO - pairwise_permutation_test - GeoJSON: 736 detections from detections_pure-positive-canon_run01.geojson
2026-04-26 00:13:15,690 - INFO - pairwise_permutation_test - GeoJSON: 771 detections from detections_plus-hp_run01.geojson
2026-04-26 00:13:15,699 - INFO - pairwise_permutation_test - GeoJSON: 868 detections from detections_terse_run01.geojson
2026-04-26 00:13:15,934 - INFO - __main__ - [150/210] pairwise done
2026-04-26 00:13:15,941 - INFO - pairwise_permutation_test - GeoJSON: 771 detections from detections_plus-hp_run01.geojson
2026-04-26 00:13:15,950 - INFO - pairwise_permutation_test - GeoJSON: 885 detections from detections_plus-hp_run01.geojson
2026-04-26 00:13:15,951 - INFO - pairwise_permutation_test - GeoJSON: 771 detections from detections_plus-hp_run01.geojson
2026-04-26 00:13:15,959 - INFO - pairwise_permutation_test - GeoJSON: 770 detections from detections_scale-8_run01.geojson
2026-04-26 00:13:15,997 - INFO - pairwise_permutation_test - GeoJSON: 771 detections from detections_plus-hp_run01.geojson
2026-04-26 00:13:16,006 - INFO - pairwise_permutation_test - GeoJSON: 811 detections from detections_scale-4_run01.geojson
2026-04-26 00:13:16,239 - INFO - pairwise_permutation_test - GeoJSON: 771 detections from detections_plus-hp_run01.geojson
2026-04-26 00:13:16,248 - INFO - pairwise_permutation_test - GeoJSON: 798 detections from detections_verbose_run01.geojson
2026-04-26 00:13:17,115 - INFO - pairwise_permutation_test - GeoJSON: 771 detections from detections_plus-hp_run01.geojson
2026-04-26 00:13:17,123 - INFO - pairwise_permutation_test - GeoJSON: 720 detections from detections_canonical_run01.geojson
2026-04-26 00:13:17,169 - INFO - pairwise_permutation_test - GeoJSON: 771 detections from detections_plus-hp_run01.geojson
2026-04-26 00:13:17,177 - INFO - pairwise_permutation_test - GeoJSON: 823 detections from detections_pure-positive-2hp_run01.geojson
2026-04-26 00:13:17,212 - INFO - pairwise_permutation_test - GeoJSON: 771 detections from detections_plus-hp_run01.geojson
2026-04-26 00:13:17,220 - INFO - pairwise_permutation_test - GeoJSON: 821 detections from detections_random_run01.geojson
2026-04-26 00:13:17,264 - INFO - pairwise_permutation_test - GeoJSON: 771 detections from detections_plus-hp_run01.geojson
2026-04-26 00:13:17,272 - INFO - pairwise_permutation_test - GeoJSON: 728 detections from detections_pure-positive-canon_run01.geojson
2026-04-26 00:13:17,521 - INFO - pairwise_permutation_test - GeoJSON: 771 detections from detections_plus-hp_run01.geojson
2026-04-26 00:13:17,529 - INFO - pairwise_permutation_test - GeoJSON: 736 detections from detections_pure-positive-canon_run01.geojson
2026-04-26 00:13:17,560 - INFO - pairwise_permutation_test - GeoJSON: 868 detections from detections_terse_run01.geojson
2026-04-26 00:13:17,569 - INFO - pairwise_permutation_test - GeoJSON: 885 detections from detections_plus-hp_run01.geojson
2026-04-26 00:13:17,617 - INFO - pairwise_permutation_test - GeoJSON: 868 detections from detections_terse_run01.geojson
2026-04-26 00:13:17,625 - INFO - pairwise_permutation_test - GeoJSON: 770 detections from detections_scale-8_run01.geojson
2026-04-26 00:13:17,829 - INFO - pairwise_permutation_test - GeoJSON: 868 detections from detections_terse_run01.geojson
2026-04-26 00:13:17,838 - INFO - pairwise_permutation_test - GeoJSON: 811 detections from detections_scale-4_run01.geojson
2026-04-26 00:13:18,639 - INFO - pairwise_permutation_test - GeoJSON: 868 detections from detections_terse_run01.geojson
2026-04-26 00:13:18,647 - INFO - pairwise_permutation_test - GeoJSON: 798 detections from detections_verbose_run01.geojson
2026-04-26 00:13:18,773 - INFO - pairwise_permutation_test - GeoJSON: 868 detections from detections_terse_run01.geojson
2026-04-26 00:13:18,781 - INFO - pairwise_permutation_test - GeoJSON: 720 detections from detections_canonical_run01.geojson
2026-04-26 00:13:18,791 - INFO - pairwise_permutation_test - GeoJSON: 868 detections from detections_terse_run01.geojson
2026-04-26 00:13:18,792 - INFO - pairwise_permutation_test - GeoJSON: 868 detections from detections_terse_run01.geojson
2026-04-26 00:13:18,800 - INFO - pairwise_permutation_test - GeoJSON: 823 detections from detections_pure-positive-2hp_run01.geojson
2026-04-26 00:13:18,801 - INFO - pairwise_permutation_test - GeoJSON: 821 detections from detections_random_run01.geojson
2026-04-26 00:13:19,063 - INFO - pairwise_permutation_test - GeoJSON: 868 detections from detections_terse_run01.geojson
2026-04-26 00:13:19,071 - INFO - pairwise_permutation_test - GeoJSON: 728 detections from detections_pure-positive-canon_run01.geojson
2026-04-26 00:13:19,160 - INFO - pairwise_permutation_test - GeoJSON: 868 detections from detections_terse_run01.geojson
2026-04-26 00:13:19,168 - INFO - pairwise_permutation_test - GeoJSON: 736 detections from detections_pure-positive-canon_run01.geojson
2026-04-26 00:13:19,244 - INFO - pairwise_permutation_test - GeoJSON: 885 detections from detections_plus-hp_run01.geojson
2026-04-26 00:13:19,252 - INFO - pairwise_permutation_test - GeoJSON: 770 detections from detections_scale-8_run01.geojson
2026-04-26 00:13:19,453 - INFO - pairwise_permutation_test - GeoJSON: 885 detections from detections_plus-hp_run01.geojson
2026-04-26 00:13:19,462 - INFO - pairwise_permutation_test - GeoJSON: 811 detections from detections_scale-4_run01.geojson
2026-04-26 00:13:20,198 - INFO - pairwise_permutation_test - GeoJSON: 885 detections from detections_plus-hp_run01.geojson
2026-04-26 00:13:20,206 - INFO - pairwise_permutation_test - GeoJSON: 798 detections from detections_verbose_run01.geojson
2026-04-26 00:13:20,291 - INFO - pairwise_permutation_test - GeoJSON: 885 detections from detections_plus-hp_run01.geojson
2026-04-26 00:13:20,299 - INFO - pairwise_permutation_test - GeoJSON: 720 detections from detections_canonical_run01.geojson
2026-04-26 00:13:20,376 - INFO - pairwise_permutation_test - GeoJSON: 885 detections from detections_plus-hp_run01.geojson
2026-04-26 00:13:20,377 - INFO - pairwise_permutation_test - GeoJSON: 885 detections from detections_plus-hp_run01.geojson
2026-04-26 00:13:20,384 - INFO - pairwise_permutation_test - GeoJSON: 823 detections from detections_pure-positive-2hp_run01.geojson
2026-04-26 00:13:20,385 - INFO - pairwise_permutation_test - GeoJSON: 821 detections from detections_random_run01.geojson
2026-04-26 00:13:20,588 - INFO - pairwise_permutation_test - GeoJSON: 885 detections from detections_plus-hp_run01.geojson
2026-04-26 00:13:20,595 - INFO - pairwise_permutation_test - GeoJSON: 728 detections from detections_pure-positive-canon_run01.geojson
2026-04-26 00:13:20,706 - INFO - pairwise_permutation_test - GeoJSON: 885 detections from detections_plus-hp_run01.geojson
2026-04-26 00:13:20,714 - INFO - pairwise_permutation_test - GeoJSON: 736 detections from detections_pure-positive-canon_run01.geojson
2026-04-26 00:13:20,891 - INFO - pairwise_permutation_test - GeoJSON: 770 detections from detections_scale-8_run01.geojson
2026-04-26 00:13:20,900 - INFO - pairwise_permutation_test - GeoJSON: 811 detections from detections_scale-4_run01.geojson
2026-04-26 00:13:21,080 - INFO - pairwise_permutation_test - GeoJSON: 770 detections from detections_scale-8_run01.geojson
2026-04-26 00:13:21,089 - INFO - pairwise_permutation_test - GeoJSON: 798 detections from detections_verbose_run01.geojson
2026-04-26 00:13:21,763 - INFO - pairwise_permutation_test - GeoJSON: 770 detections from detections_scale-8_run01.geojson
2026-04-26 00:13:21,771 - INFO - pairwise_permutation_test - GeoJSON: 720 detections from detections_canonical_run01.geojson
2026-04-26 00:13:21,836 - INFO - pairwise_permutation_test - GeoJSON: 770 detections from detections_scale-8_run01.geojson
2026-04-26 00:13:21,845 - INFO - pairwise_permutation_test - GeoJSON: 823 detections from detections_pure-positive-2hp_run01.geojson
2026-04-26 00:13:21,974 - INFO - pairwise_permutation_test - GeoJSON: 770 detections from detections_scale-8_run01.geojson
2026-04-26 00:13:21,974 - INFO - pairwise_permutation_test - GeoJSON: 770 detections from detections_scale-8_run01.geojson
2026-04-26 00:13:21,982 - INFO - pairwise_permutation_test - GeoJSON: 728 detections from detections_pure-positive-canon_run01.geojson
2026-04-26 00:13:21,982 - INFO - pairwise_permutation_test - GeoJSON: 821 detections from detections_random_run01.geojson
2026-04-26 00:13:22,144 - INFO - pairwise_permutation_test - GeoJSON: 770 detections from detections_scale-8_run01.geojson
2026-04-26 00:13:22,151 - INFO - pairwise_permutation_test - GeoJSON: 736 detections from detections_pure-positive-canon_run01.geojson
2026-04-26 00:13:22,268 - INFO - pairwise_permutation_test - GeoJSON: 811 detections from detections_scale-4_run01.geojson
2026-04-26 00:13:22,276 - INFO - pairwise_permutation_test - GeoJSON: 798 detections from detections_verbose_run01.geojson
2026-04-26 00:13:22,495 - INFO - pairwise_permutation_test - GeoJSON: 811 detections from detections_scale-4_run01.geojson
2026-04-26 00:13:22,503 - INFO - pairwise_permutation_test - GeoJSON: 720 detections from detections_canonical_run01.geojson
2026-04-26 00:13:22,659 - INFO - pairwise_permutation_test - GeoJSON: 811 detections from detections_scale-4_run01.geojson
2026-04-26 00:13:22,668 - INFO - pairwise_permutation_test - GeoJSON: 823 detections from detections_pure-positive-2hp_run01.geojson
2026-04-26 00:13:23,269 - INFO - pairwise_permutation_test - GeoJSON: 811 detections from detections_scale-4_run01.geojson
2026-04-26 00:13:23,278 - INFO - pairwise_permutation_test - GeoJSON: 821 detections from detections_random_run01.geojson
2026-04-26 00:13:23,444 - INFO - pairwise_permutation_test - GeoJSON: 811 detections from detections_scale-4_run01.geojson
2026-04-26 00:13:23,451 - INFO - pairwise_permutation_test - GeoJSON: 728 detections from detections_pure-positive-canon_run01.geojson
2026-04-26 00:13:23,497 - INFO - pairwise_permutation_test - GeoJSON: 811 detections from detections_scale-4_run01.geojson
2026-04-26 00:13:23,505 - INFO - pairwise_permutation_test - GeoJSON: 736 detections from detections_pure-positive-canon_run01.geojson
2026-04-26 00:13:23,547 - INFO - pairwise_permutation_test - GeoJSON: 798 detections from detections_verbose_run01.geojson
2026-04-26 00:13:23,554 - INFO - pairwise_permutation_test - GeoJSON: 720 detections from detections_canonical_run01.geojson
2026-04-26 00:13:23,687 - INFO - pairwise_permutation_test - GeoJSON: 798 detections from detections_verbose_run01.geojson
2026-04-26 00:13:23,696 - INFO - pairwise_permutation_test - GeoJSON: 823 detections from detections_pure-positive-2hp_run01.geojson
2026-04-26 00:13:23,806 - INFO - pairwise_permutation_test - GeoJSON: 798 detections from detections_verbose_run01.geojson
2026-04-26 00:13:23,817 - INFO - pairwise_permutation_test - GeoJSON: 821 detections from detections_random_run01.geojson
2026-04-26 00:13:24,075 - INFO - pairwise_permutation_test - GeoJSON: 798 detections from detections_verbose_run01.geojson
2026-04-26 00:13:24,083 - INFO - pairwise_permutation_test - GeoJSON: 728 detections from detections_pure-positive-canon_run01.geojson
2026-04-26 00:13:24,299 - INFO - pairwise_permutation_test - GeoJSON: 798 detections from detections_verbose_run01.geojson
2026-04-26 00:13:24,307 - INFO - pairwise_permutation_test - GeoJSON: 736 detections from detections_pure-positive-canon_run01.geojson
2026-04-26 00:13:24,847 - INFO - pairwise_permutation_test - GeoJSON: 720 detections from detections_canonical_run01.geojson
2026-04-26 00:13:24,856 - INFO - pairwise_permutation_test - GeoJSON: 823 detections from detections_pure-positive-2hp_run01.geojson
2026-04-26 00:13:24,976 - INFO - pairwise_permutation_test - GeoJSON: 720 detections from detections_canonical_run01.geojson
2026-04-26 00:13:24,985 - INFO - pairwise_permutation_test - GeoJSON: 821 detections from detections_random_run01.geojson
2026-04-26 00:13:25,027 - INFO - pairwise_permutation_test - GeoJSON: 720 detections from detections_canonical_run01.geojson
2026-04-26 00:13:25,035 - INFO - pairwise_permutation_test - GeoJSON: 728 detections from detections_pure-positive-canon_run01.geojson
2026-04-26 00:13:25,046 - INFO - pairwise_permutation_test - GeoJSON: 720 detections from detections_canonical_run01.geojson
2026-04-26 00:13:25,054 - INFO - pairwise_permutation_test - GeoJSON: 736 detections from detections_pure-positive-canon_run01.geojson
2026-04-26 00:13:25,269 - INFO - pairwise_permutation_test - GeoJSON: 823 detections from detections_pure-positive-2hp_run01.geojson
2026-04-26 00:13:25,278 - INFO - pairwise_permutation_test - GeoJSON: 821 detections from detections_random_run01.geojson
2026-04-26 00:13:25,375 - INFO - pairwise_permutation_test - GeoJSON: 823 detections from detections_pure-positive-2hp_run01.geojson
2026-04-26 00:13:25,383 - INFO - pairwise_permutation_test - GeoJSON: 728 detections from detections_pure-positive-canon_run01.geojson
2026-04-26 00:13:25,629 - INFO - pairwise_permutation_test - GeoJSON: 823 detections from detections_pure-positive-2hp_run01.geojson
2026-04-26 00:13:25,637 - INFO - pairwise_permutation_test - GeoJSON: 736 detections from detections_pure-positive-canon_run01.geojson
2026-04-26 00:13:25,838 - INFO - __main__ - [200/210] pairwise done
2026-04-26 00:13:25,856 - INFO - pairwise_permutation_test - GeoJSON: 821 detections from detections_random_run01.geojson
2026-04-26 00:13:25,864 - INFO - pairwise_permutation_test - GeoJSON: 728 detections from detections_pure-positive-canon_run01.geojson
2026-04-26 00:13:26,402 - INFO - pairwise_permutation_test - GeoJSON: 821 detections from detections_random_run01.geojson
2026-04-26 00:13:26,409 - INFO - pairwise_permutation_test - GeoJSON: 736 detections from detections_pure-positive-canon_run01.geojson
2026-04-26 00:13:26,502 - INFO - pairwise_permutation_test - GeoJSON: 728 detections from detections_pure-positive-canon_run01.geojson
2026-04-26 00:13:26,509 - INFO - pairwise_permutation_test - GeoJSON: 736 detections from detections_pure-positive-canon_run01.geojson
2026-04-26 00:13:27,875 - INFO - __main__ - [210/210] pairwise done
2026-04-26 00:13:27,886 - INFO - __main__ - Pairwise: 0 cached, 210 computed
2026-04-26 00:13:27,887 - INFO - __main__ - Stage 4 complete in 42.3s
2026-04-26 00:13:27,887 - INFO - __main__ - FDR: 43/210 pairs significant at q=0.05 → 6 tiers
2026-04-26 00:13:27,887 - INFO - __main__ - Markdown leaderboard written to results/leaderboard/per-architecture/era1/single-pass/leaderboard_tiers_20m.md
2026-04-26 00:13:27,887 - INFO - __main__ - Markdown leaderboard written to results/leaderboard/per-architecture/era1/single-pass/leaderboard_tiers_30m.md
2026-04-26 00:13:27,888 - INFO - __main__ - Markdown leaderboard written to results/leaderboard/per-architecture/era1/single-pass/leaderboard_tiers_40m.md
2026-04-26 00:13:27,888 - INFO - __main__ - Markdown leaderboard written to results/leaderboard/per-architecture/era1/single-pass/leaderboard_tiers_50m.md
2026-04-26 00:13:27,888 - INFO - __main__ - Markdown leaderboard written to results/leaderboard/per-architecture/era1/single-pass/leaderboard_tiers_100m.md
2026-04-26 00:13:27,892 - INFO - __main__ - JSON leaderboard written to results/leaderboard/per-architecture/era1/single-pass/leaderboard_tiers_40m.json
2026-04-26 00:13:27,894 - INFO - __main__ - All evaluations written to results/leaderboard/per-architecture/era1/single-pass/leaderboard_all_evaluations.json

========================================================================
LEADERBOARD TIERS (F1, 40m buffer)
========================================================================

Tier 1 (F1: 0.718–0.718, 1 conditions)
    1. h4-canonical-last                        F1=0.718  t=1

Tier 2 (F1: 0.649–0.652, 2 conditions)
    2. h8-track2-text-scale-4                   F1=0.649  t=1
    3. h8-track2-text-scale-8                   F1=0.652  t=1

Tier 3 (F1: 0.695–0.713, 2 conditions)
    4. h4-config-default                        F1=0.713  t=1
    5. h5-track1-image-terse                    F1=0.695  t=1

Tier 4 (F1: 0.646–0.651, 2 conditions)
    6. h8-track2-text-canonical                 F1=0.646  t=1
    7. h8-track2-text-pure-positive-canon       F1=0.651  t=1

Tier 5 (F1: 0.699–0.715, 4 conditions)
    8. h5-track1-image-verbose                  F1=0.710  t=1
    9. h4-canonical-first                       F1=0.715  t=1
   10. h8-track1-image-exploratory-pure-positive-4hp F1=0.699  t=1
   11. h8-track1-image-plus-hp                  F1=0.715  t=1

Tier 6 (F1: 0.644–0.688, 10 conditions)
   12. h5-track2-text-terse                     F1=0.644  t=1
   13. h8-track2-text-plus-hp                   F1=0.649  t=1
   14. h8-track1-image-scale-8                  F1=0.688  t=1
   15. h8-track1-image-scale-4                  F1=0.670  t=1
   16. h5-track2-text-verbose                   F1=0.655  t=1
   17. h8-track1-image-canonical                F1=0.680  t=1
   18. h8-track1-image-exploratory-pure-positive-2hp F1=0.665  t=1
   19. h4-random                                F1=0.673  t=1
   20. h8-track1-image-exploratory-pure-positive-canon F1=0.680  t=1
   21. h8-track1-image-pure-positive-canon      F1=0.676  t=1

========================================================================
Total: 21 conditions in 6 tiers
========================================================================
