2026-04-26 00:12:02,256 - INFO - __main__ - build_tiered_leaderboard.py v1.0.0 — git b4b67486
2026-04-26 00:12:02,258 - INFO - __main__ - Resolved 21 conditions from inventory (era=1, track=None)
2026-04-26 00:12:02,258 - INFO - __main__ - Resolved 21 conditions
2026-04-26 00:12:02,258 - INFO - __main__ - Skipping evaluation (--skip-evaluation)
2026-04-26 00:12:02,261 - INFO - __main__ - Threshold selection at 20m; pairwise + tiering at 30m (Option A semantics)
2026-04-26 00:12:02,261 - INFO - __main__ - Top-N filter disabled (top_n=0); including all 21 conditions
2026-04-26 00:12:02,261 - INFO - __main__ - Selected 21 conditions (best F1=0.631 at 20m)
2026-04-26 00:12:02,289 - INFO - __main__ - Pairwise tests (f1): 210 pairs at 30m (10000 permutations, 8 workers)
2026-04-26 00:12:02,349 - INFO - pairwise_permutation_test - GeoJSON: 785 detections from detections_canonical-last_run01.geojson
2026-04-26 00:12:02,349 - INFO - pairwise_permutation_test - GeoJSON: 785 detections from detections_canonical-last_run01.geojson
2026-04-26 00:12:02,350 - INFO - pairwise_permutation_test - GeoJSON: 785 detections from detections_canonical-last_run01.geojson
2026-04-26 00:12:02,351 - INFO - pairwise_permutation_test - GeoJSON: 785 detections from detections_canonical-last_run01.geojson
2026-04-26 00:12:02,354 - INFO - pairwise_permutation_test - GeoJSON: 785 detections from detections_canonical-last_run01.geojson
2026-04-26 00:12:02,355 - INFO - pairwise_permutation_test - GeoJSON: 785 detections from detections_canonical-last_run01.geojson
2026-04-26 00:12:02,355 - INFO - pairwise_permutation_test - GeoJSON: 785 detections from detections_canonical-last_run01.geojson
2026-04-26 00:12:02,356 - INFO - pairwise_permutation_test - GeoJSON: 785 detections from detections_canonical-last_run01.geojson
2026-04-26 00:12:02,360 - INFO - pairwise_permutation_test - GeoJSON: 742 detections from detections_verbose_run01.geojson
2026-04-26 00:12:02,360 - INFO - pairwise_permutation_test - GeoJSON: 882 detections from detections_scale-4_run01.geojson
2026-04-26 00:12:02,360 - INFO - pairwise_permutation_test - GeoJSON: 881 detections from detections_scale-8_run01.geojson
2026-04-26 00:12:02,362 - INFO - pairwise_permutation_test - GeoJSON: 887 detections from detections_pure-positive-canon_run01.geojson
2026-04-26 00:12:02,364 - INFO - pairwise_permutation_test - GeoJSON: 771 detections from detections_canonical-first_run01.geojson
2026-04-26 00:12:02,365 - INFO - pairwise_permutation_test - GeoJSON: 752 detections from detections_config-default_run01.geojson
2026-04-26 00:12:02,365 - INFO - pairwise_permutation_test - GeoJSON: 897 detections from detections_canonical_run01.geojson
2026-04-26 00:12:02,366 - INFO - pairwise_permutation_test - GeoJSON: 773 detections from detections_terse_run01.geojson
2026-04-26 00:12:03,927 - INFO - pairwise_permutation_test - GeoJSON: 785 detections from detections_canonical-last_run01.geojson
2026-04-26 00:12:03,935 - INFO - pairwise_permutation_test - GeoJSON: 771 detections from detections_pure-positive-4hp_run01.geojson
2026-04-26 00:12:03,948 - INFO - pairwise_permutation_test - GeoJSON: 785 detections from detections_canonical-last_run01.geojson
2026-04-26 00:12:03,956 - INFO - pairwise_permutation_test - GeoJSON: 771 detections from detections_plus-hp_run01.geojson
2026-04-26 00:12:03,962 - INFO - pairwise_permutation_test - GeoJSON: 785 detections from detections_canonical-last_run01.geojson
2026-04-26 00:12:03,964 - INFO - pairwise_permutation_test - GeoJSON: 785 detections from detections_canonical-last_run01.geojson
2026-04-26 00:12:03,971 - INFO - pairwise_permutation_test - GeoJSON: 868 detections from detections_terse_run01.geojson
2026-04-26 00:12:03,973 - INFO - pairwise_permutation_test - GeoJSON: 885 detections from detections_plus-hp_run01.geojson
2026-04-26 00:12:03,977 - INFO - pairwise_permutation_test - GeoJSON: 785 detections from detections_canonical-last_run01.geojson
2026-04-26 00:12:03,978 - INFO - pairwise_permutation_test - GeoJSON: 785 detections from detections_canonical-last_run01.geojson
2026-04-26 00:12:03,985 - INFO - pairwise_permutation_test - GeoJSON: 770 detections from detections_scale-8_run01.geojson
2026-04-26 00:12:03,986 - INFO - pairwise_permutation_test - GeoJSON: 811 detections from detections_scale-4_run01.geojson
2026-04-26 00:12:04,006 - INFO - pairwise_permutation_test - GeoJSON: 785 detections from detections_canonical-last_run01.geojson
2026-04-26 00:12:04,014 - INFO - pairwise_permutation_test - GeoJSON: 798 detections from detections_verbose_run01.geojson
2026-04-26 00:12:04,021 - INFO - pairwise_permutation_test - GeoJSON: 785 detections from detections_canonical-last_run01.geojson
2026-04-26 00:12:04,028 - INFO - pairwise_permutation_test - GeoJSON: 720 detections from detections_canonical_run01.geojson
2026-04-26 00:12:05,504 - INFO - pairwise_permutation_test - GeoJSON: 785 detections from detections_canonical-last_run01.geojson
2026-04-26 00:12:05,515 - INFO - pairwise_permutation_test - GeoJSON: 823 detections from detections_pure-positive-2hp_run01.geojson
2026-04-26 00:12:05,524 - INFO - pairwise_permutation_test - GeoJSON: 785 detections from detections_canonical-last_run01.geojson
2026-04-26 00:12:05,525 - INFO - pairwise_permutation_test - GeoJSON: 785 detections from detections_canonical-last_run01.geojson
2026-04-26 00:12:05,532 - INFO - pairwise_permutation_test - GeoJSON: 821 detections from detections_random_run01.geojson
2026-04-26 00:12:05,533 - INFO - pairwise_permutation_test - GeoJSON: 728 detections from detections_pure-positive-canon_run01.geojson
2026-04-26 00:12:05,550 - INFO - pairwise_permutation_test - GeoJSON: 785 detections from detections_canonical-last_run01.geojson
2026-04-26 00:12:05,557 - INFO - pairwise_permutation_test - GeoJSON: 882 detections from detections_scale-4_run01.geojson
2026-04-26 00:12:05,558 - INFO - pairwise_permutation_test - GeoJSON: 736 detections from detections_pure-positive-canon_run01.geojson
2026-04-26 00:12:05,559 - INFO - pairwise_permutation_test - GeoJSON: 882 detections from detections_scale-4_run01.geojson
2026-04-26 00:12:05,566 - INFO - pairwise_permutation_test - GeoJSON: 881 detections from detections_scale-8_run01.geojson
2026-04-26 00:12:05,566 - INFO - pairwise_permutation_test - GeoJSON: 752 detections from detections_config-default_run01.geojson
2026-04-26 00:12:05,604 - INFO - pairwise_permutation_test - GeoJSON: 882 detections from detections_scale-4_run01.geojson
2026-04-26 00:12:05,612 - INFO - pairwise_permutation_test - GeoJSON: 773 detections from detections_terse_run01.geojson
2026-04-26 00:12:05,618 - INFO - pairwise_permutation_test - GeoJSON: 882 detections from detections_scale-4_run01.geojson
2026-04-26 00:12:05,628 - INFO - pairwise_permutation_test - GeoJSON: 897 detections from detections_canonical_run01.geojson
2026-04-26 00:12:07,075 - INFO - pairwise_permutation_test - GeoJSON: 882 detections from detections_scale-4_run01.geojson
2026-04-26 00:12:07,084 - INFO - pairwise_permutation_test - GeoJSON: 887 detections from detections_pure-positive-canon_run01.geojson
2026-04-26 00:12:07,089 - INFO - pairwise_permutation_test - GeoJSON: 882 detections from detections_scale-4_run01.geojson
2026-04-26 00:12:07,097 - INFO - pairwise_permutation_test - GeoJSON: 742 detections from detections_verbose_run01.geojson
2026-04-26 00:12:07,106 - INFO - pairwise_permutation_test - GeoJSON: 882 detections from detections_scale-4_run01.geojson
2026-04-26 00:12:07,109 - INFO - pairwise_permutation_test - GeoJSON: 882 detections from detections_scale-4_run01.geojson
2026-04-26 00:12:07,114 - INFO - pairwise_permutation_test - GeoJSON: 771 detections from detections_canonical-first_run01.geojson
2026-04-26 00:12:07,117 - INFO - pairwise_permutation_test - GeoJSON: 771 detections from detections_pure-positive-4hp_run01.geojson
2026-04-26 00:12:07,133 - INFO - pairwise_permutation_test - GeoJSON: 882 detections from detections_scale-4_run01.geojson
2026-04-26 00:12:07,141 - INFO - pairwise_permutation_test - GeoJSON: 771 detections from detections_plus-hp_run01.geojson
2026-04-26 00:12:07,168 - INFO - pairwise_permutation_test - GeoJSON: 882 detections from detections_scale-4_run01.geojson
2026-04-26 00:12:07,177 - INFO - pairwise_permutation_test - GeoJSON: 868 detections from detections_terse_run01.geojson
2026-04-26 00:12:07,241 - INFO - pairwise_permutation_test - GeoJSON: 882 detections from detections_scale-4_run01.geojson
2026-04-26 00:12:07,250 - INFO - pairwise_permutation_test - GeoJSON: 885 detections from detections_plus-hp_run01.geojson
2026-04-26 00:12:07,269 - INFO - pairwise_permutation_test - GeoJSON: 882 detections from detections_scale-4_run01.geojson
2026-04-26 00:12:07,278 - INFO - pairwise_permutation_test - GeoJSON: 770 detections from detections_scale-8_run01.geojson
2026-04-26 00:12:08,661 - INFO - pairwise_permutation_test - GeoJSON: 882 detections from detections_scale-4_run01.geojson
2026-04-26 00:12:08,669 - INFO - pairwise_permutation_test - GeoJSON: 811 detections from detections_scale-4_run01.geojson
2026-04-26 00:12:08,688 - INFO - pairwise_permutation_test - GeoJSON: 882 detections from detections_scale-4_run01.geojson
2026-04-26 00:12:08,696 - INFO - pairwise_permutation_test - GeoJSON: 798 detections from detections_verbose_run01.geojson
2026-04-26 00:12:08,700 - INFO - pairwise_permutation_test - GeoJSON: 882 detections from detections_scale-4_run01.geojson
2026-04-26 00:12:08,707 - INFO - pairwise_permutation_test - GeoJSON: 720 detections from detections_canonical_run01.geojson
2026-04-26 00:12:08,712 - INFO - pairwise_permutation_test - GeoJSON: 882 detections from detections_scale-4_run01.geojson
2026-04-26 00:12:08,720 - INFO - pairwise_permutation_test - GeoJSON: 823 detections from detections_pure-positive-2hp_run01.geojson
2026-04-26 00:12:08,728 - INFO - pairwise_permutation_test - GeoJSON: 882 detections from detections_scale-4_run01.geojson
2026-04-26 00:12:08,736 - INFO - pairwise_permutation_test - GeoJSON: 821 detections from detections_random_run01.geojson
2026-04-26 00:12:08,760 - INFO - pairwise_permutation_test - GeoJSON: 882 detections from detections_scale-4_run01.geojson
2026-04-26 00:12:08,768 - INFO - pairwise_permutation_test - GeoJSON: 728 detections from detections_pure-positive-canon_run01.geojson
2026-04-26 00:12:08,884 - INFO - pairwise_permutation_test - GeoJSON: 882 detections from detections_scale-4_run01.geojson
2026-04-26 00:12:08,892 - INFO - pairwise_permutation_test - GeoJSON: 736 detections from detections_pure-positive-canon_run01.geojson
2026-04-26 00:12:08,915 - INFO - pairwise_permutation_test - GeoJSON: 881 detections from detections_scale-8_run01.geojson
2026-04-26 00:12:08,923 - INFO - pairwise_permutation_test - GeoJSON: 752 detections from detections_config-default_run01.geojson
2026-04-26 00:12:10,243 - INFO - pairwise_permutation_test - GeoJSON: 881 detections from detections_scale-8_run01.geojson
2026-04-26 00:12:10,251 - INFO - pairwise_permutation_test - GeoJSON: 773 detections from detections_terse_run01.geojson
2026-04-26 00:12:10,251 - INFO - pairwise_permutation_test - GeoJSON: 881 detections from detections_scale-8_run01.geojson
2026-04-26 00:12:10,252 - INFO - pairwise_permutation_test - GeoJSON: 881 detections from detections_scale-8_run01.geojson
2026-04-26 00:12:10,260 - INFO - pairwise_permutation_test - GeoJSON: 897 detections from detections_canonical_run01.geojson
2026-04-26 00:12:10,262 - INFO - pairwise_permutation_test - GeoJSON: 887 detections from detections_pure-positive-canon_run01.geojson
2026-04-26 00:12:10,312 - INFO - pairwise_permutation_test - GeoJSON: 881 detections from detections_scale-8_run01.geojson
2026-04-26 00:12:10,320 - INFO - pairwise_permutation_test - GeoJSON: 742 detections from detections_verbose_run01.geojson
2026-04-26 00:12:10,330 - INFO - pairwise_permutation_test - GeoJSON: 881 detections from detections_scale-8_run01.geojson
2026-04-26 00:12:10,337 - INFO - pairwise_permutation_test - GeoJSON: 881 detections from detections_scale-8_run01.geojson
2026-04-26 00:12:10,338 - INFO - pairwise_permutation_test - GeoJSON: 771 detections from detections_canonical-first_run01.geojson
2026-04-26 00:12:10,345 - INFO - pairwise_permutation_test - GeoJSON: 771 detections from detections_pure-positive-4hp_run01.geojson
2026-04-26 00:12:10,491 - INFO - pairwise_permutation_test - GeoJSON: 881 detections from detections_scale-8_run01.geojson
2026-04-26 00:12:10,499 - INFO - pairwise_permutation_test - GeoJSON: 771 detections from detections_plus-hp_run01.geojson
2026-04-26 00:12:10,566 - INFO - pairwise_permutation_test - GeoJSON: 881 detections from detections_scale-8_run01.geojson
2026-04-26 00:12:10,575 - INFO - pairwise_permutation_test - GeoJSON: 868 detections from detections_terse_run01.geojson
2026-04-26 00:12:11,830 - INFO - pairwise_permutation_test - GeoJSON: 881 detections from detections_scale-8_run01.geojson
2026-04-26 00:12:11,839 - INFO - pairwise_permutation_test - GeoJSON: 885 detections from detections_plus-hp_run01.geojson
2026-04-26 00:12:11,842 - INFO - pairwise_permutation_test - GeoJSON: 881 detections from detections_scale-8_run01.geojson
2026-04-26 00:12:11,850 - INFO - pairwise_permutation_test - GeoJSON: 770 detections from detections_scale-8_run01.geojson
2026-04-26 00:12:11,862 - INFO - pairwise_permutation_test - GeoJSON: 881 detections from detections_scale-8_run01.geojson
2026-04-26 00:12:11,870 - INFO - pairwise_permutation_test - GeoJSON: 811 detections from detections_scale-4_run01.geojson
2026-04-26 00:12:11,887 - INFO - pairwise_permutation_test - GeoJSON: 881 detections from detections_scale-8_run01.geojson
2026-04-26 00:12:11,895 - INFO - pairwise_permutation_test - GeoJSON: 798 detections from detections_verbose_run01.geojson
2026-04-26 00:12:11,930 - INFO - pairwise_permutation_test - GeoJSON: 881 detections from detections_scale-8_run01.geojson
2026-04-26 00:12:11,937 - INFO - pairwise_permutation_test - GeoJSON: 720 detections from detections_canonical_run01.geojson
2026-04-26 00:12:11,944 - INFO - pairwise_permutation_test - GeoJSON: 881 detections from detections_scale-8_run01.geojson
2026-04-26 00:12:11,953 - INFO - pairwise_permutation_test - GeoJSON: 823 detections from detections_pure-positive-2hp_run01.geojson
2026-04-26 00:12:12,142 - INFO - pairwise_permutation_test - GeoJSON: 881 detections from detections_scale-8_run01.geojson
2026-04-26 00:12:12,151 - INFO - pairwise_permutation_test - GeoJSON: 821 detections from detections_random_run01.geojson
2026-04-26 00:12:12,212 - INFO - pairwise_permutation_test - GeoJSON: 881 detections from detections_scale-8_run01.geojson
2026-04-26 00:12:12,220 - INFO - pairwise_permutation_test - GeoJSON: 728 detections from detections_pure-positive-canon_run01.geojson
2026-04-26 00:12:13,423 - INFO - __main__ - [50/210] pairwise done
2026-04-26 00:12:13,432 - INFO - pairwise_permutation_test - GeoJSON: 881 detections from detections_scale-8_run01.geojson
2026-04-26 00:12:13,440 - INFO - pairwise_permutation_test - GeoJSON: 736 detections from detections_pure-positive-canon_run01.geojson
2026-04-26 00:12:13,440 - INFO - pairwise_permutation_test - GeoJSON: 752 detections from detections_config-default_run01.geojson
2026-04-26 00:12:13,443 - INFO - pairwise_permutation_test - GeoJSON: 752 detections from detections_config-default_run01.geojson
2026-04-26 00:12:13,448 - INFO - pairwise_permutation_test - GeoJSON: 773 detections from detections_terse_run01.geojson
2026-04-26 00:12:13,452 - INFO - pairwise_permutation_test - GeoJSON: 897 detections from detections_canonical_run01.geojson
2026-04-26 00:12:13,460 - INFO - pairwise_permutation_test - GeoJSON: 752 detections from detections_config-default_run01.geojson
2026-04-26 00:12:13,469 - INFO - pairwise_permutation_test - GeoJSON: 887 detections from detections_pure-positive-canon_run01.geojson
2026-04-26 00:12:13,477 - INFO - pairwise_permutation_test - GeoJSON: 752 detections from detections_config-default_run01.geojson
2026-04-26 00:12:13,485 - INFO - pairwise_permutation_test - GeoJSON: 742 detections from detections_verbose_run01.geojson
2026-04-26 00:12:13,558 - INFO - pairwise_permutation_test - GeoJSON: 752 detections from detections_config-default_run01.geojson
2026-04-26 00:12:13,566 - INFO - pairwise_permutation_test - GeoJSON: 771 detections from detections_canonical-first_run01.geojson
2026-04-26 00:12:13,787 - INFO - pairwise_permutation_test - GeoJSON: 752 detections from detections_config-default_run01.geojson
2026-04-26 00:12:13,795 - INFO - pairwise_permutation_test - GeoJSON: 771 detections from detections_pure-positive-4hp_run01.geojson
2026-04-26 00:12:13,817 - INFO - pairwise_permutation_test - GeoJSON: 752 detections from detections_config-default_run01.geojson
2026-04-26 00:12:13,826 - INFO - pairwise_permutation_test - GeoJSON: 771 detections from detections_plus-hp_run01.geojson
2026-04-26 00:12:14,973 - INFO - pairwise_permutation_test - GeoJSON: 752 detections from detections_config-default_run01.geojson
2026-04-26 00:12:14,982 - INFO - pairwise_permutation_test - GeoJSON: 868 detections from detections_terse_run01.geojson
2026-04-26 00:12:15,007 - INFO - pairwise_permutation_test - GeoJSON: 752 detections from detections_config-default_run01.geojson
2026-04-26 00:12:15,016 - INFO - pairwise_permutation_test - GeoJSON: 885 detections from detections_plus-hp_run01.geojson
2026-04-26 00:12:15,026 - INFO - pairwise_permutation_test - GeoJSON: 752 detections from detections_config-default_run01.geojson
2026-04-26 00:12:15,034 - INFO - pairwise_permutation_test - GeoJSON: 770 detections from detections_scale-8_run01.geojson
2026-04-26 00:12:15,035 - INFO - pairwise_permutation_test - GeoJSON: 752 detections from detections_config-default_run01.geojson
2026-04-26 00:12:15,043 - INFO - pairwise_permutation_test - GeoJSON: 811 detections from detections_scale-4_run01.geojson
2026-04-26 00:12:15,049 - INFO - pairwise_permutation_test - GeoJSON: 752 detections from detections_config-default_run01.geojson
2026-04-26 00:12:15,057 - INFO - pairwise_permutation_test - GeoJSON: 798 detections from detections_verbose_run01.geojson
2026-04-26 00:12:15,123 - INFO - pairwise_permutation_test - GeoJSON: 752 detections from detections_config-default_run01.geojson
2026-04-26 00:12:15,130 - INFO - pairwise_permutation_test - GeoJSON: 720 detections from detections_canonical_run01.geojson
2026-04-26 00:12:15,399 - INFO - pairwise_permutation_test - GeoJSON: 752 detections from detections_config-default_run01.geojson
2026-04-26 00:12:15,408 - INFO - pairwise_permutation_test - GeoJSON: 823 detections from detections_pure-positive-2hp_run01.geojson
2026-04-26 00:12:15,438 - INFO - pairwise_permutation_test - GeoJSON: 752 detections from detections_config-default_run01.geojson
2026-04-26 00:12:15,447 - INFO - pairwise_permutation_test - GeoJSON: 821 detections from detections_random_run01.geojson
2026-04-26 00:12:16,540 - INFO - pairwise_permutation_test - GeoJSON: 752 detections from detections_config-default_run01.geojson
2026-04-26 00:12:16,547 - INFO - pairwise_permutation_test - GeoJSON: 728 detections from detections_pure-positive-canon_run01.geojson
2026-04-26 00:12:16,584 - INFO - pairwise_permutation_test - GeoJSON: 752 detections from detections_config-default_run01.geojson
2026-04-26 00:12:16,592 - INFO - pairwise_permutation_test - GeoJSON: 736 detections from detections_pure-positive-canon_run01.geojson
2026-04-26 00:12:16,595 - INFO - pairwise_permutation_test - GeoJSON: 773 detections from detections_terse_run01.geojson
2026-04-26 00:12:16,602 - INFO - pairwise_permutation_test - GeoJSON: 773 detections from detections_terse_run01.geojson
2026-04-26 00:12:16,604 - INFO - pairwise_permutation_test - GeoJSON: 897 detections from detections_canonical_run01.geojson
2026-04-26 00:12:16,606 - INFO - pairwise_permutation_test - GeoJSON: 773 detections from detections_terse_run01.geojson
2026-04-26 00:12:16,611 - INFO - pairwise_permutation_test - GeoJSON: 887 detections from detections_pure-positive-canon_run01.geojson
2026-04-26 00:12:16,614 - INFO - pairwise_permutation_test - GeoJSON: 742 detections from detections_verbose_run01.geojson
2026-04-26 00:12:16,639 - INFO - pairwise_permutation_test - GeoJSON: 773 detections from detections_terse_run01.geojson
2026-04-26 00:12:16,647 - INFO - pairwise_permutation_test - GeoJSON: 771 detections from detections_canonical-first_run01.geojson
2026-04-26 00:12:17,043 - INFO - pairwise_permutation_test - GeoJSON: 773 detections from detections_terse_run01.geojson
2026-04-26 00:12:17,051 - INFO - pairwise_permutation_test - GeoJSON: 771 detections from detections_pure-positive-4hp_run01.geojson
2026-04-26 00:12:17,079 - INFO - pairwise_permutation_test - GeoJSON: 773 detections from detections_terse_run01.geojson
2026-04-26 00:12:17,087 - INFO - pairwise_permutation_test - GeoJSON: 771 detections from detections_plus-hp_run01.geojson
2026-04-26 00:12:18,075 - INFO - pairwise_permutation_test - GeoJSON: 773 detections from detections_terse_run01.geojson
2026-04-26 00:12:18,084 - INFO - pairwise_permutation_test - GeoJSON: 868 detections from detections_terse_run01.geojson
2026-04-26 00:12:18,117 - INFO - pairwise_permutation_test - GeoJSON: 773 detections from detections_terse_run01.geojson
2026-04-26 00:12:18,126 - INFO - pairwise_permutation_test - GeoJSON: 885 detections from detections_plus-hp_run01.geojson
2026-04-26 00:12:18,172 - INFO - pairwise_permutation_test - GeoJSON: 773 detections from detections_terse_run01.geojson
2026-04-26 00:12:18,180 - INFO - pairwise_permutation_test - GeoJSON: 770 detections from detections_scale-8_run01.geojson
2026-04-26 00:12:18,189 - INFO - pairwise_permutation_test - GeoJSON: 773 detections from detections_terse_run01.geojson
2026-04-26 00:12:18,192 - INFO - pairwise_permutation_test - GeoJSON: 773 detections from detections_terse_run01.geojson
2026-04-26 00:12:18,197 - INFO - pairwise_permutation_test - GeoJSON: 811 detections from detections_scale-4_run01.geojson
2026-04-26 00:12:18,201 - INFO - pairwise_permutation_test - GeoJSON: 798 detections from detections_verbose_run01.geojson
2026-04-26 00:12:18,210 - INFO - pairwise_permutation_test - GeoJSON: 773 detections from detections_terse_run01.geojson
2026-04-26 00:12:18,218 - INFO - pairwise_permutation_test - GeoJSON: 720 detections from detections_canonical_run01.geojson
2026-04-26 00:12:18,680 - INFO - pairwise_permutation_test - GeoJSON: 773 detections from detections_terse_run01.geojson
2026-04-26 00:12:18,689 - INFO - pairwise_permutation_test - GeoJSON: 823 detections from detections_pure-positive-2hp_run01.geojson
2026-04-26 00:12:18,696 - INFO - pairwise_permutation_test - GeoJSON: 773 detections from detections_terse_run01.geojson
2026-04-26 00:12:18,705 - INFO - pairwise_permutation_test - GeoJSON: 821 detections from detections_random_run01.geojson
2026-04-26 00:12:19,646 - INFO - pairwise_permutation_test - GeoJSON: 773 detections from detections_terse_run01.geojson
2026-04-26 00:12:19,654 - INFO - pairwise_permutation_test - GeoJSON: 728 detections from detections_pure-positive-canon_run01.geojson
2026-04-26 00:12:19,703 - INFO - pairwise_permutation_test - GeoJSON: 773 detections from detections_terse_run01.geojson
2026-04-26 00:12:19,710 - INFO - pairwise_permutation_test - GeoJSON: 736 detections from detections_pure-positive-canon_run01.geojson
2026-04-26 00:12:19,741 - INFO - pairwise_permutation_test - GeoJSON: 897 detections from detections_canonical_run01.geojson
2026-04-26 00:12:19,750 - INFO - pairwise_permutation_test - GeoJSON: 897 detections from detections_canonical_run01.geojson
2026-04-26 00:12:19,750 - INFO - pairwise_permutation_test - GeoJSON: 887 detections from detections_pure-positive-canon_run01.geojson
2026-04-26 00:12:19,754 - INFO - pairwise_permutation_test - GeoJSON: 897 detections from detections_canonical_run01.geojson
2026-04-26 00:12:19,758 - INFO - pairwise_permutation_test - GeoJSON: 742 detections from detections_verbose_run01.geojson
2026-04-26 00:12:19,762 - INFO - pairwise_permutation_test - GeoJSON: 771 detections from detections_canonical-first_run01.geojson
2026-04-26 00:12:19,771 - INFO - pairwise_permutation_test - GeoJSON: 897 detections from detections_canonical_run01.geojson
2026-04-26 00:12:19,779 - INFO - pairwise_permutation_test - GeoJSON: 771 detections from detections_pure-positive-4hp_run01.geojson
2026-04-26 00:12:20,320 - INFO - pairwise_permutation_test - GeoJSON: 897 detections from detections_canonical_run01.geojson
2026-04-26 00:12:20,327 - INFO - pairwise_permutation_test - GeoJSON: 897 detections from detections_canonical_run01.geojson
2026-04-26 00:12:20,329 - INFO - pairwise_permutation_test - GeoJSON: 771 detections from detections_plus-hp_run01.geojson
2026-04-26 00:12:20,336 - INFO - pairwise_permutation_test - GeoJSON: 868 detections from detections_terse_run01.geojson
2026-04-26 00:12:21,186 - INFO - pairwise_permutation_test - GeoJSON: 897 detections from detections_canonical_run01.geojson
2026-04-26 00:12:21,195 - INFO - pairwise_permutation_test - GeoJSON: 885 detections from detections_plus-hp_run01.geojson
2026-04-26 00:12:21,229 - INFO - pairwise_permutation_test - GeoJSON: 897 detections from detections_canonical_run01.geojson
2026-04-26 00:12:21,237 - INFO - pairwise_permutation_test - GeoJSON: 770 detections from detections_scale-8_run01.geojson
2026-04-26 00:12:21,331 - INFO - pairwise_permutation_test - GeoJSON: 897 detections from detections_canonical_run01.geojson
2026-04-26 00:12:21,340 - INFO - pairwise_permutation_test - GeoJSON: 811 detections from detections_scale-4_run01.geojson
2026-04-26 00:12:21,340 - INFO - pairwise_permutation_test - GeoJSON: 897 detections from detections_canonical_run01.geojson
2026-04-26 00:12:21,348 - INFO - pairwise_permutation_test - GeoJSON: 798 detections from detections_verbose_run01.geojson
2026-04-26 00:12:21,352 - INFO - pairwise_permutation_test - GeoJSON: 897 detections from detections_canonical_run01.geojson
2026-04-26 00:12:21,359 - INFO - pairwise_permutation_test - GeoJSON: 720 detections from detections_canonical_run01.geojson
2026-04-26 00:12:21,375 - INFO - pairwise_permutation_test - GeoJSON: 897 detections from detections_canonical_run01.geojson
2026-04-26 00:12:21,383 - INFO - pairwise_permutation_test - GeoJSON: 823 detections from detections_pure-positive-2hp_run01.geojson
2026-04-26 00:12:21,956 - INFO - pairwise_permutation_test - GeoJSON: 897 detections from detections_canonical_run01.geojson
2026-04-26 00:12:21,969 - INFO - pairwise_permutation_test - GeoJSON: 821 detections from detections_random_run01.geojson
2026-04-26 00:12:21,979 - INFO - pairwise_permutation_test - GeoJSON: 897 detections from detections_canonical_run01.geojson
2026-04-26 00:12:21,986 - INFO - pairwise_permutation_test - GeoJSON: 728 detections from detections_pure-positive-canon_run01.geojson
2026-04-26 00:12:22,793 - INFO - pairwise_permutation_test - GeoJSON: 897 detections from detections_canonical_run01.geojson
2026-04-26 00:12:22,801 - INFO - pairwise_permutation_test - GeoJSON: 736 detections from detections_pure-positive-canon_run01.geojson
2026-04-26 00:12:22,808 - INFO - pairwise_permutation_test - GeoJSON: 887 detections from detections_pure-positive-canon_run01.geojson
2026-04-26 00:12:22,816 - INFO - pairwise_permutation_test - GeoJSON: 742 detections from detections_verbose_run01.geojson
2026-04-26 00:12:22,902 - INFO - pairwise_permutation_test - GeoJSON: 887 detections from detections_pure-positive-canon_run01.geojson
2026-04-26 00:12:22,904 - INFO - __main__ - [100/210] pairwise done
2026-04-26 00:12:22,910 - INFO - pairwise_permutation_test - GeoJSON: 771 detections from detections_canonical-first_run01.geojson
2026-04-26 00:12:22,922 - INFO - pairwise_permutation_test - GeoJSON: 887 detections from detections_pure-positive-canon_run01.geojson
2026-04-26 00:12:22,929 - INFO - pairwise_permutation_test - GeoJSON: 887 detections from detections_pure-positive-canon_run01.geojson
2026-04-26 00:12:22,930 - INFO - pairwise_permutation_test - GeoJSON: 771 detections from detections_pure-positive-4hp_run01.geojson
2026-04-26 00:12:22,937 - INFO - pairwise_permutation_test - GeoJSON: 771 detections from detections_plus-hp_run01.geojson
2026-04-26 00:12:22,967 - INFO - pairwise_permutation_test - GeoJSON: 887 detections from detections_pure-positive-canon_run01.geojson
2026-04-26 00:12:22,975 - INFO - pairwise_permutation_test - GeoJSON: 868 detections from detections_terse_run01.geojson
2026-04-26 00:12:23,592 - INFO - pairwise_permutation_test - GeoJSON: 887 detections from detections_pure-positive-canon_run01.geojson
2026-04-26 00:12:23,601 - INFO - pairwise_permutation_test - GeoJSON: 885 detections from detections_plus-hp_run01.geojson
2026-04-26 00:12:23,625 - INFO - pairwise_permutation_test - GeoJSON: 887 detections from detections_pure-positive-canon_run01.geojson
2026-04-26 00:12:23,633 - INFO - pairwise_permutation_test - GeoJSON: 770 detections from detections_scale-8_run01.geojson
2026-04-26 00:12:24,343 - INFO - pairwise_permutation_test - GeoJSON: 887 detections from detections_pure-positive-canon_run01.geojson
2026-04-26 00:12:24,351 - INFO - pairwise_permutation_test - GeoJSON: 811 detections from detections_scale-4_run01.geojson
2026-04-26 00:12:24,386 - INFO - pairwise_permutation_test - GeoJSON: 887 detections from detections_pure-positive-canon_run01.geojson
2026-04-26 00:12:24,395 - INFO - pairwise_permutation_test - GeoJSON: 798 detections from detections_verbose_run01.geojson
2026-04-26 00:12:24,534 - INFO - pairwise_permutation_test - GeoJSON: 887 detections from detections_pure-positive-canon_run01.geojson
2026-04-26 00:12:24,538 - INFO - pairwise_permutation_test - GeoJSON: 887 detections from detections_pure-positive-canon_run01.geojson
2026-04-26 00:12:24,541 - INFO - pairwise_permutation_test - GeoJSON: 720 detections from detections_canonical_run01.geojson
2026-04-26 00:12:24,546 - INFO - pairwise_permutation_test - GeoJSON: 823 detections from detections_pure-positive-2hp_run01.geojson
2026-04-26 00:12:24,561 - INFO - pairwise_permutation_test - GeoJSON: 887 detections from detections_pure-positive-canon_run01.geojson
2026-04-26 00:12:24,570 - INFO - pairwise_permutation_test - GeoJSON: 821 detections from detections_random_run01.geojson
2026-04-26 00:12:24,586 - INFO - pairwise_permutation_test - GeoJSON: 887 detections from detections_pure-positive-canon_run01.geojson
2026-04-26 00:12:24,593 - INFO - pairwise_permutation_test - GeoJSON: 728 detections from detections_pure-positive-canon_run01.geojson
2026-04-26 00:12:25,263 - INFO - pairwise_permutation_test - GeoJSON: 887 detections from detections_pure-positive-canon_run01.geojson
2026-04-26 00:12:25,271 - INFO - pairwise_permutation_test - GeoJSON: 736 detections from detections_pure-positive-canon_run01.geojson
2026-04-26 00:12:25,274 - INFO - pairwise_permutation_test - GeoJSON: 742 detections from detections_verbose_run01.geojson
2026-04-26 00:12:25,282 - INFO - pairwise_permutation_test - GeoJSON: 771 detections from detections_canonical-first_run01.geojson
2026-04-26 00:12:25,913 - INFO - pairwise_permutation_test - GeoJSON: 742 detections from detections_verbose_run01.geojson
2026-04-26 00:12:25,921 - INFO - pairwise_permutation_test - GeoJSON: 771 detections from detections_pure-positive-4hp_run01.geojson
2026-04-26 00:12:25,949 - INFO - pairwise_permutation_test - GeoJSON: 742 detections from detections_verbose_run01.geojson
2026-04-26 00:12:25,957 - INFO - pairwise_permutation_test - GeoJSON: 771 detections from detections_plus-hp_run01.geojson
2026-04-26 00:12:26,088 - INFO - pairwise_permutation_test - GeoJSON: 742 detections from detections_verbose_run01.geojson
2026-04-26 00:12:26,097 - INFO - pairwise_permutation_test - GeoJSON: 868 detections from detections_terse_run01.geojson
2026-04-26 00:12:26,174 - INFO - pairwise_permutation_test - GeoJSON: 742 detections from detections_verbose_run01.geojson
2026-04-26 00:12:26,177 - INFO - pairwise_permutation_test - GeoJSON: 742 detections from detections_verbose_run01.geojson
2026-04-26 00:12:26,183 - INFO - pairwise_permutation_test - GeoJSON: 885 detections from detections_plus-hp_run01.geojson
2026-04-26 00:12:26,185 - INFO - pairwise_permutation_test - GeoJSON: 770 detections from detections_scale-8_run01.geojson
2026-04-26 00:12:26,221 - INFO - pairwise_permutation_test - GeoJSON: 742 detections from detections_verbose_run01.geojson
2026-04-26 00:12:26,229 - INFO - pairwise_permutation_test - GeoJSON: 811 detections from detections_scale-4_run01.geojson
2026-04-26 00:12:26,868 - INFO - pairwise_permutation_test - GeoJSON: 742 detections from detections_verbose_run01.geojson
2026-04-26 00:12:26,876 - INFO - pairwise_permutation_test - GeoJSON: 798 detections from detections_verbose_run01.geojson
2026-04-26 00:12:26,887 - INFO - pairwise_permutation_test - GeoJSON: 742 detections from detections_verbose_run01.geojson
2026-04-26 00:12:26,894 - INFO - pairwise_permutation_test - GeoJSON: 720 detections from detections_canonical_run01.geojson
2026-04-26 00:12:27,478 - INFO - pairwise_permutation_test - GeoJSON: 742 detections from detections_verbose_run01.geojson
2026-04-26 00:12:27,486 - INFO - pairwise_permutation_test - GeoJSON: 823 detections from detections_pure-positive-2hp_run01.geojson
2026-04-26 00:12:27,518 - INFO - pairwise_permutation_test - GeoJSON: 742 detections from detections_verbose_run01.geojson
2026-04-26 00:12:27,527 - INFO - pairwise_permutation_test - GeoJSON: 821 detections from detections_random_run01.geojson
2026-04-26 00:12:27,660 - INFO - pairwise_permutation_test - GeoJSON: 742 detections from detections_verbose_run01.geojson
2026-04-26 00:12:27,668 - INFO - pairwise_permutation_test - GeoJSON: 728 detections from detections_pure-positive-canon_run01.geojson
2026-04-26 00:12:27,738 - INFO - pairwise_permutation_test - GeoJSON: 742 detections from detections_verbose_run01.geojson
2026-04-26 00:12:27,746 - INFO - pairwise_permutation_test - GeoJSON: 736 detections from detections_pure-positive-canon_run01.geojson
2026-04-26 00:12:27,752 - INFO - pairwise_permutation_test - GeoJSON: 771 detections from detections_canonical-first_run01.geojson
2026-04-26 00:12:27,760 - INFO - pairwise_permutation_test - GeoJSON: 771 detections from detections_pure-positive-4hp_run01.geojson
2026-04-26 00:12:27,780 - INFO - pairwise_permutation_test - GeoJSON: 771 detections from detections_canonical-first_run01.geojson
2026-04-26 00:12:27,788 - INFO - pairwise_permutation_test - GeoJSON: 771 detections from detections_plus-hp_run01.geojson
2026-04-26 00:12:28,441 - INFO - pairwise_permutation_test - GeoJSON: 771 detections from detections_canonical-first_run01.geojson
2026-04-26 00:12:28,448 - INFO - pairwise_permutation_test - GeoJSON: 771 detections from detections_canonical-first_run01.geojson
2026-04-26 00:12:28,451 - INFO - pairwise_permutation_test - GeoJSON: 868 detections from detections_terse_run01.geojson
2026-04-26 00:12:28,458 - INFO - pairwise_permutation_test - GeoJSON: 885 detections from detections_plus-hp_run01.geojson
2026-04-26 00:12:29,044 - INFO - pairwise_permutation_test - GeoJSON: 771 detections from detections_canonical-first_run01.geojson
2026-04-26 00:12:29,052 - INFO - pairwise_permutation_test - GeoJSON: 770 detections from detections_scale-8_run01.geojson
2026-04-26 00:12:29,072 - INFO - pairwise_permutation_test - GeoJSON: 771 detections from detections_canonical-first_run01.geojson
2026-04-26 00:12:29,081 - INFO - pairwise_permutation_test - GeoJSON: 811 detections from detections_scale-4_run01.geojson
2026-04-26 00:12:29,189 - INFO - pairwise_permutation_test - GeoJSON: 771 detections from detections_canonical-first_run01.geojson
2026-04-26 00:12:29,222 - INFO - pairwise_permutation_test - GeoJSON: 798 detections from detections_verbose_run01.geojson
2026-04-26 00:12:29,263 - INFO - pairwise_permutation_test - GeoJSON: 771 detections from detections_canonical-first_run01.geojson
2026-04-26 00:12:29,294 - INFO - pairwise_permutation_test - GeoJSON: 720 detections from detections_canonical_run01.geojson
2026-04-26 00:12:29,343 - INFO - pairwise_permutation_test - GeoJSON: 771 detections from detections_canonical-first_run01.geojson
2026-04-26 00:12:29,352 - INFO - pairwise_permutation_test - GeoJSON: 823 detections from detections_pure-positive-2hp_run01.geojson
2026-04-26 00:12:29,442 - INFO - pairwise_permutation_test - GeoJSON: 771 detections from detections_canonical-first_run01.geojson
2026-04-26 00:12:29,451 - INFO - pairwise_permutation_test - GeoJSON: 821 detections from detections_random_run01.geojson
2026-04-26 00:12:30,046 - INFO - pairwise_permutation_test - GeoJSON: 771 detections from detections_canonical-first_run01.geojson
2026-04-26 00:12:30,069 - INFO - pairwise_permutation_test - GeoJSON: 771 detections from detections_canonical-first_run01.geojson
2026-04-26 00:12:30,077 - INFO - pairwise_permutation_test - GeoJSON: 736 detections from detections_pure-positive-canon_run01.geojson
2026-04-26 00:12:30,077 - INFO - pairwise_permutation_test - GeoJSON: 728 detections from detections_pure-positive-canon_run01.geojson
2026-04-26 00:12:30,638 - INFO - pairwise_permutation_test - GeoJSON: 771 detections from detections_pure-positive-4hp_run01.geojson
2026-04-26 00:12:30,644 - INFO - pairwise_permutation_test - GeoJSON: 771 detections from detections_pure-positive-4hp_run01.geojson
2026-04-26 00:12:30,646 - INFO - pairwise_permutation_test - GeoJSON: 771 detections from detections_plus-hp_run01.geojson
2026-04-26 00:12:30,677 - INFO - pairwise_permutation_test - GeoJSON: 868 detections from detections_terse_run01.geojson
2026-04-26 00:12:30,772 - INFO - pairwise_permutation_test - GeoJSON: 771 detections from detections_pure-positive-4hp_run01.geojson
2026-04-26 00:12:30,781 - INFO - pairwise_permutation_test - GeoJSON: 885 detections from detections_plus-hp_run01.geojson
2026-04-26 00:12:30,821 - INFO - pairwise_permutation_test - GeoJSON: 771 detections from detections_pure-positive-4hp_run01.geojson
2026-04-26 00:12:30,830 - INFO - pairwise_permutation_test - GeoJSON: 770 detections from detections_scale-8_run01.geojson
2026-04-26 00:12:30,956 - INFO - pairwise_permutation_test - GeoJSON: 771 detections from detections_pure-positive-4hp_run01.geojson
2026-04-26 00:12:30,965 - INFO - pairwise_permutation_test - GeoJSON: 811 detections from detections_scale-4_run01.geojson
2026-04-26 00:12:31,107 - INFO - pairwise_permutation_test - GeoJSON: 771 detections from detections_pure-positive-4hp_run01.geojson
2026-04-26 00:12:31,116 - INFO - pairwise_permutation_test - GeoJSON: 798 detections from detections_verbose_run01.geojson
2026-04-26 00:12:31,592 - INFO - pairwise_permutation_test - GeoJSON: 771 detections from detections_pure-positive-4hp_run01.geojson
2026-04-26 00:12:31,599 - INFO - pairwise_permutation_test - GeoJSON: 720 detections from detections_canonical_run01.geojson
2026-04-26 00:12:31,645 - INFO - pairwise_permutation_test - GeoJSON: 771 detections from detections_pure-positive-4hp_run01.geojson
2026-04-26 00:12:31,654 - INFO - pairwise_permutation_test - GeoJSON: 823 detections from detections_pure-positive-2hp_run01.geojson
2026-04-26 00:12:32,222 - INFO - pairwise_permutation_test - GeoJSON: 771 detections from detections_pure-positive-4hp_run01.geojson
2026-04-26 00:12:32,230 - INFO - pairwise_permutation_test - GeoJSON: 821 detections from detections_random_run01.geojson
2026-04-26 00:12:32,259 - INFO - pairwise_permutation_test - GeoJSON: 771 detections from detections_pure-positive-4hp_run01.geojson
2026-04-26 00:12:32,267 - INFO - pairwise_permutation_test - GeoJSON: 728 detections from detections_pure-positive-canon_run01.geojson
2026-04-26 00:12:32,388 - INFO - pairwise_permutation_test - GeoJSON: 771 detections from detections_pure-positive-4hp_run01.geojson
2026-04-26 00:12:32,396 - INFO - pairwise_permutation_test - GeoJSON: 736 detections from detections_pure-positive-canon_run01.geojson
2026-04-26 00:12:32,461 - INFO - pairwise_permutation_test - GeoJSON: 771 detections from detections_plus-hp_run01.geojson
2026-04-26 00:12:32,470 - INFO - pairwise_permutation_test - GeoJSON: 868 detections from detections_terse_run01.geojson
2026-04-26 00:12:32,539 - INFO - pairwise_permutation_test - GeoJSON: 771 detections from detections_plus-hp_run01.geojson
2026-04-26 00:12:32,548 - INFO - pairwise_permutation_test - GeoJSON: 885 detections from detections_plus-hp_run01.geojson
2026-04-26 00:12:32,695 - INFO - __main__ - [150/210] pairwise done
2026-04-26 00:12:32,712 - INFO - pairwise_permutation_test - GeoJSON: 771 detections from detections_plus-hp_run01.geojson
2026-04-26 00:12:32,720 - INFO - pairwise_permutation_test - GeoJSON: 770 detections from detections_scale-8_run01.geojson
2026-04-26 00:12:33,136 - INFO - pairwise_permutation_test - GeoJSON: 771 detections from detections_plus-hp_run01.geojson
2026-04-26 00:12:33,145 - INFO - pairwise_permutation_test - GeoJSON: 811 detections from detections_scale-4_run01.geojson
2026-04-26 00:12:33,245 - INFO - pairwise_permutation_test - GeoJSON: 771 detections from detections_plus-hp_run01.geojson
2026-04-26 00:12:33,253 - INFO - pairwise_permutation_test - GeoJSON: 798 detections from detections_verbose_run01.geojson
2026-04-26 00:12:33,811 - INFO - pairwise_permutation_test - GeoJSON: 771 detections from detections_plus-hp_run01.geojson
2026-04-26 00:12:33,818 - INFO - pairwise_permutation_test - GeoJSON: 720 detections from detections_canonical_run01.geojson
2026-04-26 00:12:33,850 - INFO - pairwise_permutation_test - GeoJSON: 771 detections from detections_plus-hp_run01.geojson
2026-04-26 00:12:33,859 - INFO - pairwise_permutation_test - GeoJSON: 823 detections from detections_pure-positive-2hp_run01.geojson
2026-04-26 00:12:33,946 - INFO - pairwise_permutation_test - GeoJSON: 771 detections from detections_plus-hp_run01.geojson
2026-04-26 00:12:33,955 - INFO - pairwise_permutation_test - GeoJSON: 821 detections from detections_random_run01.geojson
2026-04-26 00:12:34,102 - INFO - pairwise_permutation_test - GeoJSON: 771 detections from detections_plus-hp_run01.geojson
2026-04-26 00:12:34,110 - INFO - pairwise_permutation_test - GeoJSON: 728 detections from detections_pure-positive-canon_run01.geojson
2026-04-26 00:12:34,134 - INFO - pairwise_permutation_test - GeoJSON: 771 detections from detections_plus-hp_run01.geojson
2026-04-26 00:12:34,141 - INFO - pairwise_permutation_test - GeoJSON: 736 detections from detections_pure-positive-canon_run01.geojson
2026-04-26 00:12:34,287 - INFO - pairwise_permutation_test - GeoJSON: 868 detections from detections_terse_run01.geojson
2026-04-26 00:12:34,296 - INFO - pairwise_permutation_test - GeoJSON: 885 detections from detections_plus-hp_run01.geojson
2026-04-26 00:12:34,706 - INFO - pairwise_permutation_test - GeoJSON: 868 detections from detections_terse_run01.geojson
2026-04-26 00:12:34,714 - INFO - pairwise_permutation_test - GeoJSON: 770 detections from detections_scale-8_run01.geojson
2026-04-26 00:12:34,794 - INFO - pairwise_permutation_test - GeoJSON: 868 detections from detections_terse_run01.geojson
2026-04-26 00:12:34,802 - INFO - pairwise_permutation_test - GeoJSON: 811 detections from detections_scale-4_run01.geojson
2026-04-26 00:12:35,322 - INFO - pairwise_permutation_test - GeoJSON: 868 detections from detections_terse_run01.geojson
2026-04-26 00:12:35,330 - INFO - pairwise_permutation_test - GeoJSON: 798 detections from detections_verbose_run01.geojson
2026-04-26 00:12:35,530 - INFO - pairwise_permutation_test - GeoJSON: 868 detections from detections_terse_run01.geojson
2026-04-26 00:12:35,533 - INFO - pairwise_permutation_test - GeoJSON: 868 detections from detections_terse_run01.geojson
2026-04-26 00:12:35,538 - INFO - pairwise_permutation_test - GeoJSON: 720 detections from detections_canonical_run01.geojson
2026-04-26 00:12:35,541 - INFO - pairwise_permutation_test - GeoJSON: 823 detections from detections_pure-positive-2hp_run01.geojson
2026-04-26 00:12:35,669 - INFO - pairwise_permutation_test - GeoJSON: 868 detections from detections_terse_run01.geojson
2026-04-26 00:12:35,677 - INFO - pairwise_permutation_test - GeoJSON: 821 detections from detections_random_run01.geojson
2026-04-26 00:12:35,698 - INFO - pairwise_permutation_test - GeoJSON: 868 detections from detections_terse_run01.geojson
2026-04-26 00:12:35,706 - INFO - pairwise_permutation_test - GeoJSON: 728 detections from detections_pure-positive-canon_run01.geojson
2026-04-26 00:12:35,889 - INFO - pairwise_permutation_test - GeoJSON: 868 detections from detections_terse_run01.geojson
2026-04-26 00:12:35,897 - INFO - pairwise_permutation_test - GeoJSON: 736 detections from detections_pure-positive-canon_run01.geojson
2026-04-26 00:12:36,278 - INFO - pairwise_permutation_test - GeoJSON: 885 detections from detections_plus-hp_run01.geojson
2026-04-26 00:12:36,286 - INFO - pairwise_permutation_test - GeoJSON: 770 detections from detections_scale-8_run01.geojson
2026-04-26 00:12:36,376 - INFO - pairwise_permutation_test - GeoJSON: 885 detections from detections_plus-hp_run01.geojson
2026-04-26 00:12:36,384 - INFO - pairwise_permutation_test - GeoJSON: 811 detections from detections_scale-4_run01.geojson
2026-04-26 00:12:36,878 - INFO - pairwise_permutation_test - GeoJSON: 885 detections from detections_plus-hp_run01.geojson
2026-04-26 00:12:36,886 - INFO - pairwise_permutation_test - GeoJSON: 798 detections from detections_verbose_run01.geojson
2026-04-26 00:12:37,110 - INFO - pairwise_permutation_test - GeoJSON: 885 detections from detections_plus-hp_run01.geojson
2026-04-26 00:12:37,118 - INFO - pairwise_permutation_test - GeoJSON: 720 detections from detections_canonical_run01.geojson
2026-04-26 00:12:37,121 - INFO - pairwise_permutation_test - GeoJSON: 885 detections from detections_plus-hp_run01.geojson
2026-04-26 00:12:37,130 - INFO - pairwise_permutation_test - GeoJSON: 823 detections from detections_pure-positive-2hp_run01.geojson
2026-04-26 00:12:37,265 - INFO - pairwise_permutation_test - GeoJSON: 885 detections from detections_plus-hp_run01.geojson
2026-04-26 00:12:37,273 - INFO - pairwise_permutation_test - GeoJSON: 821 detections from detections_random_run01.geojson
2026-04-26 00:12:37,289 - INFO - pairwise_permutation_test - GeoJSON: 885 detections from detections_plus-hp_run01.geojson
2026-04-26 00:12:37,297 - INFO - pairwise_permutation_test - GeoJSON: 728 detections from detections_pure-positive-canon_run01.geojson
2026-04-26 00:12:37,440 - INFO - pairwise_permutation_test - GeoJSON: 885 detections from detections_plus-hp_run01.geojson
2026-04-26 00:12:37,448 - INFO - pairwise_permutation_test - GeoJSON: 736 detections from detections_pure-positive-canon_run01.geojson
2026-04-26 00:12:37,855 - INFO - pairwise_permutation_test - GeoJSON: 770 detections from detections_scale-8_run01.geojson
2026-04-26 00:12:37,864 - INFO - pairwise_permutation_test - GeoJSON: 811 detections from detections_scale-4_run01.geojson
2026-04-26 00:12:37,977 - INFO - pairwise_permutation_test - GeoJSON: 770 detections from detections_scale-8_run01.geojson
2026-04-26 00:12:37,985 - INFO - pairwise_permutation_test - GeoJSON: 798 detections from detections_verbose_run01.geojson
2026-04-26 00:12:38,450 - INFO - pairwise_permutation_test - GeoJSON: 770 detections from detections_scale-8_run01.geojson
2026-04-26 00:12:38,457 - INFO - pairwise_permutation_test - GeoJSON: 720 detections from detections_canonical_run01.geojson
2026-04-26 00:12:38,668 - INFO - pairwise_permutation_test - GeoJSON: 770 detections from detections_scale-8_run01.geojson
2026-04-26 00:12:38,677 - INFO - pairwise_permutation_test - GeoJSON: 823 detections from detections_pure-positive-2hp_run01.geojson
2026-04-26 00:12:38,779 - INFO - pairwise_permutation_test - GeoJSON: 770 detections from detections_scale-8_run01.geojson
2026-04-26 00:12:38,788 - INFO - pairwise_permutation_test - GeoJSON: 821 detections from detections_random_run01.geojson
2026-04-26 00:12:38,864 - INFO - pairwise_permutation_test - GeoJSON: 770 detections from detections_scale-8_run01.geojson
2026-04-26 00:12:38,871 - INFO - pairwise_permutation_test - GeoJSON: 728 detections from detections_pure-positive-canon_run01.geojson
2026-04-26 00:12:38,908 - INFO - pairwise_permutation_test - GeoJSON: 770 detections from detections_scale-8_run01.geojson
2026-04-26 00:12:38,916 - INFO - pairwise_permutation_test - GeoJSON: 736 detections from detections_pure-positive-canon_run01.geojson
2026-04-26 00:12:38,997 - INFO - pairwise_permutation_test - GeoJSON: 811 detections from detections_scale-4_run01.geojson
2026-04-26 00:12:39,005 - INFO - pairwise_permutation_test - GeoJSON: 798 detections from detections_verbose_run01.geojson
2026-04-26 00:12:39,416 - INFO - pairwise_permutation_test - GeoJSON: 811 detections from detections_scale-4_run01.geojson
2026-04-26 00:12:39,424 - INFO - pairwise_permutation_test - GeoJSON: 720 detections from detections_canonical_run01.geojson
2026-04-26 00:12:39,525 - INFO - pairwise_permutation_test - GeoJSON: 811 detections from detections_scale-4_run01.geojson
2026-04-26 00:12:39,534 - INFO - pairwise_permutation_test - GeoJSON: 823 detections from detections_pure-positive-2hp_run01.geojson
2026-04-26 00:12:39,968 - INFO - pairwise_permutation_test - GeoJSON: 811 detections from detections_scale-4_run01.geojson
2026-04-26 00:12:39,976 - INFO - pairwise_permutation_test - GeoJSON: 821 detections from detections_random_run01.geojson
2026-04-26 00:12:40,273 - INFO - pairwise_permutation_test - GeoJSON: 811 detections from detections_scale-4_run01.geojson
2026-04-26 00:12:40,281 - INFO - pairwise_permutation_test - GeoJSON: 728 detections from detections_pure-positive-canon_run01.geojson
2026-04-26 00:12:40,401 - INFO - pairwise_permutation_test - GeoJSON: 811 detections from detections_scale-4_run01.geojson
2026-04-26 00:12:40,409 - INFO - pairwise_permutation_test - GeoJSON: 736 detections from detections_pure-positive-canon_run01.geojson
2026-04-26 00:12:40,417 - INFO - pairwise_permutation_test - GeoJSON: 798 detections from detections_verbose_run01.geojson
2026-04-26 00:12:40,425 - INFO - pairwise_permutation_test - GeoJSON: 720 detections from detections_canonical_run01.geojson
2026-04-26 00:12:40,490 - INFO - pairwise_permutation_test - GeoJSON: 798 detections from detections_verbose_run01.geojson
2026-04-26 00:12:40,499 - INFO - pairwise_permutation_test - GeoJSON: 823 detections from detections_pure-positive-2hp_run01.geojson
2026-04-26 00:12:40,548 - INFO - pairwise_permutation_test - GeoJSON: 798 detections from detections_verbose_run01.geojson
2026-04-26 00:12:40,557 - INFO - pairwise_permutation_test - GeoJSON: 821 detections from detections_random_run01.geojson
2026-04-26 00:12:40,935 - INFO - pairwise_permutation_test - GeoJSON: 798 detections from detections_verbose_run01.geojson
2026-04-26 00:12:40,943 - INFO - pairwise_permutation_test - GeoJSON: 728 detections from detections_pure-positive-canon_run01.geojson
2026-04-26 00:12:41,118 - INFO - pairwise_permutation_test - GeoJSON: 798 detections from detections_verbose_run01.geojson
2026-04-26 00:12:41,126 - INFO - pairwise_permutation_test - GeoJSON: 736 detections from detections_pure-positive-canon_run01.geojson
2026-04-26 00:12:41,552 - INFO - pairwise_permutation_test - GeoJSON: 720 detections from detections_canonical_run01.geojson
2026-04-26 00:12:41,560 - INFO - pairwise_permutation_test - GeoJSON: 823 detections from detections_pure-positive-2hp_run01.geojson
2026-04-26 00:12:41,819 - INFO - pairwise_permutation_test - GeoJSON: 720 detections from detections_canonical_run01.geojson
2026-04-26 00:12:41,827 - INFO - pairwise_permutation_test - GeoJSON: 821 detections from detections_random_run01.geojson
2026-04-26 00:12:41,935 - INFO - pairwise_permutation_test - GeoJSON: 720 detections from detections_canonical_run01.geojson
2026-04-26 00:12:41,943 - INFO - pairwise_permutation_test - GeoJSON: 728 detections from detections_pure-positive-canon_run01.geojson
2026-04-26 00:12:41,962 - INFO - pairwise_permutation_test - GeoJSON: 720 detections from detections_canonical_run01.geojson
2026-04-26 00:12:41,970 - INFO - pairwise_permutation_test - GeoJSON: 736 detections from detections_pure-positive-canon_run01.geojson
2026-04-26 00:12:42,114 - INFO - pairwise_permutation_test - GeoJSON: 823 detections from detections_pure-positive-2hp_run01.geojson
2026-04-26 00:12:42,121 - INFO - pairwise_permutation_test - GeoJSON: 823 detections from detections_pure-positive-2hp_run01.geojson
2026-04-26 00:12:42,122 - INFO - pairwise_permutation_test - GeoJSON: 821 detections from detections_random_run01.geojson
2026-04-26 00:12:42,128 - INFO - pairwise_permutation_test - GeoJSON: 728 detections from detections_pure-positive-canon_run01.geojson
2026-04-26 00:12:42,430 - INFO - pairwise_permutation_test - GeoJSON: 823 detections from detections_pure-positive-2hp_run01.geojson
2026-04-26 00:12:42,437 - INFO - pairwise_permutation_test - GeoJSON: 736 detections from detections_pure-positive-canon_run01.geojson
2026-04-26 00:12:42,622 - INFO - __main__ - [200/210] pairwise done
2026-04-26 00:12:42,640 - INFO - pairwise_permutation_test - GeoJSON: 821 detections from detections_random_run01.geojson
2026-04-26 00:12:42,648 - INFO - pairwise_permutation_test - GeoJSON: 728 detections from detections_pure-positive-canon_run01.geojson
2026-04-26 00:12:43,106 - INFO - pairwise_permutation_test - GeoJSON: 821 detections from detections_random_run01.geojson
2026-04-26 00:12:43,114 - INFO - pairwise_permutation_test - GeoJSON: 736 detections from detections_pure-positive-canon_run01.geojson
2026-04-26 00:12:43,378 - INFO - pairwise_permutation_test - GeoJSON: 728 detections from detections_pure-positive-canon_run01.geojson
2026-04-26 00:12:43,386 - INFO - pairwise_permutation_test - GeoJSON: 736 detections from detections_pure-positive-canon_run01.geojson
2026-04-26 00:12:44,750 - INFO - __main__ - [210/210] pairwise done
2026-04-26 00:12:44,762 - INFO - __main__ - Pairwise: 0 cached, 210 computed
2026-04-26 00:12:44,763 - INFO - __main__ - Stage 4 complete in 42.5s
2026-04-26 00:12:44,763 - INFO - __main__ - FDR: 0/210 pairs significant at q=0.05 → 1 tiers
2026-04-26 00:12:44,763 - INFO - __main__ - Markdown leaderboard written to results/leaderboard/per-architecture/era1/single-pass/leaderboard_tiers_20m.md
2026-04-26 00:12:44,764 - INFO - __main__ - Markdown leaderboard written to results/leaderboard/per-architecture/era1/single-pass/leaderboard_tiers_30m.md
2026-04-26 00:12:44,764 - INFO - __main__ - Markdown leaderboard written to results/leaderboard/per-architecture/era1/single-pass/leaderboard_tiers_40m.md
2026-04-26 00:12:44,764 - INFO - __main__ - Markdown leaderboard written to results/leaderboard/per-architecture/era1/single-pass/leaderboard_tiers_50m.md
2026-04-26 00:12:44,764 - INFO - __main__ - Markdown leaderboard written to results/leaderboard/per-architecture/era1/single-pass/leaderboard_tiers_100m.md
2026-04-26 00:12:44,769 - INFO - __main__ - JSON leaderboard written to results/leaderboard/per-architecture/era1/single-pass/leaderboard_tiers_30m.json
2026-04-26 00:12:44,770 - INFO - __main__ - All evaluations written to results/leaderboard/per-architecture/era1/single-pass/leaderboard_all_evaluations.json

========================================================================
LEADERBOARD TIERS (F1, 30m buffer)
========================================================================

Tier 1 (F1: 0.627–0.686, 21 conditions)
    1. h4-canonical-last                        F1=0.686  t=1
    2. h8-track2-text-scale-4                   F1=0.640  t=1
    3. h8-track2-text-scale-8                   F1=0.645  t=1
    4. h4-config-default                        F1=0.671  t=1
    5. h5-track1-image-terse                    F1=0.649  t=1
    6. h8-track2-text-canonical                 F1=0.636  t=1
    7. h8-track2-text-pure-positive-canon       F1=0.641  t=1
    8. h5-track1-image-verbose                  F1=0.668  t=1
    9. h4-canonical-first                       F1=0.664  t=1
   10. h8-track1-image-exploratory-pure-positive-4hp F1=0.656  t=1
   11. h8-track1-image-plus-hp                  F1=0.664  t=1
   12. h5-track2-text-terse                     F1=0.627  t=1
   13. h8-track2-text-plus-hp                   F1=0.638  t=1
   14. h8-track1-image-scale-8                  F1=0.655  t=1
   15. h8-track1-image-scale-4                  F1=0.637  t=1
   16. h5-track2-text-verbose                   F1=0.630  t=1
   17. h8-track1-image-canonical                F1=0.653  t=1
   18. h8-track1-image-exploratory-pure-positive-2hp F1=0.631  t=1
   19. h4-random                                F1=0.644  t=1
   20. h8-track1-image-exploratory-pure-positive-canon F1=0.649  t=1
   21. h8-track1-image-pure-positive-canon      F1=0.646  t=1

========================================================================
Total: 21 conditions in 1 tiers
========================================================================
