2026-04-26 00:21:39,461 - INFO - __main__ - build_tiered_leaderboard.py v1.0.0 — git b4b67486
2026-04-26 00:21:39,470 - INFO - __main__ - Resolved 72 conditions from inventory (era=1, track=None)
2026-04-26 00:21:39,470 - INFO - __main__ - Resolved 72 conditions
2026-04-26 00:21:39,470 - INFO - __main__ - Skipping evaluation (--skip-evaluation)
2026-04-26 00:21:39,536 - INFO - __main__ - Threshold selection at 20m; pairwise + tiering at 30m (Option A semantics)
2026-04-26 00:21:39,536 - INFO - __main__ - Top-N filter disabled (top_n=0); including all 72 conditions
2026-04-26 00:21:39,536 - INFO - __main__ - Selected 72 conditions (best F1=0.775 at 20m)
2026-04-26 00:21:39,536 - INFO - __main__ - Skipping pairwise (--skip-pairwise)
2026-04-26 00:21:39,593 - INFO - __main__ - FDR: 571/2556 pairs significant at q=0.01 → 9 tiers
2026-04-26 00:21:39,594 - INFO - __main__ - Markdown leaderboard written to results/leaderboard/per-architecture/era1/consensus/leaderboard_tiers_q01_20m.md
2026-04-26 00:21:39,594 - INFO - __main__ - Markdown leaderboard written to results/leaderboard/per-architecture/era1/consensus/leaderboard_tiers_q01_30m.md
2026-04-26 00:21:39,594 - INFO - __main__ - Markdown leaderboard written to results/leaderboard/per-architecture/era1/consensus/leaderboard_tiers_q01_40m.md
2026-04-26 00:21:39,594 - INFO - __main__ - Markdown leaderboard written to results/leaderboard/per-architecture/era1/consensus/leaderboard_tiers_q01_50m.md
2026-04-26 00:21:39,595 - INFO - __main__ - Markdown leaderboard written to results/leaderboard/per-architecture/era1/consensus/leaderboard_tiers_q01_100m.md
2026-04-26 00:21:39,616 - INFO - __main__ - JSON leaderboard written to results/leaderboard/per-architecture/era1/consensus/leaderboard_tiers_q01_30m.json
2026-04-26 00:21:39,648 - INFO - __main__ - All evaluations written to results/leaderboard/per-architecture/era1/consensus/leaderboard_all_evaluations.json

========================================================================
LEADERBOARD TIERS (F1, 30m buffer)
========================================================================

Tier 1 (F1: 0.765–0.804, 6 conditions)
    1. h3-high-track2-text-T1.0                 F1=0.799  t=23
    2. h3-high-track2-text-T0.3                 F1=0.798  t=23
    3. h3-high-track2-text-T0.7                 F1=0.804  t=22
    4. h3-rep-high                              F1=0.793  t=21
    5. h9-track2-text-h9-D-t4                   F1=0.765  t=4
    6. h9-track2-text-h9-D-t1                   F1=0.770  t=4

Tier 2 (F1: 0.711–0.760, 22 conditions)
    7. h9-track2-text-h9-A-p4                   F1=0.760  t=4
    8. h9-track2-text-h9-A-p1                   F1=0.759  t=4
    9. h9-track2-text-h9-A-p2                   F1=0.754  t=4
   10. h9-track2-text-h9-E-p1                   F1=0.731  t=5
   11. h9-track2-text-h9-D-t2                   F1=0.752  t=4
   12. h9-track2-text-h9-A-p5                   F1=0.743  t=4
   13. h9-track2-text-h9-D-t3                   F1=0.756  t=4
   14. h9-track2-text-h9-D-t5                   F1=0.746  t=4
   15. h9-track2-text-h9-A-p3                   F1=0.746  t=4
   16. h3-rep-minimal                           F1=0.728  t=25
   17. h9-track2-text-h9-B-v1                   F1=0.727  t=4
   18. h3-track2-text-T0.3                      F1=0.719  t=23
   19. h3-track2-text-T0.7                      F1=0.719  t=24
   20. h3-track1-image-T0.7                     F1=0.750  t=18
   21. h9-track1-image-h9-C-img5                F1=0.749  t=3
   22. h7-track2-text-T0.7                      F1=0.711  t=3
   23. h3-track2-text-T1.0                      F1=0.711  t=22
   24. h7-track2-text-T0.3                      F1=0.714  t=3
   25. h9-track1-image-h9-A-p1                  F1=0.756  t=3
   26. h9-track1-image-h9-A-p5                  F1=0.752  t=3
   27. h3-track1-image-T1.0                     F1=0.731  t=19
   28. h9-track1-image-h9-E-p2                  F1=0.745  t=3

Tier 3 (F1: 0.692–0.747, 20 conditions)
   29. h9-track2-text-h9-B-v2                   F1=0.694  t=4
   30. h9-track1-image-h9-D-t2                  F1=0.745  t=3
   31. h9-track1-image-h9-C-img4                F1=0.736  t=3
   32. h9-track1-image-h9-D-t5                  F1=0.747  t=3
   33. h9-track1-image-h9-D-t1                  F1=0.725  t=4
   34. h9-track2-text-h9-B-v5                   F1=0.702  t=4
   35. h3-track1-image-T0.3                     F1=0.724  t=22
   36. h9-track1-image-h9-A-p4                  F1=0.732  t=3
   37. h9-track1-image-h9-A-p2                  F1=0.735  t=3
   38. h9-track1-image-h9-B-v1                  F1=0.745  t=3
   39. h9-track1-image-h9-C-img3                F1=0.740  t=3
   40. h9-track1-image-h9-D-t3                  F1=0.742  t=3
   41. h9-track1-image-h9-C-img2                F1=0.746  t=3
   42. h9-track2-text-h9-E-p2                   F1=0.707  t=4
   43. h9-track2-text-h9-B-v4                   F1=0.694  t=4
   44. h9-track2-text-h9-E-p4                   F1=0.692  t=4
   45. h9-track1-image-h9-D-t4                  F1=0.726  t=3
   46. h9-track1-image-h9-E-p5                  F1=0.739  t=3
   47. h9-track1-image-h9-B-v2                  F1=0.738  t=3
   48. h9-track1-image-h9-E-p1                  F1=0.724  t=3

Tier 4 (F1: 0.689–0.689, 1 conditions)
   49. h9-track2-text-h9-E-p5                   F1=0.689  t=4

Tier 5 (F1: 0.752–0.752, 1 conditions)
   50. h9-track1-image-h9-B-v5                  F1=0.752  t=3

Tier 6 (F1: 0.674–0.735, 17 conditions)
   51. h1-brief-text                            F1=0.676  t=3
   52. h9-track1-image-h9-A-p3                  F1=0.716  t=3
   53. h7-track2-text-T0.0                      F1=0.682  t=3
   54. h7-track2-text-T1.0                      F1=0.674  t=3
   55. h9-track1-image-h9-E-p4                  F1=0.729  t=3
   56. h9-track1-image-h9-C-img1                F1=0.735  t=3
   57. h7-track2-text-T1.3                      F1=0.676  t=3
   58. h9-track1-image-h9-B-v3                  F1=0.725  t=3
   59. h7-track1-image-T1.0                     F1=0.717  t=2
   60. h9-track2-text-h9-B-v3                   F1=0.674  t=4
   61. h7-track1-image-T0.3                     F1=0.713  t=3
   62. h9-track1-image-h9-B-v4                  F1=0.725  t=3
   63. h9-track1-image-h9-E-p3                  F1=0.731  t=3
   64. h1-verbose-text-image                    F1=0.700  t=2
   65. h1-brief-text-image                      F1=0.720  t=2
   66. h7-track1-image-T0.7                     F1=0.711  t=2
   67. h7-track1-image-T0.0                     F1=0.687  t=3

Tier 7 (F1: 0.659–0.708, 2 conditions)
   68. h9-track2-text-h9-E-p3                   F1=0.659  t=4
   69. h7-track1-image-T1.3                     F1=0.708  t=2

Tier 8 (F1: 0.633–0.671, 2 conditions)
   70. h1-verbose-text                          F1=0.633  t=2
   71. h1-image-only                            F1=0.671  t=2

Tier 9 (F1: 0.525–0.525, 1 conditions)
   72. h11-bridge-brief-text-t0                 F1=0.525  t=10

========================================================================
Total: 72 conditions in 9 tiers
========================================================================
