2026-04-26 00:14:54,002 - INFO - __main__ - build_tiered_leaderboard.py v1.0.0 — git b4b67486
2026-04-26 00:14:54,004 - INFO - __main__ - Resolved 21 conditions from inventory (era=1, track=None)
2026-04-26 00:14:54,004 - INFO - __main__ - Resolved 21 conditions
2026-04-26 00:14:54,004 - INFO - __main__ - Skipping evaluation (--skip-evaluation)
2026-04-26 00:14:54,006 - INFO - __main__ - Threshold selection at 20m; pairwise + tiering at 100m (Option A semantics)
2026-04-26 00:14:54,006 - INFO - __main__ - Top-N filter disabled (top_n=0); including all 21 conditions
2026-04-26 00:14:54,006 - INFO - __main__ - Selected 21 conditions (best F1=0.631 at 20m)
2026-04-26 00:14:54,006 - INFO - __main__ - Skipping pairwise (--skip-pairwise)
2026-04-26 00:14:54,011 - INFO - __main__ - FDR: 49/210 pairs significant at q=0.01 → 6 tiers
2026-04-26 00:14:54,012 - INFO - __main__ - Markdown leaderboard written to results/leaderboard/per-architecture/era1/single-pass/leaderboard_tiers_q01_20m.md
2026-04-26 00:14:54,012 - INFO - __main__ - Markdown leaderboard written to results/leaderboard/per-architecture/era1/single-pass/leaderboard_tiers_q01_30m.md
2026-04-26 00:14:54,012 - INFO - __main__ - Markdown leaderboard written to results/leaderboard/per-architecture/era1/single-pass/leaderboard_tiers_q01_40m.md
2026-04-26 00:14:54,012 - INFO - __main__ - Markdown leaderboard written to results/leaderboard/per-architecture/era1/single-pass/leaderboard_tiers_q01_50m.md
2026-04-26 00:14:54,012 - INFO - __main__ - Markdown leaderboard written to results/leaderboard/per-architecture/era1/single-pass/leaderboard_tiers_q01_100m.md
2026-04-26 00:14:54,017 - INFO - __main__ - JSON leaderboard written to results/leaderboard/per-architecture/era1/single-pass/leaderboard_tiers_q01_100m.json
2026-04-26 00:14:54,018 - INFO - __main__ - All evaluations written to results/leaderboard/per-architecture/era1/single-pass/leaderboard_all_evaluations.json

========================================================================
LEADERBOARD TIERS (F1, 100m buffer)
========================================================================

Tier 1 (F1: 0.730–0.730, 1 conditions)
    1. h4-canonical-last                        F1=0.730  t=1

Tier 2 (F1: 0.661–0.662, 2 conditions)
    2. h8-track2-text-scale-4                   F1=0.661  t=1
    3. h8-track2-text-scale-8                   F1=0.662  t=1

Tier 3 (F1: 0.738–0.753, 2 conditions)
    4. h4-config-default                        F1=0.753  t=1
    5. h5-track1-image-terse                    F1=0.738  t=1

Tier 4 (F1: 0.655–0.659, 2 conditions)
    6. h8-track2-text-canonical                 F1=0.655  t=1
    7. h8-track2-text-pure-positive-canon       F1=0.659  t=1

Tier 5 (F1: 0.739–0.742, 4 conditions)
    8. h5-track1-image-verbose                  F1=0.742  t=1
    9. h4-canonical-first                       F1=0.739  t=1
   10. h8-track1-image-exploratory-pure-positive-4hp F1=0.741  t=1
   11. h8-track1-image-plus-hp                  F1=0.739  t=1

Tier 6 (F1: 0.659–0.727, 10 conditions)
   12. h5-track2-text-terse                     F1=0.664  t=1
   13. h8-track2-text-plus-hp                   F1=0.659  t=1
   14. h8-track1-image-scale-8                  F1=0.727  t=1
   15. h8-track1-image-scale-4                  F1=0.705  t=1
   16. h5-track2-text-verbose                   F1=0.681  t=1
   17. h8-track1-image-canonical                F1=0.709  t=1
   18. h8-track1-image-exploratory-pure-positive-2hp F1=0.696  t=1
   19. h4-random                                F1=0.713  t=1
   20. h8-track1-image-exploratory-pure-positive-canon F1=0.718  t=1
   21. h8-track1-image-pure-positive-canon      F1=0.714  t=1

========================================================================
Total: 21 conditions in 6 tiers
========================================================================
