2026-04-26 00:14:11,620 - INFO - __main__ - build_tiered_leaderboard.py v1.0.0 — git b4b67486
2026-04-26 00:14:11,621 - INFO - __main__ - Resolved 21 conditions from inventory (era=1, track=None)
2026-04-26 00:14:11,621 - INFO - __main__ - Resolved 21 conditions
2026-04-26 00:14:11,621 - INFO - __main__ - Skipping evaluation (--skip-evaluation)
2026-04-26 00:14:11,624 - INFO - __main__ - Threshold selection at 20m; pairwise + tiering at 100m (Option A semantics)
2026-04-26 00:14:11,624 - INFO - __main__ - Top-N filter disabled (top_n=0); including all 21 conditions
2026-04-26 00:14:11,624 - INFO - __main__ - Selected 21 conditions (best F1=0.631 at 20m)
2026-04-26 00:14:11,646 - INFO - __main__ - Pairwise tests (f1): 210 pairs at 100m (10000 permutations, 8 workers)
2026-04-26 00:14:11,697 - INFO - pairwise_permutation_test - GeoJSON: 785 detections from detections_canonical-last_run01.geojson
2026-04-26 00:14:11,697 - INFO - pairwise_permutation_test - GeoJSON: 785 detections from detections_canonical-last_run01.geojson
2026-04-26 00:14:11,697 - INFO - pairwise_permutation_test - GeoJSON: 785 detections from detections_canonical-last_run01.geojson
2026-04-26 00:14:11,697 - INFO - pairwise_permutation_test - GeoJSON: 785 detections from detections_canonical-last_run01.geojson
2026-04-26 00:14:11,697 - INFO - pairwise_permutation_test - GeoJSON: 785 detections from detections_canonical-last_run01.geojson
2026-04-26 00:14:11,698 - INFO - pairwise_permutation_test - GeoJSON: 785 detections from detections_canonical-last_run01.geojson
2026-04-26 00:14:11,698 - INFO - pairwise_permutation_test - GeoJSON: 785 detections from detections_canonical-last_run01.geojson
2026-04-26 00:14:11,698 - INFO - pairwise_permutation_test - GeoJSON: 785 detections from detections_canonical-last_run01.geojson
2026-04-26 00:14:11,705 - INFO - pairwise_permutation_test - GeoJSON: 752 detections from detections_config-default_run01.geojson
2026-04-26 00:14:11,706 - INFO - pairwise_permutation_test - GeoJSON: 771 detections from detections_canonical-first_run01.geojson
2026-04-26 00:14:11,706 - INFO - pairwise_permutation_test - GeoJSON: 882 detections from detections_scale-4_run01.geojson
2026-04-26 00:14:11,706 - INFO - pairwise_permutation_test - GeoJSON: 881 detections from detections_scale-8_run01.geojson
2026-04-26 00:14:11,706 - INFO - pairwise_permutation_test - GeoJSON: 897 detections from detections_canonical_run01.geojson
2026-04-26 00:14:11,707 - INFO - pairwise_permutation_test - GeoJSON: 742 detections from detections_verbose_run01.geojson
2026-04-26 00:14:11,707 - INFO - pairwise_permutation_test - GeoJSON: 773 detections from detections_terse_run01.geojson
2026-04-26 00:14:11,708 - INFO - pairwise_permutation_test - GeoJSON: 887 detections from detections_pure-positive-canon_run01.geojson
2026-04-26 00:14:13,255 - INFO - pairwise_permutation_test - GeoJSON: 785 detections from detections_canonical-last_run01.geojson
2026-04-26 00:14:13,255 - INFO - pairwise_permutation_test - GeoJSON: 785 detections from detections_canonical-last_run01.geojson
2026-04-26 00:14:13,263 - INFO - pairwise_permutation_test - GeoJSON: 771 detections from detections_plus-hp_run01.geojson
2026-04-26 00:14:13,263 - INFO - pairwise_permutation_test - GeoJSON: 771 detections from detections_pure-positive-4hp_run01.geojson
2026-04-26 00:14:13,277 - INFO - pairwise_permutation_test - GeoJSON: 785 detections from detections_canonical-last_run01.geojson
2026-04-26 00:14:13,283 - INFO - pairwise_permutation_test - GeoJSON: 785 detections from detections_canonical-last_run01.geojson
2026-04-26 00:14:13,286 - INFO - pairwise_permutation_test - GeoJSON: 868 detections from detections_terse_run01.geojson
2026-04-26 00:14:13,288 - INFO - pairwise_permutation_test - GeoJSON: 785 detections from detections_canonical-last_run01.geojson
2026-04-26 00:14:13,292 - INFO - pairwise_permutation_test - GeoJSON: 885 detections from detections_plus-hp_run01.geojson
2026-04-26 00:14:13,294 - INFO - pairwise_permutation_test - GeoJSON: 785 detections from detections_canonical-last_run01.geojson
2026-04-26 00:14:13,295 - INFO - pairwise_permutation_test - GeoJSON: 785 detections from detections_canonical-last_run01.geojson
2026-04-26 00:14:13,296 - INFO - pairwise_permutation_test - GeoJSON: 770 detections from detections_scale-8_run01.geojson
2026-04-26 00:14:13,303 - INFO - pairwise_permutation_test - GeoJSON: 811 detections from detections_scale-4_run01.geojson
2026-04-26 00:14:13,304 - INFO - pairwise_permutation_test - GeoJSON: 798 detections from detections_verbose_run01.geojson
2026-04-26 00:14:13,320 - INFO - pairwise_permutation_test - GeoJSON: 785 detections from detections_canonical-last_run01.geojson
2026-04-26 00:14:13,328 - INFO - pairwise_permutation_test - GeoJSON: 720 detections from detections_canonical_run01.geojson
2026-04-26 00:14:14,816 - INFO - pairwise_permutation_test - GeoJSON: 785 detections from detections_canonical-last_run01.geojson
2026-04-26 00:14:14,825 - INFO - pairwise_permutation_test - GeoJSON: 823 detections from detections_pure-positive-2hp_run01.geojson
2026-04-26 00:14:14,825 - INFO - pairwise_permutation_test - GeoJSON: 785 detections from detections_canonical-last_run01.geojson
2026-04-26 00:14:14,833 - INFO - pairwise_permutation_test - GeoJSON: 821 detections from detections_random_run01.geojson
2026-04-26 00:14:14,837 - INFO - pairwise_permutation_test - GeoJSON: 785 detections from detections_canonical-last_run01.geojson
2026-04-26 00:14:14,845 - INFO - pairwise_permutation_test - GeoJSON: 728 detections from detections_pure-positive-canon_run01.geojson
2026-04-26 00:14:14,849 - INFO - pairwise_permutation_test - GeoJSON: 785 detections from detections_canonical-last_run01.geojson
2026-04-26 00:14:14,851 - INFO - pairwise_permutation_test - GeoJSON: 882 detections from detections_scale-4_run01.geojson
2026-04-26 00:14:14,852 - INFO - pairwise_permutation_test - GeoJSON: 882 detections from detections_scale-4_run01.geojson
2026-04-26 00:14:14,856 - INFO - pairwise_permutation_test - GeoJSON: 736 detections from detections_pure-positive-canon_run01.geojson
2026-04-26 00:14:14,859 - INFO - pairwise_permutation_test - GeoJSON: 752 detections from detections_config-default_run01.geojson
2026-04-26 00:14:14,860 - INFO - pairwise_permutation_test - GeoJSON: 881 detections from detections_scale-8_run01.geojson
2026-04-26 00:14:14,887 - INFO - pairwise_permutation_test - GeoJSON: 882 detections from detections_scale-4_run01.geojson
2026-04-26 00:14:14,895 - INFO - pairwise_permutation_test - GeoJSON: 773 detections from detections_terse_run01.geojson
2026-04-26 00:14:14,897 - INFO - pairwise_permutation_test - GeoJSON: 882 detections from detections_scale-4_run01.geojson
2026-04-26 00:14:14,906 - INFO - pairwise_permutation_test - GeoJSON: 897 detections from detections_canonical_run01.geojson
2026-04-26 00:14:16,363 - INFO - pairwise_permutation_test - GeoJSON: 882 detections from detections_scale-4_run01.geojson
2026-04-26 00:14:16,372 - INFO - pairwise_permutation_test - GeoJSON: 887 detections from detections_pure-positive-canon_run01.geojson
2026-04-26 00:14:16,393 - INFO - pairwise_permutation_test - GeoJSON: 882 detections from detections_scale-4_run01.geojson
2026-04-26 00:14:16,400 - INFO - pairwise_permutation_test - GeoJSON: 882 detections from detections_scale-4_run01.geojson
2026-04-26 00:14:16,401 - INFO - pairwise_permutation_test - GeoJSON: 742 detections from detections_verbose_run01.geojson
2026-04-26 00:14:16,408 - INFO - pairwise_permutation_test - GeoJSON: 771 detections from detections_canonical-first_run01.geojson
2026-04-26 00:14:16,412 - INFO - pairwise_permutation_test - GeoJSON: 882 detections from detections_scale-4_run01.geojson
2026-04-26 00:14:16,420 - INFO - pairwise_permutation_test - GeoJSON: 771 detections from detections_pure-positive-4hp_run01.geojson
2026-04-26 00:14:16,446 - INFO - pairwise_permutation_test - GeoJSON: 882 detections from detections_scale-4_run01.geojson
2026-04-26 00:14:16,451 - INFO - pairwise_permutation_test - GeoJSON: 882 detections from detections_scale-4_run01.geojson
2026-04-26 00:14:16,454 - INFO - pairwise_permutation_test - GeoJSON: 771 detections from detections_plus-hp_run01.geojson
2026-04-26 00:14:16,460 - INFO - pairwise_permutation_test - GeoJSON: 868 detections from detections_terse_run01.geojson
2026-04-26 00:14:16,504 - INFO - pairwise_permutation_test - GeoJSON: 882 detections from detections_scale-4_run01.geojson
2026-04-26 00:14:16,506 - INFO - pairwise_permutation_test - GeoJSON: 882 detections from detections_scale-4_run01.geojson
2026-04-26 00:14:16,513 - INFO - pairwise_permutation_test - GeoJSON: 885 detections from detections_plus-hp_run01.geojson
2026-04-26 00:14:16,514 - INFO - pairwise_permutation_test - GeoJSON: 770 detections from detections_scale-8_run01.geojson
2026-04-26 00:14:17,939 - INFO - pairwise_permutation_test - GeoJSON: 882 detections from detections_scale-4_run01.geojson
2026-04-26 00:14:17,948 - INFO - pairwise_permutation_test - GeoJSON: 811 detections from detections_scale-4_run01.geojson
2026-04-26 00:14:17,952 - INFO - pairwise_permutation_test - GeoJSON: 882 detections from detections_scale-4_run01.geojson
2026-04-26 00:14:17,961 - INFO - pairwise_permutation_test - GeoJSON: 798 detections from detections_verbose_run01.geojson
2026-04-26 00:14:17,991 - INFO - pairwise_permutation_test - GeoJSON: 882 detections from detections_scale-4_run01.geojson
2026-04-26 00:14:17,997 - INFO - pairwise_permutation_test - GeoJSON: 882 detections from detections_scale-4_run01.geojson
2026-04-26 00:14:17,998 - INFO - pairwise_permutation_test - GeoJSON: 720 detections from detections_canonical_run01.geojson
2026-04-26 00:14:18,006 - INFO - pairwise_permutation_test - GeoJSON: 823 detections from detections_pure-positive-2hp_run01.geojson
2026-04-26 00:14:18,015 - INFO - pairwise_permutation_test - GeoJSON: 882 detections from detections_scale-4_run01.geojson
2026-04-26 00:14:18,023 - INFO - pairwise_permutation_test - GeoJSON: 821 detections from detections_random_run01.geojson
2026-04-26 00:14:18,065 - INFO - pairwise_permutation_test - GeoJSON: 882 detections from detections_scale-4_run01.geojson
2026-04-26 00:14:18,073 - INFO - pairwise_permutation_test - GeoJSON: 728 detections from detections_pure-positive-canon_run01.geojson
2026-04-26 00:14:18,093 - INFO - pairwise_permutation_test - GeoJSON: 882 detections from detections_scale-4_run01.geojson
2026-04-26 00:14:18,101 - INFO - pairwise_permutation_test - GeoJSON: 736 detections from detections_pure-positive-canon_run01.geojson
2026-04-26 00:14:18,158 - INFO - pairwise_permutation_test - GeoJSON: 881 detections from detections_scale-8_run01.geojson
2026-04-26 00:14:18,166 - INFO - pairwise_permutation_test - GeoJSON: 752 detections from detections_config-default_run01.geojson
2026-04-26 00:14:19,504 - INFO - pairwise_permutation_test - GeoJSON: 881 detections from detections_scale-8_run01.geojson
2026-04-26 00:14:19,512 - INFO - pairwise_permutation_test - GeoJSON: 773 detections from detections_terse_run01.geojson
2026-04-26 00:14:19,518 - INFO - pairwise_permutation_test - GeoJSON: 881 detections from detections_scale-8_run01.geojson
2026-04-26 00:14:19,527 - INFO - pairwise_permutation_test - GeoJSON: 897 detections from detections_canonical_run01.geojson
2026-04-26 00:14:19,535 - INFO - pairwise_permutation_test - GeoJSON: 881 detections from detections_scale-8_run01.geojson
2026-04-26 00:14:19,544 - INFO - pairwise_permutation_test - GeoJSON: 887 detections from detections_pure-positive-canon_run01.geojson
2026-04-26 00:14:19,584 - INFO - pairwise_permutation_test - GeoJSON: 881 detections from detections_scale-8_run01.geojson
2026-04-26 00:14:19,587 - INFO - pairwise_permutation_test - GeoJSON: 881 detections from detections_scale-8_run01.geojson
2026-04-26 00:14:19,592 - INFO - pairwise_permutation_test - GeoJSON: 742 detections from detections_verbose_run01.geojson
2026-04-26 00:14:19,596 - INFO - pairwise_permutation_test - GeoJSON: 771 detections from detections_canonical-first_run01.geojson
2026-04-26 00:14:19,596 - INFO - pairwise_permutation_test - GeoJSON: 881 detections from detections_scale-8_run01.geojson
2026-04-26 00:14:19,604 - INFO - pairwise_permutation_test - GeoJSON: 771 detections from detections_pure-positive-4hp_run01.geojson
2026-04-26 00:14:19,676 - INFO - pairwise_permutation_test - GeoJSON: 881 detections from detections_scale-8_run01.geojson
2026-04-26 00:14:19,685 - INFO - pairwise_permutation_test - GeoJSON: 771 detections from detections_plus-hp_run01.geojson
2026-04-26 00:14:19,763 - INFO - pairwise_permutation_test - GeoJSON: 881 detections from detections_scale-8_run01.geojson
2026-04-26 00:14:19,772 - INFO - pairwise_permutation_test - GeoJSON: 868 detections from detections_terse_run01.geojson
2026-04-26 00:14:21,098 - INFO - pairwise_permutation_test - GeoJSON: 881 detections from detections_scale-8_run01.geojson
2026-04-26 00:14:21,107 - INFO - pairwise_permutation_test - GeoJSON: 885 detections from detections_plus-hp_run01.geojson
2026-04-26 00:14:21,108 - INFO - pairwise_permutation_test - GeoJSON: 881 detections from detections_scale-8_run01.geojson
2026-04-26 00:14:21,116 - INFO - pairwise_permutation_test - GeoJSON: 770 detections from detections_scale-8_run01.geojson
2026-04-26 00:14:21,132 - INFO - pairwise_permutation_test - GeoJSON: 881 detections from detections_scale-8_run01.geojson
2026-04-26 00:14:21,141 - INFO - pairwise_permutation_test - GeoJSON: 811 detections from detections_scale-4_run01.geojson
2026-04-26 00:14:21,147 - INFO - pairwise_permutation_test - GeoJSON: 881 detections from detections_scale-8_run01.geojson
2026-04-26 00:14:21,156 - INFO - pairwise_permutation_test - GeoJSON: 798 detections from detections_verbose_run01.geojson
2026-04-26 00:14:21,157 - INFO - pairwise_permutation_test - GeoJSON: 881 detections from detections_scale-8_run01.geojson
2026-04-26 00:14:21,165 - INFO - pairwise_permutation_test - GeoJSON: 720 detections from detections_canonical_run01.geojson
2026-04-26 00:14:21,168 - INFO - pairwise_permutation_test - GeoJSON: 881 detections from detections_scale-8_run01.geojson
2026-04-26 00:14:21,177 - INFO - pairwise_permutation_test - GeoJSON: 823 detections from detections_pure-positive-2hp_run01.geojson
2026-04-26 00:14:21,304 - INFO - pairwise_permutation_test - GeoJSON: 881 detections from detections_scale-8_run01.geojson
2026-04-26 00:14:21,313 - INFO - pairwise_permutation_test - GeoJSON: 821 detections from detections_random_run01.geojson
2026-04-26 00:14:21,362 - INFO - pairwise_permutation_test - GeoJSON: 881 detections from detections_scale-8_run01.geojson
2026-04-26 00:14:21,370 - INFO - pairwise_permutation_test - GeoJSON: 728 detections from detections_pure-positive-canon_run01.geojson
2026-04-26 00:14:22,669 - INFO - __main__ - [50/210] pairwise done
2026-04-26 00:14:22,672 - INFO - pairwise_permutation_test - GeoJSON: 881 detections from detections_scale-8_run01.geojson
2026-04-26 00:14:22,680 - INFO - pairwise_permutation_test - GeoJSON: 736 detections from detections_pure-positive-canon_run01.geojson
2026-04-26 00:14:22,686 - INFO - pairwise_permutation_test - GeoJSON: 752 detections from detections_config-default_run01.geojson
2026-04-26 00:14:22,692 - INFO - pairwise_permutation_test - GeoJSON: 752 detections from detections_config-default_run01.geojson
2026-04-26 00:14:22,694 - INFO - pairwise_permutation_test - GeoJSON: 773 detections from detections_terse_run01.geojson
2026-04-26 00:14:22,697 - INFO - pairwise_permutation_test - GeoJSON: 752 detections from detections_config-default_run01.geojson
2026-04-26 00:14:22,702 - INFO - pairwise_permutation_test - GeoJSON: 897 detections from detections_canonical_run01.geojson
2026-04-26 00:14:22,706 - INFO - pairwise_permutation_test - GeoJSON: 887 detections from detections_pure-positive-canon_run01.geojson
2026-04-26 00:14:22,707 - INFO - pairwise_permutation_test - GeoJSON: 752 detections from detections_config-default_run01.geojson
2026-04-26 00:14:22,715 - INFO - pairwise_permutation_test - GeoJSON: 742 detections from detections_verbose_run01.geojson
2026-04-26 00:14:22,747 - INFO - pairwise_permutation_test - GeoJSON: 752 detections from detections_config-default_run01.geojson
2026-04-26 00:14:22,755 - INFO - pairwise_permutation_test - GeoJSON: 771 detections from detections_canonical-first_run01.geojson
2026-04-26 00:14:22,934 - INFO - pairwise_permutation_test - GeoJSON: 752 detections from detections_config-default_run01.geojson
2026-04-26 00:14:22,938 - INFO - pairwise_permutation_test - GeoJSON: 752 detections from detections_config-default_run01.geojson
2026-04-26 00:14:22,943 - INFO - pairwise_permutation_test - GeoJSON: 771 detections from detections_pure-positive-4hp_run01.geojson
2026-04-26 00:14:22,947 - INFO - pairwise_permutation_test - GeoJSON: 771 detections from detections_plus-hp_run01.geojson
2026-04-26 00:14:24,222 - INFO - pairwise_permutation_test - GeoJSON: 752 detections from detections_config-default_run01.geojson
2026-04-26 00:14:24,231 - INFO - pairwise_permutation_test - GeoJSON: 868 detections from detections_terse_run01.geojson
2026-04-26 00:14:24,237 - INFO - pairwise_permutation_test - GeoJSON: 752 detections from detections_config-default_run01.geojson
2026-04-26 00:14:24,241 - INFO - pairwise_permutation_test - GeoJSON: 752 detections from detections_config-default_run01.geojson
2026-04-26 00:14:24,246 - INFO - pairwise_permutation_test - GeoJSON: 885 detections from detections_plus-hp_run01.geojson
2026-04-26 00:14:24,249 - INFO - pairwise_permutation_test - GeoJSON: 770 detections from detections_scale-8_run01.geojson
2026-04-26 00:14:24,264 - INFO - pairwise_permutation_test - GeoJSON: 752 detections from detections_config-default_run01.geojson
2026-04-26 00:14:24,266 - INFO - pairwise_permutation_test - GeoJSON: 752 detections from detections_config-default_run01.geojson
2026-04-26 00:14:24,272 - INFO - pairwise_permutation_test - GeoJSON: 811 detections from detections_scale-4_run01.geojson
2026-04-26 00:14:24,275 - INFO - pairwise_permutation_test - GeoJSON: 798 detections from detections_verbose_run01.geojson
2026-04-26 00:14:24,300 - INFO - pairwise_permutation_test - GeoJSON: 752 detections from detections_config-default_run01.geojson
2026-04-26 00:14:24,308 - INFO - pairwise_permutation_test - GeoJSON: 720 detections from detections_canonical_run01.geojson
2026-04-26 00:14:24,523 - INFO - pairwise_permutation_test - GeoJSON: 752 detections from detections_config-default_run01.geojson
2026-04-26 00:14:24,532 - INFO - pairwise_permutation_test - GeoJSON: 823 detections from detections_pure-positive-2hp_run01.geojson
2026-04-26 00:14:24,564 - INFO - pairwise_permutation_test - GeoJSON: 752 detections from detections_config-default_run01.geojson
2026-04-26 00:14:24,573 - INFO - pairwise_permutation_test - GeoJSON: 821 detections from detections_random_run01.geojson
2026-04-26 00:14:25,787 - INFO - pairwise_permutation_test - GeoJSON: 752 detections from detections_config-default_run01.geojson
2026-04-26 00:14:25,795 - INFO - pairwise_permutation_test - GeoJSON: 728 detections from detections_pure-positive-canon_run01.geojson
2026-04-26 00:14:25,795 - INFO - pairwise_permutation_test - GeoJSON: 752 detections from detections_config-default_run01.geojson
2026-04-26 00:14:25,800 - INFO - pairwise_permutation_test - GeoJSON: 773 detections from detections_terse_run01.geojson
2026-04-26 00:14:25,803 - INFO - pairwise_permutation_test - GeoJSON: 736 detections from detections_pure-positive-canon_run01.geojson
2026-04-26 00:14:25,806 - INFO - pairwise_permutation_test - GeoJSON: 773 detections from detections_terse_run01.geojson
2026-04-26 00:14:25,809 - INFO - pairwise_permutation_test - GeoJSON: 897 detections from detections_canonical_run01.geojson
2026-04-26 00:14:25,810 - INFO - pairwise_permutation_test - GeoJSON: 773 detections from detections_terse_run01.geojson
2026-04-26 00:14:25,816 - INFO - pairwise_permutation_test - GeoJSON: 887 detections from detections_pure-positive-canon_run01.geojson
2026-04-26 00:14:25,818 - INFO - pairwise_permutation_test - GeoJSON: 742 detections from detections_verbose_run01.geojson
2026-04-26 00:14:25,825 - INFO - pairwise_permutation_test - GeoJSON: 773 detections from detections_terse_run01.geojson
2026-04-26 00:14:25,834 - INFO - pairwise_permutation_test - GeoJSON: 771 detections from detections_canonical-first_run01.geojson
2026-04-26 00:14:26,085 - INFO - pairwise_permutation_test - GeoJSON: 773 detections from detections_terse_run01.geojson
2026-04-26 00:14:26,095 - INFO - pairwise_permutation_test - GeoJSON: 771 detections from detections_pure-positive-4hp_run01.geojson
2026-04-26 00:14:26,181 - INFO - pairwise_permutation_test - GeoJSON: 773 detections from detections_terse_run01.geojson
2026-04-26 00:14:26,189 - INFO - pairwise_permutation_test - GeoJSON: 771 detections from detections_plus-hp_run01.geojson
2026-04-26 00:14:27,307 - INFO - pairwise_permutation_test - GeoJSON: 773 detections from detections_terse_run01.geojson
2026-04-26 00:14:27,310 - INFO - pairwise_permutation_test - GeoJSON: 773 detections from detections_terse_run01.geojson
2026-04-26 00:14:27,316 - INFO - pairwise_permutation_test - GeoJSON: 868 detections from detections_terse_run01.geojson
2026-04-26 00:14:27,319 - INFO - pairwise_permutation_test - GeoJSON: 885 detections from detections_plus-hp_run01.geojson
2026-04-26 00:14:27,357 - INFO - pairwise_permutation_test - GeoJSON: 773 detections from detections_terse_run01.geojson
2026-04-26 00:14:27,365 - INFO - pairwise_permutation_test - GeoJSON: 770 detections from detections_scale-8_run01.geojson
2026-04-26 00:14:27,371 - INFO - pairwise_permutation_test - GeoJSON: 773 detections from detections_terse_run01.geojson
2026-04-26 00:14:27,379 - INFO - pairwise_permutation_test - GeoJSON: 811 detections from detections_scale-4_run01.geojson
2026-04-26 00:14:27,383 - INFO - pairwise_permutation_test - GeoJSON: 773 detections from detections_terse_run01.geojson
2026-04-26 00:14:27,392 - INFO - pairwise_permutation_test - GeoJSON: 798 detections from detections_verbose_run01.geojson
2026-04-26 00:14:27,411 - INFO - pairwise_permutation_test - GeoJSON: 773 detections from detections_terse_run01.geojson
2026-04-26 00:14:27,419 - INFO - pairwise_permutation_test - GeoJSON: 720 detections from detections_canonical_run01.geojson
2026-04-26 00:14:27,651 - INFO - pairwise_permutation_test - GeoJSON: 773 detections from detections_terse_run01.geojson
2026-04-26 00:14:27,660 - INFO - pairwise_permutation_test - GeoJSON: 823 detections from detections_pure-positive-2hp_run01.geojson
2026-04-26 00:14:27,792 - INFO - pairwise_permutation_test - GeoJSON: 773 detections from detections_terse_run01.geojson
2026-04-26 00:14:27,801 - INFO - pairwise_permutation_test - GeoJSON: 821 detections from detections_random_run01.geojson
2026-04-26 00:14:28,863 - INFO - pairwise_permutation_test - GeoJSON: 773 detections from detections_terse_run01.geojson
2026-04-26 00:14:28,871 - INFO - pairwise_permutation_test - GeoJSON: 728 detections from detections_pure-positive-canon_run01.geojson
2026-04-26 00:14:28,898 - INFO - pairwise_permutation_test - GeoJSON: 773 detections from detections_terse_run01.geojson
2026-04-26 00:14:28,906 - INFO - pairwise_permutation_test - GeoJSON: 736 detections from detections_pure-positive-canon_run01.geojson
2026-04-26 00:14:28,915 - INFO - pairwise_permutation_test - GeoJSON: 897 detections from detections_canonical_run01.geojson
2026-04-26 00:14:28,918 - INFO - pairwise_permutation_test - GeoJSON: 897 detections from detections_canonical_run01.geojson
2026-04-26 00:14:28,925 - INFO - pairwise_permutation_test - GeoJSON: 887 detections from detections_pure-positive-canon_run01.geojson
2026-04-26 00:14:28,926 - INFO - pairwise_permutation_test - GeoJSON: 742 detections from detections_verbose_run01.geojson
2026-04-26 00:14:28,939 - INFO - pairwise_permutation_test - GeoJSON: 897 detections from detections_canonical_run01.geojson
2026-04-26 00:14:28,947 - INFO - pairwise_permutation_test - GeoJSON: 771 detections from detections_canonical-first_run01.geojson
2026-04-26 00:14:28,961 - INFO - pairwise_permutation_test - GeoJSON: 897 detections from detections_canonical_run01.geojson
2026-04-26 00:14:28,969 - INFO - pairwise_permutation_test - GeoJSON: 771 detections from detections_pure-positive-4hp_run01.geojson
2026-04-26 00:14:29,198 - INFO - pairwise_permutation_test - GeoJSON: 897 detections from detections_canonical_run01.geojson
2026-04-26 00:14:29,206 - INFO - pairwise_permutation_test - GeoJSON: 771 detections from detections_plus-hp_run01.geojson
2026-04-26 00:14:29,380 - INFO - pairwise_permutation_test - GeoJSON: 897 detections from detections_canonical_run01.geojson
2026-04-26 00:14:29,389 - INFO - pairwise_permutation_test - GeoJSON: 868 detections from detections_terse_run01.geojson
2026-04-26 00:14:30,366 - INFO - pairwise_permutation_test - GeoJSON: 897 detections from detections_canonical_run01.geojson
2026-04-26 00:14:30,375 - INFO - pairwise_permutation_test - GeoJSON: 885 detections from detections_plus-hp_run01.geojson
2026-04-26 00:14:30,458 - INFO - pairwise_permutation_test - GeoJSON: 897 detections from detections_canonical_run01.geojson
2026-04-26 00:14:30,467 - INFO - pairwise_permutation_test - GeoJSON: 770 detections from detections_scale-8_run01.geojson
2026-04-26 00:14:30,484 - INFO - pairwise_permutation_test - GeoJSON: 897 detections from detections_canonical_run01.geojson
2026-04-26 00:14:30,492 - INFO - pairwise_permutation_test - GeoJSON: 811 detections from detections_scale-4_run01.geojson
2026-04-26 00:14:30,500 - INFO - pairwise_permutation_test - GeoJSON: 897 detections from detections_canonical_run01.geojson
2026-04-26 00:14:30,508 - INFO - pairwise_permutation_test - GeoJSON: 798 detections from detections_verbose_run01.geojson
2026-04-26 00:14:30,537 - INFO - pairwise_permutation_test - GeoJSON: 897 detections from detections_canonical_run01.geojson
2026-04-26 00:14:30,544 - INFO - pairwise_permutation_test - GeoJSON: 720 detections from detections_canonical_run01.geojson
2026-04-26 00:14:30,563 - INFO - pairwise_permutation_test - GeoJSON: 897 detections from detections_canonical_run01.geojson
2026-04-26 00:14:30,571 - INFO - pairwise_permutation_test - GeoJSON: 823 detections from detections_pure-positive-2hp_run01.geojson
2026-04-26 00:14:30,760 - INFO - pairwise_permutation_test - GeoJSON: 897 detections from detections_canonical_run01.geojson
2026-04-26 00:14:30,769 - INFO - pairwise_permutation_test - GeoJSON: 821 detections from detections_random_run01.geojson
2026-04-26 00:14:30,939 - INFO - pairwise_permutation_test - GeoJSON: 897 detections from detections_canonical_run01.geojson
2026-04-26 00:14:30,947 - INFO - pairwise_permutation_test - GeoJSON: 728 detections from detections_pure-positive-canon_run01.geojson
2026-04-26 00:14:31,964 - INFO - pairwise_permutation_test - GeoJSON: 897 detections from detections_canonical_run01.geojson
2026-04-26 00:14:31,972 - INFO - pairwise_permutation_test - GeoJSON: 736 detections from detections_pure-positive-canon_run01.geojson
2026-04-26 00:14:32,047 - INFO - pairwise_permutation_test - GeoJSON: 887 detections from detections_pure-positive-canon_run01.geojson
2026-04-26 00:14:32,054 - INFO - __main__ - [100/210] pairwise done
2026-04-26 00:14:32,055 - INFO - pairwise_permutation_test - GeoJSON: 742 detections from detections_verbose_run01.geojson
2026-04-26 00:14:32,070 - INFO - pairwise_permutation_test - GeoJSON: 887 detections from detections_pure-positive-canon_run01.geojson
2026-04-26 00:14:32,072 - INFO - pairwise_permutation_test - GeoJSON: 887 detections from detections_pure-positive-canon_run01.geojson
2026-04-26 00:14:32,078 - INFO - pairwise_permutation_test - GeoJSON: 771 detections from detections_canonical-first_run01.geojson
2026-04-26 00:14:32,081 - INFO - pairwise_permutation_test - GeoJSON: 771 detections from detections_pure-positive-4hp_run01.geojson
2026-04-26 00:14:32,087 - INFO - pairwise_permutation_test - GeoJSON: 887 detections from detections_pure-positive-canon_run01.geojson
2026-04-26 00:14:32,095 - INFO - pairwise_permutation_test - GeoJSON: 771 detections from detections_plus-hp_run01.geojson
2026-04-26 00:14:32,201 - INFO - pairwise_permutation_test - GeoJSON: 887 detections from detections_pure-positive-canon_run01.geojson
2026-04-26 00:14:32,210 - INFO - pairwise_permutation_test - GeoJSON: 868 detections from detections_terse_run01.geojson
2026-04-26 00:14:32,340 - INFO - pairwise_permutation_test - GeoJSON: 887 detections from detections_pure-positive-canon_run01.geojson
2026-04-26 00:14:32,349 - INFO - pairwise_permutation_test - GeoJSON: 885 detections from detections_plus-hp_run01.geojson
2026-04-26 00:14:32,468 - INFO - pairwise_permutation_test - GeoJSON: 887 detections from detections_pure-positive-canon_run01.geojson
2026-04-26 00:14:32,476 - INFO - pairwise_permutation_test - GeoJSON: 770 detections from detections_scale-8_run01.geojson
2026-04-26 00:14:33,495 - INFO - pairwise_permutation_test - GeoJSON: 887 detections from detections_pure-positive-canon_run01.geojson
2026-04-26 00:14:33,503 - INFO - pairwise_permutation_test - GeoJSON: 811 detections from detections_scale-4_run01.geojson
2026-04-26 00:14:33,604 - INFO - pairwise_permutation_test - GeoJSON: 887 detections from detections_pure-positive-canon_run01.geojson
2026-04-26 00:14:33,612 - INFO - pairwise_permutation_test - GeoJSON: 798 detections from detections_verbose_run01.geojson
2026-04-26 00:14:33,647 - INFO - pairwise_permutation_test - GeoJSON: 887 detections from detections_pure-positive-canon_run01.geojson
2026-04-26 00:14:33,655 - INFO - pairwise_permutation_test - GeoJSON: 720 detections from detections_canonical_run01.geojson
2026-04-26 00:14:33,664 - INFO - pairwise_permutation_test - GeoJSON: 887 detections from detections_pure-positive-canon_run01.geojson
2026-04-26 00:14:33,673 - INFO - pairwise_permutation_test - GeoJSON: 823 detections from detections_pure-positive-2hp_run01.geojson
2026-04-26 00:14:33,723 - INFO - pairwise_permutation_test - GeoJSON: 887 detections from detections_pure-positive-canon_run01.geojson
2026-04-26 00:14:33,731 - INFO - pairwise_permutation_test - GeoJSON: 821 detections from detections_random_run01.geojson
2026-04-26 00:14:33,827 - INFO - pairwise_permutation_test - GeoJSON: 887 detections from detections_pure-positive-canon_run01.geojson
2026-04-26 00:14:33,835 - INFO - pairwise_permutation_test - GeoJSON: 728 detections from detections_pure-positive-canon_run01.geojson
2026-04-26 00:14:33,936 - INFO - pairwise_permutation_test - GeoJSON: 887 detections from detections_pure-positive-canon_run01.geojson
2026-04-26 00:14:33,944 - INFO - pairwise_permutation_test - GeoJSON: 736 detections from detections_pure-positive-canon_run01.geojson
2026-04-26 00:14:34,028 - INFO - pairwise_permutation_test - GeoJSON: 742 detections from detections_verbose_run01.geojson
2026-04-26 00:14:34,037 - INFO - pairwise_permutation_test - GeoJSON: 771 detections from detections_canonical-first_run01.geojson
2026-04-26 00:14:35,054 - INFO - pairwise_permutation_test - GeoJSON: 742 detections from detections_verbose_run01.geojson
2026-04-26 00:14:35,062 - INFO - pairwise_permutation_test - GeoJSON: 771 detections from detections_pure-positive-4hp_run01.geojson
2026-04-26 00:14:35,157 - INFO - pairwise_permutation_test - GeoJSON: 742 detections from detections_verbose_run01.geojson
2026-04-26 00:14:35,165 - INFO - pairwise_permutation_test - GeoJSON: 742 detections from detections_verbose_run01.geojson
2026-04-26 00:14:35,166 - INFO - pairwise_permutation_test - GeoJSON: 771 detections from detections_plus-hp_run01.geojson
2026-04-26 00:14:35,174 - INFO - pairwise_permutation_test - GeoJSON: 868 detections from detections_terse_run01.geojson
2026-04-26 00:14:35,251 - INFO - pairwise_permutation_test - GeoJSON: 742 detections from detections_verbose_run01.geojson
2026-04-26 00:14:35,260 - INFO - pairwise_permutation_test - GeoJSON: 885 detections from detections_plus-hp_run01.geojson
2026-04-26 00:14:35,357 - INFO - pairwise_permutation_test - GeoJSON: 742 detections from detections_verbose_run01.geojson
2026-04-26 00:14:35,365 - INFO - pairwise_permutation_test - GeoJSON: 770 detections from detections_scale-8_run01.geojson
2026-04-26 00:14:35,419 - INFO - pairwise_permutation_test - GeoJSON: 742 detections from detections_verbose_run01.geojson
2026-04-26 00:14:35,428 - INFO - pairwise_permutation_test - GeoJSON: 811 detections from detections_scale-4_run01.geojson
2026-04-26 00:14:35,466 - INFO - pairwise_permutation_test - GeoJSON: 742 detections from detections_verbose_run01.geojson
2026-04-26 00:14:35,474 - INFO - pairwise_permutation_test - GeoJSON: 798 detections from detections_verbose_run01.geojson
2026-04-26 00:14:35,556 - INFO - pairwise_permutation_test - GeoJSON: 742 detections from detections_verbose_run01.geojson
2026-04-26 00:14:35,564 - INFO - pairwise_permutation_test - GeoJSON: 720 detections from detections_canonical_run01.geojson
2026-04-26 00:14:36,594 - INFO - pairwise_permutation_test - GeoJSON: 742 detections from detections_verbose_run01.geojson
2026-04-26 00:14:36,602 - INFO - pairwise_permutation_test - GeoJSON: 823 detections from detections_pure-positive-2hp_run01.geojson
2026-04-26 00:14:36,693 - INFO - pairwise_permutation_test - GeoJSON: 742 detections from detections_verbose_run01.geojson
2026-04-26 00:14:36,702 - INFO - pairwise_permutation_test - GeoJSON: 821 detections from detections_random_run01.geojson
2026-04-26 00:14:36,709 - INFO - pairwise_permutation_test - GeoJSON: 742 detections from detections_verbose_run01.geojson
2026-04-26 00:14:36,717 - INFO - pairwise_permutation_test - GeoJSON: 728 detections from detections_pure-positive-canon_run01.geojson
2026-04-26 00:14:36,820 - INFO - pairwise_permutation_test - GeoJSON: 742 detections from detections_verbose_run01.geojson
2026-04-26 00:14:36,827 - INFO - pairwise_permutation_test - GeoJSON: 736 detections from detections_pure-positive-canon_run01.geojson
2026-04-26 00:14:36,944 - INFO - pairwise_permutation_test - GeoJSON: 771 detections from detections_canonical-first_run01.geojson
2026-04-26 00:14:36,952 - INFO - pairwise_permutation_test - GeoJSON: 771 detections from detections_pure-positive-4hp_run01.geojson
2026-04-26 00:14:36,981 - INFO - pairwise_permutation_test - GeoJSON: 771 detections from detections_canonical-first_run01.geojson
2026-04-26 00:14:36,990 - INFO - pairwise_permutation_test - GeoJSON: 771 detections from detections_plus-hp_run01.geojson
2026-04-26 00:14:37,023 - INFO - pairwise_permutation_test - GeoJSON: 771 detections from detections_canonical-first_run01.geojson
2026-04-26 00:14:37,033 - INFO - pairwise_permutation_test - GeoJSON: 868 detections from detections_terse_run01.geojson
2026-04-26 00:14:37,049 - INFO - pairwise_permutation_test - GeoJSON: 771 detections from detections_canonical-first_run01.geojson
2026-04-26 00:14:37,058 - INFO - pairwise_permutation_test - GeoJSON: 885 detections from detections_plus-hp_run01.geojson
2026-04-26 00:14:38,146 - INFO - pairwise_permutation_test - GeoJSON: 771 detections from detections_canonical-first_run01.geojson
2026-04-26 00:14:38,154 - INFO - pairwise_permutation_test - GeoJSON: 770 detections from detections_scale-8_run01.geojson
2026-04-26 00:14:38,209 - INFO - pairwise_permutation_test - GeoJSON: 771 detections from detections_canonical-first_run01.geojson
2026-04-26 00:14:38,218 - INFO - pairwise_permutation_test - GeoJSON: 811 detections from detections_scale-4_run01.geojson
2026-04-26 00:14:38,250 - INFO - pairwise_permutation_test - GeoJSON: 771 detections from detections_canonical-first_run01.geojson
2026-04-26 00:14:38,284 - INFO - pairwise_permutation_test - GeoJSON: 798 detections from detections_verbose_run01.geojson
2026-04-26 00:14:38,335 - INFO - pairwise_permutation_test - GeoJSON: 771 detections from detections_canonical-first_run01.geojson
2026-04-26 00:14:38,343 - INFO - pairwise_permutation_test - GeoJSON: 720 detections from detections_canonical_run01.geojson
2026-04-26 00:14:38,531 - INFO - pairwise_permutation_test - GeoJSON: 771 detections from detections_canonical-first_run01.geojson
2026-04-26 00:14:38,549 - INFO - pairwise_permutation_test - GeoJSON: 771 detections from detections_canonical-first_run01.geojson
2026-04-26 00:14:38,557 - INFO - pairwise_permutation_test - GeoJSON: 821 detections from detections_random_run01.geojson
2026-04-26 00:14:38,562 - INFO - pairwise_permutation_test - GeoJSON: 823 detections from detections_pure-positive-2hp_run01.geojson
2026-04-26 00:14:38,602 - INFO - pairwise_permutation_test - GeoJSON: 771 detections from detections_canonical-first_run01.geojson
2026-04-26 00:14:38,610 - INFO - pairwise_permutation_test - GeoJSON: 728 detections from detections_pure-positive-canon_run01.geojson
2026-04-26 00:14:38,643 - INFO - pairwise_permutation_test - GeoJSON: 771 detections from detections_canonical-first_run01.geojson
2026-04-26 00:14:38,675 - INFO - pairwise_permutation_test - GeoJSON: 736 detections from detections_pure-positive-canon_run01.geojson
2026-04-26 00:14:39,700 - INFO - pairwise_permutation_test - GeoJSON: 771 detections from detections_pure-positive-4hp_run01.geojson
2026-04-26 00:14:39,731 - INFO - pairwise_permutation_test - GeoJSON: 771 detections from detections_plus-hp_run01.geojson
2026-04-26 00:14:39,793 - INFO - pairwise_permutation_test - GeoJSON: 771 detections from detections_pure-positive-4hp_run01.geojson
2026-04-26 00:14:39,802 - INFO - pairwise_permutation_test - GeoJSON: 868 detections from detections_terse_run01.geojson
2026-04-26 00:14:39,816 - INFO - pairwise_permutation_test - GeoJSON: 771 detections from detections_pure-positive-4hp_run01.geojson
2026-04-26 00:14:39,825 - INFO - pairwise_permutation_test - GeoJSON: 885 detections from detections_plus-hp_run01.geojson
2026-04-26 00:14:39,869 - INFO - pairwise_permutation_test - GeoJSON: 771 detections from detections_pure-positive-4hp_run01.geojson
2026-04-26 00:14:39,877 - INFO - pairwise_permutation_test - GeoJSON: 770 detections from detections_scale-8_run01.geojson
2026-04-26 00:14:40,126 - INFO - pairwise_permutation_test - GeoJSON: 771 detections from detections_pure-positive-4hp_run01.geojson
2026-04-26 00:14:40,128 - INFO - pairwise_permutation_test - GeoJSON: 771 detections from detections_pure-positive-4hp_run01.geojson
2026-04-26 00:14:40,135 - INFO - pairwise_permutation_test - GeoJSON: 811 detections from detections_scale-4_run01.geojson
2026-04-26 00:14:40,137 - INFO - pairwise_permutation_test - GeoJSON: 798 detections from detections_verbose_run01.geojson
2026-04-26 00:14:40,192 - INFO - pairwise_permutation_test - GeoJSON: 771 detections from detections_pure-positive-4hp_run01.geojson
2026-04-26 00:14:40,200 - INFO - pairwise_permutation_test - GeoJSON: 720 detections from detections_canonical_run01.geojson
2026-04-26 00:14:40,227 - INFO - pairwise_permutation_test - GeoJSON: 771 detections from detections_pure-positive-4hp_run01.geojson
2026-04-26 00:14:40,236 - INFO - pairwise_permutation_test - GeoJSON: 823 detections from detections_pure-positive-2hp_run01.geojson
2026-04-26 00:14:41,284 - INFO - pairwise_permutation_test - GeoJSON: 771 detections from detections_pure-positive-4hp_run01.geojson
2026-04-26 00:14:41,293 - INFO - pairwise_permutation_test - GeoJSON: 821 detections from detections_random_run01.geojson
2026-04-26 00:14:41,359 - INFO - pairwise_permutation_test - GeoJSON: 771 detections from detections_pure-positive-4hp_run01.geojson
2026-04-26 00:14:41,367 - INFO - pairwise_permutation_test - GeoJSON: 728 detections from detections_pure-positive-canon_run01.geojson
2026-04-26 00:14:41,397 - INFO - pairwise_permutation_test - GeoJSON: 771 detections from detections_pure-positive-4hp_run01.geojson
2026-04-26 00:14:41,405 - INFO - pairwise_permutation_test - GeoJSON: 736 detections from detections_pure-positive-canon_run01.geojson
2026-04-26 00:14:41,437 - INFO - pairwise_permutation_test - GeoJSON: 771 detections from detections_plus-hp_run01.geojson
2026-04-26 00:14:41,447 - INFO - pairwise_permutation_test - GeoJSON: 868 detections from detections_terse_run01.geojson
2026-04-26 00:14:41,669 - INFO - __main__ - [150/210] pairwise done
2026-04-26 00:14:41,673 - INFO - pairwise_permutation_test - GeoJSON: 771 detections from detections_plus-hp_run01.geojson
2026-04-26 00:14:41,682 - INFO - pairwise_permutation_test - GeoJSON: 885 detections from detections_plus-hp_run01.geojson
2026-04-26 00:14:41,686 - INFO - pairwise_permutation_test - GeoJSON: 771 detections from detections_plus-hp_run01.geojson
2026-04-26 00:14:41,694 - INFO - pairwise_permutation_test - GeoJSON: 770 detections from detections_scale-8_run01.geojson
2026-04-26 00:14:41,753 - INFO - pairwise_permutation_test - GeoJSON: 771 detections from detections_plus-hp_run01.geojson
2026-04-26 00:14:41,762 - INFO - pairwise_permutation_test - GeoJSON: 811 detections from detections_scale-4_run01.geojson
2026-04-26 00:14:41,860 - INFO - pairwise_permutation_test - GeoJSON: 771 detections from detections_plus-hp_run01.geojson
2026-04-26 00:14:41,869 - INFO - pairwise_permutation_test - GeoJSON: 798 detections from detections_verbose_run01.geojson
2026-04-26 00:14:42,886 - INFO - pairwise_permutation_test - GeoJSON: 771 detections from detections_plus-hp_run01.geojson
2026-04-26 00:14:42,892 - INFO - pairwise_permutation_test - GeoJSON: 771 detections from detections_plus-hp_run01.geojson
2026-04-26 00:14:42,894 - INFO - pairwise_permutation_test - GeoJSON: 720 detections from detections_canonical_run01.geojson
2026-04-26 00:14:42,901 - INFO - pairwise_permutation_test - GeoJSON: 823 detections from detections_pure-positive-2hp_run01.geojson
2026-04-26 00:14:42,938 - INFO - pairwise_permutation_test - GeoJSON: 771 detections from detections_plus-hp_run01.geojson
2026-04-26 00:14:42,946 - INFO - pairwise_permutation_test - GeoJSON: 821 detections from detections_random_run01.geojson
2026-04-26 00:14:43,026 - INFO - pairwise_permutation_test - GeoJSON: 771 detections from detections_plus-hp_run01.geojson
2026-04-26 00:14:43,033 - INFO - pairwise_permutation_test - GeoJSON: 728 detections from detections_pure-positive-canon_run01.geojson
2026-04-26 00:14:43,230 - INFO - pairwise_permutation_test - GeoJSON: 771 detections from detections_plus-hp_run01.geojson
2026-04-26 00:14:43,238 - INFO - pairwise_permutation_test - GeoJSON: 736 detections from detections_pure-positive-canon_run01.geojson
2026-04-26 00:14:43,241 - INFO - pairwise_permutation_test - GeoJSON: 868 detections from detections_terse_run01.geojson
2026-04-26 00:14:43,251 - INFO - pairwise_permutation_test - GeoJSON: 885 detections from detections_plus-hp_run01.geojson
2026-04-26 00:14:43,339 - INFO - pairwise_permutation_test - GeoJSON: 868 detections from detections_terse_run01.geojson
2026-04-26 00:14:43,347 - INFO - pairwise_permutation_test - GeoJSON: 770 detections from detections_scale-8_run01.geojson
2026-04-26 00:14:43,437 - INFO - pairwise_permutation_test - GeoJSON: 868 detections from detections_terse_run01.geojson
2026-04-26 00:14:43,445 - INFO - pairwise_permutation_test - GeoJSON: 811 detections from detections_scale-4_run01.geojson
2026-04-26 00:14:44,434 - INFO - pairwise_permutation_test - GeoJSON: 868 detections from detections_terse_run01.geojson
2026-04-26 00:14:44,443 - INFO - pairwise_permutation_test - GeoJSON: 798 detections from detections_verbose_run01.geojson
2026-04-26 00:14:44,475 - INFO - pairwise_permutation_test - GeoJSON: 868 detections from detections_terse_run01.geojson
2026-04-26 00:14:44,482 - INFO - pairwise_permutation_test - GeoJSON: 720 detections from detections_canonical_run01.geojson
2026-04-26 00:14:44,505 - INFO - pairwise_permutation_test - GeoJSON: 868 detections from detections_terse_run01.geojson
2026-04-26 00:14:44,513 - INFO - pairwise_permutation_test - GeoJSON: 823 detections from detections_pure-positive-2hp_run01.geojson
2026-04-26 00:14:44,550 - INFO - pairwise_permutation_test - GeoJSON: 868 detections from detections_terse_run01.geojson
2026-04-26 00:14:44,559 - INFO - pairwise_permutation_test - GeoJSON: 821 detections from detections_random_run01.geojson
2026-04-26 00:14:44,744 - INFO - pairwise_permutation_test - GeoJSON: 868 detections from detections_terse_run01.geojson
2026-04-26 00:14:44,752 - INFO - pairwise_permutation_test - GeoJSON: 728 detections from detections_pure-positive-canon_run01.geojson
2026-04-26 00:14:44,840 - INFO - pairwise_permutation_test - GeoJSON: 868 detections from detections_terse_run01.geojson
2026-04-26 00:14:44,848 - INFO - pairwise_permutation_test - GeoJSON: 736 detections from detections_pure-positive-canon_run01.geojson
2026-04-26 00:14:44,889 - INFO - pairwise_permutation_test - GeoJSON: 885 detections from detections_plus-hp_run01.geojson
2026-04-26 00:14:44,897 - INFO - pairwise_permutation_test - GeoJSON: 770 detections from detections_scale-8_run01.geojson
2026-04-26 00:14:45,038 - INFO - pairwise_permutation_test - GeoJSON: 885 detections from detections_plus-hp_run01.geojson
2026-04-26 00:14:45,047 - INFO - pairwise_permutation_test - GeoJSON: 811 detections from detections_scale-4_run01.geojson
2026-04-26 00:14:45,985 - INFO - pairwise_permutation_test - GeoJSON: 885 detections from detections_plus-hp_run01.geojson
2026-04-26 00:14:45,993 - INFO - pairwise_permutation_test - GeoJSON: 798 detections from detections_verbose_run01.geojson
2026-04-26 00:14:46,011 - INFO - pairwise_permutation_test - GeoJSON: 885 detections from detections_plus-hp_run01.geojson
2026-04-26 00:14:46,018 - INFO - pairwise_permutation_test - GeoJSON: 720 detections from detections_canonical_run01.geojson
2026-04-26 00:14:46,075 - INFO - pairwise_permutation_test - GeoJSON: 885 detections from detections_plus-hp_run01.geojson
2026-04-26 00:14:46,083 - INFO - pairwise_permutation_test - GeoJSON: 823 detections from detections_pure-positive-2hp_run01.geojson
2026-04-26 00:14:46,123 - INFO - pairwise_permutation_test - GeoJSON: 885 detections from detections_plus-hp_run01.geojson
2026-04-26 00:14:46,132 - INFO - pairwise_permutation_test - GeoJSON: 821 detections from detections_random_run01.geojson
2026-04-26 00:14:46,264 - INFO - pairwise_permutation_test - GeoJSON: 885 detections from detections_plus-hp_run01.geojson
2026-04-26 00:14:46,272 - INFO - pairwise_permutation_test - GeoJSON: 728 detections from detections_pure-positive-canon_run01.geojson
2026-04-26 00:14:46,353 - INFO - pairwise_permutation_test - GeoJSON: 885 detections from detections_plus-hp_run01.geojson
2026-04-26 00:14:46,361 - INFO - pairwise_permutation_test - GeoJSON: 736 detections from detections_pure-positive-canon_run01.geojson
2026-04-26 00:14:46,454 - INFO - pairwise_permutation_test - GeoJSON: 770 detections from detections_scale-8_run01.geojson
2026-04-26 00:14:46,462 - INFO - pairwise_permutation_test - GeoJSON: 811 detections from detections_scale-4_run01.geojson
2026-04-26 00:14:46,651 - INFO - pairwise_permutation_test - GeoJSON: 770 detections from detections_scale-8_run01.geojson
2026-04-26 00:14:46,660 - INFO - pairwise_permutation_test - GeoJSON: 798 detections from detections_verbose_run01.geojson
2026-04-26 00:14:47,535 - INFO - pairwise_permutation_test - GeoJSON: 770 detections from detections_scale-8_run01.geojson
2026-04-26 00:14:47,542 - INFO - pairwise_permutation_test - GeoJSON: 720 detections from detections_canonical_run01.geojson
2026-04-26 00:14:47,586 - INFO - pairwise_permutation_test - GeoJSON: 770 detections from detections_scale-8_run01.geojson
2026-04-26 00:14:47,595 - INFO - pairwise_permutation_test - GeoJSON: 823 detections from detections_pure-positive-2hp_run01.geojson
2026-04-26 00:14:47,664 - INFO - pairwise_permutation_test - GeoJSON: 770 detections from detections_scale-8_run01.geojson
2026-04-26 00:14:47,672 - INFO - pairwise_permutation_test - GeoJSON: 821 detections from detections_random_run01.geojson
2026-04-26 00:14:47,707 - INFO - pairwise_permutation_test - GeoJSON: 770 detections from detections_scale-8_run01.geojson
2026-04-26 00:14:47,714 - INFO - pairwise_permutation_test - GeoJSON: 728 detections from detections_pure-positive-canon_run01.geojson
2026-04-26 00:14:47,809 - INFO - pairwise_permutation_test - GeoJSON: 770 detections from detections_scale-8_run01.geojson
2026-04-26 00:14:47,816 - INFO - pairwise_permutation_test - GeoJSON: 736 detections from detections_pure-positive-canon_run01.geojson
2026-04-26 00:14:47,897 - INFO - pairwise_permutation_test - GeoJSON: 811 detections from detections_scale-4_run01.geojson
2026-04-26 00:14:47,905 - INFO - pairwise_permutation_test - GeoJSON: 798 detections from detections_verbose_run01.geojson
2026-04-26 00:14:48,000 - INFO - pairwise_permutation_test - GeoJSON: 811 detections from detections_scale-4_run01.geojson
2026-04-26 00:14:48,007 - INFO - pairwise_permutation_test - GeoJSON: 720 detections from detections_canonical_run01.geojson
2026-04-26 00:14:48,254 - INFO - pairwise_permutation_test - GeoJSON: 811 detections from detections_scale-4_run01.geojson
2026-04-26 00:14:48,263 - INFO - pairwise_permutation_test - GeoJSON: 823 detections from detections_pure-positive-2hp_run01.geojson
2026-04-26 00:14:49,045 - INFO - pairwise_permutation_test - GeoJSON: 811 detections from detections_scale-4_run01.geojson
2026-04-26 00:14:49,054 - INFO - pairwise_permutation_test - GeoJSON: 821 detections from detections_random_run01.geojson
2026-04-26 00:14:49,198 - INFO - pairwise_permutation_test - GeoJSON: 811 detections from detections_scale-4_run01.geojson
2026-04-26 00:14:49,206 - INFO - pairwise_permutation_test - GeoJSON: 728 detections from detections_pure-positive-canon_run01.geojson
2026-04-26 00:14:49,213 - INFO - pairwise_permutation_test - GeoJSON: 811 detections from detections_scale-4_run01.geojson
2026-04-26 00:14:49,220 - INFO - pairwise_permutation_test - GeoJSON: 798 detections from detections_verbose_run01.geojson
2026-04-26 00:14:49,221 - INFO - pairwise_permutation_test - GeoJSON: 736 detections from detections_pure-positive-canon_run01.geojson
2026-04-26 00:14:49,227 - INFO - pairwise_permutation_test - GeoJSON: 720 detections from detections_canonical_run01.geojson
2026-04-26 00:14:49,328 - INFO - pairwise_permutation_test - GeoJSON: 798 detections from detections_verbose_run01.geojson
2026-04-26 00:14:49,336 - INFO - pairwise_permutation_test - GeoJSON: 823 detections from detections_pure-positive-2hp_run01.geojson
2026-04-26 00:14:49,432 - INFO - pairwise_permutation_test - GeoJSON: 798 detections from detections_verbose_run01.geojson
2026-04-26 00:14:49,441 - INFO - pairwise_permutation_test - GeoJSON: 821 detections from detections_random_run01.geojson
2026-04-26 00:14:49,496 - INFO - pairwise_permutation_test - GeoJSON: 798 detections from detections_verbose_run01.geojson
2026-04-26 00:14:49,503 - INFO - pairwise_permutation_test - GeoJSON: 728 detections from detections_pure-positive-canon_run01.geojson
2026-04-26 00:14:49,871 - INFO - pairwise_permutation_test - GeoJSON: 798 detections from detections_verbose_run01.geojson
2026-04-26 00:14:49,879 - INFO - pairwise_permutation_test - GeoJSON: 736 detections from detections_pure-positive-canon_run01.geojson
2026-04-26 00:14:50,602 - INFO - pairwise_permutation_test - GeoJSON: 720 detections from detections_canonical_run01.geojson
2026-04-26 00:14:50,610 - INFO - pairwise_permutation_test - GeoJSON: 823 detections from detections_pure-positive-2hp_run01.geojson
2026-04-26 00:14:50,687 - INFO - pairwise_permutation_test - GeoJSON: 720 detections from detections_canonical_run01.geojson
2026-04-26 00:14:50,696 - INFO - pairwise_permutation_test - GeoJSON: 821 detections from detections_random_run01.geojson
2026-04-26 00:14:50,740 - INFO - pairwise_permutation_test - GeoJSON: 720 detections from detections_canonical_run01.geojson
2026-04-26 00:14:50,748 - INFO - pairwise_permutation_test - GeoJSON: 728 detections from detections_pure-positive-canon_run01.geojson
2026-04-26 00:14:50,766 - INFO - pairwise_permutation_test - GeoJSON: 720 detections from detections_canonical_run01.geojson
2026-04-26 00:14:50,774 - INFO - pairwise_permutation_test - GeoJSON: 736 detections from detections_pure-positive-canon_run01.geojson
2026-04-26 00:14:50,880 - INFO - pairwise_permutation_test - GeoJSON: 823 detections from detections_pure-positive-2hp_run01.geojson
2026-04-26 00:14:50,889 - INFO - pairwise_permutation_test - GeoJSON: 821 detections from detections_random_run01.geojson
2026-04-26 00:14:50,972 - INFO - pairwise_permutation_test - GeoJSON: 823 detections from detections_pure-positive-2hp_run01.geojson
2026-04-26 00:14:50,979 - INFO - pairwise_permutation_test - GeoJSON: 728 detections from detections_pure-positive-canon_run01.geojson
2026-04-26 00:14:50,989 - INFO - pairwise_permutation_test - GeoJSON: 823 detections from detections_pure-positive-2hp_run01.geojson
2026-04-26 00:14:50,997 - INFO - pairwise_permutation_test - GeoJSON: 736 detections from detections_pure-positive-canon_run01.geojson
2026-04-26 00:14:51,394 - INFO - __main__ - [200/210] pairwise done
2026-04-26 00:14:51,412 - INFO - pairwise_permutation_test - GeoJSON: 821 detections from detections_random_run01.geojson
2026-04-26 00:14:51,420 - INFO - pairwise_permutation_test - GeoJSON: 728 detections from detections_pure-positive-canon_run01.geojson
2026-04-26 00:14:52,137 - INFO - pairwise_permutation_test - GeoJSON: 821 detections from detections_random_run01.geojson
2026-04-26 00:14:52,144 - INFO - pairwise_permutation_test - GeoJSON: 736 detections from detections_pure-positive-canon_run01.geojson
2026-04-26 00:14:52,213 - INFO - pairwise_permutation_test - GeoJSON: 728 detections from detections_pure-positive-canon_run01.geojson
2026-04-26 00:14:52,221 - INFO - pairwise_permutation_test - GeoJSON: 736 detections from detections_pure-positive-canon_run01.geojson
2026-04-26 00:14:53,571 - INFO - __main__ - [210/210] pairwise done
2026-04-26 00:14:53,583 - INFO - __main__ - Pairwise: 0 cached, 210 computed
2026-04-26 00:14:53,583 - INFO - __main__ - Stage 4 complete in 42.0s
2026-04-26 00:14:53,584 - INFO - __main__ - FDR: 85/210 pairs significant at q=0.05 → 8 tiers
2026-04-26 00:14:53,584 - INFO - __main__ - Markdown leaderboard written to results/leaderboard/per-architecture/era1/single-pass/leaderboard_tiers_20m.md
2026-04-26 00:14:53,584 - INFO - __main__ - Markdown leaderboard written to results/leaderboard/per-architecture/era1/single-pass/leaderboard_tiers_30m.md
2026-04-26 00:14:53,584 - INFO - __main__ - Markdown leaderboard written to results/leaderboard/per-architecture/era1/single-pass/leaderboard_tiers_40m.md
2026-04-26 00:14:53,585 - INFO - __main__ - Markdown leaderboard written to results/leaderboard/per-architecture/era1/single-pass/leaderboard_tiers_50m.md
2026-04-26 00:14:53,585 - INFO - __main__ - Markdown leaderboard written to results/leaderboard/per-architecture/era1/single-pass/leaderboard_tiers_100m.md
2026-04-26 00:14:53,589 - INFO - __main__ - JSON leaderboard written to results/leaderboard/per-architecture/era1/single-pass/leaderboard_tiers_100m.json
2026-04-26 00:14:53,590 - INFO - __main__ - All evaluations written to results/leaderboard/per-architecture/era1/single-pass/leaderboard_all_evaluations.json

========================================================================
LEADERBOARD TIERS (F1, 100m buffer)
========================================================================

Tier 1 (F1: 0.730–0.730, 1 conditions)
    1. h4-canonical-last                        F1=0.730  t=1

Tier 2 (F1: 0.661–0.662, 2 conditions)
    2. h8-track2-text-scale-4                   F1=0.661  t=1
    3. h8-track2-text-scale-8                   F1=0.662  t=1

Tier 3 (F1: 0.738–0.753, 2 conditions)
    4. h4-config-default                        F1=0.753  t=1
    5. h5-track1-image-terse                    F1=0.738  t=1

Tier 4 (F1: 0.655–0.659, 2 conditions)
    6. h8-track2-text-canonical                 F1=0.655  t=1
    7. h8-track2-text-pure-positive-canon       F1=0.659  t=1

Tier 5 (F1: 0.739–0.742, 4 conditions)
    8. h5-track1-image-verbose                  F1=0.742  t=1
    9. h4-canonical-first                       F1=0.739  t=1
   10. h8-track1-image-exploratory-pure-positive-4hp F1=0.741  t=1
   11. h8-track1-image-plus-hp                  F1=0.739  t=1

Tier 6 (F1: 0.659–0.664, 2 conditions)
   12. h5-track2-text-terse                     F1=0.664  t=1
   13. h8-track2-text-plus-hp                   F1=0.659  t=1

Tier 7 (F1: 0.705–0.727, 2 conditions)
   14. h8-track1-image-scale-8                  F1=0.727  t=1
   15. h8-track1-image-scale-4                  F1=0.705  t=1

Tier 8 (F1: 0.681–0.718, 6 conditions)
   16. h5-track2-text-verbose                   F1=0.681  t=1
   17. h8-track1-image-canonical                F1=0.709  t=1
   18. h8-track1-image-exploratory-pure-positive-2hp F1=0.696  t=1
   19. h4-random                                F1=0.713  t=1
   20. h8-track1-image-exploratory-pure-positive-canon F1=0.718  t=1
   21. h8-track1-image-pure-positive-canon      F1=0.714  t=1

========================================================================
Total: 21 conditions in 8 tiers
========================================================================
