2026-04-26 00:46:05,042 - INFO - __main__ - build_tiered_leaderboard.py v1.0.0 — git b4b67486
2026-04-26 00:46:05,047 - INFO - __main__ - Resolved 29 conditions from inventory (era=2, track=None)
2026-04-26 00:46:05,047 - INFO - __main__ - Resolved 29 conditions
2026-04-26 00:46:05,047 - INFO - __main__ - Skipping evaluation (--skip-evaluation)
2026-04-26 00:46:05,075 - INFO - __main__ - Threshold selection at 20m; pairwise + tiering at 100m (Option A semantics)
2026-04-26 00:46:05,076 - INFO - __main__ - Top-N filter disabled (top_n=0); including all 29 conditions
2026-04-26 00:46:05,076 - INFO - __main__ - Selected 29 conditions (best F1=0.836 at 20m)
2026-04-26 00:46:05,076 - INFO - __main__ - Skipping pairwise (--skip-pairwise)
2026-04-26 00:46:05,085 - INFO - __main__ - FDR: 268/406 pairs significant at q=0.01 → 10 tiers
2026-04-26 00:46:05,085 - INFO - __main__ - Markdown leaderboard written to results/leaderboard/per-architecture/era2/consensus/leaderboard_tiers_q01_20m.md
2026-04-26 00:46:05,085 - INFO - __main__ - Markdown leaderboard written to results/leaderboard/per-architecture/era2/consensus/leaderboard_tiers_q01_30m.md
2026-04-26 00:46:05,085 - INFO - __main__ - Markdown leaderboard written to results/leaderboard/per-architecture/era2/consensus/leaderboard_tiers_q01_40m.md
2026-04-26 00:46:05,086 - INFO - __main__ - Markdown leaderboard written to results/leaderboard/per-architecture/era2/consensus/leaderboard_tiers_q01_50m.md
2026-04-26 00:46:05,086 - INFO - __main__ - Markdown leaderboard written to results/leaderboard/per-architecture/era2/consensus/leaderboard_tiers_q01_100m.md
2026-04-26 00:46:05,091 - INFO - __main__ - JSON leaderboard written to results/leaderboard/per-architecture/era2/consensus/leaderboard_tiers_q01_100m.json
2026-04-26 00:46:05,104 - INFO - __main__ - All evaluations written to results/leaderboard/per-architecture/era2/consensus/leaderboard_all_evaluations.json

========================================================================
LEADERBOARD TIERS (F1, 100m buffer)
========================================================================

Tier 1 (F1: 0.810–0.859, 4 conditions)
    1. h11-pvd-pro-high-text-n5                 F1=0.859  t=6
    2. h11-pvd-flash-high-text-n5               F1=0.826  t=26
    3. p3a-high-text-t0.3                       F1=0.810  t=10
    4. p3a-high-text-t0.3-n5                    F1=0.810  t=10

Tier 2 (F1: 0.789–0.835, 6 conditions)
    5. p3a-high-text-t1.0                       F1=0.789  t=9
    6. p3a-high-text-t1.0-n5                    F1=0.789  t=9
    7. h11-pvd-flash-high-image-n5              F1=0.829  t=7
    8. scale4-optimal-487                       F1=0.835  t=6
    9. p3a-high-image-t1.0                      F1=0.830  t=6
   10. p3a-high-image-t0.3                      F1=0.796  t=9

Tier 3 (F1: 0.732–0.732, 1 conditions)
   11. h11-e47-propose-brief                    F1=0.732  t=5

Tier 4 (F1: 0.885–0.885, 1 conditions)
   12. h11-pvd-pro-high-image-n5                F1=0.885  t=3

Tier 5 (F1: 0.751–0.760, 2 conditions)
   13. h11-pvd-image-n5                         F1=0.751  t=8
   14. h11-n1-image-t03                         F1=0.760  t=3

Tier 6 (F1: 0.669–0.723, 4 conditions)
   15. p3a-minimal-text-t1.0                    F1=0.675  t=9
   16. p3a-minimal-text-t1.0-n5                 F1=0.675  t=9
   17. h11-pvd-flash-minimal-text-n30-t07       F1=0.669  t=29
   18. p3a-min-image-t0.3                       F1=0.723  t=10

Tier 7 (F1: 0.739–0.739, 1 conditions)
   19. p3a-min-image-t1.0                       F1=0.739  t=8

Tier 8 (F1: 0.654–0.654, 2 conditions)
   20. p3a-minimal-text-t0.3                    F1=0.654  t=10
   21. p3a-minimal-text-t0.3-n5                 F1=0.654  t=10

Tier 9 (F1: 0.728–0.728, 1 conditions)
   22. h11-n1-image-t0                          F1=0.728  t=2

Tier 10 (F1: 0.602–0.670, 7 conditions)
   23. h11-pvd-text-n10                         F1=0.628  t=10
   24. p3a-high-text-t0.0                       F1=0.636  t=3
   25. p3a-minimal-text-t0.0                    F1=0.616  t=3
   26. h11-n1-brief-text-t03                    F1=0.605  t=3
   27. h11-n1-pro-text-high-t0                  F1=0.608  t=3
   28. h11-n1-pro-image-high-t0                 F1=0.670  t=3
   29. p3a-high-image-t0.0                      F1=0.602  t=1

========================================================================
Total: 29 conditions in 10 tiers
========================================================================
