2026-04-26 00:46:09,506 - INFO - __main__ - build_tiered_leaderboard.py v1.0.0 — git b4b67486
2026-04-26 00:46:09,507 - INFO - __main__ - Resolved 8 conditions from inventory (era=2, track=None)
2026-04-26 00:46:09,507 - INFO - __main__ - Resolved 8 conditions
2026-04-26 00:46:09,507 - INFO - __main__ - Skipping evaluation (--skip-evaluation)
2026-04-26 00:46:09,508 - INFO - __main__ - Threshold selection at 20m; pairwise + tiering at 40m (Option A semantics)
2026-04-26 00:46:09,508 - INFO - __main__ - Top-N filter disabled (top_n=0); including all 8 conditions
2026-04-26 00:46:09,508 - INFO - __main__ - Selected 8 conditions (best F1=0.531 at 20m)
2026-04-26 00:46:09,531 - INFO - __main__ - Pairwise tests (f1): 28 pairs at 40m (10000 permutations, 8 workers)
2026-04-26 00:46:09,588 - INFO - pairwise_permutation_test - PV repair: 326 verified detections retained from verified-checklist-image.geojson (CRS overridden to EPSG:32635, polygons → centroids)
2026-04-26 00:46:09,588 - INFO - pairwise_permutation_test - PV repair: 326 verified detections retained from verified-checklist-image.geojson (CRS overridden to EPSG:32635, polygons → centroids)
2026-04-26 00:46:09,588 - INFO - pairwise_permutation_test - PV repair: 326 verified detections retained from verified-checklist-image.geojson (CRS overridden to EPSG:32635, polygons → centroids)
2026-04-26 00:46:09,588 - INFO - pairwise_permutation_test - PV repair: 326 verified detections retained from verified-checklist-image.geojson (CRS overridden to EPSG:32635, polygons → centroids)
2026-04-26 00:46:09,588 - INFO - pairwise_permutation_test - PV repair: 326 verified detections retained from verified-checklist-image.geojson (CRS overridden to EPSG:32635, polygons → centroids)
2026-04-26 00:46:09,589 - INFO - pairwise_permutation_test - GeoJSON: 326 detections from verified-checklist-image.geojson
2026-04-26 00:46:09,589 - INFO - pairwise_permutation_test - GeoJSON: 326 detections from verified-checklist-image.geojson
2026-04-26 00:46:09,589 - INFO - pairwise_permutation_test - GeoJSON: 326 detections from verified-checklist-image.geojson
2026-04-26 00:46:09,589 - INFO - pairwise_permutation_test - GeoJSON: 326 detections from verified-checklist-image.geojson
2026-04-26 00:46:09,589 - INFO - pairwise_permutation_test - GeoJSON: 326 detections from verified-checklist-image.geojson
2026-04-26 00:46:09,589 - INFO - pairwise_permutation_test - PV repair: 326 verified detections retained from verified-checklist-image.geojson (CRS overridden to EPSG:32635, polygons → centroids)
2026-04-26 00:46:09,589 - INFO - pairwise_permutation_test - GeoJSON: 326 detections from verified-checklist-image.geojson
2026-04-26 00:46:09,589 - INFO - pairwise_permutation_test - PV repair: 326 verified detections retained from verified-checklist-image.geojson (CRS overridden to EPSG:32635, polygons → centroids)
2026-04-26 00:46:09,589 - INFO - pairwise_permutation_test - PV repair: 336 verified detections retained from verified-checklist-text.geojson (CRS overridden to EPSG:32635, polygons → centroids)
2026-04-26 00:46:09,589 - INFO - pairwise_permutation_test - GeoJSON: 326 detections from verified-checklist-image.geojson
2026-04-26 00:46:09,589 - INFO - pairwise_permutation_test - GeoJSON: 336 detections from verified-checklist-text.geojson
2026-04-26 00:46:09,596 - INFO - pairwise_permutation_test - PV repair: 264 verified detections retained from verified-cascade-adversarial-checklist.geojson (CRS overridden to EPSG:32635, polygons → centroids)
2026-04-26 00:46:09,597 - INFO - pairwise_permutation_test - GeoJSON: 264 detections from verified-cascade-adversarial-checklist.geojson
2026-04-26 00:46:09,598 - INFO - pairwise_permutation_test - PV repair: 260 verified detections retained from verified-cascade-checklist-adversarial.geojson (CRS overridden to EPSG:32635, polygons → centroids)
2026-04-26 00:46:09,598 - INFO - pairwise_permutation_test - GeoJSON: 260 detections from verified-cascade-checklist-adversarial.geojson
2026-04-26 00:46:09,603 - INFO - pairwise_permutation_test - PV repair: 336 verified detections retained from verified-checklist-text.geojson (CRS overridden to EPSG:32635, polygons → centroids)
2026-04-26 00:46:09,603 - INFO - pairwise_permutation_test - GeoJSON: 336 detections from verified-checklist-text.geojson
2026-04-26 00:46:09,603 - INFO - pairwise_permutation_test - PV repair: 261 verified detections retained from verified-adversarial-image.geojson (CRS overridden to EPSG:32635, polygons → centroids)
2026-04-26 00:46:09,603 - INFO - pairwise_permutation_test - GeoJSON: 261 detections from verified-adversarial-image.geojson
2026-04-26 00:46:09,603 - INFO - pairwise_permutation_test - PV repair: 326 verified detections retained from verified-brief-image.geojson (CRS overridden to EPSG:32635, polygons → centroids)
2026-04-26 00:46:09,603 - INFO - pairwise_permutation_test - GeoJSON: 326 detections from verified-brief-image.geojson
2026-04-26 00:46:09,603 - INFO - pairwise_permutation_test - PV repair: 215 verified detections retained from verified-adversarial-text.geojson (CRS overridden to EPSG:32635, polygons → centroids)
2026-04-26 00:46:09,603 - INFO - pairwise_permutation_test - GeoJSON: 215 detections from verified-adversarial-text.geojson
2026-04-26 00:46:09,604 - INFO - pairwise_permutation_test - PV repair: 269 verified detections retained from verified-brief-text.geojson (CRS overridden to EPSG:32635, polygons → centroids)
2026-04-26 00:46:09,604 - INFO - pairwise_permutation_test - PV repair: 326 verified detections retained from verified-brief-image.geojson (CRS overridden to EPSG:32635, polygons → centroids)
2026-04-26 00:46:09,604 - INFO - pairwise_permutation_test - GeoJSON: 269 detections from verified-brief-text.geojson
2026-04-26 00:46:09,604 - INFO - pairwise_permutation_test - GeoJSON: 326 detections from verified-brief-image.geojson
2026-04-26 00:46:10,384 - INFO - pairwise_permutation_test - PV repair: 336 verified detections retained from verified-checklist-text.geojson (CRS overridden to EPSG:32635, polygons → centroids)
2026-04-26 00:46:10,384 - INFO - pairwise_permutation_test - GeoJSON: 336 detections from verified-checklist-text.geojson
2026-04-26 00:46:10,397 - INFO - pairwise_permutation_test - PV repair: 269 verified detections retained from verified-brief-text.geojson (CRS overridden to EPSG:32635, polygons → centroids)
2026-04-26 00:46:10,397 - INFO - pairwise_permutation_test - GeoJSON: 269 detections from verified-brief-text.geojson
2026-04-26 00:46:10,401 - INFO - pairwise_permutation_test - PV repair: 336 verified detections retained from verified-checklist-text.geojson (CRS overridden to EPSG:32635, polygons → centroids)
2026-04-26 00:46:10,402 - INFO - pairwise_permutation_test - GeoJSON: 336 detections from verified-checklist-text.geojson
2026-04-26 00:46:10,404 - INFO - pairwise_permutation_test - PV repair: 336 verified detections retained from verified-checklist-text.geojson (CRS overridden to EPSG:32635, polygons → centroids)
2026-04-26 00:46:10,404 - INFO - pairwise_permutation_test - GeoJSON: 336 detections from verified-checklist-text.geojson
2026-04-26 00:46:10,409 - INFO - pairwise_permutation_test - PV repair: 264 verified detections retained from verified-cascade-adversarial-checklist.geojson (CRS overridden to EPSG:32635, polygons → centroids)
2026-04-26 00:46:10,409 - INFO - pairwise_permutation_test - GeoJSON: 264 detections from verified-cascade-adversarial-checklist.geojson
2026-04-26 00:46:10,409 - INFO - pairwise_permutation_test - PV repair: 336 verified detections retained from verified-checklist-text.geojson (CRS overridden to EPSG:32635, polygons → centroids)
2026-04-26 00:46:10,409 - INFO - pairwise_permutation_test - GeoJSON: 336 detections from verified-checklist-text.geojson
2026-04-26 00:46:10,413 - INFO - pairwise_permutation_test - PV repair: 260 verified detections retained from verified-cascade-checklist-adversarial.geojson (CRS overridden to EPSG:32635, polygons → centroids)
2026-04-26 00:46:10,413 - INFO - pairwise_permutation_test - GeoJSON: 260 detections from verified-cascade-checklist-adversarial.geojson
2026-04-26 00:46:10,423 - INFO - pairwise_permutation_test - PV repair: 261 verified detections retained from verified-adversarial-image.geojson (CRS overridden to EPSG:32635, polygons → centroids)
2026-04-26 00:46:10,423 - INFO - pairwise_permutation_test - GeoJSON: 261 detections from verified-adversarial-image.geojson
2026-04-26 00:46:10,423 - INFO - pairwise_permutation_test - PV repair: 336 verified detections retained from verified-checklist-text.geojson (CRS overridden to EPSG:32635, polygons → centroids)
2026-04-26 00:46:10,424 - INFO - pairwise_permutation_test - GeoJSON: 336 detections from verified-checklist-text.geojson
2026-04-26 00:46:10,438 - INFO - pairwise_permutation_test - PV repair: 215 verified detections retained from verified-adversarial-text.geojson (CRS overridden to EPSG:32635, polygons → centroids)
2026-04-26 00:46:10,438 - INFO - pairwise_permutation_test - GeoJSON: 215 detections from verified-adversarial-text.geojson
2026-04-26 00:46:10,439 - INFO - pairwise_permutation_test - PV repair: 326 verified detections retained from verified-brief-image.geojson (CRS overridden to EPSG:32635, polygons → centroids)
2026-04-26 00:46:10,439 - INFO - pairwise_permutation_test - GeoJSON: 326 detections from verified-brief-image.geojson
2026-04-26 00:46:10,446 - INFO - pairwise_permutation_test - PV repair: 326 verified detections retained from verified-brief-image.geojson (CRS overridden to EPSG:32635, polygons → centroids)
2026-04-26 00:46:10,446 - INFO - pairwise_permutation_test - GeoJSON: 326 detections from verified-brief-image.geojson
2026-04-26 00:46:10,452 - INFO - pairwise_permutation_test - PV repair: 269 verified detections retained from verified-brief-text.geojson (CRS overridden to EPSG:32635, polygons → centroids)
2026-04-26 00:46:10,452 - INFO - pairwise_permutation_test - GeoJSON: 269 detections from verified-brief-text.geojson
2026-04-26 00:46:10,454 - INFO - pairwise_permutation_test - PV repair: 264 verified detections retained from verified-cascade-adversarial-checklist.geojson (CRS overridden to EPSG:32635, polygons → centroids)
2026-04-26 00:46:10,454 - INFO - pairwise_permutation_test - GeoJSON: 264 detections from verified-cascade-adversarial-checklist.geojson
2026-04-26 00:46:10,467 - INFO - pairwise_permutation_test - PV repair: 326 verified detections retained from verified-brief-image.geojson (CRS overridden to EPSG:32635, polygons → centroids)
2026-04-26 00:46:10,467 - INFO - pairwise_permutation_test - GeoJSON: 326 detections from verified-brief-image.geojson
2026-04-26 00:46:10,476 - INFO - pairwise_permutation_test - PV repair: 260 verified detections retained from verified-cascade-checklist-adversarial.geojson (CRS overridden to EPSG:32635, polygons → centroids)
2026-04-26 00:46:10,476 - INFO - pairwise_permutation_test - GeoJSON: 260 detections from verified-cascade-checklist-adversarial.geojson
2026-04-26 00:46:11,192 - INFO - pairwise_permutation_test - PV repair: 326 verified detections retained from verified-brief-image.geojson (CRS overridden to EPSG:32635, polygons → centroids)
2026-04-26 00:46:11,192 - INFO - pairwise_permutation_test - GeoJSON: 326 detections from verified-brief-image.geojson
2026-04-26 00:46:11,206 - INFO - pairwise_permutation_test - PV repair: 261 verified detections retained from verified-adversarial-image.geojson (CRS overridden to EPSG:32635, polygons → centroids)
2026-04-26 00:46:11,206 - INFO - pairwise_permutation_test - GeoJSON: 261 detections from verified-adversarial-image.geojson
2026-04-26 00:46:11,206 - INFO - pairwise_permutation_test - PV repair: 326 verified detections retained from verified-brief-image.geojson (CRS overridden to EPSG:32635, polygons → centroids)
2026-04-26 00:46:11,207 - INFO - pairwise_permutation_test - GeoJSON: 326 detections from verified-brief-image.geojson
2026-04-26 00:46:11,215 - INFO - pairwise_permutation_test - PV repair: 269 verified detections retained from verified-brief-text.geojson (CRS overridden to EPSG:32635, polygons → centroids)
2026-04-26 00:46:11,215 - INFO - pairwise_permutation_test - GeoJSON: 269 detections from verified-brief-text.geojson
2026-04-26 00:46:11,221 - INFO - pairwise_permutation_test - PV repair: 215 verified detections retained from verified-adversarial-text.geojson (CRS overridden to EPSG:32635, polygons → centroids)
2026-04-26 00:46:11,221 - INFO - pairwise_permutation_test - GeoJSON: 215 detections from verified-adversarial-text.geojson
2026-04-26 00:46:11,221 - INFO - pairwise_permutation_test - PV repair: 269 verified detections retained from verified-brief-text.geojson (CRS overridden to EPSG:32635, polygons → centroids)
2026-04-26 00:46:11,221 - INFO - pairwise_permutation_test - GeoJSON: 269 detections from verified-brief-text.geojson
2026-04-26 00:46:11,223 - INFO - pairwise_permutation_test - PV repair: 264 verified detections retained from verified-cascade-adversarial-checklist.geojson (CRS overridden to EPSG:32635, polygons → centroids)
2026-04-26 00:46:11,223 - INFO - pairwise_permutation_test - GeoJSON: 264 detections from verified-cascade-adversarial-checklist.geojson
2026-04-26 00:46:11,230 - INFO - pairwise_permutation_test - PV repair: 260 verified detections retained from verified-cascade-checklist-adversarial.geojson (CRS overridden to EPSG:32635, polygons → centroids)
2026-04-26 00:46:11,230 - INFO - pairwise_permutation_test - GeoJSON: 260 detections from verified-cascade-checklist-adversarial.geojson
2026-04-26 00:46:11,238 - INFO - pairwise_permutation_test - PV repair: 269 verified detections retained from verified-brief-text.geojson (CRS overridden to EPSG:32635, polygons → centroids)
2026-04-26 00:46:11,238 - INFO - pairwise_permutation_test - GeoJSON: 269 detections from verified-brief-text.geojson
2026-04-26 00:46:11,248 - INFO - pairwise_permutation_test - PV repair: 264 verified detections retained from verified-cascade-adversarial-checklist.geojson (CRS overridden to EPSG:32635, polygons → centroids)
2026-04-26 00:46:11,248 - INFO - pairwise_permutation_test - GeoJSON: 264 detections from verified-cascade-adversarial-checklist.geojson
2026-04-26 00:46:11,249 - INFO - pairwise_permutation_test - PV repair: 269 verified detections retained from verified-brief-text.geojson (CRS overridden to EPSG:32635, polygons → centroids)
2026-04-26 00:46:11,249 - INFO - pairwise_permutation_test - GeoJSON: 269 detections from verified-brief-text.geojson
2026-04-26 00:46:11,252 - INFO - pairwise_permutation_test - PV repair: 261 verified detections retained from verified-adversarial-image.geojson (CRS overridden to EPSG:32635, polygons → centroids)
2026-04-26 00:46:11,252 - INFO - pairwise_permutation_test - GeoJSON: 261 detections from verified-adversarial-image.geojson
2026-04-26 00:46:11,257 - INFO - pairwise_permutation_test - PV repair: 260 verified detections retained from verified-cascade-checklist-adversarial.geojson (CRS overridden to EPSG:32635, polygons → centroids)
2026-04-26 00:46:11,257 - INFO - pairwise_permutation_test - GeoJSON: 260 detections from verified-cascade-checklist-adversarial.geojson
2026-04-26 00:46:11,263 - INFO - pairwise_permutation_test - PV repair: 215 verified detections retained from verified-adversarial-text.geojson (CRS overridden to EPSG:32635, polygons → centroids)
2026-04-26 00:46:11,263 - INFO - pairwise_permutation_test - GeoJSON: 215 detections from verified-adversarial-text.geojson
2026-04-26 00:46:11,291 - INFO - pairwise_permutation_test - PV repair: 264 verified detections retained from verified-cascade-adversarial-checklist.geojson (CRS overridden to EPSG:32635, polygons → centroids)
2026-04-26 00:46:11,291 - INFO - pairwise_permutation_test - GeoJSON: 264 detections from verified-cascade-adversarial-checklist.geojson
2026-04-26 00:46:11,304 - INFO - pairwise_permutation_test - PV repair: 261 verified detections retained from verified-adversarial-image.geojson (CRS overridden to EPSG:32635, polygons → centroids)
2026-04-26 00:46:11,305 - INFO - pairwise_permutation_test - GeoJSON: 261 detections from verified-adversarial-image.geojson
2026-04-26 00:46:11,971 - INFO - pairwise_permutation_test - PV repair: 264 verified detections retained from verified-cascade-adversarial-checklist.geojson (CRS overridden to EPSG:32635, polygons → centroids)
2026-04-26 00:46:11,972 - INFO - pairwise_permutation_test - GeoJSON: 264 detections from verified-cascade-adversarial-checklist.geojson
2026-04-26 00:46:11,976 - INFO - pairwise_permutation_test - PV repair: 260 verified detections retained from verified-cascade-checklist-adversarial.geojson (CRS overridden to EPSG:32635, polygons → centroids)
2026-04-26 00:46:11,976 - INFO - pairwise_permutation_test - GeoJSON: 260 detections from verified-cascade-checklist-adversarial.geojson
2026-04-26 00:46:11,980 - INFO - pairwise_permutation_test - PV repair: 260 verified detections retained from verified-cascade-checklist-adversarial.geojson (CRS overridden to EPSG:32635, polygons → centroids)
2026-04-26 00:46:11,981 - INFO - pairwise_permutation_test - GeoJSON: 260 detections from verified-cascade-checklist-adversarial.geojson
2026-04-26 00:46:11,986 - INFO - pairwise_permutation_test - PV repair: 215 verified detections retained from verified-adversarial-text.geojson (CRS overridden to EPSG:32635, polygons → centroids)
2026-04-26 00:46:11,986 - INFO - pairwise_permutation_test - GeoJSON: 215 detections from verified-adversarial-text.geojson
2026-04-26 00:46:11,990 - INFO - pairwise_permutation_test - PV repair: 261 verified detections retained from verified-adversarial-image.geojson (CRS overridden to EPSG:32635, polygons → centroids)
2026-04-26 00:46:11,990 - INFO - pairwise_permutation_test - GeoJSON: 261 detections from verified-adversarial-image.geojson
2026-04-26 00:46:11,991 - INFO - pairwise_permutation_test - PV repair: 261 verified detections retained from verified-adversarial-image.geojson (CRS overridden to EPSG:32635, polygons → centroids)
2026-04-26 00:46:11,991 - INFO - pairwise_permutation_test - GeoJSON: 261 detections from verified-adversarial-image.geojson
2026-04-26 00:46:11,994 - INFO - pairwise_permutation_test - PV repair: 215 verified detections retained from verified-adversarial-text.geojson (CRS overridden to EPSG:32635, polygons → centroids)
2026-04-26 00:46:11,994 - INFO - pairwise_permutation_test - GeoJSON: 215 detections from verified-adversarial-text.geojson
2026-04-26 00:46:12,005 - INFO - pairwise_permutation_test - PV repair: 215 verified detections retained from verified-adversarial-text.geojson (CRS overridden to EPSG:32635, polygons → centroids)
2026-04-26 00:46:12,005 - INFO - pairwise_permutation_test - GeoJSON: 215 detections from verified-adversarial-text.geojson
2026-04-26 00:46:12,673 - INFO - __main__ - [28/28] pairwise done
2026-04-26 00:46:12,682 - INFO - __main__ - Pairwise: 0 cached, 28 computed
2026-04-26 00:46:12,683 - INFO - __main__ - Stage 4 complete in 3.2s
2026-04-26 00:46:12,683 - INFO - __main__ - FDR: 0/28 pairs significant at q=0.05 → 1 tiers
2026-04-26 00:46:12,683 - INFO - __main__ - Markdown leaderboard written to results/leaderboard/per-architecture/era2/single-pass+PV/leaderboard_tiers_20m.md
2026-04-26 00:46:12,683 - INFO - __main__ - Markdown leaderboard written to results/leaderboard/per-architecture/era2/single-pass+PV/leaderboard_tiers_30m.md
2026-04-26 00:46:12,683 - INFO - __main__ - Markdown leaderboard written to results/leaderboard/per-architecture/era2/single-pass+PV/leaderboard_tiers_40m.md
2026-04-26 00:46:12,683 - INFO - __main__ - Markdown leaderboard written to results/leaderboard/per-architecture/era2/single-pass+PV/leaderboard_tiers_50m.md
2026-04-26 00:46:12,683 - INFO - __main__ - Markdown leaderboard written to results/leaderboard/per-architecture/era2/single-pass+PV/leaderboard_tiers_100m.md
2026-04-26 00:46:12,686 - INFO - __main__ - JSON leaderboard written to results/leaderboard/per-architecture/era2/single-pass+PV/leaderboard_tiers_40m.json
2026-04-26 00:46:12,687 - INFO - __main__ - All evaluations written to results/leaderboard/per-architecture/era2/single-pass+PV/leaderboard_all_evaluations.json

========================================================================
LEADERBOARD TIERS (F1, 40m buffer)
========================================================================

Tier 1 (F1: 0.480–0.544, 8 conditions)
    1. pv-checklist-image                       F1=0.544  t=1
    2. pv-checklist-text                        F1=0.534  t=1
    3. pv-brief-image                           F1=0.533  t=1
    4. pv-brief-text                            F1=0.526  t=1
    5. pv-cascade-adversarial-checklist         F1=0.518  t=1
    6. pv-cascade-checklist-adversarial         F1=0.509  t=1
    7. pv-adversarial-image                     F1=0.509  t=1
    8. pv-adversarial-text                      F1=0.480  t=1

========================================================================
Total: 8 conditions in 1 tiers
========================================================================
