2026-04-26 00:42:16,442 - INFO - __main__ - build_tiered_leaderboard.py v1.0.0 — git b4b67486
2026-04-26 00:42:16,443 - INFO - __main__ - Resolved 6 conditions from inventory (era=2, track=None)
2026-04-26 00:42:16,443 - INFO - __main__ - Resolved 6 conditions
2026-04-26 00:42:16,443 - INFO - __main__ - Skipping evaluation (--skip-evaluation)
2026-04-26 00:42:16,444 - INFO - __main__ - Threshold selection at 20m; pairwise + tiering at 40m (Option A semantics)
2026-04-26 00:42:16,444 - INFO - __main__ - Top-N filter disabled (top_n=0); including all 6 conditions
2026-04-26 00:42:16,444 - INFO - __main__ - Selected 6 conditions (best F1=0.763 at 20m)
2026-04-26 00:42:16,444 - INFO - __main__ - Skipping pairwise (--skip-pairwise)
2026-04-26 00:42:16,444 - INFO - __main__ - FDR: 13/15 pairs significant at q=0.01 → 4 tiers
2026-04-26 00:42:16,445 - INFO - __main__ - Markdown leaderboard written to results/leaderboard/per-architecture/era2/single-pass/leaderboard_tiers_q01_20m.md
2026-04-26 00:42:16,445 - INFO - __main__ - Markdown leaderboard written to results/leaderboard/per-architecture/era2/single-pass/leaderboard_tiers_q01_30m.md
2026-04-26 00:42:16,445 - INFO - __main__ - Markdown leaderboard written to results/leaderboard/per-architecture/era2/single-pass/leaderboard_tiers_q01_40m.md
2026-04-26 00:42:16,445 - INFO - __main__ - Markdown leaderboard written to results/leaderboard/per-architecture/era2/single-pass/leaderboard_tiers_q01_50m.md
2026-04-26 00:42:16,445 - INFO - __main__ - Markdown leaderboard written to results/leaderboard/per-architecture/era2/single-pass/leaderboard_tiers_q01_100m.md
2026-04-26 00:42:16,447 - INFO - __main__ - JSON leaderboard written to results/leaderboard/per-architecture/era2/single-pass/leaderboard_tiers_q01_40m.json
2026-04-26 00:42:16,448 - INFO - __main__ - All evaluations written to results/leaderboard/per-architecture/era2/single-pass/leaderboard_all_evaluations.json

========================================================================
LEADERBOARD TIERS (F1, 40m buffer)
========================================================================

Tier 1 (F1: 0.763–0.795, 2 conditions)
    1. h11-pvd-pro-medium-text-baseline         F1=0.795  t=1
    2. h11-pvd-pro-medium-image-baseline        F1=0.763  t=1

Tier 2 (F1: 0.674–0.674, 1 conditions)
    3. h11-pvd-image-baseline                   F1=0.674  t=1

Tier 3 (F1: 0.536–0.567, 2 conditions)
    4. h11-pvd-text-baseline                    F1=0.536  t=1
    5. h11-n1-pro-image-medium-t07              F1=0.567  t=1

Tier 4 (F1: 0.430–0.430, 1 conditions)
    6. h11-n1-pro-text-medium-t07               F1=0.430  t=1

========================================================================
Total: 6 conditions in 4 tiers
========================================================================
