2026-04-26 00:50:28,498 - INFO - __main__ - build_tiered_leaderboard.py v1.0.0 — git b4b67486
2026-04-26 00:50:28,500 - INFO - __main__ - Resolved 44 conditions from inventory (era=2, track=None)
2026-04-26 00:50:28,500 - INFO - __main__ - Resolved 44 conditions
2026-04-26 00:50:28,500 - INFO - __main__ - Skipping evaluation (--skip-evaluation)
2026-04-26 00:50:28,512 - INFO - __main__ - Threshold selection at 20m; pairwise + tiering at 40m (Option A semantics)
2026-04-26 00:50:28,512 - INFO - __main__ - Top-N filter disabled (top_n=0); including all 44 conditions
2026-04-26 00:50:28,512 - INFO - __main__ - Selected 44 conditions (best F1=0.890 at 20m)
2026-04-26 00:50:28,512 - INFO - __main__ - Skipping pairwise (--skip-pairwise)
2026-04-26 00:50:28,567 - INFO - __main__ - FDR: 96/946 pairs significant at q=0.01 → 3 tiers
2026-04-26 00:50:28,567 - INFO - __main__ - Markdown leaderboard written to results/leaderboard/per-architecture/era2/pv/leaderboard_tiers_q01_20m.md
2026-04-26 00:50:28,567 - INFO - __main__ - Markdown leaderboard written to results/leaderboard/per-architecture/era2/pv/leaderboard_tiers_q01_30m.md
2026-04-26 00:50:28,568 - INFO - __main__ - Markdown leaderboard written to results/leaderboard/per-architecture/era2/pv/leaderboard_tiers_q01_40m.md
2026-04-26 00:50:28,568 - INFO - __main__ - Markdown leaderboard written to results/leaderboard/per-architecture/era2/pv/leaderboard_tiers_q01_50m.md
2026-04-26 00:50:28,568 - INFO - __main__ - Markdown leaderboard written to results/leaderboard/per-architecture/era2/pv/leaderboard_tiers_q01_100m.md
2026-04-26 00:50:28,586 - INFO - __main__ - JSON leaderboard written to results/leaderboard/per-architecture/era2/pv/leaderboard_tiers_q01_40m.json
2026-04-26 00:50:28,591 - INFO - __main__ - All evaluations written to results/leaderboard/per-architecture/era2/pv/leaderboard_all_evaluations.json

========================================================================
LEADERBOARD TIERS (F1, 40m buffer)
========================================================================

Tier 1 (F1: 0.889–0.911, 15 conditions)
    1. pv-flash-high-text-16of30                F1=0.904  t=1
    2. pv-high-text-t0.3-n5                     F1=0.905  t=1
    3. session-78-text-comparative              F1=0.911  t=1
    4. session-78-text-adversarial              F1=0.910  t=1
    5. pv-high-text-t1.0-n10                    F1=0.906  t=1
    6. session-78-text-checklist                F1=0.904  t=1
    7. pv-min-text-t0.3-n5                      F1=0.899  t=1
    8. pv-min-text-t1.0-n10                     F1=0.896  t=1
    9. session-78-text-brief                    F1=0.902  t=1
   10. pv-high-text-t0.7-n10                    F1=0.889  t=1
   11. pv-min-text-t0.7-n5                      F1=0.890  t=1
   12. pv-min-text-t0.7-n10                     F1=0.889  t=1
   13. pv-high-text-t0.3-n10                    F1=0.901  t=1
   14. pv-min-text-t1.0-n5                      F1=0.898  t=1
   15. pv-min-text-t0.3-n10                     F1=0.890  t=1

Tier 2 (F1: 0.845–0.891, 21 conditions)
   16. pv-high-text-t0.7-n5                     F1=0.887  t=1
   17. pv-min-text-t0.0-n3                      F1=0.891  t=1
   18. pv-high-text-t1.0-n5                     F1=0.880  t=1
   19. session-78-text-checklist-text           F1=0.886  t=1
   20. session-78-text-adversarial-text         F1=0.884  t=1
   21. session-78-text-brief-text               F1=0.870  t=1
   22. pv-high-text-t0.0-n3                     F1=0.857  t=1
   23. pv-min-image-t0.7-n10                    F1=0.874  t=1
   24. pv-high-image-t0.7-n5                    F1=0.876  t=1
   25. session-78-image-adversarial             F1=0.886  t=1
   26. session-78-image-comparative             F1=0.885  t=1
   27. session-78-image-brief                   F1=0.883  t=1
   28. session-78-image-checklist               F1=0.882  t=1
   29. pv-min-image-t0.3-n10                    F1=0.863  t=1
   30. session-78-image-checklist-text          F1=0.878  t=1
   31. pv-min-image-t0.3-n5                     F1=0.858  t=1
   32. pv-high-image-t0.7-n10                   F1=0.845  t=1
   33. pv-min-image-t0.7-n5                     F1=0.869  t=1
   34. session-78-image-adversarial-text        F1=0.865  t=1
   35. pv-high-image-t0.3-n10                   F1=0.867  t=1
   36. pv-scale4-optimal-n10                    F1=0.856  t=1

Tier 3 (F1: 0.836–0.863, 8 conditions)
   37. session-78-image-brief-text              F1=0.857  t=1
   38. pv-n1-image-t0-n3                        F1=0.863  t=1
   39. pv-high-image-t1.0-n10                   F1=0.850  t=1
   40. pv-scale4-optimal-n5                     F1=0.838  t=1
   41. pv-high-image-t0.3-n5                    F1=0.840  t=1
   42. pv-min-image-t1.0-n10                    F1=0.839  t=1
   43. pv-min-image-t1.0-n5                     F1=0.836  t=1
   44. pv-high-image-t1.0-n5                    F1=0.845  t=1

========================================================================
Total: 44 conditions in 3 tiers
========================================================================
