2026-04-26 00:42:20,706 - INFO - __main__ - build_tiered_leaderboard.py v1.0.0 — git b4b67486
2026-04-26 00:42:20,707 - INFO - __main__ - Resolved 6 conditions from inventory (era=2, track=None)
2026-04-26 00:42:20,709 - INFO - __main__ - Resolved 6 conditions
2026-04-26 00:42:20,709 - INFO - __main__ - Skipping evaluation (--skip-evaluation)
2026-04-26 00:42:20,710 - INFO - __main__ - Threshold selection at 20m; pairwise + tiering at 100m (Option A semantics)
2026-04-26 00:42:20,710 - INFO - __main__ - Top-N filter disabled (top_n=0); including all 6 conditions
2026-04-26 00:42:20,710 - INFO - __main__ - Selected 6 conditions (best F1=0.763 at 20m)
2026-04-26 00:42:20,734 - INFO - __main__ - Pairwise tests (f1): 15 pairs at 100m (10000 permutations, 8 workers)
2026-04-26 00:42:20,779 - INFO - pairwise_permutation_test - GeoJSON: 430 detections from detections_text-t0.0_run01.geojson
2026-04-26 00:42:20,780 - INFO - pairwise_permutation_test - GeoJSON: 519 detections from detections_image-t0.0_run01.geojson
2026-04-26 00:42:20,781 - INFO - pairwise_permutation_test - GeoJSON: 430 detections from detections_text-t0.0_run01.geojson
2026-04-26 00:42:20,781 - INFO - pairwise_permutation_test - GeoJSON: 430 detections from detections_text-t0.0_run01.geojson
2026-04-26 00:42:20,781 - INFO - pairwise_permutation_test - GeoJSON: 430 detections from detections_text-t0.0_run01.geojson
2026-04-26 00:42:20,781 - INFO - pairwise_permutation_test - GeoJSON: 519 detections from detections_image-t0.0_run01.geojson
2026-04-26 00:42:20,785 - INFO - pairwise_permutation_test - GeoJSON: 519 detections from detections_image-t0.0_run01.geojson
2026-04-26 00:42:20,789 - INFO - pairwise_permutation_test - GeoJSON: 746 detections from detections_image-t0.0_run01.geojson
2026-04-26 00:42:20,789 - INFO - pairwise_permutation_test - GeoJSON: 746 detections from detections_image-t0.0_run01.geojson
2026-04-26 00:42:20,791 - INFO - pairwise_permutation_test - GeoJSON: 1047 detections from detections_text-t0.0_run01.geojson
2026-04-26 00:42:20,791 - INFO - pairwise_permutation_test - GeoJSON: 941 detections from detections_pro-image-medium-t07_run01.geojson
2026-04-26 00:42:20,792 - INFO - pairwise_permutation_test - GeoJSON: 430 detections from detections_text-t0.0_run01.geojson
2026-04-26 00:42:20,792 - INFO - pairwise_permutation_test - GeoJSON: 1047 detections from detections_text-t0.0_run01.geojson
2026-04-26 00:42:20,792 - INFO - pairwise_permutation_test - GeoJSON: 519 detections from detections_image-t0.0_run01.geojson
2026-04-26 00:42:20,802 - INFO - pairwise_permutation_test - GeoJSON: 941 detections from detections_pro-image-medium-t07_run01.geojson
2026-04-26 00:42:20,807 - INFO - pairwise_permutation_test - GeoJSON: 1445 detections from detections_pro-text-medium-t07_run01.geojson
2026-04-26 00:42:21,809 - INFO - pairwise_permutation_test - GeoJSON: 519 detections from detections_image-t0.0_run01.geojson
2026-04-26 00:42:21,823 - INFO - pairwise_permutation_test - GeoJSON: 1445 detections from detections_pro-text-medium-t07_run01.geojson
2026-04-26 00:42:21,946 - INFO - pairwise_permutation_test - GeoJSON: 746 detections from detections_image-t0.0_run01.geojson
2026-04-26 00:42:21,957 - INFO - pairwise_permutation_test - GeoJSON: 1047 detections from detections_text-t0.0_run01.geojson
2026-04-26 00:42:21,978 - INFO - pairwise_permutation_test - GeoJSON: 746 detections from detections_image-t0.0_run01.geojson
2026-04-26 00:42:21,988 - INFO - pairwise_permutation_test - GeoJSON: 941 detections from detections_pro-image-medium-t07_run01.geojson
2026-04-26 00:42:22,047 - INFO - pairwise_permutation_test - GeoJSON: 746 detections from detections_image-t0.0_run01.geojson
2026-04-26 00:42:22,056 - INFO - pairwise_permutation_test - GeoJSON: 1047 detections from detections_text-t0.0_run01.geojson
2026-04-26 00:42:22,062 - INFO - pairwise_permutation_test - GeoJSON: 1445 detections from detections_pro-text-medium-t07_run01.geojson
2026-04-26 00:42:22,066 - INFO - pairwise_permutation_test - GeoJSON: 941 detections from detections_pro-image-medium-t07_run01.geojson
2026-04-26 00:42:22,112 - INFO - pairwise_permutation_test - GeoJSON: 1047 detections from detections_text-t0.0_run01.geojson
2026-04-26 00:42:22,127 - INFO - pairwise_permutation_test - GeoJSON: 1445 detections from detections_pro-text-medium-t07_run01.geojson
2026-04-26 00:42:22,128 - INFO - pairwise_permutation_test - GeoJSON: 941 detections from detections_pro-image-medium-t07_run01.geojson
2026-04-26 00:42:22,142 - INFO - pairwise_permutation_test - GeoJSON: 1445 detections from detections_pro-text-medium-t07_run01.geojson
2026-04-26 00:42:23,700 - INFO - __main__ - [15/15] pairwise done
2026-04-26 00:42:23,709 - INFO - __main__ - Pairwise: 0 cached, 15 computed
2026-04-26 00:42:23,709 - INFO - __main__ - Stage 4 complete in 3.0s
2026-04-26 00:42:23,709 - INFO - __main__ - FDR: 13/15 pairs significant at q=0.05 → 4 tiers
2026-04-26 00:42:23,710 - INFO - __main__ - Markdown leaderboard written to results/leaderboard/per-architecture/era2/single-pass/leaderboard_tiers_20m.md
2026-04-26 00:42:23,710 - INFO - __main__ - Markdown leaderboard written to results/leaderboard/per-architecture/era2/single-pass/leaderboard_tiers_30m.md
2026-04-26 00:42:23,710 - INFO - __main__ - Markdown leaderboard written to results/leaderboard/per-architecture/era2/single-pass/leaderboard_tiers_40m.md
2026-04-26 00:42:23,710 - INFO - __main__ - Markdown leaderboard written to results/leaderboard/per-architecture/era2/single-pass/leaderboard_tiers_50m.md
2026-04-26 00:42:23,710 - INFO - __main__ - Markdown leaderboard written to results/leaderboard/per-architecture/era2/single-pass/leaderboard_tiers_100m.md
2026-04-26 00:42:23,712 - INFO - __main__ - JSON leaderboard written to results/leaderboard/per-architecture/era2/single-pass/leaderboard_tiers_100m.json
2026-04-26 00:42:23,713 - INFO - __main__ - All evaluations written to results/leaderboard/per-architecture/era2/single-pass/leaderboard_all_evaluations.json

========================================================================
LEADERBOARD TIERS (F1, 100m buffer)
========================================================================

Tier 1 (F1: 0.794–0.807, 2 conditions)
    1. h11-pvd-pro-medium-text-baseline         F1=0.807  t=1
    2. h11-pvd-pro-medium-image-baseline        F1=0.794  t=1

Tier 2 (F1: 0.689–0.689, 1 conditions)
    3. h11-pvd-image-baseline                   F1=0.689  t=1

Tier 3 (F1: 0.538–0.593, 2 conditions)
    4. h11-pvd-text-baseline                    F1=0.538  t=1
    5. h11-n1-pro-image-medium-t07              F1=0.593  t=1

Tier 4 (F1: 0.432–0.432, 1 conditions)
    6. h11-n1-pro-text-medium-t07               F1=0.432  t=1

========================================================================
Total: 6 conditions in 4 tiers
========================================================================
