2026-04-26 00:46:05,491 - INFO - __main__ - build_tiered_leaderboard.py v1.0.0 — git b4b67486
2026-04-26 00:46:05,491 - INFO - __main__ - Resolved 8 conditions from inventory (era=2, track=None)
2026-04-26 00:46:05,491 - INFO - __main__ - Resolved 8 conditions
2026-04-26 00:46:05,491 - INFO - __main__ - Skipping evaluation (--skip-evaluation)
2026-04-26 00:46:05,492 - INFO - __main__ - Threshold selection at 20m; pairwise + tiering at 30m (Option A semantics)
2026-04-26 00:46:05,492 - INFO - __main__ - Top-N filter disabled (top_n=0); including all 8 conditions
2026-04-26 00:46:05,492 - INFO - __main__ - Selected 8 conditions (best F1=0.531 at 20m)
2026-04-26 00:46:05,515 - INFO - __main__ - Pairwise tests (f1): 28 pairs at 30m (10000 permutations, 8 workers)
2026-04-26 00:46:05,573 - INFO - pairwise_permutation_test - PV repair: 326 verified detections retained from verified-checklist-image.geojson (CRS overridden to EPSG:32635, polygons → centroids)
2026-04-26 00:46:05,573 - INFO - pairwise_permutation_test - PV repair: 326 verified detections retained from verified-checklist-image.geojson (CRS overridden to EPSG:32635, polygons → centroids)
2026-04-26 00:46:05,573 - INFO - pairwise_permutation_test - PV repair: 336 verified detections retained from verified-checklist-text.geojson (CRS overridden to EPSG:32635, polygons → centroids)
2026-04-26 00:46:05,573 - INFO - pairwise_permutation_test - PV repair: 326 verified detections retained from verified-checklist-image.geojson (CRS overridden to EPSG:32635, polygons → centroids)
2026-04-26 00:46:05,573 - INFO - pairwise_permutation_test - PV repair: 326 verified detections retained from verified-checklist-image.geojson (CRS overridden to EPSG:32635, polygons → centroids)
2026-04-26 00:46:05,573 - INFO - pairwise_permutation_test - GeoJSON: 326 detections from verified-checklist-image.geojson
2026-04-26 00:46:05,573 - INFO - pairwise_permutation_test - GeoJSON: 326 detections from verified-checklist-image.geojson
2026-04-26 00:46:05,573 - INFO - pairwise_permutation_test - GeoJSON: 336 detections from verified-checklist-text.geojson
2026-04-26 00:46:05,573 - INFO - pairwise_permutation_test - GeoJSON: 326 detections from verified-checklist-image.geojson
2026-04-26 00:46:05,573 - INFO - pairwise_permutation_test - GeoJSON: 326 detections from verified-checklist-image.geojson
2026-04-26 00:46:05,574 - INFO - pairwise_permutation_test - PV repair: 326 verified detections retained from verified-checklist-image.geojson (CRS overridden to EPSG:32635, polygons → centroids)
2026-04-26 00:46:05,574 - INFO - pairwise_permutation_test - GeoJSON: 326 detections from verified-checklist-image.geojson
2026-04-26 00:46:05,574 - INFO - pairwise_permutation_test - PV repair: 326 verified detections retained from verified-checklist-image.geojson (CRS overridden to EPSG:32635, polygons → centroids)
2026-04-26 00:46:05,574 - INFO - pairwise_permutation_test - GeoJSON: 326 detections from verified-checklist-image.geojson
2026-04-26 00:46:05,575 - INFO - pairwise_permutation_test - PV repair: 326 verified detections retained from verified-checklist-image.geojson (CRS overridden to EPSG:32635, polygons → centroids)
2026-04-26 00:46:05,575 - INFO - pairwise_permutation_test - GeoJSON: 326 detections from verified-checklist-image.geojson
2026-04-26 00:46:05,581 - INFO - pairwise_permutation_test - PV repair: 264 verified detections retained from verified-cascade-adversarial-checklist.geojson (CRS overridden to EPSG:32635, polygons → centroids)
2026-04-26 00:46:05,581 - INFO - pairwise_permutation_test - GeoJSON: 264 detections from verified-cascade-adversarial-checklist.geojson
2026-04-26 00:46:05,584 - INFO - pairwise_permutation_test - PV repair: 260 verified detections retained from verified-cascade-checklist-adversarial.geojson (CRS overridden to EPSG:32635, polygons → centroids)
2026-04-26 00:46:05,584 - INFO - pairwise_permutation_test - GeoJSON: 260 detections from verified-cascade-checklist-adversarial.geojson
2026-04-26 00:46:05,587 - INFO - pairwise_permutation_test - PV repair: 326 verified detections retained from verified-brief-image.geojson (CRS overridden to EPSG:32635, polygons → centroids)
2026-04-26 00:46:05,587 - INFO - pairwise_permutation_test - PV repair: 326 verified detections retained from verified-brief-image.geojson (CRS overridden to EPSG:32635, polygons → centroids)
2026-04-26 00:46:05,587 - INFO - pairwise_permutation_test - GeoJSON: 326 detections from verified-brief-image.geojson
2026-04-26 00:46:05,587 - INFO - pairwise_permutation_test - GeoJSON: 326 detections from verified-brief-image.geojson
2026-04-26 00:46:05,587 - INFO - pairwise_permutation_test - PV repair: 269 verified detections retained from verified-brief-text.geojson (CRS overridden to EPSG:32635, polygons → centroids)
2026-04-26 00:46:05,587 - INFO - pairwise_permutation_test - GeoJSON: 269 detections from verified-brief-text.geojson
2026-04-26 00:46:05,588 - INFO - pairwise_permutation_test - PV repair: 336 verified detections retained from verified-checklist-text.geojson (CRS overridden to EPSG:32635, polygons → centroids)
2026-04-26 00:46:05,588 - INFO - pairwise_permutation_test - GeoJSON: 336 detections from verified-checklist-text.geojson
2026-04-26 00:46:05,589 - INFO - pairwise_permutation_test - PV repair: 261 verified detections retained from verified-adversarial-image.geojson (CRS overridden to EPSG:32635, polygons → centroids)
2026-04-26 00:46:05,589 - INFO - pairwise_permutation_test - GeoJSON: 261 detections from verified-adversarial-image.geojson
2026-04-26 00:46:05,590 - INFO - pairwise_permutation_test - PV repair: 215 verified detections retained from verified-adversarial-text.geojson (CRS overridden to EPSG:32635, polygons → centroids)
2026-04-26 00:46:05,590 - INFO - pairwise_permutation_test - GeoJSON: 215 detections from verified-adversarial-text.geojson
2026-04-26 00:46:06,371 - INFO - pairwise_permutation_test - PV repair: 336 verified detections retained from verified-checklist-text.geojson (CRS overridden to EPSG:32635, polygons → centroids)
2026-04-26 00:46:06,371 - INFO - pairwise_permutation_test - GeoJSON: 336 detections from verified-checklist-text.geojson
2026-04-26 00:46:06,384 - INFO - pairwise_permutation_test - PV repair: 269 verified detections retained from verified-brief-text.geojson (CRS overridden to EPSG:32635, polygons → centroids)
2026-04-26 00:46:06,384 - INFO - pairwise_permutation_test - GeoJSON: 269 detections from verified-brief-text.geojson
2026-04-26 00:46:06,389 - INFO - pairwise_permutation_test - PV repair: 336 verified detections retained from verified-checklist-text.geojson (CRS overridden to EPSG:32635, polygons → centroids)
2026-04-26 00:46:06,389 - INFO - pairwise_permutation_test - GeoJSON: 336 detections from verified-checklist-text.geojson
2026-04-26 00:46:06,396 - INFO - pairwise_permutation_test - PV repair: 264 verified detections retained from verified-cascade-adversarial-checklist.geojson (CRS overridden to EPSG:32635, polygons → centroids)
2026-04-26 00:46:06,396 - INFO - pairwise_permutation_test - GeoJSON: 264 detections from verified-cascade-adversarial-checklist.geojson
2026-04-26 00:46:06,398 - INFO - pairwise_permutation_test - PV repair: 336 verified detections retained from verified-checklist-text.geojson (CRS overridden to EPSG:32635, polygons → centroids)
2026-04-26 00:46:06,398 - INFO - pairwise_permutation_test - GeoJSON: 336 detections from verified-checklist-text.geojson
2026-04-26 00:46:06,407 - INFO - pairwise_permutation_test - PV repair: 260 verified detections retained from verified-cascade-checklist-adversarial.geojson (CRS overridden to EPSG:32635, polygons → centroids)
2026-04-26 00:46:06,407 - INFO - pairwise_permutation_test - GeoJSON: 260 detections from verified-cascade-checklist-adversarial.geojson
2026-04-26 00:46:06,419 - INFO - pairwise_permutation_test - PV repair: 336 verified detections retained from verified-checklist-text.geojson (CRS overridden to EPSG:32635, polygons → centroids)
2026-04-26 00:46:06,419 - INFO - pairwise_permutation_test - GeoJSON: 336 detections from verified-checklist-text.geojson
2026-04-26 00:46:06,424 - INFO - pairwise_permutation_test - PV repair: 336 verified detections retained from verified-checklist-text.geojson (CRS overridden to EPSG:32635, polygons → centroids)
2026-04-26 00:46:06,424 - INFO - pairwise_permutation_test - GeoJSON: 336 detections from verified-checklist-text.geojson
2026-04-26 00:46:06,428 - INFO - pairwise_permutation_test - PV repair: 326 verified detections retained from verified-brief-image.geojson (CRS overridden to EPSG:32635, polygons → centroids)
2026-04-26 00:46:06,428 - INFO - pairwise_permutation_test - GeoJSON: 326 detections from verified-brief-image.geojson
2026-04-26 00:46:06,433 - INFO - pairwise_permutation_test - PV repair: 326 verified detections retained from verified-brief-image.geojson (CRS overridden to EPSG:32635, polygons → centroids)
2026-04-26 00:46:06,433 - INFO - pairwise_permutation_test - GeoJSON: 326 detections from verified-brief-image.geojson
2026-04-26 00:46:06,433 - INFO - pairwise_permutation_test - PV repair: 261 verified detections retained from verified-adversarial-image.geojson (CRS overridden to EPSG:32635, polygons → centroids)
2026-04-26 00:46:06,433 - INFO - pairwise_permutation_test - GeoJSON: 261 detections from verified-adversarial-image.geojson
2026-04-26 00:46:06,437 - INFO - pairwise_permutation_test - PV repair: 326 verified detections retained from verified-brief-image.geojson (CRS overridden to EPSG:32635, polygons → centroids)
2026-04-26 00:46:06,437 - INFO - pairwise_permutation_test - GeoJSON: 326 detections from verified-brief-image.geojson
2026-04-26 00:46:06,439 - INFO - pairwise_permutation_test - PV repair: 215 verified detections retained from verified-adversarial-text.geojson (CRS overridden to EPSG:32635, polygons → centroids)
2026-04-26 00:46:06,439 - INFO - pairwise_permutation_test - GeoJSON: 215 detections from verified-adversarial-text.geojson
2026-04-26 00:46:06,440 - INFO - pairwise_permutation_test - PV repair: 264 verified detections retained from verified-cascade-adversarial-checklist.geojson (CRS overridden to EPSG:32635, polygons → centroids)
2026-04-26 00:46:06,440 - INFO - pairwise_permutation_test - GeoJSON: 264 detections from verified-cascade-adversarial-checklist.geojson
2026-04-26 00:46:06,441 - INFO - pairwise_permutation_test - PV repair: 269 verified detections retained from verified-brief-text.geojson (CRS overridden to EPSG:32635, polygons → centroids)
2026-04-26 00:46:06,441 - INFO - pairwise_permutation_test - GeoJSON: 269 detections from verified-brief-text.geojson
2026-04-26 00:46:06,445 - INFO - pairwise_permutation_test - PV repair: 260 verified detections retained from verified-cascade-checklist-adversarial.geojson (CRS overridden to EPSG:32635, polygons → centroids)
2026-04-26 00:46:06,445 - INFO - pairwise_permutation_test - GeoJSON: 260 detections from verified-cascade-checklist-adversarial.geojson
2026-04-26 00:46:07,181 - INFO - pairwise_permutation_test - PV repair: 326 verified detections retained from verified-brief-image.geojson (CRS overridden to EPSG:32635, polygons → centroids)
2026-04-26 00:46:07,181 - INFO - pairwise_permutation_test - GeoJSON: 326 detections from verified-brief-image.geojson
2026-04-26 00:46:07,194 - INFO - pairwise_permutation_test - PV repair: 261 verified detections retained from verified-adversarial-image.geojson (CRS overridden to EPSG:32635, polygons → centroids)
2026-04-26 00:46:07,194 - INFO - pairwise_permutation_test - GeoJSON: 261 detections from verified-adversarial-image.geojson
2026-04-26 00:46:07,204 - INFO - pairwise_permutation_test - PV repair: 326 verified detections retained from verified-brief-image.geojson (CRS overridden to EPSG:32635, polygons → centroids)
2026-04-26 00:46:07,204 - INFO - pairwise_permutation_test - GeoJSON: 326 detections from verified-brief-image.geojson
2026-04-26 00:46:07,218 - INFO - pairwise_permutation_test - PV repair: 215 verified detections retained from verified-adversarial-text.geojson (CRS overridden to EPSG:32635, polygons → centroids)
2026-04-26 00:46:07,218 - INFO - pairwise_permutation_test - GeoJSON: 215 detections from verified-adversarial-text.geojson
2026-04-26 00:46:07,219 - INFO - pairwise_permutation_test - PV repair: 269 verified detections retained from verified-brief-text.geojson (CRS overridden to EPSG:32635, polygons → centroids)
2026-04-26 00:46:07,219 - INFO - pairwise_permutation_test - GeoJSON: 269 detections from verified-brief-text.geojson
2026-04-26 00:46:07,226 - INFO - pairwise_permutation_test - PV repair: 264 verified detections retained from verified-cascade-adversarial-checklist.geojson (CRS overridden to EPSG:32635, polygons → centroids)
2026-04-26 00:46:07,226 - INFO - pairwise_permutation_test - GeoJSON: 264 detections from verified-cascade-adversarial-checklist.geojson
2026-04-26 00:46:07,236 - INFO - pairwise_permutation_test - PV repair: 269 verified detections retained from verified-brief-text.geojson (CRS overridden to EPSG:32635, polygons → centroids)
2026-04-26 00:46:07,236 - INFO - pairwise_permutation_test - GeoJSON: 269 detections from verified-brief-text.geojson
2026-04-26 00:46:07,239 - INFO - pairwise_permutation_test - PV repair: 264 verified detections retained from verified-cascade-adversarial-checklist.geojson (CRS overridden to EPSG:32635, polygons → centroids)
2026-04-26 00:46:07,239 - INFO - pairwise_permutation_test - GeoJSON: 264 detections from verified-cascade-adversarial-checklist.geojson
2026-04-26 00:46:07,240 - INFO - pairwise_permutation_test - PV repair: 269 verified detections retained from verified-brief-text.geojson (CRS overridden to EPSG:32635, polygons → centroids)
2026-04-26 00:46:07,240 - INFO - pairwise_permutation_test - GeoJSON: 269 detections from verified-brief-text.geojson
2026-04-26 00:46:07,242 - INFO - pairwise_permutation_test - PV repair: 269 verified detections retained from verified-brief-text.geojson (CRS overridden to EPSG:32635, polygons → centroids)
2026-04-26 00:46:07,242 - INFO - pairwise_permutation_test - GeoJSON: 269 detections from verified-brief-text.geojson
2026-04-26 00:46:07,245 - INFO - pairwise_permutation_test - PV repair: 260 verified detections retained from verified-cascade-checklist-adversarial.geojson (CRS overridden to EPSG:32635, polygons → centroids)
2026-04-26 00:46:07,245 - INFO - pairwise_permutation_test - GeoJSON: 260 detections from verified-cascade-checklist-adversarial.geojson
2026-04-26 00:46:07,248 - INFO - pairwise_permutation_test - PV repair: 260 verified detections retained from verified-cascade-checklist-adversarial.geojson (CRS overridden to EPSG:32635, polygons → centroids)
2026-04-26 00:46:07,248 - INFO - pairwise_permutation_test - GeoJSON: 260 detections from verified-cascade-checklist-adversarial.geojson
2026-04-26 00:46:07,252 - INFO - pairwise_permutation_test - PV repair: 264 verified detections retained from verified-cascade-adversarial-checklist.geojson (CRS overridden to EPSG:32635, polygons → centroids)
2026-04-26 00:46:07,252 - INFO - pairwise_permutation_test - GeoJSON: 264 detections from verified-cascade-adversarial-checklist.geojson
2026-04-26 00:46:07,254 - INFO - pairwise_permutation_test - PV repair: 261 verified detections retained from verified-adversarial-image.geojson (CRS overridden to EPSG:32635, polygons → centroids)
2026-04-26 00:46:07,254 - INFO - pairwise_permutation_test - GeoJSON: 261 detections from verified-adversarial-image.geojson
2026-04-26 00:46:07,256 - INFO - pairwise_permutation_test - PV repair: 215 verified detections retained from verified-adversarial-text.geojson (CRS overridden to EPSG:32635, polygons → centroids)
2026-04-26 00:46:07,256 - INFO - pairwise_permutation_test - GeoJSON: 215 detections from verified-adversarial-text.geojson
2026-04-26 00:46:07,266 - INFO - pairwise_permutation_test - PV repair: 261 verified detections retained from verified-adversarial-image.geojson (CRS overridden to EPSG:32635, polygons → centroids)
2026-04-26 00:46:07,266 - INFO - pairwise_permutation_test - GeoJSON: 261 detections from verified-adversarial-image.geojson
2026-04-26 00:46:07,975 - INFO - pairwise_permutation_test - PV repair: 264 verified detections retained from verified-cascade-adversarial-checklist.geojson (CRS overridden to EPSG:32635, polygons → centroids)
2026-04-26 00:46:07,976 - INFO - pairwise_permutation_test - GeoJSON: 264 detections from verified-cascade-adversarial-checklist.geojson
2026-04-26 00:46:07,983 - INFO - pairwise_permutation_test - PV repair: 260 verified detections retained from verified-cascade-checklist-adversarial.geojson (CRS overridden to EPSG:32635, polygons → centroids)
2026-04-26 00:46:07,984 - INFO - pairwise_permutation_test - GeoJSON: 260 detections from verified-cascade-checklist-adversarial.geojson
2026-04-26 00:46:07,987 - INFO - pairwise_permutation_test - PV repair: 260 verified detections retained from verified-cascade-checklist-adversarial.geojson (CRS overridden to EPSG:32635, polygons → centroids)
2026-04-26 00:46:07,987 - INFO - pairwise_permutation_test - GeoJSON: 260 detections from verified-cascade-checklist-adversarial.geojson
2026-04-26 00:46:07,989 - INFO - pairwise_permutation_test - PV repair: 215 verified detections retained from verified-adversarial-text.geojson (CRS overridden to EPSG:32635, polygons → centroids)
2026-04-26 00:46:07,990 - INFO - pairwise_permutation_test - GeoJSON: 215 detections from verified-adversarial-text.geojson
2026-04-26 00:46:07,993 - INFO - pairwise_permutation_test - PV repair: 261 verified detections retained from verified-adversarial-image.geojson (CRS overridden to EPSG:32635, polygons → centroids)
2026-04-26 00:46:07,993 - INFO - pairwise_permutation_test - GeoJSON: 261 detections from verified-adversarial-image.geojson
2026-04-26 00:46:07,997 - INFO - pairwise_permutation_test - PV repair: 261 verified detections retained from verified-adversarial-image.geojson (CRS overridden to EPSG:32635, polygons → centroids)
2026-04-26 00:46:07,997 - INFO - pairwise_permutation_test - GeoJSON: 261 detections from verified-adversarial-image.geojson
2026-04-26 00:46:08,001 - INFO - pairwise_permutation_test - PV repair: 215 verified detections retained from verified-adversarial-text.geojson (CRS overridden to EPSG:32635, polygons → centroids)
2026-04-26 00:46:08,001 - INFO - pairwise_permutation_test - GeoJSON: 215 detections from verified-adversarial-text.geojson
2026-04-26 00:46:08,006 - INFO - pairwise_permutation_test - PV repair: 215 verified detections retained from verified-adversarial-text.geojson (CRS overridden to EPSG:32635, polygons → centroids)
2026-04-26 00:46:08,006 - INFO - pairwise_permutation_test - GeoJSON: 215 detections from verified-adversarial-text.geojson
2026-04-26 00:46:08,681 - INFO - __main__ - [28/28] pairwise done
2026-04-26 00:46:08,689 - INFO - __main__ - Pairwise: 0 cached, 28 computed
2026-04-26 00:46:08,689 - INFO - __main__ - Stage 4 complete in 3.2s
2026-04-26 00:46:08,690 - INFO - __main__ - FDR: 0/28 pairs significant at q=0.05 → 1 tiers
2026-04-26 00:46:08,690 - INFO - __main__ - Markdown leaderboard written to results/leaderboard/per-architecture/era2/single-pass+PV/leaderboard_tiers_20m.md
2026-04-26 00:46:08,690 - INFO - __main__ - Markdown leaderboard written to results/leaderboard/per-architecture/era2/single-pass+PV/leaderboard_tiers_30m.md
2026-04-26 00:46:08,690 - INFO - __main__ - Markdown leaderboard written to results/leaderboard/per-architecture/era2/single-pass+PV/leaderboard_tiers_40m.md
2026-04-26 00:46:08,690 - INFO - __main__ - Markdown leaderboard written to results/leaderboard/per-architecture/era2/single-pass+PV/leaderboard_tiers_50m.md
2026-04-26 00:46:08,690 - INFO - __main__ - Markdown leaderboard written to results/leaderboard/per-architecture/era2/single-pass+PV/leaderboard_tiers_100m.md
2026-04-26 00:46:08,693 - INFO - __main__ - JSON leaderboard written to results/leaderboard/per-architecture/era2/single-pass+PV/leaderboard_tiers_30m.json
2026-04-26 00:46:08,694 - INFO - __main__ - All evaluations written to results/leaderboard/per-architecture/era2/single-pass+PV/leaderboard_all_evaluations.json

========================================================================
LEADERBOARD TIERS (F1, 30m buffer)
========================================================================

Tier 1 (F1: 0.477–0.541, 8 conditions)
    1. pv-checklist-image                       F1=0.541  t=1
    2. pv-checklist-text                        F1=0.532  t=1
    3. pv-brief-image                           F1=0.531  t=1
    4. pv-brief-text                            F1=0.523  t=1
    5. pv-cascade-adversarial-checklist         F1=0.515  t=1
    6. pv-cascade-checklist-adversarial         F1=0.506  t=1
    7. pv-adversarial-image                     F1=0.506  t=1
    8. pv-adversarial-text                      F1=0.477  t=1

========================================================================
Total: 8 conditions in 1 tiers
========================================================================
