2026-04-26 00:46:17,487 - INFO - __main__ - build_tiered_leaderboard.py v1.0.0 — git b4b67486
2026-04-26 00:46:17,487 - INFO - __main__ - Resolved 8 conditions from inventory (era=2, track=None)
2026-04-26 00:46:17,487 - INFO - __main__ - Resolved 8 conditions
2026-04-26 00:46:17,488 - INFO - __main__ - Skipping evaluation (--skip-evaluation)
2026-04-26 00:46:17,488 - INFO - __main__ - Threshold selection at 20m; pairwise + tiering at 100m (Option A semantics)
2026-04-26 00:46:17,489 - INFO - __main__ - Top-N filter disabled (top_n=0); including all 8 conditions
2026-04-26 00:46:17,489 - INFO - __main__ - Selected 8 conditions (best F1=0.531 at 20m)
2026-04-26 00:46:17,511 - INFO - __main__ - Pairwise tests (f1): 28 pairs at 100m (10000 permutations, 8 workers)
2026-04-26 00:46:17,569 - INFO - pairwise_permutation_test - PV repair: 326 verified detections retained from verified-checklist-image.geojson (CRS overridden to EPSG:32635, polygons → centroids)
2026-04-26 00:46:17,569 - INFO - pairwise_permutation_test - PV repair: 326 verified detections retained from verified-checklist-image.geojson (CRS overridden to EPSG:32635, polygons → centroids)
2026-04-26 00:46:17,569 - INFO - pairwise_permutation_test - PV repair: 326 verified detections retained from verified-checklist-image.geojson (CRS overridden to EPSG:32635, polygons → centroids)
2026-04-26 00:46:17,569 - INFO - pairwise_permutation_test - PV repair: 326 verified detections retained from verified-checklist-image.geojson (CRS overridden to EPSG:32635, polygons → centroids)
2026-04-26 00:46:17,569 - INFO - pairwise_permutation_test - PV repair: 326 verified detections retained from verified-checklist-image.geojson (CRS overridden to EPSG:32635, polygons → centroids)
2026-04-26 00:46:17,569 - INFO - pairwise_permutation_test - PV repair: 326 verified detections retained from verified-checklist-image.geojson (CRS overridden to EPSG:32635, polygons → centroids)
2026-04-26 00:46:17,569 - INFO - pairwise_permutation_test - GeoJSON: 326 detections from verified-checklist-image.geojson
2026-04-26 00:46:17,569 - INFO - pairwise_permutation_test - GeoJSON: 326 detections from verified-checklist-image.geojson
2026-04-26 00:46:17,569 - INFO - pairwise_permutation_test - GeoJSON: 326 detections from verified-checklist-image.geojson
2026-04-26 00:46:17,569 - INFO - pairwise_permutation_test - GeoJSON: 326 detections from verified-checklist-image.geojson
2026-04-26 00:46:17,569 - INFO - pairwise_permutation_test - GeoJSON: 326 detections from verified-checklist-image.geojson
2026-04-26 00:46:17,569 - INFO - pairwise_permutation_test - GeoJSON: 326 detections from verified-checklist-image.geojson
2026-04-26 00:46:17,570 - INFO - pairwise_permutation_test - PV repair: 326 verified detections retained from verified-checklist-image.geojson (CRS overridden to EPSG:32635, polygons → centroids)
2026-04-26 00:46:17,570 - INFO - pairwise_permutation_test - PV repair: 336 verified detections retained from verified-checklist-text.geojson (CRS overridden to EPSG:32635, polygons → centroids)
2026-04-26 00:46:17,570 - INFO - pairwise_permutation_test - GeoJSON: 326 detections from verified-checklist-image.geojson
2026-04-26 00:46:17,570 - INFO - pairwise_permutation_test - GeoJSON: 336 detections from verified-checklist-text.geojson
2026-04-26 00:46:17,577 - INFO - pairwise_permutation_test - PV repair: 264 verified detections retained from verified-cascade-adversarial-checklist.geojson (CRS overridden to EPSG:32635, polygons → centroids)
2026-04-26 00:46:17,577 - INFO - pairwise_permutation_test - GeoJSON: 264 detections from verified-cascade-adversarial-checklist.geojson
2026-04-26 00:46:17,579 - INFO - pairwise_permutation_test - PV repair: 260 verified detections retained from verified-cascade-checklist-adversarial.geojson (CRS overridden to EPSG:32635, polygons → centroids)
2026-04-26 00:46:17,579 - INFO - pairwise_permutation_test - GeoJSON: 260 detections from verified-cascade-checklist-adversarial.geojson
2026-04-26 00:46:17,583 - INFO - pairwise_permutation_test - PV repair: 269 verified detections retained from verified-brief-text.geojson (CRS overridden to EPSG:32635, polygons → centroids)
2026-04-26 00:46:17,583 - INFO - pairwise_permutation_test - PV repair: 326 verified detections retained from verified-brief-image.geojson (CRS overridden to EPSG:32635, polygons → centroids)
2026-04-26 00:46:17,583 - INFO - pairwise_permutation_test - GeoJSON: 269 detections from verified-brief-text.geojson
2026-04-26 00:46:17,583 - INFO - pairwise_permutation_test - GeoJSON: 326 detections from verified-brief-image.geojson
2026-04-26 00:46:17,583 - INFO - pairwise_permutation_test - PV repair: 336 verified detections retained from verified-checklist-text.geojson (CRS overridden to EPSG:32635, polygons → centroids)
2026-04-26 00:46:17,583 - INFO - pairwise_permutation_test - GeoJSON: 336 detections from verified-checklist-text.geojson
2026-04-26 00:46:17,583 - INFO - pairwise_permutation_test - PV repair: 261 verified detections retained from verified-adversarial-image.geojson (CRS overridden to EPSG:32635, polygons → centroids)
2026-04-26 00:46:17,583 - INFO - pairwise_permutation_test - GeoJSON: 261 detections from verified-adversarial-image.geojson
2026-04-26 00:46:17,584 - INFO - pairwise_permutation_test - PV repair: 215 verified detections retained from verified-adversarial-text.geojson (CRS overridden to EPSG:32635, polygons → centroids)
2026-04-26 00:46:17,584 - INFO - pairwise_permutation_test - GeoJSON: 215 detections from verified-adversarial-text.geojson
2026-04-26 00:46:17,584 - INFO - pairwise_permutation_test - PV repair: 326 verified detections retained from verified-brief-image.geojson (CRS overridden to EPSG:32635, polygons → centroids)
2026-04-26 00:46:17,584 - INFO - pairwise_permutation_test - GeoJSON: 326 detections from verified-brief-image.geojson
2026-04-26 00:46:18,356 - INFO - pairwise_permutation_test - PV repair: 336 verified detections retained from verified-checklist-text.geojson (CRS overridden to EPSG:32635, polygons → centroids)
2026-04-26 00:46:18,356 - INFO - pairwise_permutation_test - GeoJSON: 336 detections from verified-checklist-text.geojson
2026-04-26 00:46:18,370 - INFO - pairwise_permutation_test - PV repair: 269 verified detections retained from verified-brief-text.geojson (CRS overridden to EPSG:32635, polygons → centroids)
2026-04-26 00:46:18,370 - INFO - pairwise_permutation_test - GeoJSON: 269 detections from verified-brief-text.geojson
2026-04-26 00:46:18,378 - INFO - pairwise_permutation_test - PV repair: 336 verified detections retained from verified-checklist-text.geojson (CRS overridden to EPSG:32635, polygons → centroids)
2026-04-26 00:46:18,378 - INFO - pairwise_permutation_test - GeoJSON: 336 detections from verified-checklist-text.geojson
2026-04-26 00:46:18,381 - INFO - pairwise_permutation_test - PV repair: 336 verified detections retained from verified-checklist-text.geojson (CRS overridden to EPSG:32635, polygons → centroids)
2026-04-26 00:46:18,381 - INFO - pairwise_permutation_test - GeoJSON: 336 detections from verified-checklist-text.geojson
2026-04-26 00:46:18,385 - INFO - pairwise_permutation_test - PV repair: 264 verified detections retained from verified-cascade-adversarial-checklist.geojson (CRS overridden to EPSG:32635, polygons → centroids)
2026-04-26 00:46:18,385 - INFO - pairwise_permutation_test - GeoJSON: 264 detections from verified-cascade-adversarial-checklist.geojson
2026-04-26 00:46:18,390 - INFO - pairwise_permutation_test - PV repair: 260 verified detections retained from verified-cascade-checklist-adversarial.geojson (CRS overridden to EPSG:32635, polygons → centroids)
2026-04-26 00:46:18,390 - INFO - pairwise_permutation_test - GeoJSON: 260 detections from verified-cascade-checklist-adversarial.geojson
2026-04-26 00:46:18,406 - INFO - pairwise_permutation_test - PV repair: 336 verified detections retained from verified-checklist-text.geojson (CRS overridden to EPSG:32635, polygons → centroids)
2026-04-26 00:46:18,406 - INFO - pairwise_permutation_test - GeoJSON: 336 detections from verified-checklist-text.geojson
2026-04-26 00:46:18,413 - INFO - pairwise_permutation_test - PV repair: 336 verified detections retained from verified-checklist-text.geojson (CRS overridden to EPSG:32635, polygons → centroids)
2026-04-26 00:46:18,413 - INFO - pairwise_permutation_test - GeoJSON: 336 detections from verified-checklist-text.geojson
2026-04-26 00:46:18,420 - INFO - pairwise_permutation_test - PV repair: 261 verified detections retained from verified-adversarial-image.geojson (CRS overridden to EPSG:32635, polygons → centroids)
2026-04-26 00:46:18,420 - INFO - pairwise_permutation_test - GeoJSON: 261 detections from verified-adversarial-image.geojson
2026-04-26 00:46:18,421 - INFO - pairwise_permutation_test - PV repair: 326 verified detections retained from verified-brief-image.geojson (CRS overridden to EPSG:32635, polygons → centroids)
2026-04-26 00:46:18,421 - INFO - pairwise_permutation_test - GeoJSON: 326 detections from verified-brief-image.geojson
2026-04-26 00:46:18,425 - INFO - pairwise_permutation_test - PV repair: 326 verified detections retained from verified-brief-image.geojson (CRS overridden to EPSG:32635, polygons → centroids)
2026-04-26 00:46:18,425 - INFO - pairwise_permutation_test - GeoJSON: 326 detections from verified-brief-image.geojson
2026-04-26 00:46:18,427 - INFO - pairwise_permutation_test - PV repair: 215 verified detections retained from verified-adversarial-text.geojson (CRS overridden to EPSG:32635, polygons → centroids)
2026-04-26 00:46:18,427 - INFO - pairwise_permutation_test - GeoJSON: 215 detections from verified-adversarial-text.geojson
2026-04-26 00:46:18,432 - INFO - pairwise_permutation_test - PV repair: 264 verified detections retained from verified-cascade-adversarial-checklist.geojson (CRS overridden to EPSG:32635, polygons → centroids)
2026-04-26 00:46:18,432 - INFO - pairwise_permutation_test - GeoJSON: 264 detections from verified-cascade-adversarial-checklist.geojson
2026-04-26 00:46:18,435 - INFO - pairwise_permutation_test - PV repair: 269 verified detections retained from verified-brief-text.geojson (CRS overridden to EPSG:32635, polygons → centroids)
2026-04-26 00:46:18,435 - INFO - pairwise_permutation_test - GeoJSON: 269 detections from verified-brief-text.geojson
2026-04-26 00:46:18,451 - INFO - pairwise_permutation_test - PV repair: 326 verified detections retained from verified-brief-image.geojson (CRS overridden to EPSG:32635, polygons → centroids)
2026-04-26 00:46:18,451 - INFO - pairwise_permutation_test - GeoJSON: 326 detections from verified-brief-image.geojson
2026-04-26 00:46:18,460 - INFO - pairwise_permutation_test - PV repair: 260 verified detections retained from verified-cascade-checklist-adversarial.geojson (CRS overridden to EPSG:32635, polygons → centroids)
2026-04-26 00:46:18,460 - INFO - pairwise_permutation_test - GeoJSON: 260 detections from verified-cascade-checklist-adversarial.geojson
2026-04-26 00:46:19,163 - INFO - pairwise_permutation_test - PV repair: 326 verified detections retained from verified-brief-image.geojson (CRS overridden to EPSG:32635, polygons → centroids)
2026-04-26 00:46:19,163 - INFO - pairwise_permutation_test - GeoJSON: 326 detections from verified-brief-image.geojson
2026-04-26 00:46:19,177 - INFO - pairwise_permutation_test - PV repair: 261 verified detections retained from verified-adversarial-image.geojson (CRS overridden to EPSG:32635, polygons → centroids)
2026-04-26 00:46:19,177 - INFO - pairwise_permutation_test - GeoJSON: 261 detections from verified-adversarial-image.geojson
2026-04-26 00:46:19,184 - INFO - pairwise_permutation_test - PV repair: 326 verified detections retained from verified-brief-image.geojson (CRS overridden to EPSG:32635, polygons → centroids)
2026-04-26 00:46:19,184 - INFO - pairwise_permutation_test - GeoJSON: 326 detections from verified-brief-image.geojson
2026-04-26 00:46:19,186 - INFO - pairwise_permutation_test - PV repair: 269 verified detections retained from verified-brief-text.geojson (CRS overridden to EPSG:32635, polygons → centroids)
2026-04-26 00:46:19,186 - INFO - pairwise_permutation_test - GeoJSON: 269 detections from verified-brief-text.geojson
2026-04-26 00:46:19,193 - INFO - pairwise_permutation_test - PV repair: 264 verified detections retained from verified-cascade-adversarial-checklist.geojson (CRS overridden to EPSG:32635, polygons → centroids)
2026-04-26 00:46:19,193 - INFO - pairwise_permutation_test - GeoJSON: 264 detections from verified-cascade-adversarial-checklist.geojson
2026-04-26 00:46:19,198 - INFO - pairwise_permutation_test - PV repair: 215 verified detections retained from verified-adversarial-text.geojson (CRS overridden to EPSG:32635, polygons → centroids)
2026-04-26 00:46:19,198 - INFO - pairwise_permutation_test - GeoJSON: 215 detections from verified-adversarial-text.geojson
2026-04-26 00:46:19,218 - INFO - pairwise_permutation_test - PV repair: 269 verified detections retained from verified-brief-text.geojson (CRS overridden to EPSG:32635, polygons → centroids)
2026-04-26 00:46:19,218 - INFO - pairwise_permutation_test - GeoJSON: 269 detections from verified-brief-text.geojson
2026-04-26 00:46:19,226 - INFO - pairwise_permutation_test - PV repair: 269 verified detections retained from verified-brief-text.geojson (CRS overridden to EPSG:32635, polygons → centroids)
2026-04-26 00:46:19,226 - INFO - pairwise_permutation_test - GeoJSON: 269 detections from verified-brief-text.geojson
2026-04-26 00:46:19,227 - INFO - pairwise_permutation_test - PV repair: 260 verified detections retained from verified-cascade-checklist-adversarial.geojson (CRS overridden to EPSG:32635, polygons → centroids)
2026-04-26 00:46:19,227 - INFO - pairwise_permutation_test - GeoJSON: 260 detections from verified-cascade-checklist-adversarial.geojson
2026-04-26 00:46:19,229 - INFO - pairwise_permutation_test - PV repair: 264 verified detections retained from verified-cascade-adversarial-checklist.geojson (CRS overridden to EPSG:32635, polygons → centroids)
2026-04-26 00:46:19,229 - INFO - pairwise_permutation_test - GeoJSON: 264 detections from verified-cascade-adversarial-checklist.geojson
2026-04-26 00:46:19,229 - INFO - pairwise_permutation_test - PV repair: 269 verified detections retained from verified-brief-text.geojson (CRS overridden to EPSG:32635, polygons → centroids)
2026-04-26 00:46:19,229 - INFO - pairwise_permutation_test - GeoJSON: 269 detections from verified-brief-text.geojson
2026-04-26 00:46:19,237 - INFO - pairwise_permutation_test - PV repair: 260 verified detections retained from verified-cascade-checklist-adversarial.geojson (CRS overridden to EPSG:32635, polygons → centroids)
2026-04-26 00:46:19,237 - INFO - pairwise_permutation_test - GeoJSON: 260 detections from verified-cascade-checklist-adversarial.geojson
2026-04-26 00:46:19,240 - INFO - pairwise_permutation_test - PV repair: 261 verified detections retained from verified-adversarial-image.geojson (CRS overridden to EPSG:32635, polygons → centroids)
2026-04-26 00:46:19,240 - INFO - pairwise_permutation_test - GeoJSON: 261 detections from verified-adversarial-image.geojson
2026-04-26 00:46:19,243 - INFO - pairwise_permutation_test - PV repair: 215 verified detections retained from verified-adversarial-text.geojson (CRS overridden to EPSG:32635, polygons → centroids)
2026-04-26 00:46:19,243 - INFO - pairwise_permutation_test - GeoJSON: 215 detections from verified-adversarial-text.geojson
2026-04-26 00:46:19,268 - INFO - pairwise_permutation_test - PV repair: 264 verified detections retained from verified-cascade-adversarial-checklist.geojson (CRS overridden to EPSG:32635, polygons → centroids)
2026-04-26 00:46:19,268 - INFO - pairwise_permutation_test - GeoJSON: 264 detections from verified-cascade-adversarial-checklist.geojson
2026-04-26 00:46:19,282 - INFO - pairwise_permutation_test - PV repair: 261 verified detections retained from verified-adversarial-image.geojson (CRS overridden to EPSG:32635, polygons → centroids)
2026-04-26 00:46:19,282 - INFO - pairwise_permutation_test - GeoJSON: 261 detections from verified-adversarial-image.geojson
2026-04-26 00:46:19,940 - INFO - pairwise_permutation_test - PV repair: 264 verified detections retained from verified-cascade-adversarial-checklist.geojson (CRS overridden to EPSG:32635, polygons → centroids)
2026-04-26 00:46:19,940 - INFO - pairwise_permutation_test - GeoJSON: 264 detections from verified-cascade-adversarial-checklist.geojson
2026-04-26 00:46:19,954 - INFO - pairwise_permutation_test - PV repair: 215 verified detections retained from verified-adversarial-text.geojson (CRS overridden to EPSG:32635, polygons → centroids)
2026-04-26 00:46:19,954 - INFO - pairwise_permutation_test - GeoJSON: 215 detections from verified-adversarial-text.geojson
2026-04-26 00:46:19,960 - INFO - pairwise_permutation_test - PV repair: 260 verified detections retained from verified-cascade-checklist-adversarial.geojson (CRS overridden to EPSG:32635, polygons → centroids)
2026-04-26 00:46:19,960 - INFO - pairwise_permutation_test - GeoJSON: 260 detections from verified-cascade-checklist-adversarial.geojson
2026-04-26 00:46:19,966 - INFO - pairwise_permutation_test - PV repair: 260 verified detections retained from verified-cascade-checklist-adversarial.geojson (CRS overridden to EPSG:32635, polygons → centroids)
2026-04-26 00:46:19,966 - INFO - pairwise_permutation_test - GeoJSON: 260 detections from verified-cascade-checklist-adversarial.geojson
2026-04-26 00:46:19,973 - INFO - pairwise_permutation_test - PV repair: 261 verified detections retained from verified-adversarial-image.geojson (CRS overridden to EPSG:32635, polygons → centroids)
2026-04-26 00:46:19,973 - INFO - pairwise_permutation_test - GeoJSON: 261 detections from verified-adversarial-image.geojson
2026-04-26 00:46:19,975 - INFO - pairwise_permutation_test - PV repair: 261 verified detections retained from verified-adversarial-image.geojson (CRS overridden to EPSG:32635, polygons → centroids)
2026-04-26 00:46:19,975 - INFO - pairwise_permutation_test - GeoJSON: 261 detections from verified-adversarial-image.geojson
2026-04-26 00:46:19,980 - INFO - pairwise_permutation_test - PV repair: 215 verified detections retained from verified-adversarial-text.geojson (CRS overridden to EPSG:32635, polygons → centroids)
2026-04-26 00:46:19,980 - INFO - pairwise_permutation_test - GeoJSON: 215 detections from verified-adversarial-text.geojson
2026-04-26 00:46:19,989 - INFO - pairwise_permutation_test - PV repair: 215 verified detections retained from verified-adversarial-text.geojson (CRS overridden to EPSG:32635, polygons → centroids)
2026-04-26 00:46:19,989 - INFO - pairwise_permutation_test - GeoJSON: 215 detections from verified-adversarial-text.geojson
2026-04-26 00:46:20,655 - INFO - __main__ - [28/28] pairwise done
2026-04-26 00:46:20,663 - INFO - __main__ - Pairwise: 0 cached, 28 computed
2026-04-26 00:46:20,663 - INFO - __main__ - Stage 4 complete in 3.2s
2026-04-26 00:46:20,664 - INFO - __main__ - FDR: 0/28 pairs significant at q=0.05 → 1 tiers
2026-04-26 00:46:20,664 - INFO - __main__ - Markdown leaderboard written to results/leaderboard/per-architecture/era2/single-pass+PV/leaderboard_tiers_20m.md
2026-04-26 00:46:20,664 - INFO - __main__ - Markdown leaderboard written to results/leaderboard/per-architecture/era2/single-pass+PV/leaderboard_tiers_30m.md
2026-04-26 00:46:20,664 - INFO - __main__ - Markdown leaderboard written to results/leaderboard/per-architecture/era2/single-pass+PV/leaderboard_tiers_40m.md
2026-04-26 00:46:20,664 - INFO - __main__ - Markdown leaderboard written to results/leaderboard/per-architecture/era2/single-pass+PV/leaderboard_tiers_50m.md
2026-04-26 00:46:20,664 - INFO - __main__ - Markdown leaderboard written to results/leaderboard/per-architecture/era2/single-pass+PV/leaderboard_tiers_100m.md
2026-04-26 00:46:20,667 - INFO - __main__ - JSON leaderboard written to results/leaderboard/per-architecture/era2/single-pass+PV/leaderboard_tiers_100m.json
2026-04-26 00:46:20,668 - INFO - __main__ - All evaluations written to results/leaderboard/per-architecture/era2/single-pass+PV/leaderboard_all_evaluations.json

========================================================================
LEADERBOARD TIERS (F1, 100m buffer)
========================================================================

Tier 1 (F1: 0.486–0.552, 8 conditions)
    1. pv-checklist-image                       F1=0.552  t=1
    2. pv-checklist-text                        F1=0.542  t=1
    3. pv-brief-image                           F1=0.541  t=1
    4. pv-brief-text                            F1=0.534  t=1
    5. pv-cascade-adversarial-checklist         F1=0.526  t=1
    6. pv-cascade-checklist-adversarial         F1=0.518  t=1
    7. pv-adversarial-image                     F1=0.517  t=1
    8. pv-adversarial-text                      F1=0.486  t=1

========================================================================
Total: 8 conditions in 1 tiers
========================================================================
