2026-04-26 00:46:17,090 - INFO - __main__ - build_tiered_leaderboard.py v1.0.0 — git b4b67486
2026-04-26 00:46:17,091 - INFO - __main__ - Resolved 8 conditions from inventory (era=2, track=None)
2026-04-26 00:46:17,091 - INFO - __main__ - Resolved 8 conditions
2026-04-26 00:46:17,091 - INFO - __main__ - Skipping evaluation (--skip-evaluation)
2026-04-26 00:46:17,092 - INFO - __main__ - Threshold selection at 20m; pairwise + tiering at 50m (Option A semantics)
2026-04-26 00:46:17,092 - INFO - __main__ - Top-N filter disabled (top_n=0); including all 8 conditions
2026-04-26 00:46:17,092 - INFO - __main__ - Selected 8 conditions (best F1=0.531 at 20m)
2026-04-26 00:46:17,092 - INFO - __main__ - Skipping pairwise (--skip-pairwise)
2026-04-26 00:46:17,093 - INFO - __main__ - FDR: 0/28 pairs significant at q=0.01 → 1 tiers
2026-04-26 00:46:17,093 - INFO - __main__ - Markdown leaderboard written to results/leaderboard/per-architecture/era2/single-pass+PV/leaderboard_tiers_q01_20m.md
2026-04-26 00:46:17,093 - INFO - __main__ - Markdown leaderboard written to results/leaderboard/per-architecture/era2/single-pass+PV/leaderboard_tiers_q01_30m.md
2026-04-26 00:46:17,093 - INFO - __main__ - Markdown leaderboard written to results/leaderboard/per-architecture/era2/single-pass+PV/leaderboard_tiers_q01_40m.md
2026-04-26 00:46:17,093 - INFO - __main__ - Markdown leaderboard written to results/leaderboard/per-architecture/era2/single-pass+PV/leaderboard_tiers_q01_50m.md
2026-04-26 00:46:17,093 - INFO - __main__ - Markdown leaderboard written to results/leaderboard/per-architecture/era2/single-pass+PV/leaderboard_tiers_q01_100m.md
2026-04-26 00:46:17,096 - INFO - __main__ - JSON leaderboard written to results/leaderboard/per-architecture/era2/single-pass+PV/leaderboard_tiers_q01_50m.json
2026-04-26 00:46:17,097 - INFO - __main__ - All evaluations written to results/leaderboard/per-architecture/era2/single-pass+PV/leaderboard_all_evaluations.json

========================================================================
LEADERBOARD TIERS (F1, 50m buffer)
========================================================================

Tier 1 (F1: 0.483–0.547, 8 conditions)
    1. pv-checklist-image                       F1=0.547  t=1
    2. pv-checklist-text                        F1=0.537  t=1
    3. pv-brief-image                           F1=0.536  t=1
    4. pv-brief-text                            F1=0.528  t=1
    5. pv-cascade-adversarial-checklist         F1=0.521  t=1
    6. pv-cascade-checklist-adversarial         F1=0.512  t=1
    7. pv-adversarial-image                     F1=0.511  t=1
    8. pv-adversarial-text                      F1=0.483  t=1

========================================================================
Total: 8 conditions in 1 tiers
========================================================================
