2026-04-26 00:42:09,217 - INFO - __main__ - build_tiered_leaderboard.py v1.0.0 — git b4b67486
2026-04-26 00:42:09,218 - INFO - __main__ - Resolved 6 conditions from inventory (era=2, track=None)
2026-04-26 00:42:09,218 - INFO - __main__ - Resolved 6 conditions
2026-04-26 00:42:09,218 - INFO - __main__ - Skipping evaluation (--skip-evaluation)
2026-04-26 00:42:09,218 - INFO - __main__ - Threshold selection at 20m; pairwise + tiering at 30m (Option A semantics)
2026-04-26 00:42:09,218 - INFO - __main__ - Top-N filter disabled (top_n=0); including all 6 conditions
2026-04-26 00:42:09,218 - INFO - __main__ - Selected 6 conditions (best F1=0.763 at 20m)
2026-04-26 00:42:09,241 - INFO - __main__ - Pairwise tests (f1): 15 pairs at 30m (10000 permutations, 8 workers)
2026-04-26 00:42:09,287 - INFO - pairwise_permutation_test - GeoJSON: 430 detections from detections_text-t0.0_run01.geojson
2026-04-26 00:42:09,288 - INFO - pairwise_permutation_test - GeoJSON: 430 detections from detections_text-t0.0_run01.geojson
2026-04-26 00:42:09,289 - INFO - pairwise_permutation_test - GeoJSON: 430 detections from detections_text-t0.0_run01.geojson
2026-04-26 00:42:09,289 - INFO - pairwise_permutation_test - GeoJSON: 430 detections from detections_text-t0.0_run01.geojson
2026-04-26 00:42:09,289 - INFO - pairwise_permutation_test - GeoJSON: 519 detections from detections_image-t0.0_run01.geojson
2026-04-26 00:42:09,290 - INFO - pairwise_permutation_test - GeoJSON: 519 detections from detections_image-t0.0_run01.geojson
2026-04-26 00:42:09,290 - INFO - pairwise_permutation_test - GeoJSON: 430 detections from detections_text-t0.0_run01.geojson
2026-04-26 00:42:09,292 - INFO - pairwise_permutation_test - GeoJSON: 519 detections from detections_image-t0.0_run01.geojson
2026-04-26 00:42:09,294 - INFO - pairwise_permutation_test - GeoJSON: 519 detections from detections_image-t0.0_run01.geojson
2026-04-26 00:42:09,298 - INFO - pairwise_permutation_test - GeoJSON: 746 detections from detections_image-t0.0_run01.geojson
2026-04-26 00:42:09,298 - INFO - pairwise_permutation_test - GeoJSON: 746 detections from detections_image-t0.0_run01.geojson
2026-04-26 00:42:09,298 - INFO - pairwise_permutation_test - GeoJSON: 941 detections from detections_pro-image-medium-t07_run01.geojson
2026-04-26 00:42:09,300 - INFO - pairwise_permutation_test - GeoJSON: 941 detections from detections_pro-image-medium-t07_run01.geojson
2026-04-26 00:42:09,301 - INFO - pairwise_permutation_test - GeoJSON: 1047 detections from detections_text-t0.0_run01.geojson
2026-04-26 00:42:09,303 - INFO - pairwise_permutation_test - GeoJSON: 1047 detections from detections_text-t0.0_run01.geojson
2026-04-26 00:42:09,304 - INFO - pairwise_permutation_test - GeoJSON: 1445 detections from detections_pro-text-medium-t07_run01.geojson
2026-04-26 00:42:10,349 - INFO - pairwise_permutation_test - GeoJSON: 519 detections from detections_image-t0.0_run01.geojson
2026-04-26 00:42:10,371 - INFO - pairwise_permutation_test - GeoJSON: 1445 detections from detections_pro-text-medium-t07_run01.geojson
2026-04-26 00:42:10,489 - INFO - pairwise_permutation_test - GeoJSON: 746 detections from detections_image-t0.0_run01.geojson
2026-04-26 00:42:10,492 - INFO - pairwise_permutation_test - GeoJSON: 746 detections from detections_image-t0.0_run01.geojson
2026-04-26 00:42:10,500 - INFO - pairwise_permutation_test - GeoJSON: 1047 detections from detections_text-t0.0_run01.geojson
2026-04-26 00:42:10,501 - INFO - pairwise_permutation_test - GeoJSON: 941 detections from detections_pro-image-medium-t07_run01.geojson
2026-04-26 00:42:10,538 - INFO - pairwise_permutation_test - GeoJSON: 746 detections from detections_image-t0.0_run01.geojson
2026-04-26 00:42:10,553 - INFO - pairwise_permutation_test - GeoJSON: 1445 detections from detections_pro-text-medium-t07_run01.geojson
2026-04-26 00:42:10,569 - INFO - pairwise_permutation_test - GeoJSON: 1047 detections from detections_text-t0.0_run01.geojson
2026-04-26 00:42:10,575 - INFO - pairwise_permutation_test - GeoJSON: 1047 detections from detections_text-t0.0_run01.geojson
2026-04-26 00:42:10,578 - INFO - pairwise_permutation_test - GeoJSON: 941 detections from detections_pro-image-medium-t07_run01.geojson
2026-04-26 00:42:10,589 - INFO - pairwise_permutation_test - GeoJSON: 1445 detections from detections_pro-text-medium-t07_run01.geojson
2026-04-26 00:42:10,619 - INFO - pairwise_permutation_test - GeoJSON: 941 detections from detections_pro-image-medium-t07_run01.geojson
2026-04-26 00:42:10,633 - INFO - pairwise_permutation_test - GeoJSON: 1445 detections from detections_pro-text-medium-t07_run01.geojson
2026-04-26 00:42:12,208 - INFO - __main__ - [15/15] pairwise done
2026-04-26 00:42:12,217 - INFO - __main__ - Pairwise: 0 cached, 15 computed
2026-04-26 00:42:12,217 - INFO - __main__ - Stage 4 complete in 3.0s
2026-04-26 00:42:12,217 - INFO - __main__ - FDR: 13/15 pairs significant at q=0.05 → 4 tiers
2026-04-26 00:42:12,218 - INFO - __main__ - Markdown leaderboard written to results/leaderboard/per-architecture/era2/single-pass/leaderboard_tiers_20m.md
2026-04-26 00:42:12,218 - INFO - __main__ - Markdown leaderboard written to results/leaderboard/per-architecture/era2/single-pass/leaderboard_tiers_30m.md
2026-04-26 00:42:12,218 - INFO - __main__ - Markdown leaderboard written to results/leaderboard/per-architecture/era2/single-pass/leaderboard_tiers_40m.md
2026-04-26 00:42:12,218 - INFO - __main__ - Markdown leaderboard written to results/leaderboard/per-architecture/era2/single-pass/leaderboard_tiers_50m.md
2026-04-26 00:42:12,218 - INFO - __main__ - Markdown leaderboard written to results/leaderboard/per-architecture/era2/single-pass/leaderboard_tiers_100m.md
2026-04-26 00:42:12,221 - INFO - __main__ - JSON leaderboard written to results/leaderboard/per-architecture/era2/single-pass/leaderboard_tiers_30m.json
2026-04-26 00:42:12,221 - INFO - __main__ - All evaluations written to results/leaderboard/per-architecture/era2/single-pass/leaderboard_all_evaluations.json

========================================================================
LEADERBOARD TIERS (F1, 30m buffer)
========================================================================

Tier 1 (F1: 0.734–0.784, 2 conditions)
    1. h11-pvd-pro-medium-text-baseline         F1=0.784  t=1
    2. h11-pvd-pro-medium-image-baseline        F1=0.734  t=1

Tier 2 (F1: 0.655–0.655, 1 conditions)
    3. h11-pvd-image-baseline                   F1=0.655  t=1

Tier 3 (F1: 0.530–0.538, 2 conditions)
    4. h11-pvd-text-baseline                    F1=0.530  t=1
    5. h11-n1-pro-image-medium-t07              F1=0.538  t=1

Tier 4 (F1: 0.428–0.428, 1 conditions)
    6. h11-n1-pro-text-medium-t07               F1=0.428  t=1

========================================================================
Total: 6 conditions in 4 tiers
========================================================================
