2026-04-26 00:46:13,484 - INFO - __main__ - build_tiered_leaderboard.py v1.0.0 — git b4b67486
2026-04-26 00:46:13,484 - INFO - __main__ - Resolved 8 conditions from inventory (era=2, track=None)
2026-04-26 00:46:13,484 - INFO - __main__ - Resolved 8 conditions
2026-04-26 00:46:13,484 - INFO - __main__ - Skipping evaluation (--skip-evaluation)
2026-04-26 00:46:13,485 - INFO - __main__ - Threshold selection at 20m; pairwise + tiering at 50m (Option A semantics)
2026-04-26 00:46:13,485 - INFO - __main__ - Top-N filter disabled (top_n=0); including all 8 conditions
2026-04-26 00:46:13,485 - INFO - __main__ - Selected 8 conditions (best F1=0.531 at 20m)
2026-04-26 00:46:13,509 - INFO - __main__ - Pairwise tests (f1): 28 pairs at 50m (10000 permutations, 8 workers)
2026-04-26 00:46:13,567 - INFO - pairwise_permutation_test - PV repair: 326 verified detections retained from verified-checklist-image.geojson (CRS overridden to EPSG:32635, polygons → centroids)
2026-04-26 00:46:13,567 - INFO - pairwise_permutation_test - PV repair: 326 verified detections retained from verified-checklist-image.geojson (CRS overridden to EPSG:32635, polygons → centroids)
2026-04-26 00:46:13,567 - INFO - pairwise_permutation_test - PV repair: 326 verified detections retained from verified-checklist-image.geojson (CRS overridden to EPSG:32635, polygons → centroids)
2026-04-26 00:46:13,567 - INFO - pairwise_permutation_test - PV repair: 326 verified detections retained from verified-checklist-image.geojson (CRS overridden to EPSG:32635, polygons → centroids)
2026-04-26 00:46:13,567 - INFO - pairwise_permutation_test - GeoJSON: 326 detections from verified-checklist-image.geojson
2026-04-26 00:46:13,567 - INFO - pairwise_permutation_test - GeoJSON: 326 detections from verified-checklist-image.geojson
2026-04-26 00:46:13,567 - INFO - pairwise_permutation_test - GeoJSON: 326 detections from verified-checklist-image.geojson
2026-04-26 00:46:13,567 - INFO - pairwise_permutation_test - GeoJSON: 326 detections from verified-checklist-image.geojson
2026-04-26 00:46:13,567 - INFO - pairwise_permutation_test - PV repair: 336 verified detections retained from verified-checklist-text.geojson (CRS overridden to EPSG:32635, polygons → centroids)
2026-04-26 00:46:13,567 - INFO - pairwise_permutation_test - GeoJSON: 336 detections from verified-checklist-text.geojson
2026-04-26 00:46:13,567 - INFO - pairwise_permutation_test - PV repair: 326 verified detections retained from verified-checklist-image.geojson (CRS overridden to EPSG:32635, polygons → centroids)
2026-04-26 00:46:13,567 - INFO - pairwise_permutation_test - PV repair: 326 verified detections retained from verified-checklist-image.geojson (CRS overridden to EPSG:32635, polygons → centroids)
2026-04-26 00:46:13,567 - INFO - pairwise_permutation_test - PV repair: 326 verified detections retained from verified-checklist-image.geojson (CRS overridden to EPSG:32635, polygons → centroids)
2026-04-26 00:46:13,567 - INFO - pairwise_permutation_test - GeoJSON: 326 detections from verified-checklist-image.geojson
2026-04-26 00:46:13,567 - INFO - pairwise_permutation_test - GeoJSON: 326 detections from verified-checklist-image.geojson
2026-04-26 00:46:13,567 - INFO - pairwise_permutation_test - GeoJSON: 326 detections from verified-checklist-image.geojson
2026-04-26 00:46:13,575 - INFO - pairwise_permutation_test - PV repair: 264 verified detections retained from verified-cascade-adversarial-checklist.geojson (CRS overridden to EPSG:32635, polygons → centroids)
2026-04-26 00:46:13,575 - INFO - pairwise_permutation_test - GeoJSON: 264 detections from verified-cascade-adversarial-checklist.geojson
2026-04-26 00:46:13,576 - INFO - pairwise_permutation_test - PV repair: 260 verified detections retained from verified-cascade-checklist-adversarial.geojson (CRS overridden to EPSG:32635, polygons → centroids)
2026-04-26 00:46:13,576 - INFO - pairwise_permutation_test - GeoJSON: 260 detections from verified-cascade-checklist-adversarial.geojson
2026-04-26 00:46:13,580 - INFO - pairwise_permutation_test - PV repair: 326 verified detections retained from verified-brief-image.geojson (CRS overridden to EPSG:32635, polygons → centroids)
2026-04-26 00:46:13,580 - INFO - pairwise_permutation_test - GeoJSON: 326 detections from verified-brief-image.geojson
2026-04-26 00:46:13,581 - INFO - pairwise_permutation_test - PV repair: 326 verified detections retained from verified-brief-image.geojson (CRS overridden to EPSG:32635, polygons → centroids)
2026-04-26 00:46:13,581 - INFO - pairwise_permutation_test - GeoJSON: 326 detections from verified-brief-image.geojson
2026-04-26 00:46:13,581 - INFO - pairwise_permutation_test - PV repair: 336 verified detections retained from verified-checklist-text.geojson (CRS overridden to EPSG:32635, polygons → centroids)
2026-04-26 00:46:13,581 - INFO - pairwise_permutation_test - GeoJSON: 336 detections from verified-checklist-text.geojson
2026-04-26 00:46:13,581 - INFO - pairwise_permutation_test - PV repair: 269 verified detections retained from verified-brief-text.geojson (CRS overridden to EPSG:32635, polygons → centroids)
2026-04-26 00:46:13,581 - INFO - pairwise_permutation_test - GeoJSON: 269 detections from verified-brief-text.geojson
2026-04-26 00:46:13,582 - INFO - pairwise_permutation_test - PV repair: 261 verified detections retained from verified-adversarial-image.geojson (CRS overridden to EPSG:32635, polygons → centroids)
2026-04-26 00:46:13,582 - INFO - pairwise_permutation_test - GeoJSON: 261 detections from verified-adversarial-image.geojson
2026-04-26 00:46:13,583 - INFO - pairwise_permutation_test - PV repair: 215 verified detections retained from verified-adversarial-text.geojson (CRS overridden to EPSG:32635, polygons → centroids)
2026-04-26 00:46:13,583 - INFO - pairwise_permutation_test - GeoJSON: 215 detections from verified-adversarial-text.geojson
2026-04-26 00:46:14,368 - INFO - pairwise_permutation_test - PV repair: 336 verified detections retained from verified-checklist-text.geojson (CRS overridden to EPSG:32635, polygons → centroids)
2026-04-26 00:46:14,368 - INFO - pairwise_permutation_test - GeoJSON: 336 detections from verified-checklist-text.geojson
2026-04-26 00:46:14,380 - INFO - pairwise_permutation_test - PV repair: 336 verified detections retained from verified-checklist-text.geojson (CRS overridden to EPSG:32635, polygons → centroids)
2026-04-26 00:46:14,380 - INFO - pairwise_permutation_test - GeoJSON: 336 detections from verified-checklist-text.geojson
2026-04-26 00:46:14,382 - INFO - pairwise_permutation_test - PV repair: 269 verified detections retained from verified-brief-text.geojson (CRS overridden to EPSG:32635, polygons → centroids)
2026-04-26 00:46:14,382 - INFO - pairwise_permutation_test - GeoJSON: 269 detections from verified-brief-text.geojson
2026-04-26 00:46:14,382 - INFO - pairwise_permutation_test - PV repair: 336 verified detections retained from verified-checklist-text.geojson (CRS overridden to EPSG:32635, polygons → centroids)
2026-04-26 00:46:14,382 - INFO - pairwise_permutation_test - GeoJSON: 336 detections from verified-checklist-text.geojson
2026-04-26 00:46:14,387 - INFO - pairwise_permutation_test - PV repair: 264 verified detections retained from verified-cascade-adversarial-checklist.geojson (CRS overridden to EPSG:32635, polygons → centroids)
2026-04-26 00:46:14,387 - INFO - pairwise_permutation_test - GeoJSON: 264 detections from verified-cascade-adversarial-checklist.geojson
2026-04-26 00:46:14,391 - INFO - pairwise_permutation_test - PV repair: 260 verified detections retained from verified-cascade-checklist-adversarial.geojson (CRS overridden to EPSG:32635, polygons → centroids)
2026-04-26 00:46:14,391 - INFO - pairwise_permutation_test - GeoJSON: 260 detections from verified-cascade-checklist-adversarial.geojson
2026-04-26 00:46:14,395 - INFO - pairwise_permutation_test - PV repair: 336 verified detections retained from verified-checklist-text.geojson (CRS overridden to EPSG:32635, polygons → centroids)
2026-04-26 00:46:14,395 - INFO - pairwise_permutation_test - GeoJSON: 336 detections from verified-checklist-text.geojson
2026-04-26 00:46:14,409 - INFO - pairwise_permutation_test - PV repair: 261 verified detections retained from verified-adversarial-image.geojson (CRS overridden to EPSG:32635, polygons → centroids)
2026-04-26 00:46:14,409 - INFO - pairwise_permutation_test - GeoJSON: 261 detections from verified-adversarial-image.geojson
2026-04-26 00:46:14,411 - INFO - pairwise_permutation_test - PV repair: 336 verified detections retained from verified-checklist-text.geojson (CRS overridden to EPSG:32635, polygons → centroids)
2026-04-26 00:46:14,411 - INFO - pairwise_permutation_test - GeoJSON: 336 detections from verified-checklist-text.geojson
2026-04-26 00:46:14,417 - INFO - pairwise_permutation_test - PV repair: 326 verified detections retained from verified-brief-image.geojson (CRS overridden to EPSG:32635, polygons → centroids)
2026-04-26 00:46:14,417 - INFO - pairwise_permutation_test - GeoJSON: 326 detections from verified-brief-image.geojson
2026-04-26 00:46:14,423 - INFO - pairwise_permutation_test - PV repair: 326 verified detections retained from verified-brief-image.geojson (CRS overridden to EPSG:32635, polygons → centroids)
2026-04-26 00:46:14,423 - INFO - pairwise_permutation_test - GeoJSON: 326 detections from verified-brief-image.geojson
2026-04-26 00:46:14,424 - INFO - pairwise_permutation_test - PV repair: 326 verified detections retained from verified-brief-image.geojson (CRS overridden to EPSG:32635, polygons → centroids)
2026-04-26 00:46:14,424 - INFO - pairwise_permutation_test - GeoJSON: 326 detections from verified-brief-image.geojson
2026-04-26 00:46:14,425 - INFO - pairwise_permutation_test - PV repair: 215 verified detections retained from verified-adversarial-text.geojson (CRS overridden to EPSG:32635, polygons → centroids)
2026-04-26 00:46:14,426 - INFO - pairwise_permutation_test - GeoJSON: 215 detections from verified-adversarial-text.geojson
2026-04-26 00:46:14,430 - INFO - pairwise_permutation_test - PV repair: 264 verified detections retained from verified-cascade-adversarial-checklist.geojson (CRS overridden to EPSG:32635, polygons → centroids)
2026-04-26 00:46:14,430 - INFO - pairwise_permutation_test - GeoJSON: 264 detections from verified-cascade-adversarial-checklist.geojson
2026-04-26 00:46:14,430 - INFO - pairwise_permutation_test - PV repair: 269 verified detections retained from verified-brief-text.geojson (CRS overridden to EPSG:32635, polygons → centroids)
2026-04-26 00:46:14,431 - INFO - pairwise_permutation_test - GeoJSON: 269 detections from verified-brief-text.geojson
2026-04-26 00:46:14,432 - INFO - pairwise_permutation_test - PV repair: 260 verified detections retained from verified-cascade-checklist-adversarial.geojson (CRS overridden to EPSG:32635, polygons → centroids)
2026-04-26 00:46:14,432 - INFO - pairwise_permutation_test - GeoJSON: 260 detections from verified-cascade-checklist-adversarial.geojson
2026-04-26 00:46:15,192 - INFO - pairwise_permutation_test - PV repair: 326 verified detections retained from verified-brief-image.geojson (CRS overridden to EPSG:32635, polygons → centroids)
2026-04-26 00:46:15,192 - INFO - pairwise_permutation_test - GeoJSON: 326 detections from verified-brief-image.geojson
2026-04-26 00:46:15,193 - INFO - pairwise_permutation_test - PV repair: 326 verified detections retained from verified-brief-image.geojson (CRS overridden to EPSG:32635, polygons → centroids)
2026-04-26 00:46:15,193 - INFO - pairwise_permutation_test - GeoJSON: 326 detections from verified-brief-image.geojson
2026-04-26 00:46:15,200 - INFO - pairwise_permutation_test - PV repair: 269 verified detections retained from verified-brief-text.geojson (CRS overridden to EPSG:32635, polygons → centroids)
2026-04-26 00:46:15,200 - INFO - pairwise_permutation_test - GeoJSON: 269 detections from verified-brief-text.geojson
2026-04-26 00:46:15,206 - INFO - pairwise_permutation_test - PV repair: 261 verified detections retained from verified-adversarial-image.geojson (CRS overridden to EPSG:32635, polygons → centroids)
2026-04-26 00:46:15,206 - INFO - pairwise_permutation_test - GeoJSON: 261 detections from verified-adversarial-image.geojson
2026-04-26 00:46:15,207 - INFO - pairwise_permutation_test - PV repair: 215 verified detections retained from verified-adversarial-text.geojson (CRS overridden to EPSG:32635, polygons → centroids)
2026-04-26 00:46:15,207 - INFO - pairwise_permutation_test - GeoJSON: 215 detections from verified-adversarial-text.geojson
2026-04-26 00:46:15,208 - INFO - pairwise_permutation_test - PV repair: 264 verified detections retained from verified-cascade-adversarial-checklist.geojson (CRS overridden to EPSG:32635, polygons → centroids)
2026-04-26 00:46:15,208 - INFO - pairwise_permutation_test - GeoJSON: 264 detections from verified-cascade-adversarial-checklist.geojson
2026-04-26 00:46:15,209 - INFO - pairwise_permutation_test - PV repair: 269 verified detections retained from verified-brief-text.geojson (CRS overridden to EPSG:32635, polygons → centroids)
2026-04-26 00:46:15,209 - INFO - pairwise_permutation_test - GeoJSON: 269 detections from verified-brief-text.geojson
2026-04-26 00:46:15,218 - INFO - pairwise_permutation_test - PV repair: 260 verified detections retained from verified-cascade-checklist-adversarial.geojson (CRS overridden to EPSG:32635, polygons → centroids)
2026-04-26 00:46:15,218 - INFO - pairwise_permutation_test - GeoJSON: 260 detections from verified-cascade-checklist-adversarial.geojson
2026-04-26 00:46:15,218 - INFO - pairwise_permutation_test - PV repair: 269 verified detections retained from verified-brief-text.geojson (CRS overridden to EPSG:32635, polygons → centroids)
2026-04-26 00:46:15,218 - INFO - pairwise_permutation_test - GeoJSON: 269 detections from verified-brief-text.geojson
2026-04-26 00:46:15,222 - INFO - pairwise_permutation_test - PV repair: 264 verified detections retained from verified-cascade-adversarial-checklist.geojson (CRS overridden to EPSG:32635, polygons → centroids)
2026-04-26 00:46:15,222 - INFO - pairwise_permutation_test - GeoJSON: 264 detections from verified-cascade-adversarial-checklist.geojson
2026-04-26 00:46:15,227 - INFO - pairwise_permutation_test - PV repair: 264 verified detections retained from verified-cascade-adversarial-checklist.geojson (CRS overridden to EPSG:32635, polygons → centroids)
2026-04-26 00:46:15,227 - INFO - pairwise_permutation_test - GeoJSON: 264 detections from verified-cascade-adversarial-checklist.geojson
2026-04-26 00:46:15,227 - INFO - pairwise_permutation_test - PV repair: 269 verified detections retained from verified-brief-text.geojson (CRS overridden to EPSG:32635, polygons → centroids)
2026-04-26 00:46:15,227 - INFO - pairwise_permutation_test - GeoJSON: 269 detections from verified-brief-text.geojson
2026-04-26 00:46:15,231 - INFO - pairwise_permutation_test - PV repair: 260 verified detections retained from verified-cascade-checklist-adversarial.geojson (CRS overridden to EPSG:32635, polygons → centroids)
2026-04-26 00:46:15,231 - INFO - pairwise_permutation_test - GeoJSON: 260 detections from verified-cascade-checklist-adversarial.geojson
2026-04-26 00:46:15,232 - INFO - pairwise_permutation_test - PV repair: 261 verified detections retained from verified-adversarial-image.geojson (CRS overridden to EPSG:32635, polygons → centroids)
2026-04-26 00:46:15,232 - INFO - pairwise_permutation_test - GeoJSON: 261 detections from verified-adversarial-image.geojson
2026-04-26 00:46:15,241 - INFO - pairwise_permutation_test - PV repair: 261 verified detections retained from verified-adversarial-image.geojson (CRS overridden to EPSG:32635, polygons → centroids)
2026-04-26 00:46:15,241 - INFO - pairwise_permutation_test - GeoJSON: 261 detections from verified-adversarial-image.geojson
2026-04-26 00:46:15,241 - INFO - pairwise_permutation_test - PV repair: 215 verified detections retained from verified-adversarial-text.geojson (CRS overridden to EPSG:32635, polygons → centroids)
2026-04-26 00:46:15,241 - INFO - pairwise_permutation_test - GeoJSON: 215 detections from verified-adversarial-text.geojson
2026-04-26 00:46:15,963 - INFO - pairwise_permutation_test - PV repair: 264 verified detections retained from verified-cascade-adversarial-checklist.geojson (CRS overridden to EPSG:32635, polygons → centroids)
2026-04-26 00:46:15,964 - INFO - pairwise_permutation_test - GeoJSON: 264 detections from verified-cascade-adversarial-checklist.geojson
2026-04-26 00:46:15,974 - INFO - pairwise_permutation_test - PV repair: 260 verified detections retained from verified-cascade-checklist-adversarial.geojson (CRS overridden to EPSG:32635, polygons → centroids)
2026-04-26 00:46:15,974 - INFO - pairwise_permutation_test - GeoJSON: 260 detections from verified-cascade-checklist-adversarial.geojson
2026-04-26 00:46:15,977 - INFO - pairwise_permutation_test - PV repair: 215 verified detections retained from verified-adversarial-text.geojson (CRS overridden to EPSG:32635, polygons → centroids)
2026-04-26 00:46:15,977 - INFO - pairwise_permutation_test - GeoJSON: 215 detections from verified-adversarial-text.geojson
2026-04-26 00:46:15,980 - INFO - pairwise_permutation_test - PV repair: 260 verified detections retained from verified-cascade-checklist-adversarial.geojson (CRS overridden to EPSG:32635, polygons → centroids)
2026-04-26 00:46:15,980 - INFO - pairwise_permutation_test - GeoJSON: 260 detections from verified-cascade-checklist-adversarial.geojson
2026-04-26 00:46:15,986 - INFO - pairwise_permutation_test - PV repair: 261 verified detections retained from verified-adversarial-image.geojson (CRS overridden to EPSG:32635, polygons → centroids)
2026-04-26 00:46:15,986 - INFO - pairwise_permutation_test - GeoJSON: 261 detections from verified-adversarial-image.geojson
2026-04-26 00:46:15,987 - INFO - pairwise_permutation_test - PV repair: 261 verified detections retained from verified-adversarial-image.geojson (CRS overridden to EPSG:32635, polygons → centroids)
2026-04-26 00:46:15,987 - INFO - pairwise_permutation_test - GeoJSON: 261 detections from verified-adversarial-image.geojson
2026-04-26 00:46:15,993 - INFO - pairwise_permutation_test - PV repair: 215 verified detections retained from verified-adversarial-text.geojson (CRS overridden to EPSG:32635, polygons → centroids)
2026-04-26 00:46:15,993 - INFO - pairwise_permutation_test - GeoJSON: 215 detections from verified-adversarial-text.geojson
2026-04-26 00:46:16,000 - INFO - pairwise_permutation_test - PV repair: 215 verified detections retained from verified-adversarial-text.geojson (CRS overridden to EPSG:32635, polygons → centroids)
2026-04-26 00:46:16,000 - INFO - pairwise_permutation_test - GeoJSON: 215 detections from verified-adversarial-text.geojson
2026-04-26 00:46:16,668 - INFO - __main__ - [28/28] pairwise done
2026-04-26 00:46:16,677 - INFO - __main__ - Pairwise: 0 cached, 28 computed
2026-04-26 00:46:16,677 - INFO - __main__ - Stage 4 complete in 3.2s
2026-04-26 00:46:16,678 - INFO - __main__ - FDR: 0/28 pairs significant at q=0.05 → 1 tiers
2026-04-26 00:46:16,678 - INFO - __main__ - Markdown leaderboard written to results/leaderboard/per-architecture/era2/single-pass+PV/leaderboard_tiers_20m.md
2026-04-26 00:46:16,678 - INFO - __main__ - Markdown leaderboard written to results/leaderboard/per-architecture/era2/single-pass+PV/leaderboard_tiers_30m.md
2026-04-26 00:46:16,678 - INFO - __main__ - Markdown leaderboard written to results/leaderboard/per-architecture/era2/single-pass+PV/leaderboard_tiers_40m.md
2026-04-26 00:46:16,678 - INFO - __main__ - Markdown leaderboard written to results/leaderboard/per-architecture/era2/single-pass+PV/leaderboard_tiers_50m.md
2026-04-26 00:46:16,678 - INFO - __main__ - Markdown leaderboard written to results/leaderboard/per-architecture/era2/single-pass+PV/leaderboard_tiers_100m.md
2026-04-26 00:46:16,681 - INFO - __main__ - JSON leaderboard written to results/leaderboard/per-architecture/era2/single-pass+PV/leaderboard_tiers_50m.json
2026-04-26 00:46:16,682 - INFO - __main__ - All evaluations written to results/leaderboard/per-architecture/era2/single-pass+PV/leaderboard_all_evaluations.json

========================================================================
LEADERBOARD TIERS (F1, 50m buffer)
========================================================================

Tier 1 (F1: 0.483–0.547, 8 conditions)
    1. pv-checklist-image                       F1=0.547  t=1
    2. pv-checklist-text                        F1=0.537  t=1
    3. pv-brief-image                           F1=0.536  t=1
    4. pv-brief-text                            F1=0.528  t=1
    5. pv-cascade-adversarial-checklist         F1=0.521  t=1
    6. pv-cascade-checklist-adversarial         F1=0.512  t=1
    7. pv-adversarial-image                     F1=0.511  t=1
    8. pv-adversarial-text                      F1=0.483  t=1

========================================================================
Total: 8 conditions in 1 tiers
========================================================================
