2026-04-26 00:42:13,020 - INFO - __main__ - build_tiered_leaderboard.py v1.0.0 — git b4b67486
2026-04-26 00:42:13,021 - INFO - __main__ - Resolved 6 conditions from inventory (era=2, track=None)
2026-04-26 00:42:13,021 - INFO - __main__ - Resolved 6 conditions
2026-04-26 00:42:13,021 - INFO - __main__ - Skipping evaluation (--skip-evaluation)
2026-04-26 00:42:13,022 - INFO - __main__ - Threshold selection at 20m; pairwise + tiering at 40m (Option A semantics)
2026-04-26 00:42:13,022 - INFO - __main__ - Top-N filter disabled (top_n=0); including all 6 conditions
2026-04-26 00:42:13,022 - INFO - __main__ - Selected 6 conditions (best F1=0.763 at 20m)
2026-04-26 00:42:13,044 - INFO - __main__ - Pairwise tests (f1): 15 pairs at 40m (10000 permutations, 8 workers)
2026-04-26 00:42:13,089 - INFO - pairwise_permutation_test - GeoJSON: 430 detections from detections_text-t0.0_run01.geojson
2026-04-26 00:42:13,092 - INFO - pairwise_permutation_test - GeoJSON: 430 detections from detections_text-t0.0_run01.geojson
2026-04-26 00:42:13,092 - INFO - pairwise_permutation_test - GeoJSON: 430 detections from detections_text-t0.0_run01.geojson
2026-04-26 00:42:13,092 - INFO - pairwise_permutation_test - GeoJSON: 519 detections from detections_image-t0.0_run01.geojson
2026-04-26 00:42:13,093 - INFO - pairwise_permutation_test - GeoJSON: 430 detections from detections_text-t0.0_run01.geojson
2026-04-26 00:42:13,094 - INFO - pairwise_permutation_test - GeoJSON: 519 detections from detections_image-t0.0_run01.geojson
2026-04-26 00:42:13,095 - INFO - pairwise_permutation_test - GeoJSON: 519 detections from detections_image-t0.0_run01.geojson
2026-04-26 00:42:13,101 - INFO - pairwise_permutation_test - GeoJSON: 746 detections from detections_image-t0.0_run01.geojson
2026-04-26 00:42:13,102 - INFO - pairwise_permutation_test - GeoJSON: 746 detections from detections_image-t0.0_run01.geojson
2026-04-26 00:42:13,102 - INFO - pairwise_permutation_test - GeoJSON: 941 detections from detections_pro-image-medium-t07_run01.geojson
2026-04-26 00:42:13,102 - INFO - pairwise_permutation_test - GeoJSON: 430 detections from detections_text-t0.0_run01.geojson
2026-04-26 00:42:13,104 - INFO - pairwise_permutation_test - GeoJSON: 519 detections from detections_image-t0.0_run01.geojson
2026-04-26 00:42:13,105 - INFO - pairwise_permutation_test - GeoJSON: 941 detections from detections_pro-image-medium-t07_run01.geojson
2026-04-26 00:42:13,107 - INFO - pairwise_permutation_test - GeoJSON: 1445 detections from detections_pro-text-medium-t07_run01.geojson
2026-04-26 00:42:13,113 - INFO - pairwise_permutation_test - GeoJSON: 1047 detections from detections_text-t0.0_run01.geojson
2026-04-26 00:42:13,115 - INFO - pairwise_permutation_test - GeoJSON: 1047 detections from detections_text-t0.0_run01.geojson
2026-04-26 00:42:14,128 - INFO - pairwise_permutation_test - GeoJSON: 519 detections from detections_image-t0.0_run01.geojson
2026-04-26 00:42:14,143 - INFO - pairwise_permutation_test - GeoJSON: 1445 detections from detections_pro-text-medium-t07_run01.geojson
2026-04-26 00:42:14,256 - INFO - pairwise_permutation_test - GeoJSON: 746 detections from detections_image-t0.0_run01.geojson
2026-04-26 00:42:14,267 - INFO - pairwise_permutation_test - GeoJSON: 1047 detections from detections_text-t0.0_run01.geojson
2026-04-26 00:42:14,300 - INFO - pairwise_permutation_test - GeoJSON: 746 detections from detections_image-t0.0_run01.geojson
2026-04-26 00:42:14,309 - INFO - pairwise_permutation_test - GeoJSON: 941 detections from detections_pro-image-medium-t07_run01.geojson
2026-04-26 00:42:14,333 - INFO - pairwise_permutation_test - GeoJSON: 746 detections from detections_image-t0.0_run01.geojson
2026-04-26 00:42:14,347 - INFO - pairwise_permutation_test - GeoJSON: 1445 detections from detections_pro-text-medium-t07_run01.geojson
2026-04-26 00:42:14,372 - INFO - pairwise_permutation_test - GeoJSON: 1047 detections from detections_text-t0.0_run01.geojson
2026-04-26 00:42:14,381 - INFO - pairwise_permutation_test - GeoJSON: 941 detections from detections_pro-image-medium-t07_run01.geojson
2026-04-26 00:42:14,412 - INFO - pairwise_permutation_test - GeoJSON: 1047 detections from detections_text-t0.0_run01.geojson
2026-04-26 00:42:14,423 - INFO - pairwise_permutation_test - GeoJSON: 941 detections from detections_pro-image-medium-t07_run01.geojson
2026-04-26 00:42:14,426 - INFO - pairwise_permutation_test - GeoJSON: 1445 detections from detections_pro-text-medium-t07_run01.geojson
2026-04-26 00:42:14,438 - INFO - pairwise_permutation_test - GeoJSON: 1445 detections from detections_pro-text-medium-t07_run01.geojson
2026-04-26 00:42:16,029 - INFO - __main__ - [15/15] pairwise done
2026-04-26 00:42:16,036 - INFO - __main__ - Pairwise: 0 cached, 15 computed
2026-04-26 00:42:16,037 - INFO - __main__ - Stage 4 complete in 3.0s
2026-04-26 00:42:16,037 - INFO - __main__ - FDR: 13/15 pairs significant at q=0.05 → 4 tiers
2026-04-26 00:42:16,037 - INFO - __main__ - Markdown leaderboard written to results/leaderboard/per-architecture/era2/single-pass/leaderboard_tiers_20m.md
2026-04-26 00:42:16,037 - INFO - __main__ - Markdown leaderboard written to results/leaderboard/per-architecture/era2/single-pass/leaderboard_tiers_30m.md
2026-04-26 00:42:16,037 - INFO - __main__ - Markdown leaderboard written to results/leaderboard/per-architecture/era2/single-pass/leaderboard_tiers_40m.md
2026-04-26 00:42:16,038 - INFO - __main__ - Markdown leaderboard written to results/leaderboard/per-architecture/era2/single-pass/leaderboard_tiers_50m.md
2026-04-26 00:42:16,038 - INFO - __main__ - Markdown leaderboard written to results/leaderboard/per-architecture/era2/single-pass/leaderboard_tiers_100m.md
2026-04-26 00:42:16,040 - INFO - __main__ - JSON leaderboard written to results/leaderboard/per-architecture/era2/single-pass/leaderboard_tiers_40m.json
2026-04-26 00:42:16,041 - INFO - __main__ - All evaluations written to results/leaderboard/per-architecture/era2/single-pass/leaderboard_all_evaluations.json

========================================================================
LEADERBOARD TIERS (F1, 40m buffer)
========================================================================

Tier 1 (F1: 0.763–0.795, 2 conditions)
    1. h11-pvd-pro-medium-text-baseline         F1=0.795  t=1
    2. h11-pvd-pro-medium-image-baseline        F1=0.763  t=1

Tier 2 (F1: 0.674–0.674, 1 conditions)
    3. h11-pvd-image-baseline                   F1=0.674  t=1

Tier 3 (F1: 0.536–0.567, 2 conditions)
    4. h11-pvd-text-baseline                    F1=0.536  t=1
    5. h11-n1-pro-image-medium-t07              F1=0.567  t=1

Tier 4 (F1: 0.430–0.430, 1 conditions)
    6. h11-n1-pro-text-medium-t07               F1=0.430  t=1

========================================================================
Total: 6 conditions in 4 tiers
========================================================================
