2026-04-26 00:42:16,838 - INFO - __main__ - build_tiered_leaderboard.py v1.0.0 — git b4b67486
2026-04-26 00:42:16,839 - INFO - __main__ - Resolved 6 conditions from inventory (era=2, track=None)
2026-04-26 00:42:16,839 - INFO - __main__ - Resolved 6 conditions
2026-04-26 00:42:16,839 - INFO - __main__ - Skipping evaluation (--skip-evaluation)
2026-04-26 00:42:16,840 - INFO - __main__ - Threshold selection at 20m; pairwise + tiering at 50m (Option A semantics)
2026-04-26 00:42:16,840 - INFO - __main__ - Top-N filter disabled (top_n=0); including all 6 conditions
2026-04-26 00:42:16,840 - INFO - __main__ - Selected 6 conditions (best F1=0.763 at 20m)
2026-04-26 00:42:16,864 - INFO - __main__ - Pairwise tests (f1): 15 pairs at 50m (10000 permutations, 8 workers)
2026-04-26 00:42:16,912 - INFO - pairwise_permutation_test - GeoJSON: 430 detections from detections_text-t0.0_run01.geojson
2026-04-26 00:42:16,912 - INFO - pairwise_permutation_test - GeoJSON: 430 detections from detections_text-t0.0_run01.geojson
2026-04-26 00:42:16,912 - INFO - pairwise_permutation_test - GeoJSON: 430 detections from detections_text-t0.0_run01.geojson
2026-04-26 00:42:16,912 - INFO - pairwise_permutation_test - GeoJSON: 430 detections from detections_text-t0.0_run01.geojson
2026-04-26 00:42:16,912 - INFO - pairwise_permutation_test - GeoJSON: 519 detections from detections_image-t0.0_run01.geojson
2026-04-26 00:42:16,912 - INFO - pairwise_permutation_test - GeoJSON: 519 detections from detections_image-t0.0_run01.geojson
2026-04-26 00:42:16,912 - INFO - pairwise_permutation_test - GeoJSON: 430 detections from detections_text-t0.0_run01.geojson
2026-04-26 00:42:16,913 - INFO - pairwise_permutation_test - GeoJSON: 519 detections from detections_image-t0.0_run01.geojson
2026-04-26 00:42:16,918 - INFO - pairwise_permutation_test - GeoJSON: 519 detections from detections_image-t0.0_run01.geojson
2026-04-26 00:42:16,920 - INFO - pairwise_permutation_test - GeoJSON: 746 detections from detections_image-t0.0_run01.geojson
2026-04-26 00:42:16,920 - INFO - pairwise_permutation_test - GeoJSON: 746 detections from detections_image-t0.0_run01.geojson
2026-04-26 00:42:16,923 - INFO - pairwise_permutation_test - GeoJSON: 941 detections from detections_pro-image-medium-t07_run01.geojson
2026-04-26 00:42:16,923 - INFO - pairwise_permutation_test - GeoJSON: 1047 detections from detections_text-t0.0_run01.geojson
2026-04-26 00:42:16,923 - INFO - pairwise_permutation_test - GeoJSON: 1047 detections from detections_text-t0.0_run01.geojson
2026-04-26 00:42:16,923 - INFO - pairwise_permutation_test - GeoJSON: 941 detections from detections_pro-image-medium-t07_run01.geojson
2026-04-26 00:42:16,927 - INFO - pairwise_permutation_test - GeoJSON: 1445 detections from detections_pro-text-medium-t07_run01.geojson
2026-04-26 00:42:17,959 - INFO - pairwise_permutation_test - GeoJSON: 519 detections from detections_image-t0.0_run01.geojson
2026-04-26 00:42:17,973 - INFO - pairwise_permutation_test - GeoJSON: 1445 detections from detections_pro-text-medium-t07_run01.geojson
2026-04-26 00:42:18,079 - INFO - pairwise_permutation_test - GeoJSON: 746 detections from detections_image-t0.0_run01.geojson
2026-04-26 00:42:18,090 - INFO - pairwise_permutation_test - GeoJSON: 1047 detections from detections_text-t0.0_run01.geojson
2026-04-26 00:42:18,129 - INFO - pairwise_permutation_test - GeoJSON: 746 detections from detections_image-t0.0_run01.geojson
2026-04-26 00:42:18,139 - INFO - pairwise_permutation_test - GeoJSON: 941 detections from detections_pro-image-medium-t07_run01.geojson
2026-04-26 00:42:18,162 - INFO - pairwise_permutation_test - GeoJSON: 746 detections from detections_image-t0.0_run01.geojson
2026-04-26 00:42:18,177 - INFO - pairwise_permutation_test - GeoJSON: 1445 detections from detections_pro-text-medium-t07_run01.geojson
2026-04-26 00:42:18,201 - INFO - pairwise_permutation_test - GeoJSON: 1047 detections from detections_text-t0.0_run01.geojson
2026-04-26 00:42:18,211 - INFO - pairwise_permutation_test - GeoJSON: 941 detections from detections_pro-image-medium-t07_run01.geojson
2026-04-26 00:42:18,257 - INFO - pairwise_permutation_test - GeoJSON: 1047 detections from detections_text-t0.0_run01.geojson
2026-04-26 00:42:18,272 - INFO - pairwise_permutation_test - GeoJSON: 1445 detections from detections_pro-text-medium-t07_run01.geojson
2026-04-26 00:42:18,300 - INFO - pairwise_permutation_test - GeoJSON: 941 detections from detections_pro-image-medium-t07_run01.geojson
2026-04-26 00:42:18,314 - INFO - pairwise_permutation_test - GeoJSON: 1445 detections from detections_pro-text-medium-t07_run01.geojson
2026-04-26 00:42:19,884 - INFO - __main__ - [15/15] pairwise done
2026-04-26 00:42:19,892 - INFO - __main__ - Pairwise: 0 cached, 15 computed
2026-04-26 00:42:19,893 - INFO - __main__ - Stage 4 complete in 3.1s
2026-04-26 00:42:19,893 - INFO - __main__ - FDR: 13/15 pairs significant at q=0.05 → 4 tiers
2026-04-26 00:42:19,894 - INFO - __main__ - Markdown leaderboard written to results/leaderboard/per-architecture/era2/single-pass/leaderboard_tiers_20m.md
2026-04-26 00:42:19,894 - INFO - __main__ - Markdown leaderboard written to results/leaderboard/per-architecture/era2/single-pass/leaderboard_tiers_30m.md
2026-04-26 00:42:19,894 - INFO - __main__ - Markdown leaderboard written to results/leaderboard/per-architecture/era2/single-pass/leaderboard_tiers_40m.md
2026-04-26 00:42:19,894 - INFO - __main__ - Markdown leaderboard written to results/leaderboard/per-architecture/era2/single-pass/leaderboard_tiers_50m.md
2026-04-26 00:42:19,894 - INFO - __main__ - Markdown leaderboard written to results/leaderboard/per-architecture/era2/single-pass/leaderboard_tiers_100m.md
2026-04-26 00:42:19,896 - INFO - __main__ - JSON leaderboard written to results/leaderboard/per-architecture/era2/single-pass/leaderboard_tiers_50m.json
2026-04-26 00:42:19,897 - INFO - __main__ - All evaluations written to results/leaderboard/per-architecture/era2/single-pass/leaderboard_all_evaluations.json

========================================================================
LEADERBOARD TIERS (F1, 50m buffer)
========================================================================

Tier 1 (F1: 0.778–0.802, 2 conditions)
    1. h11-pvd-pro-medium-text-baseline         F1=0.802  t=1
    2. h11-pvd-pro-medium-image-baseline        F1=0.778  t=1

Tier 2 (F1: 0.681–0.681, 1 conditions)
    3. h11-pvd-image-baseline                   F1=0.681  t=1

Tier 3 (F1: 0.536–0.586, 2 conditions)
    4. h11-pvd-text-baseline                    F1=0.536  t=1
    5. h11-n1-pro-image-medium-t07              F1=0.586  t=1

Tier 4 (F1: 0.430–0.430, 1 conditions)
    6. h11-n1-pro-text-medium-t07               F1=0.430  t=1

========================================================================
Total: 6 conditions in 4 tiers
========================================================================
