2026-04-26 00:43:19,348 - INFO - __main__ - build_tiered_leaderboard.py v1.0.0 — git b4b67486
2026-04-26 00:43:19,352 - INFO - __main__ - Resolved 29 conditions from inventory (era=2, track=None)
2026-04-26 00:43:19,352 - INFO - __main__ - Resolved 29 conditions
2026-04-26 00:43:19,352 - INFO - __main__ - Skipping evaluation (--skip-evaluation)
2026-04-26 00:43:19,380 - INFO - __main__ - Threshold selection at 20m; pairwise + tiering at 30m (Option A semantics)
2026-04-26 00:43:19,380 - INFO - __main__ - Top-N filter disabled (top_n=0); including all 29 conditions
2026-04-26 00:43:19,380 - INFO - __main__ - Selected 29 conditions (best F1=0.836 at 20m)
2026-04-26 00:43:19,380 - INFO - __main__ - Skipping pairwise (--skip-pairwise)
2026-04-26 00:43:19,390 - INFO - __main__ - FDR: 270/406 pairs significant at q=0.01 → 8 tiers
2026-04-26 00:43:19,390 - INFO - __main__ - Markdown leaderboard written to results/leaderboard/per-architecture/era2/consensus/leaderboard_tiers_q01_20m.md
2026-04-26 00:43:19,390 - INFO - __main__ - Markdown leaderboard written to results/leaderboard/per-architecture/era2/consensus/leaderboard_tiers_q01_30m.md
2026-04-26 00:43:19,390 - INFO - __main__ - Markdown leaderboard written to results/leaderboard/per-architecture/era2/consensus/leaderboard_tiers_q01_40m.md
2026-04-26 00:43:19,390 - INFO - __main__ - Markdown leaderboard written to results/leaderboard/per-architecture/era2/consensus/leaderboard_tiers_q01_50m.md
2026-04-26 00:43:19,390 - INFO - __main__ - Markdown leaderboard written to results/leaderboard/per-architecture/era2/consensus/leaderboard_tiers_q01_100m.md
2026-04-26 00:43:19,397 - INFO - __main__ - JSON leaderboard written to results/leaderboard/per-architecture/era2/consensus/leaderboard_tiers_q01_30m.json
2026-04-26 00:43:19,412 - INFO - __main__ - All evaluations written to results/leaderboard/per-architecture/era2/consensus/leaderboard_all_evaluations.json

========================================================================
LEADERBOARD TIERS (F1, 30m buffer)
========================================================================

Tier 1 (F1: 0.810–0.851, 4 conditions)
    1. h11-pvd-pro-high-text-n5                 F1=0.851  t=6
    2. h11-pvd-flash-high-text-n5               F1=0.826  t=26
    3. p3a-high-text-t0.3                       F1=0.810  t=10
    4. p3a-high-text-t0.3-n5                    F1=0.810  t=10

Tier 2 (F1: 0.784–0.809, 6 conditions)
    5. p3a-high-text-t1.0                       F1=0.789  t=9
    6. p3a-high-text-t1.0-n5                    F1=0.789  t=9
    7. h11-pvd-flash-high-image-n5              F1=0.809  t=7
    8. scale4-optimal-487                       F1=0.804  t=6
    9. p3a-high-image-t1.0                      F1=0.788  t=6
   10. p3a-high-image-t0.3                      F1=0.784  t=9

Tier 3 (F1: 0.730–0.730, 1 conditions)
   11. h11-e47-propose-brief                    F1=0.730  t=5

Tier 4 (F1: 0.821–0.821, 1 conditions)
   12. h11-pvd-pro-high-image-n5                F1=0.821  t=3

Tier 5 (F1: 0.728–0.737, 2 conditions)
   13. h11-pvd-image-n5                         F1=0.728  t=8
   14. h11-n1-image-t03                         F1=0.737  t=3

Tier 6 (F1: 0.669–0.715, 5 conditions)
   15. p3a-minimal-text-t1.0                    F1=0.673  t=9
   16. p3a-minimal-text-t1.0-n5                 F1=0.673  t=9
   17. h11-pvd-flash-minimal-text-n30-t07       F1=0.669  t=29
   18. p3a-min-image-t0.3                       F1=0.710  t=10
   19. p3a-min-image-t1.0                       F1=0.715  t=8

Tier 7 (F1: 0.648–0.692, 3 conditions)
   20. p3a-minimal-text-t0.3                    F1=0.648  t=10
   21. p3a-minimal-text-t0.3-n5                 F1=0.648  t=10
   22. h11-n1-image-t0                          F1=0.692  t=2

Tier 8 (F1: 0.550–0.628, 7 conditions)
   23. h11-pvd-text-n10                         F1=0.628  t=10
   24. p3a-high-text-t0.0                       F1=0.627  t=3
   25. p3a-minimal-text-t0.0                    F1=0.598  t=3
   26. h11-n1-brief-text-t03                    F1=0.601  t=3
   27. h11-n1-pro-text-high-t0                  F1=0.593  t=3
   28. h11-n1-pro-image-high-t0                 F1=0.618  t=3
   29. p3a-high-image-t0.0                      F1=0.550  t=1

========================================================================
Total: 29 conditions in 8 tiers
========================================================================
