2026-04-26 00:56:06,220 - INFO - __main__ - build_tiered_leaderboard.py v1.0.0 — git b4b67486
2026-04-26 00:56:06,223 - INFO - __main__ - Resolved 14 conditions from inventory (era=3, track=None)
2026-04-26 00:56:06,223 - INFO - __main__ - Resolved 14 conditions
2026-04-26 00:56:06,223 - INFO - __main__ - Skipping evaluation (--skip-evaluation)
2026-04-26 00:56:06,230 - INFO - __main__ - Threshold selection at 20m; pairwise + tiering at 30m (Option A semantics)
2026-04-26 00:56:06,230 - INFO - __main__ - Top-N filter disabled (top_n=0); including all 14 conditions
2026-04-26 00:56:06,230 - INFO - __main__ - Selected 14 conditions (best F1=0.733 at 20m)
2026-04-26 00:56:06,253 - INFO - __main__ - Pairwise tests (f1): 91 pairs at 30m (10000 permutations, 8 workers)
2026-04-26 00:56:06,300 - WARNING - pairwise_permutation_test - GeoJSON lacks source_tile — will assign via spatial join
2026-04-26 00:56:06,300 - WARNING - pairwise_permutation_test - GeoJSON lacks source_tile — will assign via spatial join
2026-04-26 00:56:06,300 - WARNING - pairwise_permutation_test - GeoJSON lacks source_tile — will assign via spatial join
2026-04-26 00:56:06,300 - INFO - pairwise_permutation_test - GeoJSON: 257 detections from consensus_t4.geojson
2026-04-26 00:56:06,300 - INFO - pairwise_permutation_test - GeoJSON: 257 detections from consensus_t4.geojson
2026-04-26 00:56:06,300 - INFO - pairwise_permutation_test - GeoJSON: 257 detections from consensus_t4.geojson
2026-04-26 00:56:06,301 - WARNING - pairwise_permutation_test - GeoJSON lacks source_tile — will assign via spatial join
2026-04-26 00:56:06,301 - INFO - pairwise_permutation_test - GeoJSON: 257 detections from consensus_t4.geojson
2026-04-26 00:56:06,301 - WARNING - pairwise_permutation_test - GeoJSON lacks source_tile — will assign via spatial join
2026-04-26 00:56:06,301 - WARNING - pairwise_permutation_test - GeoJSON lacks source_tile — will assign via spatial join
2026-04-26 00:56:06,301 - WARNING - pairwise_permutation_test - GeoJSON lacks source_tile — will assign via spatial join
2026-04-26 00:56:06,301 - WARNING - pairwise_permutation_test - GeoJSON lacks source_tile — will assign via spatial join
2026-04-26 00:56:06,301 - INFO - pairwise_permutation_test - GeoJSON: 257 detections from consensus_t4.geojson
2026-04-26 00:56:06,301 - INFO - pairwise_permutation_test - GeoJSON: 257 detections from consensus_t4.geojson
2026-04-26 00:56:06,301 - INFO - pairwise_permutation_test - GeoJSON: 257 detections from consensus_t4.geojson
2026-04-26 00:56:06,301 - INFO - pairwise_permutation_test - GeoJSON: 257 detections from consensus_t4.geojson
2026-04-26 00:56:06,308 - WARNING - pairwise_permutation_test - GeoJSON lacks source_tile — will assign via spatial join
2026-04-26 00:56:06,308 - INFO - pairwise_permutation_test - GeoJSON: 236 detections from consensus_t4.geojson
2026-04-26 00:56:06,309 - WARNING - pairwise_permutation_test - GeoJSON lacks source_tile — will assign via spatial join
2026-04-26 00:56:06,309 - WARNING - pairwise_permutation_test - GeoJSON lacks source_tile — will assign via spatial join
2026-04-26 00:56:06,309 - WARNING - pairwise_permutation_test - GeoJSON lacks source_tile — will assign via spatial join
2026-04-26 00:56:06,311 - INFO - pairwise_permutation_test - GeoJSON: 317 detections from consensus_t3.geojson
2026-04-26 00:56:06,310 - WARNING - pairwise_permutation_test - GeoJSON lacks source_tile — will assign via spatial join
2026-04-26 00:56:06,311 - INFO - pairwise_permutation_test - GeoJSON: 327 detections from consensus_t3.geojson
2026-04-26 00:56:06,311 - INFO - pairwise_permutation_test - GeoJSON: 242 detections from consensus_t4.geojson
2026-04-26 00:56:06,310 - WARNING - pairwise_permutation_test - GeoJSON lacks source_tile — will assign via spatial join
2026-04-26 00:56:06,310 - WARNING - pairwise_permutation_test - GeoJSON lacks source_tile — will assign via spatial join
2026-04-26 00:56:06,311 - WARNING - pairwise_permutation_test - GeoJSON lacks source_tile — will assign via spatial join
2026-04-26 00:56:06,311 - INFO - pairwise_permutation_test - GeoJSON: 236 detections from consensus_t4.geojson
2026-04-26 00:56:06,311 - INFO - pairwise_permutation_test - GeoJSON: 258 detections from consensus_t4.geojson
2026-04-26 00:56:06,311 - INFO - pairwise_permutation_test - GeoJSON: 370 detections from consensus_t3.geojson
2026-04-26 00:56:06,311 - INFO - pairwise_permutation_test - GeoJSON: 333 detections from consensus_t3.geojson
2026-04-26 00:56:06,879 - WARNING - pairwise_permutation_test - GeoJSON lacks source_tile — will assign via spatial join
2026-04-26 00:56:06,880 - INFO - pairwise_permutation_test - GeoJSON: 257 detections from consensus_t4.geojson
2026-04-26 00:56:06,882 - WARNING - pairwise_permutation_test - GeoJSON lacks source_tile — will assign via spatial join
2026-04-26 00:56:06,882 - INFO - pairwise_permutation_test - GeoJSON: 257 detections from consensus_t4.geojson
2026-04-26 00:56:06,886 - WARNING - pairwise_permutation_test - GeoJSON lacks source_tile — will assign via spatial join
2026-04-26 00:56:06,886 - INFO - pairwise_permutation_test - GeoJSON: 326 detections from consensus_t3.geojson
2026-04-26 00:56:06,889 - WARNING - pairwise_permutation_test - GeoJSON lacks source_tile — will assign via spatial join
2026-04-26 00:56:06,889 - INFO - pairwise_permutation_test - GeoJSON: 257 detections from consensus_t4.geojson
2026-04-26 00:56:06,889 - WARNING - pairwise_permutation_test - GeoJSON lacks source_tile — will assign via spatial join
2026-04-26 00:56:06,889 - INFO - pairwise_permutation_test - GeoJSON: 344 detections from consensus_t3.geojson
2026-04-26 00:56:06,899 - WARNING - pairwise_permutation_test - GeoJSON lacks source_tile — will assign via spatial join
2026-04-26 00:56:06,899 - INFO - pairwise_permutation_test - GeoJSON: 254 detections from consensus_t4.geojson
2026-04-26 00:56:06,902 - WARNING - pairwise_permutation_test - GeoJSON lacks source_tile — will assign via spatial join
2026-04-26 00:56:06,902 - INFO - pairwise_permutation_test - GeoJSON: 257 detections from consensus_t4.geojson
2026-04-26 00:56:06,909 - WARNING - pairwise_permutation_test - GeoJSON lacks source_tile — will assign via spatial join
2026-04-26 00:56:06,909 - INFO - pairwise_permutation_test - GeoJSON: 344 detections from consensus_t3.geojson
2026-04-26 00:56:06,916 - WARNING - pairwise_permutation_test - GeoJSON lacks source_tile — will assign via spatial join
2026-04-26 00:56:06,916 - INFO - pairwise_permutation_test - GeoJSON: 257 detections from consensus_t4.geojson
2026-04-26 00:56:06,923 - WARNING - pairwise_permutation_test - GeoJSON lacks source_tile — will assign via spatial join
2026-04-26 00:56:06,923 - INFO - pairwise_permutation_test - GeoJSON: 341 detections from consensus_t3.geojson
2026-04-26 00:56:06,923 - WARNING - pairwise_permutation_test - GeoJSON lacks source_tile — will assign via spatial join
2026-04-26 00:56:06,923 - INFO - pairwise_permutation_test - GeoJSON: 327 detections from consensus_t3.geojson
2026-04-26 00:56:06,930 - WARNING - pairwise_permutation_test - GeoJSON lacks source_tile — will assign via spatial join
2026-04-26 00:56:06,930 - INFO - pairwise_permutation_test - GeoJSON: 317 detections from consensus_t3.geojson
2026-04-26 00:56:06,937 - WARNING - pairwise_permutation_test - GeoJSON lacks source_tile — will assign via spatial join
2026-04-26 00:56:06,937 - INFO - pairwise_permutation_test - GeoJSON: 327 detections from consensus_t3.geojson
2026-04-26 00:56:06,943 - WARNING - pairwise_permutation_test - GeoJSON lacks source_tile — will assign via spatial join
2026-04-26 00:56:06,943 - INFO - pairwise_permutation_test - GeoJSON: 236 detections from consensus_t4.geojson
2026-04-26 00:56:06,958 - WARNING - pairwise_permutation_test - GeoJSON lacks source_tile — will assign via spatial join
2026-04-26 00:56:06,958 - INFO - pairwise_permutation_test - GeoJSON: 327 detections from consensus_t3.geojson
2026-04-26 00:56:06,964 - WARNING - pairwise_permutation_test - GeoJSON lacks source_tile — will assign via spatial join
2026-04-26 00:56:06,964 - INFO - pairwise_permutation_test - GeoJSON: 236 detections from consensus_t4.geojson
2026-04-26 00:56:07,488 - WARNING - pairwise_permutation_test - GeoJSON lacks source_tile — will assign via spatial join
2026-04-26 00:56:07,488 - INFO - pairwise_permutation_test - GeoJSON: 327 detections from consensus_t3.geojson
2026-04-26 00:56:07,494 - WARNING - pairwise_permutation_test - GeoJSON lacks source_tile — will assign via spatial join
2026-04-26 00:56:07,494 - INFO - pairwise_permutation_test - GeoJSON: 327 detections from consensus_t3.geojson
2026-04-26 00:56:07,494 - WARNING - pairwise_permutation_test - GeoJSON lacks source_tile — will assign via spatial join
2026-04-26 00:56:07,494 - INFO - pairwise_permutation_test - GeoJSON: 242 detections from consensus_t4.geojson
2026-04-26 00:56:07,501 - WARNING - pairwise_permutation_test - GeoJSON lacks source_tile — will assign via spatial join
2026-04-26 00:56:07,501 - INFO - pairwise_permutation_test - GeoJSON: 333 detections from consensus_t3.geojson
2026-04-26 00:56:07,502 - WARNING - pairwise_permutation_test - GeoJSON lacks source_tile — will assign via spatial join
2026-04-26 00:56:07,502 - INFO - pairwise_permutation_test - GeoJSON: 327 detections from consensus_t3.geojson
2026-04-26 00:56:07,509 - WARNING - pairwise_permutation_test - GeoJSON lacks source_tile — will assign via spatial join
2026-04-26 00:56:07,509 - INFO - pairwise_permutation_test - GeoJSON: 258 detections from consensus_t4.geojson
2026-04-26 00:56:07,540 - WARNING - pairwise_permutation_test - GeoJSON lacks source_tile — will assign via spatial join
2026-04-26 00:56:07,540 - INFO - pairwise_permutation_test - GeoJSON: 327 detections from consensus_t3.geojson
2026-04-26 00:56:07,541 - WARNING - pairwise_permutation_test - GeoJSON lacks source_tile — will assign via spatial join
2026-04-26 00:56:07,541 - INFO - pairwise_permutation_test - GeoJSON: 327 detections from consensus_t3.geojson
2026-04-26 00:56:07,542 - WARNING - pairwise_permutation_test - GeoJSON lacks source_tile — will assign via spatial join
2026-04-26 00:56:07,542 - INFO - pairwise_permutation_test - GeoJSON: 327 detections from consensus_t3.geojson
2026-04-26 00:56:07,547 - WARNING - pairwise_permutation_test - GeoJSON lacks source_tile — will assign via spatial join
2026-04-26 00:56:07,547 - INFO - pairwise_permutation_test - GeoJSON: 370 detections from consensus_t3.geojson
2026-04-26 00:56:07,547 - WARNING - pairwise_permutation_test - GeoJSON lacks source_tile — will assign via spatial join
2026-04-26 00:56:07,547 - INFO - pairwise_permutation_test - GeoJSON: 254 detections from consensus_t4.geojson
2026-04-26 00:56:07,549 - WARNING - pairwise_permutation_test - GeoJSON lacks source_tile — will assign via spatial join
2026-04-26 00:56:07,549 - INFO - pairwise_permutation_test - GeoJSON: 326 detections from consensus_t3.geojson
2026-04-26 00:56:07,561 - WARNING - pairwise_permutation_test - GeoJSON lacks source_tile — will assign via spatial join
2026-04-26 00:56:07,561 - INFO - pairwise_permutation_test - GeoJSON: 327 detections from consensus_t3.geojson
2026-04-26 00:56:07,563 - WARNING - pairwise_permutation_test - GeoJSON lacks source_tile — will assign via spatial join
2026-04-26 00:56:07,563 - INFO - pairwise_permutation_test - GeoJSON: 327 detections from consensus_t3.geojson
2026-04-26 00:56:07,568 - WARNING - pairwise_permutation_test - GeoJSON lacks source_tile — will assign via spatial join
2026-04-26 00:56:07,568 - INFO - pairwise_permutation_test - GeoJSON: 344 detections from consensus_t3.geojson
2026-04-26 00:56:07,571 - WARNING - pairwise_permutation_test - GeoJSON lacks source_tile — will assign via spatial join
2026-04-26 00:56:07,571 - INFO - pairwise_permutation_test - GeoJSON: 344 detections from consensus_t3.geojson
2026-04-26 00:56:08,094 - WARNING - pairwise_permutation_test - GeoJSON lacks source_tile — will assign via spatial join
2026-04-26 00:56:08,094 - INFO - pairwise_permutation_test - GeoJSON: 327 detections from consensus_t3.geojson
2026-04-26 00:56:08,101 - WARNING - pairwise_permutation_test - GeoJSON lacks source_tile — will assign via spatial join
2026-04-26 00:56:08,101 - INFO - pairwise_permutation_test - GeoJSON: 341 detections from consensus_t3.geojson
2026-04-26 00:56:08,110 - WARNING - pairwise_permutation_test - GeoJSON lacks source_tile — will assign via spatial join
2026-04-26 00:56:08,110 - INFO - pairwise_permutation_test - GeoJSON: 317 detections from consensus_t3.geojson
2026-04-26 00:56:08,115 - WARNING - pairwise_permutation_test - GeoJSON lacks source_tile — will assign via spatial join
2026-04-26 00:56:08,116 - INFO - pairwise_permutation_test - GeoJSON: 236 detections from consensus_t4.geojson
2026-04-26 00:56:08,168 - WARNING - pairwise_permutation_test - GeoJSON lacks source_tile — will assign via spatial join
2026-04-26 00:56:08,168 - INFO - pairwise_permutation_test - GeoJSON: 317 detections from consensus_t3.geojson
2026-04-26 00:56:08,171 - WARNING - pairwise_permutation_test - GeoJSON lacks source_tile — will assign via spatial join
2026-04-26 00:56:08,171 - INFO - pairwise_permutation_test - GeoJSON: 317 detections from consensus_t3.geojson
2026-04-26 00:56:08,174 - WARNING - pairwise_permutation_test - GeoJSON lacks source_tile — will assign via spatial join
2026-04-26 00:56:08,174 - INFO - pairwise_permutation_test - GeoJSON: 236 detections from consensus_t4.geojson
2026-04-26 00:56:08,177 - WARNING - pairwise_permutation_test - GeoJSON lacks source_tile — will assign via spatial join
2026-04-26 00:56:08,177 - INFO - pairwise_permutation_test - GeoJSON: 242 detections from consensus_t4.geojson
2026-04-26 00:56:08,184 - WARNING - pairwise_permutation_test - GeoJSON lacks source_tile — will assign via spatial join
2026-04-26 00:56:08,184 - INFO - pairwise_permutation_test - GeoJSON: 317 detections from consensus_t3.geojson
2026-04-26 00:56:08,191 - WARNING - pairwise_permutation_test - GeoJSON lacks source_tile — will assign via spatial join
2026-04-26 00:56:08,191 - INFO - pairwise_permutation_test - GeoJSON: 333 detections from consensus_t3.geojson
2026-04-26 00:56:08,200 - WARNING - pairwise_permutation_test - GeoJSON lacks source_tile — will assign via spatial join
2026-04-26 00:56:08,200 - INFO - pairwise_permutation_test - GeoJSON: 317 detections from consensus_t3.geojson
2026-04-26 00:56:08,207 - WARNING - pairwise_permutation_test - GeoJSON lacks source_tile — will assign via spatial join
2026-04-26 00:56:08,207 - INFO - pairwise_permutation_test - GeoJSON: 258 detections from consensus_t4.geojson
2026-04-26 00:56:08,213 - WARNING - pairwise_permutation_test - GeoJSON lacks source_tile — will assign via spatial join
2026-04-26 00:56:08,213 - INFO - pairwise_permutation_test - GeoJSON: 317 detections from consensus_t3.geojson
2026-04-26 00:56:08,214 - WARNING - pairwise_permutation_test - GeoJSON lacks source_tile — will assign via spatial join
2026-04-26 00:56:08,214 - INFO - pairwise_permutation_test - GeoJSON: 317 detections from consensus_t3.geojson
2026-04-26 00:56:08,220 - WARNING - pairwise_permutation_test - GeoJSON lacks source_tile — will assign via spatial join
2026-04-26 00:56:08,220 - INFO - pairwise_permutation_test - GeoJSON: 254 detections from consensus_t4.geojson
2026-04-26 00:56:08,220 - WARNING - pairwise_permutation_test - GeoJSON lacks source_tile — will assign via spatial join
2026-04-26 00:56:08,220 - INFO - pairwise_permutation_test - GeoJSON: 370 detections from consensus_t3.geojson
2026-04-26 00:56:08,708 - WARNING - pairwise_permutation_test - GeoJSON lacks source_tile — will assign via spatial join
2026-04-26 00:56:08,708 - INFO - pairwise_permutation_test - GeoJSON: 317 detections from consensus_t3.geojson
2026-04-26 00:56:08,715 - WARNING - pairwise_permutation_test - GeoJSON lacks source_tile — will assign via spatial join
2026-04-26 00:56:08,715 - INFO - pairwise_permutation_test - GeoJSON: 326 detections from consensus_t3.geojson
2026-04-26 00:56:08,741 - WARNING - pairwise_permutation_test - GeoJSON lacks source_tile — will assign via spatial join
2026-04-26 00:56:08,741 - INFO - pairwise_permutation_test - GeoJSON: 317 detections from consensus_t3.geojson
2026-04-26 00:56:08,748 - WARNING - pairwise_permutation_test - GeoJSON lacks source_tile — will assign via spatial join
2026-04-26 00:56:08,748 - INFO - pairwise_permutation_test - GeoJSON: 344 detections from consensus_t3.geojson
2026-04-26 00:56:08,792 - WARNING - pairwise_permutation_test - GeoJSON lacks source_tile — will assign via spatial join
2026-04-26 00:56:08,792 - INFO - pairwise_permutation_test - GeoJSON: 317 detections from consensus_t3.geojson
2026-04-26 00:56:08,795 - WARNING - pairwise_permutation_test - GeoJSON lacks source_tile — will assign via spatial join
2026-04-26 00:56:08,795 - INFO - pairwise_permutation_test - GeoJSON: 317 detections from consensus_t3.geojson
2026-04-26 00:56:08,799 - WARNING - pairwise_permutation_test - GeoJSON lacks source_tile — will assign via spatial join
2026-04-26 00:56:08,799 - INFO - pairwise_permutation_test - GeoJSON: 344 detections from consensus_t3.geojson
2026-04-26 00:56:08,802 - WARNING - pairwise_permutation_test - GeoJSON lacks source_tile — will assign via spatial join
2026-04-26 00:56:08,802 - INFO - pairwise_permutation_test - GeoJSON: 341 detections from consensus_t3.geojson
2026-04-26 00:56:08,812 - WARNING - pairwise_permutation_test - GeoJSON lacks source_tile — will assign via spatial join
2026-04-26 00:56:08,812 - INFO - pairwise_permutation_test - GeoJSON: 236 detections from consensus_t4.geojson
2026-04-26 00:56:08,818 - WARNING - pairwise_permutation_test - GeoJSON lacks source_tile — will assign via spatial join
2026-04-26 00:56:08,818 - INFO - pairwise_permutation_test - GeoJSON: 236 detections from consensus_t4.geojson
2026-04-26 00:56:08,818 - WARNING - pairwise_permutation_test - GeoJSON lacks source_tile — will assign via spatial join
2026-04-26 00:56:08,818 - INFO - pairwise_permutation_test - GeoJSON: 236 detections from consensus_t4.geojson
2026-04-26 00:56:08,824 - WARNING - pairwise_permutation_test - GeoJSON lacks source_tile — will assign via spatial join
2026-04-26 00:56:08,824 - INFO - pairwise_permutation_test - GeoJSON: 242 detections from consensus_t4.geojson
2026-04-26 00:56:08,825 - WARNING - pairwise_permutation_test - GeoJSON lacks source_tile — will assign via spatial join
2026-04-26 00:56:08,825 - INFO - pairwise_permutation_test - GeoJSON: 236 detections from consensus_t4.geojson
2026-04-26 00:56:08,832 - WARNING - pairwise_permutation_test - GeoJSON lacks source_tile — will assign via spatial join
2026-04-26 00:56:08,832 - INFO - pairwise_permutation_test - GeoJSON: 333 detections from consensus_t3.geojson
2026-04-26 00:56:08,871 - WARNING - pairwise_permutation_test - GeoJSON lacks source_tile — will assign via spatial join
2026-04-26 00:56:08,871 - INFO - pairwise_permutation_test - GeoJSON: 236 detections from consensus_t4.geojson
2026-04-26 00:56:08,877 - WARNING - pairwise_permutation_test - GeoJSON lacks source_tile — will assign via spatial join
2026-04-26 00:56:08,877 - INFO - pairwise_permutation_test - GeoJSON: 258 detections from consensus_t4.geojson
2026-04-26 00:56:09,346 - WARNING - pairwise_permutation_test - GeoJSON lacks source_tile — will assign via spatial join
2026-04-26 00:56:09,346 - INFO - pairwise_permutation_test - GeoJSON: 236 detections from consensus_t4.geojson
2026-04-26 00:56:09,354 - WARNING - pairwise_permutation_test - GeoJSON lacks source_tile — will assign via spatial join
2026-04-26 00:56:09,354 - INFO - pairwise_permutation_test - GeoJSON: 370 detections from consensus_t3.geojson
2026-04-26 00:56:09,374 - WARNING - pairwise_permutation_test - GeoJSON lacks source_tile — will assign via spatial join
2026-04-26 00:56:09,374 - INFO - pairwise_permutation_test - GeoJSON: 236 detections from consensus_t4.geojson
2026-04-26 00:56:09,379 - WARNING - pairwise_permutation_test - GeoJSON lacks source_tile — will assign via spatial join
2026-04-26 00:56:09,379 - INFO - pairwise_permutation_test - GeoJSON: 236 detections from consensus_t4.geojson
2026-04-26 00:56:09,380 - WARNING - pairwise_permutation_test - GeoJSON lacks source_tile — will assign via spatial join
2026-04-26 00:56:09,380 - INFO - pairwise_permutation_test - GeoJSON: 254 detections from consensus_t4.geojson
2026-04-26 00:56:09,386 - WARNING - pairwise_permutation_test - GeoJSON lacks source_tile — will assign via spatial join
2026-04-26 00:56:09,386 - INFO - pairwise_permutation_test - GeoJSON: 326 detections from consensus_t3.geojson
2026-04-26 00:56:09,387 - WARNING - pairwise_permutation_test - GeoJSON lacks source_tile — will assign via spatial join
2026-04-26 00:56:09,387 - INFO - pairwise_permutation_test - GeoJSON: 236 detections from consensus_t4.geojson
2026-04-26 00:56:09,394 - WARNING - pairwise_permutation_test - GeoJSON lacks source_tile — will assign via spatial join
2026-04-26 00:56:09,395 - INFO - pairwise_permutation_test - GeoJSON: 344 detections from consensus_t3.geojson
2026-04-26 00:56:09,431 - WARNING - pairwise_permutation_test - GeoJSON lacks source_tile — will assign via spatial join
2026-04-26 00:56:09,431 - INFO - pairwise_permutation_test - GeoJSON: 236 detections from consensus_t4.geojson
2026-04-26 00:56:09,437 - WARNING - pairwise_permutation_test - GeoJSON lacks source_tile — will assign via spatial join
2026-04-26 00:56:09,437 - INFO - pairwise_permutation_test - GeoJSON: 236 detections from consensus_t4.geojson
2026-04-26 00:56:09,438 - WARNING - pairwise_permutation_test - GeoJSON lacks source_tile — will assign via spatial join
2026-04-26 00:56:09,438 - INFO - pairwise_permutation_test - GeoJSON: 344 detections from consensus_t3.geojson
2026-04-26 00:56:09,444 - WARNING - pairwise_permutation_test - GeoJSON lacks source_tile — will assign via spatial join
2026-04-26 00:56:09,444 - INFO - pairwise_permutation_test - GeoJSON: 341 detections from consensus_t3.geojson
2026-04-26 00:56:09,457 - WARNING - pairwise_permutation_test - GeoJSON lacks source_tile — will assign via spatial join
2026-04-26 00:56:09,457 - INFO - pairwise_permutation_test - GeoJSON: 236 detections from consensus_t4.geojson
2026-04-26 00:56:09,459 - WARNING - pairwise_permutation_test - GeoJSON lacks source_tile — will assign via spatial join
2026-04-26 00:56:09,459 - INFO - pairwise_permutation_test - GeoJSON: 236 detections from consensus_t4.geojson
2026-04-26 00:56:09,463 - WARNING - pairwise_permutation_test - GeoJSON lacks source_tile — will assign via spatial join
2026-04-26 00:56:09,463 - INFO - pairwise_permutation_test - GeoJSON: 242 detections from consensus_t4.geojson
2026-04-26 00:56:09,466 - WARNING - pairwise_permutation_test - GeoJSON lacks source_tile — will assign via spatial join
2026-04-26 00:56:09,466 - INFO - pairwise_permutation_test - GeoJSON: 333 detections from consensus_t3.geojson
2026-04-26 00:56:09,941 - WARNING - pairwise_permutation_test - GeoJSON lacks source_tile — will assign via spatial join
2026-04-26 00:56:09,942 - INFO - pairwise_permutation_test - GeoJSON: 236 detections from consensus_t4.geojson
2026-04-26 00:56:09,948 - WARNING - pairwise_permutation_test - GeoJSON lacks source_tile — will assign via spatial join
2026-04-26 00:56:09,948 - INFO - pairwise_permutation_test - GeoJSON: 258 detections from consensus_t4.geojson
2026-04-26 00:56:09,960 - WARNING - pairwise_permutation_test - GeoJSON lacks source_tile — will assign via spatial join
2026-04-26 00:56:09,960 - INFO - pairwise_permutation_test - GeoJSON: 236 detections from consensus_t4.geojson
2026-04-26 00:56:09,967 - WARNING - pairwise_permutation_test - GeoJSON lacks source_tile — will assign via spatial join
2026-04-26 00:56:09,967 - INFO - pairwise_permutation_test - GeoJSON: 370 detections from consensus_t3.geojson
2026-04-26 00:56:09,976 - WARNING - pairwise_permutation_test - GeoJSON lacks source_tile — will assign via spatial join
2026-04-26 00:56:09,976 - INFO - pairwise_permutation_test - GeoJSON: 236 detections from consensus_t4.geojson
2026-04-26 00:56:09,982 - WARNING - pairwise_permutation_test - GeoJSON lacks source_tile — will assign via spatial join
2026-04-26 00:56:09,982 - INFO - pairwise_permutation_test - GeoJSON: 254 detections from consensus_t4.geojson
2026-04-26 00:56:09,998 - WARNING - pairwise_permutation_test - GeoJSON lacks source_tile — will assign via spatial join
2026-04-26 00:56:09,998 - INFO - pairwise_permutation_test - GeoJSON: 236 detections from consensus_t4.geojson
2026-04-26 00:56:10,005 - WARNING - pairwise_permutation_test - GeoJSON lacks source_tile — will assign via spatial join
2026-04-26 00:56:10,005 - INFO - pairwise_permutation_test - GeoJSON: 326 detections from consensus_t3.geojson
2026-04-26 00:56:10,036 - WARNING - pairwise_permutation_test - GeoJSON lacks source_tile — will assign via spatial join
2026-04-26 00:56:10,036 - INFO - pairwise_permutation_test - GeoJSON: 236 detections from consensus_t4.geojson
2026-04-26 00:56:10,039 - WARNING - pairwise_permutation_test - GeoJSON lacks source_tile — will assign via spatial join
2026-04-26 00:56:10,039 - INFO - pairwise_permutation_test - GeoJSON: 236 detections from consensus_t4.geojson
2026-04-26 00:56:10,043 - WARNING - pairwise_permutation_test - GeoJSON lacks source_tile — will assign via spatial join
2026-04-26 00:56:10,043 - INFO - pairwise_permutation_test - GeoJSON: 344 detections from consensus_t3.geojson
2026-04-26 00:56:10,043 - WARNING - pairwise_permutation_test - GeoJSON lacks source_tile — will assign via spatial join
2026-04-26 00:56:10,043 - INFO - pairwise_permutation_test - GeoJSON: 236 detections from consensus_t4.geojson
2026-04-26 00:56:10,046 - WARNING - pairwise_permutation_test - GeoJSON lacks source_tile — will assign via spatial join
2026-04-26 00:56:10,046 - INFO - pairwise_permutation_test - GeoJSON: 344 detections from consensus_t3.geojson
2026-04-26 00:56:10,050 - WARNING - pairwise_permutation_test - GeoJSON lacks source_tile — will assign via spatial join
2026-04-26 00:56:10,050 - INFO - pairwise_permutation_test - GeoJSON: 341 detections from consensus_t3.geojson
2026-04-26 00:56:10,081 - WARNING - pairwise_permutation_test - GeoJSON lacks source_tile — will assign via spatial join
2026-04-26 00:56:10,081 - INFO - pairwise_permutation_test - GeoJSON: 242 detections from consensus_t4.geojson
2026-04-26 00:56:10,088 - WARNING - pairwise_permutation_test - GeoJSON lacks source_tile — will assign via spatial join
2026-04-26 00:56:10,088 - INFO - pairwise_permutation_test - GeoJSON: 333 detections from consensus_t3.geojson
2026-04-26 00:56:10,510 - WARNING - pairwise_permutation_test - GeoJSON lacks source_tile — will assign via spatial join
2026-04-26 00:56:10,510 - INFO - pairwise_permutation_test - GeoJSON: 242 detections from consensus_t4.geojson
2026-04-26 00:56:10,516 - WARNING - pairwise_permutation_test - GeoJSON lacks source_tile — will assign via spatial join
2026-04-26 00:56:10,516 - INFO - pairwise_permutation_test - GeoJSON: 258 detections from consensus_t4.geojson
2026-04-26 00:56:10,532 - INFO - __main__ - [50/91] pairwise done
2026-04-26 00:56:10,545 - WARNING - pairwise_permutation_test - GeoJSON lacks source_tile — will assign via spatial join
2026-04-26 00:56:10,545 - INFO - pairwise_permutation_test - GeoJSON: 242 detections from consensus_t4.geojson
2026-04-26 00:56:10,552 - WARNING - pairwise_permutation_test - GeoJSON lacks source_tile — will assign via spatial join
2026-04-26 00:56:10,552 - INFO - pairwise_permutation_test - GeoJSON: 370 detections from consensus_t3.geojson
2026-04-26 00:56:10,574 - WARNING - pairwise_permutation_test - GeoJSON lacks source_tile — will assign via spatial join
2026-04-26 00:56:10,574 - INFO - pairwise_permutation_test - GeoJSON: 242 detections from consensus_t4.geojson
2026-04-26 00:56:10,580 - WARNING - pairwise_permutation_test - GeoJSON lacks source_tile — will assign via spatial join
2026-04-26 00:56:10,580 - INFO - pairwise_permutation_test - GeoJSON: 254 detections from consensus_t4.geojson
2026-04-26 00:56:10,597 - WARNING - pairwise_permutation_test - GeoJSON lacks source_tile — will assign via spatial join
2026-04-26 00:56:10,597 - INFO - pairwise_permutation_test - GeoJSON: 242 detections from consensus_t4.geojson
2026-04-26 00:56:10,604 - WARNING - pairwise_permutation_test - GeoJSON lacks source_tile — will assign via spatial join
2026-04-26 00:56:10,604 - INFO - pairwise_permutation_test - GeoJSON: 326 detections from consensus_t3.geojson
2026-04-26 00:56:10,643 - WARNING - pairwise_permutation_test - GeoJSON lacks source_tile — will assign via spatial join
2026-04-26 00:56:10,643 - INFO - pairwise_permutation_test - GeoJSON: 242 detections from consensus_t4.geojson
2026-04-26 00:56:10,650 - WARNING - pairwise_permutation_test - GeoJSON lacks source_tile — will assign via spatial join
2026-04-26 00:56:10,650 - INFO - pairwise_permutation_test - GeoJSON: 344 detections from consensus_t3.geojson
2026-04-26 00:56:10,650 - WARNING - pairwise_permutation_test - GeoJSON lacks source_tile — will assign via spatial join
2026-04-26 00:56:10,650 - INFO - pairwise_permutation_test - GeoJSON: 242 detections from consensus_t4.geojson
2026-04-26 00:56:10,658 - WARNING - pairwise_permutation_test - GeoJSON lacks source_tile — will assign via spatial join
2026-04-26 00:56:10,658 - INFO - pairwise_permutation_test - GeoJSON: 344 detections from consensus_t3.geojson
2026-04-26 00:56:10,667 - WARNING - pairwise_permutation_test - GeoJSON lacks source_tile — will assign via spatial join
2026-04-26 00:56:10,667 - INFO - pairwise_permutation_test - GeoJSON: 242 detections from consensus_t4.geojson
2026-04-26 00:56:10,674 - WARNING - pairwise_permutation_test - GeoJSON lacks source_tile — will assign via spatial join
2026-04-26 00:56:10,674 - INFO - pairwise_permutation_test - GeoJSON: 341 detections from consensus_t3.geojson
2026-04-26 00:56:10,710 - WARNING - pairwise_permutation_test - GeoJSON lacks source_tile — will assign via spatial join
2026-04-26 00:56:10,710 - INFO - pairwise_permutation_test - GeoJSON: 333 detections from consensus_t3.geojson
2026-04-26 00:56:10,717 - WARNING - pairwise_permutation_test - GeoJSON lacks source_tile — will assign via spatial join
2026-04-26 00:56:10,717 - INFO - pairwise_permutation_test - GeoJSON: 258 detections from consensus_t4.geojson
2026-04-26 00:56:11,081 - WARNING - pairwise_permutation_test - GeoJSON lacks source_tile — will assign via spatial join
2026-04-26 00:56:11,081 - INFO - pairwise_permutation_test - GeoJSON: 333 detections from consensus_t3.geojson
2026-04-26 00:56:11,088 - WARNING - pairwise_permutation_test - GeoJSON lacks source_tile — will assign via spatial join
2026-04-26 00:56:11,088 - INFO - pairwise_permutation_test - GeoJSON: 370 detections from consensus_t3.geojson
2026-04-26 00:56:11,145 - WARNING - pairwise_permutation_test - GeoJSON lacks source_tile — will assign via spatial join
2026-04-26 00:56:11,145 - INFO - pairwise_permutation_test - GeoJSON: 333 detections from consensus_t3.geojson
2026-04-26 00:56:11,152 - WARNING - pairwise_permutation_test - GeoJSON lacks source_tile — will assign via spatial join
2026-04-26 00:56:11,152 - INFO - pairwise_permutation_test - GeoJSON: 254 detections from consensus_t4.geojson
2026-04-26 00:56:11,166 - WARNING - pairwise_permutation_test - GeoJSON lacks source_tile — will assign via spatial join
2026-04-26 00:56:11,166 - INFO - pairwise_permutation_test - GeoJSON: 333 detections from consensus_t3.geojson
2026-04-26 00:56:11,173 - WARNING - pairwise_permutation_test - GeoJSON lacks source_tile — will assign via spatial join
2026-04-26 00:56:11,173 - INFO - pairwise_permutation_test - GeoJSON: 326 detections from consensus_t3.geojson
2026-04-26 00:56:11,203 - WARNING - pairwise_permutation_test - GeoJSON lacks source_tile — will assign via spatial join
2026-04-26 00:56:11,203 - INFO - pairwise_permutation_test - GeoJSON: 333 detections from consensus_t3.geojson
2026-04-26 00:56:11,210 - WARNING - pairwise_permutation_test - GeoJSON lacks source_tile — will assign via spatial join
2026-04-26 00:56:11,210 - INFO - pairwise_permutation_test - GeoJSON: 344 detections from consensus_t3.geojson
2026-04-26 00:56:11,254 - WARNING - pairwise_permutation_test - GeoJSON lacks source_tile — will assign via spatial join
2026-04-26 00:56:11,254 - INFO - pairwise_permutation_test - GeoJSON: 333 detections from consensus_t3.geojson
2026-04-26 00:56:11,261 - WARNING - pairwise_permutation_test - GeoJSON lacks source_tile — will assign via spatial join
2026-04-26 00:56:11,261 - INFO - pairwise_permutation_test - GeoJSON: 344 detections from consensus_t3.geojson
2026-04-26 00:56:11,264 - WARNING - pairwise_permutation_test - GeoJSON lacks source_tile — will assign via spatial join
2026-04-26 00:56:11,264 - INFO - pairwise_permutation_test - GeoJSON: 333 detections from consensus_t3.geojson
2026-04-26 00:56:11,271 - WARNING - pairwise_permutation_test - GeoJSON lacks source_tile — will assign via spatial join
2026-04-26 00:56:11,271 - INFO - pairwise_permutation_test - GeoJSON: 341 detections from consensus_t3.geojson
2026-04-26 00:56:11,292 - WARNING - pairwise_permutation_test - GeoJSON lacks source_tile — will assign via spatial join
2026-04-26 00:56:11,292 - INFO - pairwise_permutation_test - GeoJSON: 258 detections from consensus_t4.geojson
2026-04-26 00:56:11,300 - WARNING - pairwise_permutation_test - GeoJSON lacks source_tile — will assign via spatial join
2026-04-26 00:56:11,300 - INFO - pairwise_permutation_test - GeoJSON: 370 detections from consensus_t3.geojson
2026-04-26 00:56:11,346 - WARNING - pairwise_permutation_test - GeoJSON lacks source_tile — will assign via spatial join
2026-04-26 00:56:11,346 - INFO - pairwise_permutation_test - GeoJSON: 258 detections from consensus_t4.geojson
2026-04-26 00:56:11,353 - WARNING - pairwise_permutation_test - GeoJSON lacks source_tile — will assign via spatial join
2026-04-26 00:56:11,353 - INFO - pairwise_permutation_test - GeoJSON: 254 detections from consensus_t4.geojson
2026-04-26 00:56:11,754 - WARNING - pairwise_permutation_test - GeoJSON lacks source_tile — will assign via spatial join
2026-04-26 00:56:11,754 - INFO - pairwise_permutation_test - GeoJSON: 258 detections from consensus_t4.geojson
2026-04-26 00:56:11,761 - WARNING - pairwise_permutation_test - GeoJSON lacks source_tile — will assign via spatial join
2026-04-26 00:56:11,761 - INFO - pairwise_permutation_test - GeoJSON: 326 detections from consensus_t3.geojson
2026-04-26 00:56:11,778 - WARNING - pairwise_permutation_test - GeoJSON lacks source_tile — will assign via spatial join
2026-04-26 00:56:11,778 - INFO - pairwise_permutation_test - GeoJSON: 258 detections from consensus_t4.geojson
2026-04-26 00:56:11,785 - WARNING - pairwise_permutation_test - GeoJSON lacks source_tile — will assign via spatial join
2026-04-26 00:56:11,785 - INFO - pairwise_permutation_test - GeoJSON: 344 detections from consensus_t3.geojson
2026-04-26 00:56:11,810 - WARNING - pairwise_permutation_test - GeoJSON lacks source_tile — will assign via spatial join
2026-04-26 00:56:11,811 - INFO - pairwise_permutation_test - GeoJSON: 258 detections from consensus_t4.geojson
2026-04-26 00:56:11,818 - WARNING - pairwise_permutation_test - GeoJSON lacks source_tile — will assign via spatial join
2026-04-26 00:56:11,818 - INFO - pairwise_permutation_test - GeoJSON: 344 detections from consensus_t3.geojson
2026-04-26 00:56:11,877 - WARNING - pairwise_permutation_test - GeoJSON lacks source_tile — will assign via spatial join
2026-04-26 00:56:11,877 - INFO - pairwise_permutation_test - GeoJSON: 258 detections from consensus_t4.geojson
2026-04-26 00:56:11,884 - WARNING - pairwise_permutation_test - GeoJSON lacks source_tile — will assign via spatial join
2026-04-26 00:56:11,884 - INFO - pairwise_permutation_test - GeoJSON: 341 detections from consensus_t3.geojson
2026-04-26 00:56:11,914 - WARNING - pairwise_permutation_test - GeoJSON lacks source_tile — will assign via spatial join
2026-04-26 00:56:11,914 - INFO - pairwise_permutation_test - GeoJSON: 370 detections from consensus_t3.geojson
2026-04-26 00:56:11,918 - WARNING - pairwise_permutation_test - GeoJSON lacks source_tile — will assign via spatial join
2026-04-26 00:56:11,918 - INFO - pairwise_permutation_test - GeoJSON: 370 detections from consensus_t3.geojson
2026-04-26 00:56:11,920 - WARNING - pairwise_permutation_test - GeoJSON lacks source_tile — will assign via spatial join
2026-04-26 00:56:11,920 - INFO - pairwise_permutation_test - GeoJSON: 254 detections from consensus_t4.geojson
2026-04-26 00:56:11,923 - WARNING - pairwise_permutation_test - GeoJSON lacks source_tile — will assign via spatial join
2026-04-26 00:56:11,923 - INFO - pairwise_permutation_test - GeoJSON: 370 detections from consensus_t3.geojson
2026-04-26 00:56:11,925 - WARNING - pairwise_permutation_test - GeoJSON lacks source_tile — will assign via spatial join
2026-04-26 00:56:11,925 - INFO - pairwise_permutation_test - GeoJSON: 326 detections from consensus_t3.geojson
2026-04-26 00:56:11,925 - WARNING - pairwise_permutation_test - GeoJSON lacks source_tile — will assign via spatial join
2026-04-26 00:56:11,925 - INFO - pairwise_permutation_test - GeoJSON: 370 detections from consensus_t3.geojson
2026-04-26 00:56:11,930 - WARNING - pairwise_permutation_test - GeoJSON lacks source_tile — will assign via spatial join
2026-04-26 00:56:11,930 - INFO - pairwise_permutation_test - GeoJSON: 344 detections from consensus_t3.geojson
2026-04-26 00:56:11,932 - WARNING - pairwise_permutation_test - GeoJSON lacks source_tile — will assign via spatial join
2026-04-26 00:56:11,932 - INFO - pairwise_permutation_test - GeoJSON: 344 detections from consensus_t3.geojson
2026-04-26 00:56:12,367 - WARNING - pairwise_permutation_test - GeoJSON lacks source_tile — will assign via spatial join
2026-04-26 00:56:12,367 - INFO - pairwise_permutation_test - GeoJSON: 370 detections from consensus_t3.geojson
2026-04-26 00:56:12,375 - WARNING - pairwise_permutation_test - GeoJSON lacks source_tile — will assign via spatial join
2026-04-26 00:56:12,375 - INFO - pairwise_permutation_test - GeoJSON: 341 detections from consensus_t3.geojson
2026-04-26 00:56:12,413 - WARNING - pairwise_permutation_test - GeoJSON lacks source_tile — will assign via spatial join
2026-04-26 00:56:12,413 - INFO - pairwise_permutation_test - GeoJSON: 254 detections from consensus_t4.geojson
2026-04-26 00:56:12,420 - WARNING - pairwise_permutation_test - GeoJSON lacks source_tile — will assign via spatial join
2026-04-26 00:56:12,420 - INFO - pairwise_permutation_test - GeoJSON: 326 detections from consensus_t3.geojson
2026-04-26 00:56:12,427 - WARNING - pairwise_permutation_test - GeoJSON lacks source_tile — will assign via spatial join
2026-04-26 00:56:12,427 - INFO - pairwise_permutation_test - GeoJSON: 254 detections from consensus_t4.geojson
2026-04-26 00:56:12,434 - WARNING - pairwise_permutation_test - GeoJSON lacks source_tile — will assign via spatial join
2026-04-26 00:56:12,434 - INFO - pairwise_permutation_test - GeoJSON: 344 detections from consensus_t3.geojson
2026-04-26 00:56:12,510 - WARNING - pairwise_permutation_test - GeoJSON lacks source_tile — will assign via spatial join
2026-04-26 00:56:12,510 - INFO - pairwise_permutation_test - GeoJSON: 254 detections from consensus_t4.geojson
2026-04-26 00:56:12,517 - WARNING - pairwise_permutation_test - GeoJSON lacks source_tile — will assign via spatial join
2026-04-26 00:56:12,517 - INFO - pairwise_permutation_test - GeoJSON: 344 detections from consensus_t3.geojson
2026-04-26 00:56:12,536 - WARNING - pairwise_permutation_test - GeoJSON lacks source_tile — will assign via spatial join
2026-04-26 00:56:12,536 - INFO - pairwise_permutation_test - GeoJSON: 254 detections from consensus_t4.geojson
2026-04-26 00:56:12,543 - WARNING - pairwise_permutation_test - GeoJSON lacks source_tile — will assign via spatial join
2026-04-26 00:56:12,543 - INFO - pairwise_permutation_test - GeoJSON: 341 detections from consensus_t3.geojson
2026-04-26 00:56:12,575 - WARNING - pairwise_permutation_test - GeoJSON lacks source_tile — will assign via spatial join
2026-04-26 00:56:12,575 - INFO - pairwise_permutation_test - GeoJSON: 326 detections from consensus_t3.geojson
2026-04-26 00:56:12,582 - WARNING - pairwise_permutation_test - GeoJSON lacks source_tile — will assign via spatial join
2026-04-26 00:56:12,582 - INFO - pairwise_permutation_test - GeoJSON: 344 detections from consensus_t3.geojson
2026-04-26 00:56:12,591 - WARNING - pairwise_permutation_test - GeoJSON lacks source_tile — will assign via spatial join
2026-04-26 00:56:12,591 - INFO - pairwise_permutation_test - GeoJSON: 326 detections from consensus_t3.geojson
2026-04-26 00:56:12,597 - WARNING - pairwise_permutation_test - GeoJSON lacks source_tile — will assign via spatial join
2026-04-26 00:56:12,597 - INFO - pairwise_permutation_test - GeoJSON: 326 detections from consensus_t3.geojson
2026-04-26 00:56:12,598 - WARNING - pairwise_permutation_test - GeoJSON lacks source_tile — will assign via spatial join
2026-04-26 00:56:12,598 - INFO - pairwise_permutation_test - GeoJSON: 344 detections from consensus_t3.geojson
2026-04-26 00:56:12,604 - WARNING - pairwise_permutation_test - GeoJSON lacks source_tile — will assign via spatial join
2026-04-26 00:56:12,604 - INFO - pairwise_permutation_test - GeoJSON: 341 detections from consensus_t3.geojson
2026-04-26 00:56:13,036 - WARNING - pairwise_permutation_test - GeoJSON lacks source_tile — will assign via spatial join
2026-04-26 00:56:13,036 - INFO - pairwise_permutation_test - GeoJSON: 344 detections from consensus_t3.geojson
2026-04-26 00:56:13,039 - WARNING - pairwise_permutation_test - GeoJSON lacks source_tile — will assign via spatial join
2026-04-26 00:56:13,039 - INFO - pairwise_permutation_test - GeoJSON: 344 detections from consensus_t3.geojson
2026-04-26 00:56:13,043 - WARNING - pairwise_permutation_test - GeoJSON lacks source_tile — will assign via spatial join
2026-04-26 00:56:13,043 - INFO - pairwise_permutation_test - GeoJSON: 344 detections from consensus_t3.geojson
2026-04-26 00:56:13,046 - WARNING - pairwise_permutation_test - GeoJSON lacks source_tile — will assign via spatial join
2026-04-26 00:56:13,046 - INFO - pairwise_permutation_test - GeoJSON: 341 detections from consensus_t3.geojson
2026-04-26 00:56:13,046 - WARNING - pairwise_permutation_test - GeoJSON lacks source_tile — will assign via spatial join
2026-04-26 00:56:13,047 - INFO - pairwise_permutation_test - GeoJSON: 344 detections from consensus_t3.geojson
2026-04-26 00:56:13,054 - WARNING - pairwise_permutation_test - GeoJSON lacks source_tile — will assign via spatial join
2026-04-26 00:56:13,054 - INFO - pairwise_permutation_test - GeoJSON: 341 detections from consensus_t3.geojson
2026-04-26 00:56:13,646 - INFO - __main__ - [91/91] pairwise done
2026-04-26 00:56:13,654 - INFO - __main__ - Pairwise: 0 cached, 91 computed
2026-04-26 00:56:13,655 - INFO - __main__ - Stage 4 complete in 7.4s
2026-04-26 00:56:13,655 - INFO - __main__ - FDR: 1/91 pairs significant at q=0.05 → 2 tiers
2026-04-26 00:56:13,655 - INFO - __main__ - Markdown leaderboard written to results/leaderboard/per-architecture/era3/consensus/leaderboard_tiers_20m.md
2026-04-26 00:56:13,655 - INFO - __main__ - Markdown leaderboard written to results/leaderboard/per-architecture/era3/consensus/leaderboard_tiers_30m.md
2026-04-26 00:56:13,655 - INFO - __main__ - Markdown leaderboard written to results/leaderboard/per-architecture/era3/consensus/leaderboard_tiers_40m.md
2026-04-26 00:56:13,656 - INFO - __main__ - Markdown leaderboard written to results/leaderboard/per-architecture/era3/consensus/leaderboard_tiers_50m.md
2026-04-26 00:56:13,656 - INFO - __main__ - Markdown leaderboard written to results/leaderboard/per-architecture/era3/consensus/leaderboard_tiers_100m.md
2026-04-26 00:56:13,659 - INFO - __main__ - JSON leaderboard written to results/leaderboard/per-architecture/era3/consensus/leaderboard_tiers_30m.json
2026-04-26 00:56:13,663 - INFO - __main__ - All evaluations written to results/leaderboard/per-architecture/era3/consensus/leaderboard_all_evaluations.json

========================================================================
LEADERBOARD TIERS (F1, 30m buffer)
========================================================================

Tier 1 (F1: 0.760–0.805, 5 conditions)
    1. h8v2-scale-4                             F1=0.799  t=4
    2. h12v2-r1-hn-heavy                        F1=0.805  t=3
    3. h8v2-scale-8                             F1=0.792  t=3
    4. h10v2-pool_160_hp4hn4                    F1=0.760  t=4
    5. h12v2-r2-balanced                        F1=0.760  t=4

Tier 2 (F1: 0.734–0.788, 9 conditions)
    6. h8v2-scale-32                            F1=0.734  t=4
    7. h8v2-scale-16                            F1=0.764  t=3
    8. h8v2-canonical                           F1=0.759  t=4
    9. h8v2-pure-positive-canon                 F1=0.755  t=3
   10. h8v2-plus-hp                             F1=0.775  t=4
   11. h12v2-r3-hp-heavy                        F1=0.788  t=3
   12. h10v2-pool_020_hp4hn4                    F1=0.757  t=3
   13. h10v2-pool_040_hp4hn4                    F1=0.769  t=3
   14. h10v2-pool_080_hp4hn4                    F1=0.758  t=3

========================================================================
Total: 14 conditions in 2 tiers
========================================================================
