2026-04-26 00:56:31,143 - INFO - __main__ - build_tiered_leaderboard.py v1.0.0 — git b4b67486
2026-04-26 00:56:31,145 - INFO - __main__ - Resolved 14 conditions from inventory (era=3, track=None)
2026-04-26 00:56:31,145 - INFO - __main__ - Resolved 14 conditions
2026-04-26 00:56:31,145 - INFO - __main__ - Skipping evaluation (--skip-evaluation)
2026-04-26 00:56:31,153 - INFO - __main__ - Threshold selection at 20m; pairwise + tiering at 100m (Option A semantics)
2026-04-26 00:56:31,153 - INFO - __main__ - Top-N filter disabled (top_n=0); including all 14 conditions
2026-04-26 00:56:31,153 - INFO - __main__ - Selected 14 conditions (best F1=0.733 at 20m)
2026-04-26 00:56:31,175 - INFO - __main__ - Pairwise tests (f1): 91 pairs at 100m (10000 permutations, 8 workers)
2026-04-26 00:56:31,221 - WARNING - pairwise_permutation_test - GeoJSON lacks source_tile — will assign via spatial join
2026-04-26 00:56:31,221 - WARNING - pairwise_permutation_test - GeoJSON lacks source_tile — will assign via spatial join
2026-04-26 00:56:31,221 - WARNING - pairwise_permutation_test - GeoJSON lacks source_tile — will assign via spatial join
2026-04-26 00:56:31,221 - WARNING - pairwise_permutation_test - GeoJSON lacks source_tile — will assign via spatial join
2026-04-26 00:56:31,221 - INFO - pairwise_permutation_test - GeoJSON: 257 detections from consensus_t4.geojson
2026-04-26 00:56:31,221 - INFO - pairwise_permutation_test - GeoJSON: 257 detections from consensus_t4.geojson
2026-04-26 00:56:31,221 - INFO - pairwise_permutation_test - GeoJSON: 257 detections from consensus_t4.geojson
2026-04-26 00:56:31,221 - INFO - pairwise_permutation_test - GeoJSON: 257 detections from consensus_t4.geojson
2026-04-26 00:56:31,221 - WARNING - pairwise_permutation_test - GeoJSON lacks source_tile — will assign via spatial join
2026-04-26 00:56:31,221 - INFO - pairwise_permutation_test - GeoJSON: 257 detections from consensus_t4.geojson
2026-04-26 00:56:31,221 - WARNING - pairwise_permutation_test - GeoJSON lacks source_tile — will assign via spatial join
2026-04-26 00:56:31,221 - INFO - pairwise_permutation_test - GeoJSON: 257 detections from consensus_t4.geojson
2026-04-26 00:56:31,222 - WARNING - pairwise_permutation_test - GeoJSON lacks source_tile — will assign via spatial join
2026-04-26 00:56:31,222 - INFO - pairwise_permutation_test - GeoJSON: 257 detections from consensus_t4.geojson
2026-04-26 00:56:31,223 - WARNING - pairwise_permutation_test - GeoJSON lacks source_tile — will assign via spatial join
2026-04-26 00:56:31,223 - INFO - pairwise_permutation_test - GeoJSON: 257 detections from consensus_t4.geojson
2026-04-26 00:56:31,229 - WARNING - pairwise_permutation_test - GeoJSON lacks source_tile — will assign via spatial join
2026-04-26 00:56:31,229 - WARNING - pairwise_permutation_test - GeoJSON lacks source_tile — will assign via spatial join
2026-04-26 00:56:31,229 - INFO - pairwise_permutation_test - GeoJSON: 236 detections from consensus_t4.geojson
2026-04-26 00:56:31,229 - INFO - pairwise_permutation_test - GeoJSON: 242 detections from consensus_t4.geojson
2026-04-26 00:56:31,229 - WARNING - pairwise_permutation_test - GeoJSON lacks source_tile — will assign via spatial join
2026-04-26 00:56:31,229 - INFO - pairwise_permutation_test - GeoJSON: 258 detections from consensus_t4.geojson
2026-04-26 00:56:31,230 - WARNING - pairwise_permutation_test - GeoJSON lacks source_tile — will assign via spatial join
2026-04-26 00:56:31,230 - INFO - pairwise_permutation_test - GeoJSON: 317 detections from consensus_t3.geojson
2026-04-26 00:56:31,230 - WARNING - pairwise_permutation_test - GeoJSON lacks source_tile — will assign via spatial join
2026-04-26 00:56:31,230 - INFO - pairwise_permutation_test - GeoJSON: 327 detections from consensus_t3.geojson
2026-04-26 00:56:31,230 - WARNING - pairwise_permutation_test - GeoJSON lacks source_tile — will assign via spatial join
2026-04-26 00:56:31,230 - INFO - pairwise_permutation_test - GeoJSON: 236 detections from consensus_t4.geojson
2026-04-26 00:56:31,230 - WARNING - pairwise_permutation_test - GeoJSON lacks source_tile — will assign via spatial join
2026-04-26 00:56:31,230 - INFO - pairwise_permutation_test - GeoJSON: 370 detections from consensus_t3.geojson
2026-04-26 00:56:31,232 - WARNING - pairwise_permutation_test - GeoJSON lacks source_tile — will assign via spatial join
2026-04-26 00:56:31,232 - INFO - pairwise_permutation_test - GeoJSON: 333 detections from consensus_t3.geojson
2026-04-26 00:56:31,790 - WARNING - pairwise_permutation_test - GeoJSON lacks source_tile — will assign via spatial join
2026-04-26 00:56:31,790 - INFO - pairwise_permutation_test - GeoJSON: 257 detections from consensus_t4.geojson
2026-04-26 00:56:31,793 - WARNING - pairwise_permutation_test - GeoJSON lacks source_tile — will assign via spatial join
2026-04-26 00:56:31,793 - INFO - pairwise_permutation_test - GeoJSON: 257 detections from consensus_t4.geojson
2026-04-26 00:56:31,796 - WARNING - pairwise_permutation_test - GeoJSON lacks source_tile — will assign via spatial join
2026-04-26 00:56:31,796 - INFO - pairwise_permutation_test - GeoJSON: 254 detections from consensus_t4.geojson
2026-04-26 00:56:31,798 - WARNING - pairwise_permutation_test - GeoJSON lacks source_tile — will assign via spatial join
2026-04-26 00:56:31,799 - INFO - pairwise_permutation_test - GeoJSON: 257 detections from consensus_t4.geojson
2026-04-26 00:56:31,800 - WARNING - pairwise_permutation_test - GeoJSON lacks source_tile — will assign via spatial join
2026-04-26 00:56:31,800 - INFO - pairwise_permutation_test - GeoJSON: 326 detections from consensus_t3.geojson
2026-04-26 00:56:31,806 - WARNING - pairwise_permutation_test - GeoJSON lacks source_tile — will assign via spatial join
2026-04-26 00:56:31,806 - INFO - pairwise_permutation_test - GeoJSON: 344 detections from consensus_t3.geojson
2026-04-26 00:56:31,808 - WARNING - pairwise_permutation_test - GeoJSON lacks source_tile — will assign via spatial join
2026-04-26 00:56:31,808 - INFO - pairwise_permutation_test - GeoJSON: 257 detections from consensus_t4.geojson
2026-04-26 00:56:31,815 - WARNING - pairwise_permutation_test - GeoJSON lacks source_tile — will assign via spatial join
2026-04-26 00:56:31,815 - INFO - pairwise_permutation_test - GeoJSON: 344 detections from consensus_t3.geojson
2026-04-26 00:56:31,831 - WARNING - pairwise_permutation_test - GeoJSON lacks source_tile — will assign via spatial join
2026-04-26 00:56:31,831 - INFO - pairwise_permutation_test - GeoJSON: 257 detections from consensus_t4.geojson
2026-04-26 00:56:31,838 - WARNING - pairwise_permutation_test - GeoJSON lacks source_tile — will assign via spatial join
2026-04-26 00:56:31,838 - INFO - pairwise_permutation_test - GeoJSON: 341 detections from consensus_t3.geojson
2026-04-26 00:56:31,847 - WARNING - pairwise_permutation_test - GeoJSON lacks source_tile — will assign via spatial join
2026-04-26 00:56:31,847 - INFO - pairwise_permutation_test - GeoJSON: 327 detections from consensus_t3.geojson
2026-04-26 00:56:31,850 - WARNING - pairwise_permutation_test - GeoJSON lacks source_tile — will assign via spatial join
2026-04-26 00:56:31,850 - INFO - pairwise_permutation_test - GeoJSON: 327 detections from consensus_t3.geojson
2026-04-26 00:56:31,854 - WARNING - pairwise_permutation_test - GeoJSON lacks source_tile — will assign via spatial join
2026-04-26 00:56:31,854 - INFO - pairwise_permutation_test - GeoJSON: 317 detections from consensus_t3.geojson
2026-04-26 00:56:31,856 - WARNING - pairwise_permutation_test - GeoJSON lacks source_tile — will assign via spatial join
2026-04-26 00:56:31,856 - INFO - pairwise_permutation_test - GeoJSON: 236 detections from consensus_t4.geojson
2026-04-26 00:56:31,862 - WARNING - pairwise_permutation_test - GeoJSON lacks source_tile — will assign via spatial join
2026-04-26 00:56:31,862 - INFO - pairwise_permutation_test - GeoJSON: 327 detections from consensus_t3.geojson
2026-04-26 00:56:31,868 - WARNING - pairwise_permutation_test - GeoJSON lacks source_tile — will assign via spatial join
2026-04-26 00:56:31,868 - INFO - pairwise_permutation_test - GeoJSON: 236 detections from consensus_t4.geojson
2026-04-26 00:56:32,362 - WARNING - pairwise_permutation_test - GeoJSON lacks source_tile — will assign via spatial join
2026-04-26 00:56:32,362 - INFO - pairwise_permutation_test - GeoJSON: 327 detections from consensus_t3.geojson
2026-04-26 00:56:32,368 - WARNING - pairwise_permutation_test - GeoJSON lacks source_tile — will assign via spatial join
2026-04-26 00:56:32,368 - INFO - pairwise_permutation_test - GeoJSON: 242 detections from consensus_t4.geojson
2026-04-26 00:56:32,401 - WARNING - pairwise_permutation_test - GeoJSON lacks source_tile — will assign via spatial join
2026-04-26 00:56:32,401 - INFO - pairwise_permutation_test - GeoJSON: 327 detections from consensus_t3.geojson
2026-04-26 00:56:32,408 - WARNING - pairwise_permutation_test - GeoJSON lacks source_tile — will assign via spatial join
2026-04-26 00:56:32,408 - INFO - pairwise_permutation_test - GeoJSON: 333 detections from consensus_t3.geojson
2026-04-26 00:56:32,417 - WARNING - pairwise_permutation_test - GeoJSON lacks source_tile — will assign via spatial join
2026-04-26 00:56:32,418 - INFO - pairwise_permutation_test - GeoJSON: 327 detections from consensus_t3.geojson
2026-04-26 00:56:32,424 - WARNING - pairwise_permutation_test - GeoJSON lacks source_tile — will assign via spatial join
2026-04-26 00:56:32,424 - INFO - pairwise_permutation_test - GeoJSON: 258 detections from consensus_t4.geojson
2026-04-26 00:56:32,445 - WARNING - pairwise_permutation_test - GeoJSON lacks source_tile — will assign via spatial join
2026-04-26 00:56:32,445 - INFO - pairwise_permutation_test - GeoJSON: 327 detections from consensus_t3.geojson
2026-04-26 00:56:32,445 - WARNING - pairwise_permutation_test - GeoJSON lacks source_tile — will assign via spatial join
2026-04-26 00:56:32,445 - INFO - pairwise_permutation_test - GeoJSON: 327 detections from consensus_t3.geojson
2026-04-26 00:56:32,448 - WARNING - pairwise_permutation_test - GeoJSON lacks source_tile — will assign via spatial join
2026-04-26 00:56:32,448 - INFO - pairwise_permutation_test - GeoJSON: 327 detections from consensus_t3.geojson
2026-04-26 00:56:32,452 - WARNING - pairwise_permutation_test - GeoJSON lacks source_tile — will assign via spatial join
2026-04-26 00:56:32,452 - INFO - pairwise_permutation_test - GeoJSON: 254 detections from consensus_t4.geojson
2026-04-26 00:56:32,453 - WARNING - pairwise_permutation_test - GeoJSON lacks source_tile — will assign via spatial join
2026-04-26 00:56:32,453 - INFO - pairwise_permutation_test - GeoJSON: 370 detections from consensus_t3.geojson
2026-04-26 00:56:32,455 - WARNING - pairwise_permutation_test - GeoJSON lacks source_tile — will assign via spatial join
2026-04-26 00:56:32,455 - INFO - pairwise_permutation_test - GeoJSON: 326 detections from consensus_t3.geojson
2026-04-26 00:56:32,479 - WARNING - pairwise_permutation_test - GeoJSON lacks source_tile — will assign via spatial join
2026-04-26 00:56:32,479 - INFO - pairwise_permutation_test - GeoJSON: 327 detections from consensus_t3.geojson
2026-04-26 00:56:32,486 - WARNING - pairwise_permutation_test - GeoJSON lacks source_tile — will assign via spatial join
2026-04-26 00:56:32,486 - INFO - pairwise_permutation_test - GeoJSON: 344 detections from consensus_t3.geojson
2026-04-26 00:56:32,501 - WARNING - pairwise_permutation_test - GeoJSON lacks source_tile — will assign via spatial join
2026-04-26 00:56:32,501 - INFO - pairwise_permutation_test - GeoJSON: 327 detections from consensus_t3.geojson
2026-04-26 00:56:32,509 - WARNING - pairwise_permutation_test - GeoJSON lacks source_tile — will assign via spatial join
2026-04-26 00:56:32,509 - INFO - pairwise_permutation_test - GeoJSON: 344 detections from consensus_t3.geojson
2026-04-26 00:56:32,962 - WARNING - pairwise_permutation_test - GeoJSON lacks source_tile — will assign via spatial join
2026-04-26 00:56:32,962 - INFO - pairwise_permutation_test - GeoJSON: 327 detections from consensus_t3.geojson
2026-04-26 00:56:32,969 - WARNING - pairwise_permutation_test - GeoJSON lacks source_tile — will assign via spatial join
2026-04-26 00:56:32,969 - INFO - pairwise_permutation_test - GeoJSON: 341 detections from consensus_t3.geojson
2026-04-26 00:56:33,025 - WARNING - pairwise_permutation_test - GeoJSON lacks source_tile — will assign via spatial join
2026-04-26 00:56:33,025 - INFO - pairwise_permutation_test - GeoJSON: 317 detections from consensus_t3.geojson
2026-04-26 00:56:33,032 - WARNING - pairwise_permutation_test - GeoJSON lacks source_tile — will assign via spatial join
2026-04-26 00:56:33,032 - INFO - pairwise_permutation_test - GeoJSON: 236 detections from consensus_t4.geojson
2026-04-26 00:56:33,044 - WARNING - pairwise_permutation_test - GeoJSON lacks source_tile — will assign via spatial join
2026-04-26 00:56:33,044 - INFO - pairwise_permutation_test - GeoJSON: 317 detections from consensus_t3.geojson
2026-04-26 00:56:33,050 - WARNING - pairwise_permutation_test - GeoJSON lacks source_tile — will assign via spatial join
2026-04-26 00:56:33,050 - INFO - pairwise_permutation_test - GeoJSON: 236 detections from consensus_t4.geojson
2026-04-26 00:56:33,076 - WARNING - pairwise_permutation_test - GeoJSON lacks source_tile — will assign via spatial join
2026-04-26 00:56:33,076 - INFO - pairwise_permutation_test - GeoJSON: 317 detections from consensus_t3.geojson
2026-04-26 00:56:33,082 - WARNING - pairwise_permutation_test - GeoJSON lacks source_tile — will assign via spatial join
2026-04-26 00:56:33,082 - INFO - pairwise_permutation_test - GeoJSON: 242 detections from consensus_t4.geojson
2026-04-26 00:56:33,091 - WARNING - pairwise_permutation_test - GeoJSON lacks source_tile — will assign via spatial join
2026-04-26 00:56:33,091 - INFO - pairwise_permutation_test - GeoJSON: 317 detections from consensus_t3.geojson
2026-04-26 00:56:33,099 - WARNING - pairwise_permutation_test - GeoJSON lacks source_tile — will assign via spatial join
2026-04-26 00:56:33,099 - INFO - pairwise_permutation_test - GeoJSON: 333 detections from consensus_t3.geojson
2026-04-26 00:56:33,101 - WARNING - pairwise_permutation_test - GeoJSON lacks source_tile — will assign via spatial join
2026-04-26 00:56:33,101 - INFO - pairwise_permutation_test - GeoJSON: 317 detections from consensus_t3.geojson
2026-04-26 00:56:33,108 - WARNING - pairwise_permutation_test - GeoJSON lacks source_tile — will assign via spatial join
2026-04-26 00:56:33,108 - INFO - pairwise_permutation_test - GeoJSON: 258 detections from consensus_t4.geojson
2026-04-26 00:56:33,149 - WARNING - pairwise_permutation_test - GeoJSON lacks source_tile — will assign via spatial join
2026-04-26 00:56:33,149 - INFO - pairwise_permutation_test - GeoJSON: 317 detections from consensus_t3.geojson
2026-04-26 00:56:33,158 - WARNING - pairwise_permutation_test - GeoJSON lacks source_tile — will assign via spatial join
2026-04-26 00:56:33,158 - INFO - pairwise_permutation_test - GeoJSON: 370 detections from consensus_t3.geojson
2026-04-26 00:56:33,163 - WARNING - pairwise_permutation_test - GeoJSON lacks source_tile — will assign via spatial join
2026-04-26 00:56:33,163 - INFO - pairwise_permutation_test - GeoJSON: 317 detections from consensus_t3.geojson
2026-04-26 00:56:33,171 - WARNING - pairwise_permutation_test - GeoJSON lacks source_tile — will assign via spatial join
2026-04-26 00:56:33,171 - INFO - pairwise_permutation_test - GeoJSON: 254 detections from consensus_t4.geojson
2026-04-26 00:56:33,602 - WARNING - pairwise_permutation_test - GeoJSON lacks source_tile — will assign via spatial join
2026-04-26 00:56:33,602 - INFO - pairwise_permutation_test - GeoJSON: 317 detections from consensus_t3.geojson
2026-04-26 00:56:33,609 - WARNING - pairwise_permutation_test - GeoJSON lacks source_tile — will assign via spatial join
2026-04-26 00:56:33,609 - INFO - pairwise_permutation_test - GeoJSON: 326 detections from consensus_t3.geojson
2026-04-26 00:56:33,626 - WARNING - pairwise_permutation_test - GeoJSON lacks source_tile — will assign via spatial join
2026-04-26 00:56:33,626 - INFO - pairwise_permutation_test - GeoJSON: 317 detections from consensus_t3.geojson
2026-04-26 00:56:33,633 - WARNING - pairwise_permutation_test - GeoJSON lacks source_tile — will assign via spatial join
2026-04-26 00:56:33,633 - INFO - pairwise_permutation_test - GeoJSON: 344 detections from consensus_t3.geojson
2026-04-26 00:56:33,642 - WARNING - pairwise_permutation_test - GeoJSON lacks source_tile — will assign via spatial join
2026-04-26 00:56:33,642 - INFO - pairwise_permutation_test - GeoJSON: 317 detections from consensus_t3.geojson
2026-04-26 00:56:33,649 - WARNING - pairwise_permutation_test - GeoJSON lacks source_tile — will assign via spatial join
2026-04-26 00:56:33,649 - INFO - pairwise_permutation_test - GeoJSON: 344 detections from consensus_t3.geojson
2026-04-26 00:56:33,692 - WARNING - pairwise_permutation_test - GeoJSON lacks source_tile — will assign via spatial join
2026-04-26 00:56:33,692 - INFO - pairwise_permutation_test - GeoJSON: 317 detections from consensus_t3.geojson
2026-04-26 00:56:33,699 - WARNING - pairwise_permutation_test - GeoJSON lacks source_tile — will assign via spatial join
2026-04-26 00:56:33,699 - INFO - pairwise_permutation_test - GeoJSON: 341 detections from consensus_t3.geojson
2026-04-26 00:56:33,703 - WARNING - pairwise_permutation_test - GeoJSON lacks source_tile — will assign via spatial join
2026-04-26 00:56:33,703 - INFO - pairwise_permutation_test - GeoJSON: 236 detections from consensus_t4.geojson
2026-04-26 00:56:33,709 - WARNING - pairwise_permutation_test - GeoJSON lacks source_tile — will assign via spatial join
2026-04-26 00:56:33,709 - INFO - pairwise_permutation_test - GeoJSON: 236 detections from consensus_t4.geojson
2026-04-26 00:56:33,731 - WARNING - pairwise_permutation_test - GeoJSON lacks source_tile — will assign via spatial join
2026-04-26 00:56:33,732 - INFO - pairwise_permutation_test - GeoJSON: 236 detections from consensus_t4.geojson
2026-04-26 00:56:33,737 - WARNING - pairwise_permutation_test - GeoJSON lacks source_tile — will assign via spatial join
2026-04-26 00:56:33,737 - INFO - pairwise_permutation_test - GeoJSON: 242 detections from consensus_t4.geojson
2026-04-26 00:56:33,782 - WARNING - pairwise_permutation_test - GeoJSON lacks source_tile — will assign via spatial join
2026-04-26 00:56:33,782 - INFO - pairwise_permutation_test - GeoJSON: 236 detections from consensus_t4.geojson
2026-04-26 00:56:33,788 - WARNING - pairwise_permutation_test - GeoJSON lacks source_tile — will assign via spatial join
2026-04-26 00:56:33,789 - INFO - pairwise_permutation_test - GeoJSON: 333 detections from consensus_t3.geojson
2026-04-26 00:56:33,822 - WARNING - pairwise_permutation_test - GeoJSON lacks source_tile — will assign via spatial join
2026-04-26 00:56:33,822 - INFO - pairwise_permutation_test - GeoJSON: 236 detections from consensus_t4.geojson
2026-04-26 00:56:33,828 - WARNING - pairwise_permutation_test - GeoJSON lacks source_tile — will assign via spatial join
2026-04-26 00:56:33,828 - INFO - pairwise_permutation_test - GeoJSON: 258 detections from consensus_t4.geojson
2026-04-26 00:56:34,237 - WARNING - pairwise_permutation_test - GeoJSON lacks source_tile — will assign via spatial join
2026-04-26 00:56:34,237 - INFO - pairwise_permutation_test - GeoJSON: 236 detections from consensus_t4.geojson
2026-04-26 00:56:34,244 - WARNING - pairwise_permutation_test - GeoJSON lacks source_tile — will assign via spatial join
2026-04-26 00:56:34,244 - INFO - pairwise_permutation_test - GeoJSON: 370 detections from consensus_t3.geojson
2026-04-26 00:56:34,256 - WARNING - pairwise_permutation_test - GeoJSON lacks source_tile — will assign via spatial join
2026-04-26 00:56:34,256 - INFO - pairwise_permutation_test - GeoJSON: 236 detections from consensus_t4.geojson
2026-04-26 00:56:34,262 - WARNING - pairwise_permutation_test - GeoJSON lacks source_tile — will assign via spatial join
2026-04-26 00:56:34,262 - INFO - pairwise_permutation_test - GeoJSON: 254 detections from consensus_t4.geojson
2026-04-26 00:56:34,274 - WARNING - pairwise_permutation_test - GeoJSON lacks source_tile — will assign via spatial join
2026-04-26 00:56:34,274 - INFO - pairwise_permutation_test - GeoJSON: 236 detections from consensus_t4.geojson
2026-04-26 00:56:34,281 - WARNING - pairwise_permutation_test - GeoJSON lacks source_tile — will assign via spatial join
2026-04-26 00:56:34,281 - INFO - pairwise_permutation_test - GeoJSON: 326 detections from consensus_t3.geojson
2026-04-26 00:56:34,288 - WARNING - pairwise_permutation_test - GeoJSON lacks source_tile — will assign via spatial join
2026-04-26 00:56:34,288 - INFO - pairwise_permutation_test - GeoJSON: 236 detections from consensus_t4.geojson
2026-04-26 00:56:34,289 - WARNING - pairwise_permutation_test - GeoJSON lacks source_tile — will assign via spatial join
2026-04-26 00:56:34,289 - INFO - pairwise_permutation_test - GeoJSON: 236 detections from consensus_t4.geojson
2026-04-26 00:56:34,295 - WARNING - pairwise_permutation_test - GeoJSON lacks source_tile — will assign via spatial join
2026-04-26 00:56:34,295 - INFO - pairwise_permutation_test - GeoJSON: 344 detections from consensus_t3.geojson
2026-04-26 00:56:34,296 - WARNING - pairwise_permutation_test - GeoJSON lacks source_tile — will assign via spatial join
2026-04-26 00:56:34,296 - INFO - pairwise_permutation_test - GeoJSON: 344 detections from consensus_t3.geojson
2026-04-26 00:56:34,349 - WARNING - pairwise_permutation_test - GeoJSON lacks source_tile — will assign via spatial join
2026-04-26 00:56:34,349 - INFO - pairwise_permutation_test - GeoJSON: 236 detections from consensus_t4.geojson
2026-04-26 00:56:34,356 - WARNING - pairwise_permutation_test - GeoJSON lacks source_tile — will assign via spatial join
2026-04-26 00:56:34,356 - INFO - pairwise_permutation_test - GeoJSON: 341 detections from consensus_t3.geojson
2026-04-26 00:56:34,396 - WARNING - pairwise_permutation_test - GeoJSON lacks source_tile — will assign via spatial join
2026-04-26 00:56:34,396 - INFO - pairwise_permutation_test - GeoJSON: 236 detections from consensus_t4.geojson
2026-04-26 00:56:34,402 - WARNING - pairwise_permutation_test - GeoJSON lacks source_tile — will assign via spatial join
2026-04-26 00:56:34,402 - INFO - pairwise_permutation_test - GeoJSON: 242 detections from consensus_t4.geojson
2026-04-26 00:56:34,404 - WARNING - pairwise_permutation_test - GeoJSON lacks source_tile — will assign via spatial join
2026-04-26 00:56:34,404 - INFO - pairwise_permutation_test - GeoJSON: 236 detections from consensus_t4.geojson
2026-04-26 00:56:34,411 - WARNING - pairwise_permutation_test - GeoJSON lacks source_tile — will assign via spatial join
2026-04-26 00:56:34,411 - INFO - pairwise_permutation_test - GeoJSON: 333 detections from consensus_t3.geojson
2026-04-26 00:56:34,819 - WARNING - pairwise_permutation_test - GeoJSON lacks source_tile — will assign via spatial join
2026-04-26 00:56:34,819 - INFO - pairwise_permutation_test - GeoJSON: 236 detections from consensus_t4.geojson
2026-04-26 00:56:34,825 - WARNING - pairwise_permutation_test - GeoJSON lacks source_tile — will assign via spatial join
2026-04-26 00:56:34,825 - INFO - pairwise_permutation_test - GeoJSON: 258 detections from consensus_t4.geojson
2026-04-26 00:56:34,846 - WARNING - pairwise_permutation_test - GeoJSON lacks source_tile — will assign via spatial join
2026-04-26 00:56:34,846 - INFO - pairwise_permutation_test - GeoJSON: 236 detections from consensus_t4.geojson
2026-04-26 00:56:34,854 - WARNING - pairwise_permutation_test - GeoJSON lacks source_tile — will assign via spatial join
2026-04-26 00:56:34,854 - INFO - pairwise_permutation_test - GeoJSON: 370 detections from consensus_t3.geojson
2026-04-26 00:56:34,872 - WARNING - pairwise_permutation_test - GeoJSON lacks source_tile — will assign via spatial join
2026-04-26 00:56:34,872 - INFO - pairwise_permutation_test - GeoJSON: 236 detections from consensus_t4.geojson
2026-04-26 00:56:34,879 - WARNING - pairwise_permutation_test - GeoJSON lacks source_tile — will assign via spatial join
2026-04-26 00:56:34,879 - INFO - pairwise_permutation_test - GeoJSON: 254 detections from consensus_t4.geojson
2026-04-26 00:56:34,893 - WARNING - pairwise_permutation_test - GeoJSON lacks source_tile — will assign via spatial join
2026-04-26 00:56:34,893 - INFO - pairwise_permutation_test - GeoJSON: 236 detections from consensus_t4.geojson
2026-04-26 00:56:34,895 - WARNING - pairwise_permutation_test - GeoJSON lacks source_tile — will assign via spatial join
2026-04-26 00:56:34,895 - INFO - pairwise_permutation_test - GeoJSON: 236 detections from consensus_t4.geojson
2026-04-26 00:56:34,899 - WARNING - pairwise_permutation_test - GeoJSON lacks source_tile — will assign via spatial join
2026-04-26 00:56:34,900 - INFO - pairwise_permutation_test - GeoJSON: 326 detections from consensus_t3.geojson
2026-04-26 00:56:34,902 - WARNING - pairwise_permutation_test - GeoJSON lacks source_tile — will assign via spatial join
2026-04-26 00:56:34,902 - INFO - pairwise_permutation_test - GeoJSON: 344 detections from consensus_t3.geojson
2026-04-26 00:56:34,969 - WARNING - pairwise_permutation_test - GeoJSON lacks source_tile — will assign via spatial join
2026-04-26 00:56:34,969 - INFO - pairwise_permutation_test - GeoJSON: 236 detections from consensus_t4.geojson
2026-04-26 00:56:34,976 - WARNING - pairwise_permutation_test - GeoJSON lacks source_tile — will assign via spatial join
2026-04-26 00:56:34,976 - INFO - pairwise_permutation_test - GeoJSON: 344 detections from consensus_t3.geojson
2026-04-26 00:56:34,982 - WARNING - pairwise_permutation_test - GeoJSON lacks source_tile — will assign via spatial join
2026-04-26 00:56:34,982 - INFO - pairwise_permutation_test - GeoJSON: 236 detections from consensus_t4.geojson
2026-04-26 00:56:34,989 - WARNING - pairwise_permutation_test - GeoJSON lacks source_tile — will assign via spatial join
2026-04-26 00:56:34,989 - INFO - pairwise_permutation_test - GeoJSON: 341 detections from consensus_t3.geojson
2026-04-26 00:56:35,009 - WARNING - pairwise_permutation_test - GeoJSON lacks source_tile — will assign via spatial join
2026-04-26 00:56:35,009 - INFO - pairwise_permutation_test - GeoJSON: 242 detections from consensus_t4.geojson
2026-04-26 00:56:35,016 - WARNING - pairwise_permutation_test - GeoJSON lacks source_tile — will assign via spatial join
2026-04-26 00:56:35,016 - INFO - pairwise_permutation_test - GeoJSON: 333 detections from consensus_t3.geojson
2026-04-26 00:56:35,381 - WARNING - pairwise_permutation_test - GeoJSON lacks source_tile — will assign via spatial join
2026-04-26 00:56:35,381 - INFO - pairwise_permutation_test - GeoJSON: 242 detections from consensus_t4.geojson
2026-04-26 00:56:35,387 - WARNING - pairwise_permutation_test - GeoJSON lacks source_tile — will assign via spatial join
2026-04-26 00:56:35,387 - INFO - pairwise_permutation_test - GeoJSON: 258 detections from consensus_t4.geojson
2026-04-26 00:56:35,426 - INFO - __main__ - [50/91] pairwise done
2026-04-26 00:56:35,439 - WARNING - pairwise_permutation_test - GeoJSON lacks source_tile — will assign via spatial join
2026-04-26 00:56:35,439 - INFO - pairwise_permutation_test - GeoJSON: 242 detections from consensus_t4.geojson
2026-04-26 00:56:35,446 - WARNING - pairwise_permutation_test - GeoJSON lacks source_tile — will assign via spatial join
2026-04-26 00:56:35,446 - INFO - pairwise_permutation_test - GeoJSON: 370 detections from consensus_t3.geojson
2026-04-26 00:56:35,455 - WARNING - pairwise_permutation_test - GeoJSON lacks source_tile — will assign via spatial join
2026-04-26 00:56:35,455 - INFO - pairwise_permutation_test - GeoJSON: 242 detections from consensus_t4.geojson
2026-04-26 00:56:35,461 - WARNING - pairwise_permutation_test - GeoJSON lacks source_tile — will assign via spatial join
2026-04-26 00:56:35,461 - INFO - pairwise_permutation_test - GeoJSON: 254 detections from consensus_t4.geojson
2026-04-26 00:56:35,492 - WARNING - pairwise_permutation_test - GeoJSON lacks source_tile — will assign via spatial join
2026-04-26 00:56:35,492 - INFO - pairwise_permutation_test - GeoJSON: 242 detections from consensus_t4.geojson
2026-04-26 00:56:35,499 - WARNING - pairwise_permutation_test - GeoJSON lacks source_tile — will assign via spatial join
2026-04-26 00:56:35,499 - INFO - pairwise_permutation_test - GeoJSON: 326 detections from consensus_t3.geojson
2026-04-26 00:56:35,503 - WARNING - pairwise_permutation_test - GeoJSON lacks source_tile — will assign via spatial join
2026-04-26 00:56:35,503 - INFO - pairwise_permutation_test - GeoJSON: 242 detections from consensus_t4.geojson
2026-04-26 00:56:35,510 - WARNING - pairwise_permutation_test - GeoJSON lacks source_tile — will assign via spatial join
2026-04-26 00:56:35,510 - INFO - pairwise_permutation_test - GeoJSON: 344 detections from consensus_t3.geojson
2026-04-26 00:56:35,592 - WARNING - pairwise_permutation_test - GeoJSON lacks source_tile — will assign via spatial join
2026-04-26 00:56:35,592 - INFO - pairwise_permutation_test - GeoJSON: 242 detections from consensus_t4.geojson
2026-04-26 00:56:35,599 - WARNING - pairwise_permutation_test - GeoJSON lacks source_tile — will assign via spatial join
2026-04-26 00:56:35,599 - INFO - pairwise_permutation_test - GeoJSON: 344 detections from consensus_t3.geojson
2026-04-26 00:56:35,606 - WARNING - pairwise_permutation_test - GeoJSON lacks source_tile — will assign via spatial join
2026-04-26 00:56:35,606 - INFO - pairwise_permutation_test - GeoJSON: 242 detections from consensus_t4.geojson
2026-04-26 00:56:35,613 - WARNING - pairwise_permutation_test - GeoJSON lacks source_tile — will assign via spatial join
2026-04-26 00:56:35,613 - INFO - pairwise_permutation_test - GeoJSON: 341 detections from consensus_t3.geojson
2026-04-26 00:56:35,616 - WARNING - pairwise_permutation_test - GeoJSON lacks source_tile — will assign via spatial join
2026-04-26 00:56:35,616 - INFO - pairwise_permutation_test - GeoJSON: 333 detections from consensus_t3.geojson
2026-04-26 00:56:35,623 - WARNING - pairwise_permutation_test - GeoJSON lacks source_tile — will assign via spatial join
2026-04-26 00:56:35,623 - INFO - pairwise_permutation_test - GeoJSON: 258 detections from consensus_t4.geojson
2026-04-26 00:56:35,949 - WARNING - pairwise_permutation_test - GeoJSON lacks source_tile — will assign via spatial join
2026-04-26 00:56:35,949 - INFO - pairwise_permutation_test - GeoJSON: 333 detections from consensus_t3.geojson
2026-04-26 00:56:35,956 - WARNING - pairwise_permutation_test - GeoJSON lacks source_tile — will assign via spatial join
2026-04-26 00:56:35,956 - INFO - pairwise_permutation_test - GeoJSON: 370 detections from consensus_t3.geojson
2026-04-26 00:56:36,023 - WARNING - pairwise_permutation_test - GeoJSON lacks source_tile — will assign via spatial join
2026-04-26 00:56:36,023 - INFO - pairwise_permutation_test - GeoJSON: 333 detections from consensus_t3.geojson
2026-04-26 00:56:36,029 - WARNING - pairwise_permutation_test - GeoJSON lacks source_tile — will assign via spatial join
2026-04-26 00:56:36,029 - INFO - pairwise_permutation_test - GeoJSON: 254 detections from consensus_t4.geojson
2026-04-26 00:56:36,059 - WARNING - pairwise_permutation_test - GeoJSON lacks source_tile — will assign via spatial join
2026-04-26 00:56:36,059 - INFO - pairwise_permutation_test - GeoJSON: 333 detections from consensus_t3.geojson
2026-04-26 00:56:36,066 - WARNING - pairwise_permutation_test - GeoJSON lacks source_tile — will assign via spatial join
2026-04-26 00:56:36,066 - INFO - pairwise_permutation_test - GeoJSON: 326 detections from consensus_t3.geojson
2026-04-26 00:56:36,093 - WARNING - pairwise_permutation_test - GeoJSON lacks source_tile — will assign via spatial join
2026-04-26 00:56:36,093 - INFO - pairwise_permutation_test - GeoJSON: 333 detections from consensus_t3.geojson
2026-04-26 00:56:36,100 - WARNING - pairwise_permutation_test - GeoJSON lacks source_tile — will assign via spatial join
2026-04-26 00:56:36,100 - INFO - pairwise_permutation_test - GeoJSON: 344 detections from consensus_t3.geojson
2026-04-26 00:56:36,112 - WARNING - pairwise_permutation_test - GeoJSON lacks source_tile — will assign via spatial join
2026-04-26 00:56:36,112 - INFO - pairwise_permutation_test - GeoJSON: 333 detections from consensus_t3.geojson
2026-04-26 00:56:36,119 - WARNING - pairwise_permutation_test - GeoJSON lacks source_tile — will assign via spatial join
2026-04-26 00:56:36,119 - INFO - pairwise_permutation_test - GeoJSON: 344 detections from consensus_t3.geojson
2026-04-26 00:56:36,220 - WARNING - pairwise_permutation_test - GeoJSON lacks source_tile — will assign via spatial join
2026-04-26 00:56:36,220 - INFO - pairwise_permutation_test - GeoJSON: 333 detections from consensus_t3.geojson
2026-04-26 00:56:36,220 - WARNING - pairwise_permutation_test - GeoJSON lacks source_tile — will assign via spatial join
2026-04-26 00:56:36,221 - INFO - pairwise_permutation_test - GeoJSON: 258 detections from consensus_t4.geojson
2026-04-26 00:56:36,227 - WARNING - pairwise_permutation_test - GeoJSON lacks source_tile — will assign via spatial join
2026-04-26 00:56:36,227 - INFO - pairwise_permutation_test - GeoJSON: 341 detections from consensus_t3.geojson
2026-04-26 00:56:36,228 - WARNING - pairwise_permutation_test - GeoJSON lacks source_tile — will assign via spatial join
2026-04-26 00:56:36,228 - INFO - pairwise_permutation_test - GeoJSON: 370 detections from consensus_t3.geojson
2026-04-26 00:56:36,232 - WARNING - pairwise_permutation_test - GeoJSON lacks source_tile — will assign via spatial join
2026-04-26 00:56:36,232 - INFO - pairwise_permutation_test - GeoJSON: 258 detections from consensus_t4.geojson
2026-04-26 00:56:36,239 - WARNING - pairwise_permutation_test - GeoJSON lacks source_tile — will assign via spatial join
2026-04-26 00:56:36,239 - INFO - pairwise_permutation_test - GeoJSON: 254 detections from consensus_t4.geojson
2026-04-26 00:56:36,609 - WARNING - pairwise_permutation_test - GeoJSON lacks source_tile — will assign via spatial join
2026-04-26 00:56:36,609 - INFO - pairwise_permutation_test - GeoJSON: 258 detections from consensus_t4.geojson
2026-04-26 00:56:36,616 - WARNING - pairwise_permutation_test - GeoJSON lacks source_tile — will assign via spatial join
2026-04-26 00:56:36,616 - INFO - pairwise_permutation_test - GeoJSON: 326 detections from consensus_t3.geojson
2026-04-26 00:56:36,632 - WARNING - pairwise_permutation_test - GeoJSON lacks source_tile — will assign via spatial join
2026-04-26 00:56:36,632 - INFO - pairwise_permutation_test - GeoJSON: 258 detections from consensus_t4.geojson
2026-04-26 00:56:36,639 - WARNING - pairwise_permutation_test - GeoJSON lacks source_tile — will assign via spatial join
2026-04-26 00:56:36,639 - INFO - pairwise_permutation_test - GeoJSON: 344 detections from consensus_t3.geojson
2026-04-26 00:56:36,705 - WARNING - pairwise_permutation_test - GeoJSON lacks source_tile — will assign via spatial join
2026-04-26 00:56:36,705 - INFO - pairwise_permutation_test - GeoJSON: 258 detections from consensus_t4.geojson
2026-04-26 00:56:36,712 - WARNING - pairwise_permutation_test - GeoJSON lacks source_tile — will assign via spatial join
2026-04-26 00:56:36,712 - INFO - pairwise_permutation_test - GeoJSON: 344 detections from consensus_t3.geojson
2026-04-26 00:56:36,765 - WARNING - pairwise_permutation_test - GeoJSON lacks source_tile — will assign via spatial join
2026-04-26 00:56:36,765 - INFO - pairwise_permutation_test - GeoJSON: 258 detections from consensus_t4.geojson
2026-04-26 00:56:36,766 - WARNING - pairwise_permutation_test - GeoJSON lacks source_tile — will assign via spatial join
2026-04-26 00:56:36,766 - INFO - pairwise_permutation_test - GeoJSON: 370 detections from consensus_t3.geojson
2026-04-26 00:56:36,772 - WARNING - pairwise_permutation_test - GeoJSON lacks source_tile — will assign via spatial join
2026-04-26 00:56:36,772 - INFO - pairwise_permutation_test - GeoJSON: 341 detections from consensus_t3.geojson
2026-04-26 00:56:36,773 - WARNING - pairwise_permutation_test - GeoJSON lacks source_tile — will assign via spatial join
2026-04-26 00:56:36,773 - INFO - pairwise_permutation_test - GeoJSON: 254 detections from consensus_t4.geojson
2026-04-26 00:56:36,813 - WARNING - pairwise_permutation_test - GeoJSON lacks source_tile — will assign via spatial join
2026-04-26 00:56:36,819 - INFO - pairwise_permutation_test - GeoJSON: 370 detections from consensus_t3.geojson
2026-04-26 00:56:36,830 - WARNING - pairwise_permutation_test - GeoJSON lacks source_tile — will assign via spatial join
2026-04-26 00:56:36,830 - INFO - pairwise_permutation_test - GeoJSON: 326 detections from consensus_t3.geojson
2026-04-26 00:56:36,861 - WARNING - pairwise_permutation_test - GeoJSON lacks source_tile — will assign via spatial join
2026-04-26 00:56:36,861 - INFO - pairwise_permutation_test - GeoJSON: 370 detections from consensus_t3.geojson
2026-04-26 00:56:36,867 - WARNING - pairwise_permutation_test - GeoJSON lacks source_tile — will assign via spatial join
2026-04-26 00:56:36,867 - INFO - pairwise_permutation_test - GeoJSON: 370 detections from consensus_t3.geojson
2026-04-26 00:56:36,869 - WARNING - pairwise_permutation_test - GeoJSON lacks source_tile — will assign via spatial join
2026-04-26 00:56:36,869 - INFO - pairwise_permutation_test - GeoJSON: 344 detections from consensus_t3.geojson
2026-04-26 00:56:36,875 - WARNING - pairwise_permutation_test - GeoJSON lacks source_tile — will assign via spatial join
2026-04-26 00:56:36,875 - INFO - pairwise_permutation_test - GeoJSON: 344 detections from consensus_t3.geojson
2026-04-26 00:56:37,214 - WARNING - pairwise_permutation_test - GeoJSON lacks source_tile — will assign via spatial join
2026-04-26 00:56:37,214 - INFO - pairwise_permutation_test - GeoJSON: 370 detections from consensus_t3.geojson
2026-04-26 00:56:37,221 - WARNING - pairwise_permutation_test - GeoJSON lacks source_tile — will assign via spatial join
2026-04-26 00:56:37,221 - INFO - pairwise_permutation_test - GeoJSON: 341 detections from consensus_t3.geojson
2026-04-26 00:56:37,245 - WARNING - pairwise_permutation_test - GeoJSON lacks source_tile — will assign via spatial join
2026-04-26 00:56:37,245 - INFO - pairwise_permutation_test - GeoJSON: 254 detections from consensus_t4.geojson
2026-04-26 00:56:37,252 - WARNING - pairwise_permutation_test - GeoJSON lacks source_tile — will assign via spatial join
2026-04-26 00:56:37,252 - INFO - pairwise_permutation_test - GeoJSON: 326 detections from consensus_t3.geojson
2026-04-26 00:56:37,354 - WARNING - pairwise_permutation_test - GeoJSON lacks source_tile — will assign via spatial join
2026-04-26 00:56:37,354 - INFO - pairwise_permutation_test - GeoJSON: 254 detections from consensus_t4.geojson
2026-04-26 00:56:37,361 - WARNING - pairwise_permutation_test - GeoJSON lacks source_tile — will assign via spatial join
2026-04-26 00:56:37,361 - INFO - pairwise_permutation_test - GeoJSON: 344 detections from consensus_t3.geojson
2026-04-26 00:56:37,371 - WARNING - pairwise_permutation_test - GeoJSON lacks source_tile — will assign via spatial join
2026-04-26 00:56:37,371 - INFO - pairwise_permutation_test - GeoJSON: 254 detections from consensus_t4.geojson
2026-04-26 00:56:37,378 - WARNING - pairwise_permutation_test - GeoJSON lacks source_tile — will assign via spatial join
2026-04-26 00:56:37,378 - INFO - pairwise_permutation_test - GeoJSON: 344 detections from consensus_t3.geojson
2026-04-26 00:56:37,409 - WARNING - pairwise_permutation_test - GeoJSON lacks source_tile — will assign via spatial join
2026-04-26 00:56:37,409 - INFO - pairwise_permutation_test - GeoJSON: 254 detections from consensus_t4.geojson
2026-04-26 00:56:37,416 - WARNING - pairwise_permutation_test - GeoJSON lacks source_tile — will assign via spatial join
2026-04-26 00:56:37,416 - INFO - pairwise_permutation_test - GeoJSON: 341 detections from consensus_t3.geojson
2026-04-26 00:56:37,507 - WARNING - pairwise_permutation_test - GeoJSON lacks source_tile — will assign via spatial join
2026-04-26 00:56:37,507 - INFO - pairwise_permutation_test - GeoJSON: 326 detections from consensus_t3.geojson
2026-04-26 00:56:37,514 - WARNING - pairwise_permutation_test - GeoJSON lacks source_tile — will assign via spatial join
2026-04-26 00:56:37,514 - INFO - pairwise_permutation_test - GeoJSON: 344 detections from consensus_t3.geojson
2026-04-26 00:56:37,521 - WARNING - pairwise_permutation_test - GeoJSON lacks source_tile — will assign via spatial join
2026-04-26 00:56:37,522 - INFO - pairwise_permutation_test - GeoJSON: 326 detections from consensus_t3.geojson
2026-04-26 00:56:37,529 - WARNING - pairwise_permutation_test - GeoJSON lacks source_tile — will assign via spatial join
2026-04-26 00:56:37,529 - INFO - pairwise_permutation_test - GeoJSON: 344 detections from consensus_t3.geojson
2026-04-26 00:56:37,533 - WARNING - pairwise_permutation_test - GeoJSON lacks source_tile — will assign via spatial join
2026-04-26 00:56:37,533 - INFO - pairwise_permutation_test - GeoJSON: 326 detections from consensus_t3.geojson
2026-04-26 00:56:37,540 - WARNING - pairwise_permutation_test - GeoJSON lacks source_tile — will assign via spatial join
2026-04-26 00:56:37,540 - INFO - pairwise_permutation_test - GeoJSON: 341 detections from consensus_t3.geojson
2026-04-26 00:56:37,848 - WARNING - pairwise_permutation_test - GeoJSON lacks source_tile — will assign via spatial join
2026-04-26 00:56:37,849 - INFO - pairwise_permutation_test - GeoJSON: 344 detections from consensus_t3.geojson
2026-04-26 00:56:37,856 - WARNING - pairwise_permutation_test - GeoJSON lacks source_tile — will assign via spatial join
2026-04-26 00:56:37,856 - INFO - pairwise_permutation_test - GeoJSON: 344 detections from consensus_t3.geojson
2026-04-26 00:56:37,869 - WARNING - pairwise_permutation_test - GeoJSON lacks source_tile — will assign via spatial join
2026-04-26 00:56:37,869 - INFO - pairwise_permutation_test - GeoJSON: 344 detections from consensus_t3.geojson
2026-04-26 00:56:37,876 - WARNING - pairwise_permutation_test - GeoJSON lacks source_tile — will assign via spatial join
2026-04-26 00:56:37,876 - INFO - pairwise_permutation_test - GeoJSON: 341 detections from consensus_t3.geojson
2026-04-26 00:56:37,986 - WARNING - pairwise_permutation_test - GeoJSON lacks source_tile — will assign via spatial join
2026-04-26 00:56:37,986 - INFO - pairwise_permutation_test - GeoJSON: 344 detections from consensus_t3.geojson
2026-04-26 00:56:37,993 - WARNING - pairwise_permutation_test - GeoJSON lacks source_tile — will assign via spatial join
2026-04-26 00:56:37,993 - INFO - pairwise_permutation_test - GeoJSON: 341 detections from consensus_t3.geojson
2026-04-26 00:56:38,575 - INFO - __main__ - [91/91] pairwise done
2026-04-26 00:56:38,583 - INFO - __main__ - Pairwise: 0 cached, 91 computed
2026-04-26 00:56:38,584 - INFO - __main__ - Stage 4 complete in 7.4s
2026-04-26 00:56:38,584 - INFO - __main__ - FDR: 6/91 pairs significant at q=0.05 → 3 tiers
2026-04-26 00:56:38,584 - INFO - __main__ - Markdown leaderboard written to results/leaderboard/per-architecture/era3/consensus/leaderboard_tiers_20m.md
2026-04-26 00:56:38,584 - INFO - __main__ - Markdown leaderboard written to results/leaderboard/per-architecture/era3/consensus/leaderboard_tiers_30m.md
2026-04-26 00:56:38,584 - INFO - __main__ - Markdown leaderboard written to results/leaderboard/per-architecture/era3/consensus/leaderboard_tiers_40m.md
2026-04-26 00:56:38,585 - INFO - __main__ - Markdown leaderboard written to results/leaderboard/per-architecture/era3/consensus/leaderboard_tiers_50m.md
2026-04-26 00:56:38,585 - INFO - __main__ - Markdown leaderboard written to results/leaderboard/per-architecture/era3/consensus/leaderboard_tiers_100m.md
2026-04-26 00:56:38,588 - INFO - __main__ - JSON leaderboard written to results/leaderboard/per-architecture/era3/consensus/leaderboard_tiers_100m.json
2026-04-26 00:56:38,592 - INFO - __main__ - All evaluations written to results/leaderboard/per-architecture/era3/consensus/leaderboard_all_evaluations.json

========================================================================
LEADERBOARD TIERS (F1, 100m buffer)
========================================================================

Tier 1 (F1: 0.793–0.842, 5 conditions)
    1. h8v2-scale-4                             F1=0.823  t=4
    2. h12v2-r1-hn-heavy                        F1=0.842  t=3
    3. h8v2-scale-8                             F1=0.827  t=3
    4. h10v2-pool_160_hp4hn4                    F1=0.793  t=4
    5. h12v2-r2-balanced                        F1=0.793  t=4

Tier 2 (F1: 0.763–0.819, 5 conditions)
    6. h8v2-scale-32                            F1=0.763  t=4
    7. h8v2-scale-16                            F1=0.819  t=3
    8. h8v2-canonical                           F1=0.780  t=4
    9. h8v2-pure-positive-canon                 F1=0.798  t=3
   10. h8v2-plus-hp                             F1=0.796  t=4

Tier 3 (F1: 0.799–0.834, 4 conditions)
   11. h12v2-r3-hp-heavy                        F1=0.834  t=3
   12. h10v2-pool_020_hp4hn4                    F1=0.811  t=3
   13. h10v2-pool_040_hp4hn4                    F1=0.799  t=3
   14. h10v2-pool_080_hp4hn4                    F1=0.809  t=3

========================================================================
Total: 14 conditions in 3 tiers
========================================================================
