2026-04-26 00:56:14,474 - INFO - __main__ - build_tiered_leaderboard.py v1.0.0 — git b4b67486
2026-04-26 00:56:14,477 - INFO - __main__ - Resolved 14 conditions from inventory (era=3, track=None)
2026-04-26 00:56:14,477 - INFO - __main__ - Resolved 14 conditions
2026-04-26 00:56:14,477 - INFO - __main__ - Skipping evaluation (--skip-evaluation)
2026-04-26 00:56:14,484 - INFO - __main__ - Threshold selection at 20m; pairwise + tiering at 40m (Option A semantics)
2026-04-26 00:56:14,484 - INFO - __main__ - Top-N filter disabled (top_n=0); including all 14 conditions
2026-04-26 00:56:14,484 - INFO - __main__ - Selected 14 conditions (best F1=0.733 at 20m)
2026-04-26 00:56:14,506 - INFO - __main__ - Pairwise tests (f1): 91 pairs at 40m (10000 permutations, 8 workers)
2026-04-26 00:56:14,552 - WARNING - pairwise_permutation_test - GeoJSON lacks source_tile — will assign via spatial join
2026-04-26 00:56:14,552 - WARNING - pairwise_permutation_test - GeoJSON lacks source_tile — will assign via spatial join
2026-04-26 00:56:14,552 - WARNING - pairwise_permutation_test - GeoJSON lacks source_tile — will assign via spatial join
2026-04-26 00:56:14,552 - WARNING - pairwise_permutation_test - GeoJSON lacks source_tile — will assign via spatial join
2026-04-26 00:56:14,553 - INFO - pairwise_permutation_test - GeoJSON: 257 detections from consensus_t4.geojson
2026-04-26 00:56:14,553 - INFO - pairwise_permutation_test - GeoJSON: 257 detections from consensus_t4.geojson
2026-04-26 00:56:14,553 - INFO - pairwise_permutation_test - GeoJSON: 257 detections from consensus_t4.geojson
2026-04-26 00:56:14,553 - INFO - pairwise_permutation_test - GeoJSON: 257 detections from consensus_t4.geojson
2026-04-26 00:56:14,553 - WARNING - pairwise_permutation_test - GeoJSON lacks source_tile — will assign via spatial join
2026-04-26 00:56:14,553 - WARNING - pairwise_permutation_test - GeoJSON lacks source_tile — will assign via spatial join
2026-04-26 00:56:14,553 - WARNING - pairwise_permutation_test - GeoJSON lacks source_tile — will assign via spatial join
2026-04-26 00:56:14,553 - INFO - pairwise_permutation_test - GeoJSON: 257 detections from consensus_t4.geojson
2026-04-26 00:56:14,553 - INFO - pairwise_permutation_test - GeoJSON: 257 detections from consensus_t4.geojson
2026-04-26 00:56:14,553 - INFO - pairwise_permutation_test - GeoJSON: 257 detections from consensus_t4.geojson
2026-04-26 00:56:14,554 - WARNING - pairwise_permutation_test - GeoJSON lacks source_tile — will assign via spatial join
2026-04-26 00:56:14,554 - INFO - pairwise_permutation_test - GeoJSON: 257 detections from consensus_t4.geojson
2026-04-26 00:56:14,560 - WARNING - pairwise_permutation_test - GeoJSON lacks source_tile — will assign via spatial join
2026-04-26 00:56:14,561 - INFO - pairwise_permutation_test - GeoJSON: 236 detections from consensus_t4.geojson
2026-04-26 00:56:14,561 - WARNING - pairwise_permutation_test - GeoJSON lacks source_tile — will assign via spatial join
2026-04-26 00:56:14,561 - INFO - pairwise_permutation_test - GeoJSON: 258 detections from consensus_t4.geojson
2026-04-26 00:56:14,561 - WARNING - pairwise_permutation_test - GeoJSON lacks source_tile — will assign via spatial join
2026-04-26 00:56:14,561 - INFO - pairwise_permutation_test - GeoJSON: 236 detections from consensus_t4.geojson
2026-04-26 00:56:14,561 - WARNING - pairwise_permutation_test - GeoJSON lacks source_tile — will assign via spatial join
2026-04-26 00:56:14,561 - INFO - pairwise_permutation_test - GeoJSON: 242 detections from consensus_t4.geojson
2026-04-26 00:56:14,561 - WARNING - pairwise_permutation_test - GeoJSON lacks source_tile — will assign via spatial join
2026-04-26 00:56:14,561 - INFO - pairwise_permutation_test - GeoJSON: 327 detections from consensus_t3.geojson
2026-04-26 00:56:14,561 - WARNING - pairwise_permutation_test - GeoJSON lacks source_tile — will assign via spatial join
2026-04-26 00:56:14,561 - INFO - pairwise_permutation_test - GeoJSON: 333 detections from consensus_t3.geojson
2026-04-26 00:56:14,562 - WARNING - pairwise_permutation_test - GeoJSON lacks source_tile — will assign via spatial join
2026-04-26 00:56:14,562 - INFO - pairwise_permutation_test - GeoJSON: 317 detections from consensus_t3.geojson
2026-04-26 00:56:14,562 - WARNING - pairwise_permutation_test - GeoJSON lacks source_tile — will assign via spatial join
2026-04-26 00:56:14,562 - INFO - pairwise_permutation_test - GeoJSON: 370 detections from consensus_t3.geojson
2026-04-26 00:56:15,127 - WARNING - pairwise_permutation_test - GeoJSON lacks source_tile — will assign via spatial join
2026-04-26 00:56:15,127 - WARNING - pairwise_permutation_test - GeoJSON lacks source_tile — will assign via spatial join
2026-04-26 00:56:15,127 - INFO - pairwise_permutation_test - GeoJSON: 257 detections from consensus_t4.geojson
2026-04-26 00:56:15,127 - INFO - pairwise_permutation_test - GeoJSON: 257 detections from consensus_t4.geojson
2026-04-26 00:56:15,130 - WARNING - pairwise_permutation_test - GeoJSON lacks source_tile — will assign via spatial join
2026-04-26 00:56:15,130 - INFO - pairwise_permutation_test - GeoJSON: 257 detections from consensus_t4.geojson
2026-04-26 00:56:15,133 - WARNING - pairwise_permutation_test - GeoJSON lacks source_tile — will assign via spatial join
2026-04-26 00:56:15,133 - INFO - pairwise_permutation_test - GeoJSON: 254 detections from consensus_t4.geojson
2026-04-26 00:56:15,133 - WARNING - pairwise_permutation_test - GeoJSON lacks source_tile — will assign via spatial join
2026-04-26 00:56:15,133 - INFO - pairwise_permutation_test - GeoJSON: 326 detections from consensus_t3.geojson
2026-04-26 00:56:15,137 - WARNING - pairwise_permutation_test - GeoJSON lacks source_tile — will assign via spatial join
2026-04-26 00:56:15,137 - INFO - pairwise_permutation_test - GeoJSON: 344 detections from consensus_t3.geojson
2026-04-26 00:56:15,142 - WARNING - pairwise_permutation_test - GeoJSON lacks source_tile — will assign via spatial join
2026-04-26 00:56:15,142 - INFO - pairwise_permutation_test - GeoJSON: 257 detections from consensus_t4.geojson
2026-04-26 00:56:15,149 - WARNING - pairwise_permutation_test - GeoJSON lacks source_tile — will assign via spatial join
2026-04-26 00:56:15,149 - INFO - pairwise_permutation_test - GeoJSON: 344 detections from consensus_t3.geojson
2026-04-26 00:56:15,167 - WARNING - pairwise_permutation_test - GeoJSON lacks source_tile — will assign via spatial join
2026-04-26 00:56:15,167 - INFO - pairwise_permutation_test - GeoJSON: 257 detections from consensus_t4.geojson
2026-04-26 00:56:15,169 - WARNING - pairwise_permutation_test - GeoJSON lacks source_tile — will assign via spatial join
2026-04-26 00:56:15,169 - INFO - pairwise_permutation_test - GeoJSON: 327 detections from consensus_t3.geojson
2026-04-26 00:56:15,174 - WARNING - pairwise_permutation_test - GeoJSON lacks source_tile — will assign via spatial join
2026-04-26 00:56:15,174 - INFO - pairwise_permutation_test - GeoJSON: 341 detections from consensus_t3.geojson
2026-04-26 00:56:15,176 - WARNING - pairwise_permutation_test - GeoJSON lacks source_tile — will assign via spatial join
2026-04-26 00:56:15,176 - INFO - pairwise_permutation_test - GeoJSON: 317 detections from consensus_t3.geojson
2026-04-26 00:56:15,177 - WARNING - pairwise_permutation_test - GeoJSON lacks source_tile — will assign via spatial join
2026-04-26 00:56:15,177 - INFO - pairwise_permutation_test - GeoJSON: 327 detections from consensus_t3.geojson
2026-04-26 00:56:15,183 - WARNING - pairwise_permutation_test - GeoJSON lacks source_tile — will assign via spatial join
2026-04-26 00:56:15,183 - INFO - pairwise_permutation_test - GeoJSON: 236 detections from consensus_t4.geojson
2026-04-26 00:56:15,205 - WARNING - pairwise_permutation_test - GeoJSON lacks source_tile — will assign via spatial join
2026-04-26 00:56:15,205 - INFO - pairwise_permutation_test - GeoJSON: 327 detections from consensus_t3.geojson
2026-04-26 00:56:15,211 - WARNING - pairwise_permutation_test - GeoJSON lacks source_tile — will assign via spatial join
2026-04-26 00:56:15,211 - INFO - pairwise_permutation_test - GeoJSON: 236 detections from consensus_t4.geojson
2026-04-26 00:56:15,703 - WARNING - pairwise_permutation_test - GeoJSON lacks source_tile — will assign via spatial join
2026-04-26 00:56:15,703 - INFO - pairwise_permutation_test - GeoJSON: 327 detections from consensus_t3.geojson
2026-04-26 00:56:15,709 - WARNING - pairwise_permutation_test - GeoJSON lacks source_tile — will assign via spatial join
2026-04-26 00:56:15,709 - INFO - pairwise_permutation_test - GeoJSON: 242 detections from consensus_t4.geojson
2026-04-26 00:56:15,735 - WARNING - pairwise_permutation_test - GeoJSON lacks source_tile — will assign via spatial join
2026-04-26 00:56:15,736 - INFO - pairwise_permutation_test - GeoJSON: 327 detections from consensus_t3.geojson
2026-04-26 00:56:15,742 - WARNING - pairwise_permutation_test - GeoJSON lacks source_tile — will assign via spatial join
2026-04-26 00:56:15,742 - INFO - pairwise_permutation_test - GeoJSON: 333 detections from consensus_t3.geojson
2026-04-26 00:56:15,747 - WARNING - pairwise_permutation_test - GeoJSON lacks source_tile — will assign via spatial join
2026-04-26 00:56:15,747 - INFO - pairwise_permutation_test - GeoJSON: 327 detections from consensus_t3.geojson
2026-04-26 00:56:15,753 - WARNING - pairwise_permutation_test - GeoJSON lacks source_tile — will assign via spatial join
2026-04-26 00:56:15,753 - INFO - pairwise_permutation_test - GeoJSON: 258 detections from consensus_t4.geojson
2026-04-26 00:56:15,776 - WARNING - pairwise_permutation_test - GeoJSON lacks source_tile — will assign via spatial join
2026-04-26 00:56:15,776 - INFO - pairwise_permutation_test - GeoJSON: 327 detections from consensus_t3.geojson
2026-04-26 00:56:15,776 - WARNING - pairwise_permutation_test - GeoJSON lacks source_tile — will assign via spatial join
2026-04-26 00:56:15,776 - INFO - pairwise_permutation_test - GeoJSON: 327 detections from consensus_t3.geojson
2026-04-26 00:56:15,779 - WARNING - pairwise_permutation_test - GeoJSON lacks source_tile — will assign via spatial join
2026-04-26 00:56:15,779 - INFO - pairwise_permutation_test - GeoJSON: 327 detections from consensus_t3.geojson
2026-04-26 00:56:15,782 - WARNING - pairwise_permutation_test - GeoJSON lacks source_tile — will assign via spatial join
2026-04-26 00:56:15,782 - INFO - pairwise_permutation_test - GeoJSON: 254 detections from consensus_t4.geojson
2026-04-26 00:56:15,783 - WARNING - pairwise_permutation_test - GeoJSON lacks source_tile — will assign via spatial join
2026-04-26 00:56:15,783 - INFO - pairwise_permutation_test - GeoJSON: 370 detections from consensus_t3.geojson
2026-04-26 00:56:15,786 - WARNING - pairwise_permutation_test - GeoJSON lacks source_tile — will assign via spatial join
2026-04-26 00:56:15,786 - INFO - pairwise_permutation_test - GeoJSON: 326 detections from consensus_t3.geojson
2026-04-26 00:56:15,807 - WARNING - pairwise_permutation_test - GeoJSON lacks source_tile — will assign via spatial join
2026-04-26 00:56:15,807 - INFO - pairwise_permutation_test - GeoJSON: 327 detections from consensus_t3.geojson
2026-04-26 00:56:15,815 - WARNING - pairwise_permutation_test - GeoJSON lacks source_tile — will assign via spatial join
2026-04-26 00:56:15,815 - INFO - pairwise_permutation_test - GeoJSON: 344 detections from consensus_t3.geojson
2026-04-26 00:56:15,825 - WARNING - pairwise_permutation_test - GeoJSON lacks source_tile — will assign via spatial join
2026-04-26 00:56:15,825 - INFO - pairwise_permutation_test - GeoJSON: 327 detections from consensus_t3.geojson
2026-04-26 00:56:15,832 - WARNING - pairwise_permutation_test - GeoJSON lacks source_tile — will assign via spatial join
2026-04-26 00:56:15,832 - INFO - pairwise_permutation_test - GeoJSON: 344 detections from consensus_t3.geojson
2026-04-26 00:56:16,308 - WARNING - pairwise_permutation_test - GeoJSON lacks source_tile — will assign via spatial join
2026-04-26 00:56:16,308 - INFO - pairwise_permutation_test - GeoJSON: 327 detections from consensus_t3.geojson
2026-04-26 00:56:16,315 - WARNING - pairwise_permutation_test - GeoJSON lacks source_tile — will assign via spatial join
2026-04-26 00:56:16,315 - INFO - pairwise_permutation_test - GeoJSON: 341 detections from consensus_t3.geojson
2026-04-26 00:56:16,355 - WARNING - pairwise_permutation_test - GeoJSON lacks source_tile — will assign via spatial join
2026-04-26 00:56:16,355 - INFO - pairwise_permutation_test - GeoJSON: 317 detections from consensus_t3.geojson
2026-04-26 00:56:16,362 - WARNING - pairwise_permutation_test - GeoJSON lacks source_tile — will assign via spatial join
2026-04-26 00:56:16,362 - INFO - pairwise_permutation_test - GeoJSON: 236 detections from consensus_t4.geojson
2026-04-26 00:56:16,385 - WARNING - pairwise_permutation_test - GeoJSON lacks source_tile — will assign via spatial join
2026-04-26 00:56:16,385 - INFO - pairwise_permutation_test - GeoJSON: 317 detections from consensus_t3.geojson
2026-04-26 00:56:16,389 - WARNING - pairwise_permutation_test - GeoJSON lacks source_tile — will assign via spatial join
2026-04-26 00:56:16,389 - INFO - pairwise_permutation_test - GeoJSON: 317 detections from consensus_t3.geojson
2026-04-26 00:56:16,392 - WARNING - pairwise_permutation_test - GeoJSON lacks source_tile — will assign via spatial join
2026-04-26 00:56:16,392 - INFO - pairwise_permutation_test - GeoJSON: 236 detections from consensus_t4.geojson
2026-04-26 00:56:16,395 - WARNING - pairwise_permutation_test - GeoJSON lacks source_tile — will assign via spatial join
2026-04-26 00:56:16,395 - INFO - pairwise_permutation_test - GeoJSON: 242 detections from consensus_t4.geojson
2026-04-26 00:56:16,432 - WARNING - pairwise_permutation_test - GeoJSON lacks source_tile — will assign via spatial join
2026-04-26 00:56:16,432 - INFO - pairwise_permutation_test - GeoJSON: 317 detections from consensus_t3.geojson
2026-04-26 00:56:16,440 - WARNING - pairwise_permutation_test - GeoJSON lacks source_tile — will assign via spatial join
2026-04-26 00:56:16,440 - INFO - pairwise_permutation_test - GeoJSON: 333 detections from consensus_t3.geojson
2026-04-26 00:56:16,443 - WARNING - pairwise_permutation_test - GeoJSON lacks source_tile — will assign via spatial join
2026-04-26 00:56:16,443 - INFO - pairwise_permutation_test - GeoJSON: 317 detections from consensus_t3.geojson
2026-04-26 00:56:16,450 - WARNING - pairwise_permutation_test - GeoJSON lacks source_tile — will assign via spatial join
2026-04-26 00:56:16,450 - INFO - pairwise_permutation_test - GeoJSON: 258 detections from consensus_t4.geojson
2026-04-26 00:56:16,458 - WARNING - pairwise_permutation_test - GeoJSON lacks source_tile — will assign via spatial join
2026-04-26 00:56:16,458 - INFO - pairwise_permutation_test - GeoJSON: 317 detections from consensus_t3.geojson
2026-04-26 00:56:16,466 - WARNING - pairwise_permutation_test - GeoJSON lacks source_tile — will assign via spatial join
2026-04-26 00:56:16,466 - INFO - pairwise_permutation_test - GeoJSON: 370 detections from consensus_t3.geojson
2026-04-26 00:56:16,495 - WARNING - pairwise_permutation_test - GeoJSON lacks source_tile — will assign via spatial join
2026-04-26 00:56:16,495 - INFO - pairwise_permutation_test - GeoJSON: 317 detections from consensus_t3.geojson
2026-04-26 00:56:16,502 - WARNING - pairwise_permutation_test - GeoJSON lacks source_tile — will assign via spatial join
2026-04-26 00:56:16,502 - INFO - pairwise_permutation_test - GeoJSON: 254 detections from consensus_t4.geojson
2026-04-26 00:56:16,950 - WARNING - pairwise_permutation_test - GeoJSON lacks source_tile — will assign via spatial join
2026-04-26 00:56:16,950 - INFO - pairwise_permutation_test - GeoJSON: 317 detections from consensus_t3.geojson
2026-04-26 00:56:16,955 - WARNING - pairwise_permutation_test - GeoJSON lacks source_tile — will assign via spatial join
2026-04-26 00:56:16,955 - INFO - pairwise_permutation_test - GeoJSON: 317 detections from consensus_t3.geojson
2026-04-26 00:56:16,957 - WARNING - pairwise_permutation_test - GeoJSON lacks source_tile — will assign via spatial join
2026-04-26 00:56:16,957 - INFO - pairwise_permutation_test - GeoJSON: 326 detections from consensus_t3.geojson
2026-04-26 00:56:16,962 - WARNING - pairwise_permutation_test - GeoJSON lacks source_tile — will assign via spatial join
2026-04-26 00:56:16,962 - INFO - pairwise_permutation_test - GeoJSON: 344 detections from consensus_t3.geojson
2026-04-26 00:56:16,987 - WARNING - pairwise_permutation_test - GeoJSON lacks source_tile — will assign via spatial join
2026-04-26 00:56:16,987 - INFO - pairwise_permutation_test - GeoJSON: 317 detections from consensus_t3.geojson
2026-04-26 00:56:16,991 - WARNING - pairwise_permutation_test - GeoJSON lacks source_tile — will assign via spatial join
2026-04-26 00:56:16,991 - INFO - pairwise_permutation_test - GeoJSON: 317 detections from consensus_t3.geojson
2026-04-26 00:56:16,994 - WARNING - pairwise_permutation_test - GeoJSON lacks source_tile — will assign via spatial join
2026-04-26 00:56:16,995 - INFO - pairwise_permutation_test - GeoJSON: 344 detections from consensus_t3.geojson
2026-04-26 00:56:16,998 - WARNING - pairwise_permutation_test - GeoJSON lacks source_tile — will assign via spatial join
2026-04-26 00:56:16,998 - INFO - pairwise_permutation_test - GeoJSON: 341 detections from consensus_t3.geojson
2026-04-26 00:56:17,064 - WARNING - pairwise_permutation_test - GeoJSON lacks source_tile — will assign via spatial join
2026-04-26 00:56:17,065 - INFO - pairwise_permutation_test - GeoJSON: 236 detections from consensus_t4.geojson
2026-04-26 00:56:17,070 - WARNING - pairwise_permutation_test - GeoJSON lacks source_tile — will assign via spatial join
2026-04-26 00:56:17,071 - INFO - pairwise_permutation_test - GeoJSON: 236 detections from consensus_t4.geojson
2026-04-26 00:56:17,077 - WARNING - pairwise_permutation_test - GeoJSON lacks source_tile — will assign via spatial join
2026-04-26 00:56:17,077 - INFO - pairwise_permutation_test - GeoJSON: 236 detections from consensus_t4.geojson
2026-04-26 00:56:17,083 - WARNING - pairwise_permutation_test - GeoJSON lacks source_tile — will assign via spatial join
2026-04-26 00:56:17,083 - INFO - pairwise_permutation_test - GeoJSON: 242 detections from consensus_t4.geojson
2026-04-26 00:56:17,111 - WARNING - pairwise_permutation_test - GeoJSON lacks source_tile — will assign via spatial join
2026-04-26 00:56:17,111 - INFO - pairwise_permutation_test - GeoJSON: 236 detections from consensus_t4.geojson
2026-04-26 00:56:17,118 - WARNING - pairwise_permutation_test - GeoJSON lacks source_tile — will assign via spatial join
2026-04-26 00:56:17,118 - INFO - pairwise_permutation_test - GeoJSON: 333 detections from consensus_t3.geojson
2026-04-26 00:56:17,123 - WARNING - pairwise_permutation_test - GeoJSON lacks source_tile — will assign via spatial join
2026-04-26 00:56:17,123 - INFO - pairwise_permutation_test - GeoJSON: 236 detections from consensus_t4.geojson
2026-04-26 00:56:17,130 - WARNING - pairwise_permutation_test - GeoJSON lacks source_tile — will assign via spatial join
2026-04-26 00:56:17,130 - INFO - pairwise_permutation_test - GeoJSON: 258 detections from consensus_t4.geojson
2026-04-26 00:56:17,588 - WARNING - pairwise_permutation_test - GeoJSON lacks source_tile — will assign via spatial join
2026-04-26 00:56:17,588 - INFO - pairwise_permutation_test - GeoJSON: 236 detections from consensus_t4.geojson
2026-04-26 00:56:17,596 - WARNING - pairwise_permutation_test - GeoJSON lacks source_tile — will assign via spatial join
2026-04-26 00:56:17,596 - INFO - pairwise_permutation_test - GeoJSON: 370 detections from consensus_t3.geojson
2026-04-26 00:56:17,602 - WARNING - pairwise_permutation_test - GeoJSON lacks source_tile — will assign via spatial join
2026-04-26 00:56:17,602 - INFO - pairwise_permutation_test - GeoJSON: 236 detections from consensus_t4.geojson
2026-04-26 00:56:17,608 - WARNING - pairwise_permutation_test - GeoJSON lacks source_tile — will assign via spatial join
2026-04-26 00:56:17,608 - INFO - pairwise_permutation_test - GeoJSON: 254 detections from consensus_t4.geojson
2026-04-26 00:56:17,631 - WARNING - pairwise_permutation_test - GeoJSON lacks source_tile — will assign via spatial join
2026-04-26 00:56:17,631 - INFO - pairwise_permutation_test - GeoJSON: 236 detections from consensus_t4.geojson
2026-04-26 00:56:17,632 - WARNING - pairwise_permutation_test - GeoJSON lacks source_tile — will assign via spatial join
2026-04-26 00:56:17,632 - INFO - pairwise_permutation_test - GeoJSON: 236 detections from consensus_t4.geojson
2026-04-26 00:56:17,638 - WARNING - pairwise_permutation_test - GeoJSON lacks source_tile — will assign via spatial join
2026-04-26 00:56:17,638 - INFO - pairwise_permutation_test - GeoJSON: 326 detections from consensus_t3.geojson
2026-04-26 00:56:17,639 - WARNING - pairwise_permutation_test - GeoJSON lacks source_tile — will assign via spatial join
2026-04-26 00:56:17,639 - INFO - pairwise_permutation_test - GeoJSON: 236 detections from consensus_t4.geojson
2026-04-26 00:56:17,639 - WARNING - pairwise_permutation_test - GeoJSON lacks source_tile — will assign via spatial join
2026-04-26 00:56:17,639 - INFO - pairwise_permutation_test - GeoJSON: 344 detections from consensus_t3.geojson
2026-04-26 00:56:17,639 - WARNING - pairwise_permutation_test - GeoJSON lacks source_tile — will assign via spatial join
2026-04-26 00:56:17,639 - INFO - pairwise_permutation_test - GeoJSON: 236 detections from consensus_t4.geojson
2026-04-26 00:56:17,646 - WARNING - pairwise_permutation_test - GeoJSON lacks source_tile — will assign via spatial join
2026-04-26 00:56:17,646 - INFO - pairwise_permutation_test - GeoJSON: 344 detections from consensus_t3.geojson
2026-04-26 00:56:17,646 - WARNING - pairwise_permutation_test - GeoJSON lacks source_tile — will assign via spatial join
2026-04-26 00:56:17,646 - INFO - pairwise_permutation_test - GeoJSON: 341 detections from consensus_t3.geojson
2026-04-26 00:56:17,706 - WARNING - pairwise_permutation_test - GeoJSON lacks source_tile — will assign via spatial join
2026-04-26 00:56:17,706 - INFO - pairwise_permutation_test - GeoJSON: 236 detections from consensus_t4.geojson
2026-04-26 00:56:17,712 - WARNING - pairwise_permutation_test - GeoJSON lacks source_tile — will assign via spatial join
2026-04-26 00:56:17,712 - INFO - pairwise_permutation_test - GeoJSON: 242 detections from consensus_t4.geojson
2026-04-26 00:56:17,716 - WARNING - pairwise_permutation_test - GeoJSON lacks source_tile — will assign via spatial join
2026-04-26 00:56:17,716 - INFO - pairwise_permutation_test - GeoJSON: 236 detections from consensus_t4.geojson
2026-04-26 00:56:17,723 - WARNING - pairwise_permutation_test - GeoJSON lacks source_tile — will assign via spatial join
2026-04-26 00:56:17,723 - INFO - pairwise_permutation_test - GeoJSON: 333 detections from consensus_t3.geojson
2026-04-26 00:56:18,167 - WARNING - pairwise_permutation_test - GeoJSON lacks source_tile — will assign via spatial join
2026-04-26 00:56:18,167 - INFO - pairwise_permutation_test - GeoJSON: 236 detections from consensus_t4.geojson
2026-04-26 00:56:18,173 - WARNING - pairwise_permutation_test - GeoJSON lacks source_tile — will assign via spatial join
2026-04-26 00:56:18,173 - INFO - pairwise_permutation_test - GeoJSON: 258 detections from consensus_t4.geojson
2026-04-26 00:56:18,199 - WARNING - pairwise_permutation_test - GeoJSON lacks source_tile — will assign via spatial join
2026-04-26 00:56:18,200 - INFO - pairwise_permutation_test - GeoJSON: 236 detections from consensus_t4.geojson
2026-04-26 00:56:18,207 - WARNING - pairwise_permutation_test - GeoJSON lacks source_tile — will assign via spatial join
2026-04-26 00:56:18,207 - INFO - pairwise_permutation_test - GeoJSON: 370 detections from consensus_t3.geojson
2026-04-26 00:56:18,230 - WARNING - pairwise_permutation_test - GeoJSON lacks source_tile — will assign via spatial join
2026-04-26 00:56:18,230 - INFO - pairwise_permutation_test - GeoJSON: 236 detections from consensus_t4.geojson
2026-04-26 00:56:18,235 - WARNING - pairwise_permutation_test - GeoJSON lacks source_tile — will assign via spatial join
2026-04-26 00:56:18,235 - INFO - pairwise_permutation_test - GeoJSON: 236 detections from consensus_t4.geojson
2026-04-26 00:56:18,236 - WARNING - pairwise_permutation_test - GeoJSON lacks source_tile — will assign via spatial join
2026-04-26 00:56:18,237 - INFO - pairwise_permutation_test - GeoJSON: 254 detections from consensus_t4.geojson
2026-04-26 00:56:18,242 - WARNING - pairwise_permutation_test - GeoJSON lacks source_tile — will assign via spatial join
2026-04-26 00:56:18,242 - INFO - pairwise_permutation_test - GeoJSON: 326 detections from consensus_t3.geojson
2026-04-26 00:56:18,243 - WARNING - pairwise_permutation_test - GeoJSON lacks source_tile — will assign via spatial join
2026-04-26 00:56:18,243 - INFO - pairwise_permutation_test - GeoJSON: 236 detections from consensus_t4.geojson
2026-04-26 00:56:18,250 - WARNING - pairwise_permutation_test - GeoJSON lacks source_tile — will assign via spatial join
2026-04-26 00:56:18,250 - INFO - pairwise_permutation_test - GeoJSON: 344 detections from consensus_t3.geojson
2026-04-26 00:56:18,257 - WARNING - pairwise_permutation_test - GeoJSON lacks source_tile — will assign via spatial join
2026-04-26 00:56:18,257 - INFO - pairwise_permutation_test - GeoJSON: 236 detections from consensus_t4.geojson
2026-04-26 00:56:18,264 - WARNING - pairwise_permutation_test - GeoJSON lacks source_tile — will assign via spatial join
2026-04-26 00:56:18,264 - INFO - pairwise_permutation_test - GeoJSON: 344 detections from consensus_t3.geojson
2026-04-26 00:56:18,287 - WARNING - pairwise_permutation_test - GeoJSON lacks source_tile — will assign via spatial join
2026-04-26 00:56:18,287 - INFO - pairwise_permutation_test - GeoJSON: 236 detections from consensus_t4.geojson
2026-04-26 00:56:18,294 - WARNING - pairwise_permutation_test - GeoJSON lacks source_tile — will assign via spatial join
2026-04-26 00:56:18,294 - INFO - pairwise_permutation_test - GeoJSON: 341 detections from consensus_t3.geojson
2026-04-26 00:56:18,321 - WARNING - pairwise_permutation_test - GeoJSON lacks source_tile — will assign via spatial join
2026-04-26 00:56:18,321 - INFO - pairwise_permutation_test - GeoJSON: 242 detections from consensus_t4.geojson
2026-04-26 00:56:18,328 - WARNING - pairwise_permutation_test - GeoJSON lacks source_tile — will assign via spatial join
2026-04-26 00:56:18,328 - INFO - pairwise_permutation_test - GeoJSON: 333 detections from consensus_t3.geojson
2026-04-26 00:56:18,732 - WARNING - pairwise_permutation_test - GeoJSON lacks source_tile — will assign via spatial join
2026-04-26 00:56:18,732 - INFO - pairwise_permutation_test - GeoJSON: 242 detections from consensus_t4.geojson
2026-04-26 00:56:18,738 - WARNING - pairwise_permutation_test - GeoJSON lacks source_tile — will assign via spatial join
2026-04-26 00:56:18,738 - INFO - pairwise_permutation_test - GeoJSON: 258 detections from consensus_t4.geojson
2026-04-26 00:56:18,780 - INFO - __main__ - [50/91] pairwise done
2026-04-26 00:56:18,793 - WARNING - pairwise_permutation_test - GeoJSON lacks source_tile — will assign via spatial join
2026-04-26 00:56:18,793 - INFO - pairwise_permutation_test - GeoJSON: 242 detections from consensus_t4.geojson
2026-04-26 00:56:18,800 - WARNING - pairwise_permutation_test - GeoJSON lacks source_tile — will assign via spatial join
2026-04-26 00:56:18,800 - INFO - pairwise_permutation_test - GeoJSON: 370 detections from consensus_t3.geojson
2026-04-26 00:56:18,813 - WARNING - pairwise_permutation_test - GeoJSON lacks source_tile — will assign via spatial join
2026-04-26 00:56:18,813 - INFO - pairwise_permutation_test - GeoJSON: 242 detections from consensus_t4.geojson
2026-04-26 00:56:18,819 - WARNING - pairwise_permutation_test - GeoJSON lacks source_tile — will assign via spatial join
2026-04-26 00:56:18,819 - INFO - pairwise_permutation_test - GeoJSON: 254 detections from consensus_t4.geojson
2026-04-26 00:56:18,831 - WARNING - pairwise_permutation_test - GeoJSON lacks source_tile — will assign via spatial join
2026-04-26 00:56:18,831 - INFO - pairwise_permutation_test - GeoJSON: 242 detections from consensus_t4.geojson
2026-04-26 00:56:18,838 - WARNING - pairwise_permutation_test - GeoJSON lacks source_tile — will assign via spatial join
2026-04-26 00:56:18,838 - INFO - pairwise_permutation_test - GeoJSON: 326 detections from consensus_t3.geojson
2026-04-26 00:56:18,849 - WARNING - pairwise_permutation_test - GeoJSON lacks source_tile — will assign via spatial join
2026-04-26 00:56:18,849 - INFO - pairwise_permutation_test - GeoJSON: 242 detections from consensus_t4.geojson
2026-04-26 00:56:18,856 - WARNING - pairwise_permutation_test - GeoJSON lacks source_tile — will assign via spatial join
2026-04-26 00:56:18,856 - INFO - pairwise_permutation_test - GeoJSON: 344 detections from consensus_t3.geojson
2026-04-26 00:56:18,878 - WARNING - pairwise_permutation_test - GeoJSON lacks source_tile — will assign via spatial join
2026-04-26 00:56:18,878 - INFO - pairwise_permutation_test - GeoJSON: 242 detections from consensus_t4.geojson
2026-04-26 00:56:18,885 - WARNING - pairwise_permutation_test - GeoJSON lacks source_tile — will assign via spatial join
2026-04-26 00:56:18,885 - INFO - pairwise_permutation_test - GeoJSON: 344 detections from consensus_t3.geojson
2026-04-26 00:56:18,912 - WARNING - pairwise_permutation_test - GeoJSON lacks source_tile — will assign via spatial join
2026-04-26 00:56:18,912 - INFO - pairwise_permutation_test - GeoJSON: 242 detections from consensus_t4.geojson
2026-04-26 00:56:18,919 - WARNING - pairwise_permutation_test - GeoJSON lacks source_tile — will assign via spatial join
2026-04-26 00:56:18,919 - INFO - pairwise_permutation_test - GeoJSON: 341 detections from consensus_t3.geojson
2026-04-26 00:56:18,930 - WARNING - pairwise_permutation_test - GeoJSON lacks source_tile — will assign via spatial join
2026-04-26 00:56:18,930 - INFO - pairwise_permutation_test - GeoJSON: 333 detections from consensus_t3.geojson
2026-04-26 00:56:18,936 - WARNING - pairwise_permutation_test - GeoJSON lacks source_tile — will assign via spatial join
2026-04-26 00:56:18,936 - INFO - pairwise_permutation_test - GeoJSON: 258 detections from consensus_t4.geojson
2026-04-26 00:56:19,300 - WARNING - pairwise_permutation_test - GeoJSON lacks source_tile — will assign via spatial join
2026-04-26 00:56:19,300 - INFO - pairwise_permutation_test - GeoJSON: 333 detections from consensus_t3.geojson
2026-04-26 00:56:19,307 - WARNING - pairwise_permutation_test - GeoJSON lacks source_tile — will assign via spatial join
2026-04-26 00:56:19,307 - INFO - pairwise_permutation_test - GeoJSON: 370 detections from consensus_t3.geojson
2026-04-26 00:56:19,380 - WARNING - pairwise_permutation_test - GeoJSON lacks source_tile — will assign via spatial join
2026-04-26 00:56:19,380 - INFO - pairwise_permutation_test - GeoJSON: 333 detections from consensus_t3.geojson
2026-04-26 00:56:19,386 - WARNING - pairwise_permutation_test - GeoJSON lacks source_tile — will assign via spatial join
2026-04-26 00:56:19,386 - INFO - pairwise_permutation_test - GeoJSON: 254 detections from consensus_t4.geojson
2026-04-26 00:56:19,408 - WARNING - pairwise_permutation_test - GeoJSON lacks source_tile — will assign via spatial join
2026-04-26 00:56:19,408 - INFO - pairwise_permutation_test - GeoJSON: 333 detections from consensus_t3.geojson
2026-04-26 00:56:19,415 - WARNING - pairwise_permutation_test - GeoJSON lacks source_tile — will assign via spatial join
2026-04-26 00:56:19,415 - INFO - pairwise_permutation_test - GeoJSON: 326 detections from consensus_t3.geojson
2026-04-26 00:56:19,430 - WARNING - pairwise_permutation_test - GeoJSON lacks source_tile — will assign via spatial join
2026-04-26 00:56:19,430 - INFO - pairwise_permutation_test - GeoJSON: 333 detections from consensus_t3.geojson
2026-04-26 00:56:19,437 - WARNING - pairwise_permutation_test - GeoJSON lacks source_tile — will assign via spatial join
2026-04-26 00:56:19,437 - INFO - pairwise_permutation_test - GeoJSON: 344 detections from consensus_t3.geojson
2026-04-26 00:56:19,463 - WARNING - pairwise_permutation_test - GeoJSON lacks source_tile — will assign via spatial join
2026-04-26 00:56:19,463 - INFO - pairwise_permutation_test - GeoJSON: 333 detections from consensus_t3.geojson
2026-04-26 00:56:19,470 - WARNING - pairwise_permutation_test - GeoJSON lacks source_tile — will assign via spatial join
2026-04-26 00:56:19,470 - INFO - pairwise_permutation_test - GeoJSON: 344 detections from consensus_t3.geojson
2026-04-26 00:56:19,507 - WARNING - pairwise_permutation_test - GeoJSON lacks source_tile — will assign via spatial join
2026-04-26 00:56:19,507 - INFO - pairwise_permutation_test - GeoJSON: 333 detections from consensus_t3.geojson
2026-04-26 00:56:19,514 - WARNING - pairwise_permutation_test - GeoJSON lacks source_tile — will assign via spatial join
2026-04-26 00:56:19,514 - INFO - pairwise_permutation_test - GeoJSON: 341 detections from consensus_t3.geojson
2026-04-26 00:56:19,540 - WARNING - pairwise_permutation_test - GeoJSON lacks source_tile — will assign via spatial join
2026-04-26 00:56:19,540 - INFO - pairwise_permutation_test - GeoJSON: 258 detections from consensus_t4.geojson
2026-04-26 00:56:19,542 - WARNING - pairwise_permutation_test - GeoJSON lacks source_tile — will assign via spatial join
2026-04-26 00:56:19,542 - INFO - pairwise_permutation_test - GeoJSON: 258 detections from consensus_t4.geojson
2026-04-26 00:56:19,547 - WARNING - pairwise_permutation_test - GeoJSON lacks source_tile — will assign via spatial join
2026-04-26 00:56:19,548 - INFO - pairwise_permutation_test - GeoJSON: 370 detections from consensus_t3.geojson
2026-04-26 00:56:19,548 - WARNING - pairwise_permutation_test - GeoJSON lacks source_tile — will assign via spatial join
2026-04-26 00:56:19,548 - INFO - pairwise_permutation_test - GeoJSON: 254 detections from consensus_t4.geojson
2026-04-26 00:56:19,963 - WARNING - pairwise_permutation_test - GeoJSON lacks source_tile — will assign via spatial join
2026-04-26 00:56:19,963 - INFO - pairwise_permutation_test - GeoJSON: 258 detections from consensus_t4.geojson
2026-04-26 00:56:19,970 - WARNING - pairwise_permutation_test - GeoJSON lacks source_tile — will assign via spatial join
2026-04-26 00:56:19,970 - INFO - pairwise_permutation_test - GeoJSON: 326 detections from consensus_t3.geojson
2026-04-26 00:56:19,987 - WARNING - pairwise_permutation_test - GeoJSON lacks source_tile — will assign via spatial join
2026-04-26 00:56:19,987 - INFO - pairwise_permutation_test - GeoJSON: 258 detections from consensus_t4.geojson
2026-04-26 00:56:19,994 - WARNING - pairwise_permutation_test - GeoJSON lacks source_tile — will assign via spatial join
2026-04-26 00:56:19,994 - INFO - pairwise_permutation_test - GeoJSON: 344 detections from consensus_t3.geojson
2026-04-26 00:56:20,054 - WARNING - pairwise_permutation_test - GeoJSON lacks source_tile — will assign via spatial join
2026-04-26 00:56:20,054 - INFO - pairwise_permutation_test - GeoJSON: 258 detections from consensus_t4.geojson
2026-04-26 00:56:20,061 - WARNING - pairwise_permutation_test - GeoJSON lacks source_tile — will assign via spatial join
2026-04-26 00:56:20,061 - INFO - pairwise_permutation_test - GeoJSON: 344 detections from consensus_t3.geojson
2026-04-26 00:56:20,076 - WARNING - pairwise_permutation_test - GeoJSON lacks source_tile — will assign via spatial join
2026-04-26 00:56:20,076 - INFO - pairwise_permutation_test - GeoJSON: 258 detections from consensus_t4.geojson
2026-04-26 00:56:20,083 - WARNING - pairwise_permutation_test - GeoJSON lacks source_tile — will assign via spatial join
2026-04-26 00:56:20,083 - INFO - pairwise_permutation_test - GeoJSON: 341 detections from consensus_t3.geojson
2026-04-26 00:56:20,115 - WARNING - pairwise_permutation_test - GeoJSON lacks source_tile — will assign via spatial join
2026-04-26 00:56:20,115 - INFO - pairwise_permutation_test - GeoJSON: 370 detections from consensus_t3.geojson
2026-04-26 00:56:20,118 - WARNING - pairwise_permutation_test - GeoJSON lacks source_tile — will assign via spatial join
2026-04-26 00:56:20,118 - INFO - pairwise_permutation_test - GeoJSON: 370 detections from consensus_t3.geojson
2026-04-26 00:56:20,121 - WARNING - pairwise_permutation_test - GeoJSON lacks source_tile — will assign via spatial join
2026-04-26 00:56:20,121 - INFO - pairwise_permutation_test - GeoJSON: 254 detections from consensus_t4.geojson
2026-04-26 00:56:20,125 - WARNING - pairwise_permutation_test - GeoJSON lacks source_tile — will assign via spatial join
2026-04-26 00:56:20,125 - INFO - pairwise_permutation_test - GeoJSON: 326 detections from consensus_t3.geojson
2026-04-26 00:56:20,177 - WARNING - pairwise_permutation_test - GeoJSON lacks source_tile — will assign via spatial join
2026-04-26 00:56:20,177 - INFO - pairwise_permutation_test - GeoJSON: 370 detections from consensus_t3.geojson
2026-04-26 00:56:20,184 - WARNING - pairwise_permutation_test - GeoJSON lacks source_tile — will assign via spatial join
2026-04-26 00:56:20,184 - INFO - pairwise_permutation_test - GeoJSON: 344 detections from consensus_t3.geojson
2026-04-26 00:56:20,188 - WARNING - pairwise_permutation_test - GeoJSON lacks source_tile — will assign via spatial join
2026-04-26 00:56:20,188 - INFO - pairwise_permutation_test - GeoJSON: 370 detections from consensus_t3.geojson
2026-04-26 00:56:20,196 - WARNING - pairwise_permutation_test - GeoJSON lacks source_tile — will assign via spatial join
2026-04-26 00:56:20,196 - INFO - pairwise_permutation_test - GeoJSON: 344 detections from consensus_t3.geojson
2026-04-26 00:56:20,571 - WARNING - pairwise_permutation_test - GeoJSON lacks source_tile — will assign via spatial join
2026-04-26 00:56:20,571 - INFO - pairwise_permutation_test - GeoJSON: 370 detections from consensus_t3.geojson
2026-04-26 00:56:20,578 - WARNING - pairwise_permutation_test - GeoJSON lacks source_tile — will assign via spatial join
2026-04-26 00:56:20,578 - INFO - pairwise_permutation_test - GeoJSON: 341 detections from consensus_t3.geojson
2026-04-26 00:56:20,598 - WARNING - pairwise_permutation_test - GeoJSON lacks source_tile — will assign via spatial join
2026-04-26 00:56:20,598 - INFO - pairwise_permutation_test - GeoJSON: 254 detections from consensus_t4.geojson
2026-04-26 00:56:20,604 - WARNING - pairwise_permutation_test - GeoJSON lacks source_tile — will assign via spatial join
2026-04-26 00:56:20,605 - INFO - pairwise_permutation_test - GeoJSON: 326 detections from consensus_t3.geojson
2026-04-26 00:56:20,671 - WARNING - pairwise_permutation_test - GeoJSON lacks source_tile — will assign via spatial join
2026-04-26 00:56:20,671 - INFO - pairwise_permutation_test - GeoJSON: 254 detections from consensus_t4.geojson
2026-04-26 00:56:20,678 - WARNING - pairwise_permutation_test - GeoJSON lacks source_tile — will assign via spatial join
2026-04-26 00:56:20,678 - INFO - pairwise_permutation_test - GeoJSON: 344 detections from consensus_t3.geojson
2026-04-26 00:56:20,686 - WARNING - pairwise_permutation_test - GeoJSON lacks source_tile — will assign via spatial join
2026-04-26 00:56:20,686 - INFO - pairwise_permutation_test - GeoJSON: 254 detections from consensus_t4.geojson
2026-04-26 00:56:20,693 - WARNING - pairwise_permutation_test - GeoJSON lacks source_tile — will assign via spatial join
2026-04-26 00:56:20,694 - INFO - pairwise_permutation_test - GeoJSON: 344 detections from consensus_t3.geojson
2026-04-26 00:56:20,737 - WARNING - pairwise_permutation_test - GeoJSON lacks source_tile — will assign via spatial join
2026-04-26 00:56:20,737 - INFO - pairwise_permutation_test - GeoJSON: 254 detections from consensus_t4.geojson
2026-04-26 00:56:20,744 - WARNING - pairwise_permutation_test - GeoJSON lacks source_tile — will assign via spatial join
2026-04-26 00:56:20,744 - INFO - pairwise_permutation_test - GeoJSON: 341 detections from consensus_t3.geojson
2026-04-26 00:56:20,774 - WARNING - pairwise_permutation_test - GeoJSON lacks source_tile — will assign via spatial join
2026-04-26 00:56:20,774 - INFO - pairwise_permutation_test - GeoJSON: 326 detections from consensus_t3.geojson
2026-04-26 00:56:20,781 - WARNING - pairwise_permutation_test - GeoJSON lacks source_tile — will assign via spatial join
2026-04-26 00:56:20,781 - INFO - pairwise_permutation_test - GeoJSON: 344 detections from consensus_t3.geojson
2026-04-26 00:56:20,865 - WARNING - pairwise_permutation_test - GeoJSON lacks source_tile — will assign via spatial join
2026-04-26 00:56:20,865 - INFO - pairwise_permutation_test - GeoJSON: 326 detections from consensus_t3.geojson
2026-04-26 00:56:20,872 - WARNING - pairwise_permutation_test - GeoJSON lacks source_tile — will assign via spatial join
2026-04-26 00:56:20,872 - INFO - pairwise_permutation_test - GeoJSON: 344 detections from consensus_t3.geojson
2026-04-26 00:56:20,873 - WARNING - pairwise_permutation_test - GeoJSON lacks source_tile — will assign via spatial join
2026-04-26 00:56:20,873 - INFO - pairwise_permutation_test - GeoJSON: 326 detections from consensus_t3.geojson
2026-04-26 00:56:20,881 - WARNING - pairwise_permutation_test - GeoJSON lacks source_tile — will assign via spatial join
2026-04-26 00:56:20,881 - INFO - pairwise_permutation_test - GeoJSON: 341 detections from consensus_t3.geojson
2026-04-26 00:56:21,206 - WARNING - pairwise_permutation_test - GeoJSON lacks source_tile — will assign via spatial join
2026-04-26 00:56:21,206 - INFO - pairwise_permutation_test - GeoJSON: 344 detections from consensus_t3.geojson
2026-04-26 00:56:21,213 - WARNING - pairwise_permutation_test - GeoJSON lacks source_tile — will assign via spatial join
2026-04-26 00:56:21,213 - INFO - pairwise_permutation_test - GeoJSON: 344 detections from consensus_t3.geojson
2026-04-26 00:56:21,231 - WARNING - pairwise_permutation_test - GeoJSON lacks source_tile — will assign via spatial join
2026-04-26 00:56:21,231 - INFO - pairwise_permutation_test - GeoJSON: 344 detections from consensus_t3.geojson
2026-04-26 00:56:21,238 - WARNING - pairwise_permutation_test - GeoJSON lacks source_tile — will assign via spatial join
2026-04-26 00:56:21,238 - INFO - pairwise_permutation_test - GeoJSON: 341 detections from consensus_t3.geojson
2026-04-26 00:56:21,291 - WARNING - pairwise_permutation_test - GeoJSON lacks source_tile — will assign via spatial join
2026-04-26 00:56:21,291 - INFO - pairwise_permutation_test - GeoJSON: 344 detections from consensus_t3.geojson
2026-04-26 00:56:21,298 - WARNING - pairwise_permutation_test - GeoJSON lacks source_tile — will assign via spatial join
2026-04-26 00:56:21,298 - INFO - pairwise_permutation_test - GeoJSON: 341 detections from consensus_t3.geojson
2026-04-26 00:56:21,886 - INFO - __main__ - [91/91] pairwise done
2026-04-26 00:56:21,894 - INFO - __main__ - Pairwise: 0 cached, 91 computed
2026-04-26 00:56:21,895 - INFO - __main__ - Stage 4 complete in 7.4s
2026-04-26 00:56:21,895 - INFO - __main__ - FDR: 0/91 pairs significant at q=0.05 → 1 tiers
2026-04-26 00:56:21,895 - INFO - __main__ - Markdown leaderboard written to results/leaderboard/per-architecture/era3/consensus/leaderboard_tiers_20m.md
2026-04-26 00:56:21,895 - INFO - __main__ - Markdown leaderboard written to results/leaderboard/per-architecture/era3/consensus/leaderboard_tiers_30m.md
2026-04-26 00:56:21,896 - INFO - __main__ - Markdown leaderboard written to results/leaderboard/per-architecture/era3/consensus/leaderboard_tiers_40m.md
2026-04-26 00:56:21,896 - INFO - __main__ - Markdown leaderboard written to results/leaderboard/per-architecture/era3/consensus/leaderboard_tiers_50m.md
2026-04-26 00:56:21,896 - INFO - __main__ - Markdown leaderboard written to results/leaderboard/per-architecture/era3/consensus/leaderboard_tiers_100m.md
2026-04-26 00:56:21,899 - INFO - __main__ - JSON leaderboard written to results/leaderboard/per-architecture/era3/consensus/leaderboard_tiers_40m.json
2026-04-26 00:56:21,903 - INFO - __main__ - All evaluations written to results/leaderboard/per-architecture/era3/consensus/leaderboard_all_evaluations.json

========================================================================
LEADERBOARD TIERS (F1, 40m buffer)
========================================================================

Tier 1 (F1: 0.752–0.824, 14 conditions)
    1. h8v2-scale-4                             F1=0.812  t=4
    2. h12v2-r1-hn-heavy                        F1=0.824  t=3
    3. h8v2-scale-8                             F1=0.808  t=3
    4. h10v2-pool_160_hp4hn4                    F1=0.786  t=4
    5. h12v2-r2-balanced                        F1=0.786  t=4
    6. h8v2-scale-32                            F1=0.752  t=4
    7. h8v2-scale-16                            F1=0.794  t=3
    8. h8v2-canonical                           F1=0.776  t=4
    9. h8v2-pure-positive-canon                 F1=0.784  t=3
   10. h8v2-plus-hp                             F1=0.785  t=4
   11. h12v2-r3-hp-heavy                        F1=0.809  t=3
   12. h10v2-pool_020_hp4hn4                    F1=0.781  t=3
   13. h10v2-pool_040_hp4hn4                    F1=0.781  t=3
   14. h10v2-pool_080_hp4hn4                    F1=0.779  t=3

========================================================================
Total: 14 conditions in 1 tiers
========================================================================
