2026-04-26 00:56:22,714 - INFO - __main__ - build_tiered_leaderboard.py v1.0.0 — git b4b67486
2026-04-26 00:56:22,717 - INFO - __main__ - Resolved 14 conditions from inventory (era=3, track=None)
2026-04-26 00:56:22,717 - INFO - __main__ - Resolved 14 conditions
2026-04-26 00:56:22,717 - INFO - __main__ - Skipping evaluation (--skip-evaluation)
2026-04-26 00:56:22,725 - INFO - __main__ - Threshold selection at 20m; pairwise + tiering at 50m (Option A semantics)
2026-04-26 00:56:22,725 - INFO - __main__ - Top-N filter disabled (top_n=0); including all 14 conditions
2026-04-26 00:56:22,725 - INFO - __main__ - Selected 14 conditions (best F1=0.733 at 20m)
2026-04-26 00:56:22,748 - INFO - __main__ - Pairwise tests (f1): 91 pairs at 50m (10000 permutations, 8 workers)
2026-04-26 00:56:22,795 - WARNING - pairwise_permutation_test - GeoJSON lacks source_tile — will assign via spatial join
2026-04-26 00:56:22,795 - INFO - pairwise_permutation_test - GeoJSON: 257 detections from consensus_t4.geojson
2026-04-26 00:56:22,795 - WARNING - pairwise_permutation_test - GeoJSON lacks source_tile — will assign via spatial join
2026-04-26 00:56:22,795 - INFO - pairwise_permutation_test - GeoJSON: 257 detections from consensus_t4.geojson
2026-04-26 00:56:22,796 - WARNING - pairwise_permutation_test - GeoJSON lacks source_tile — will assign via spatial join
2026-04-26 00:56:22,797 - INFO - pairwise_permutation_test - GeoJSON: 257 detections from consensus_t4.geojson
2026-04-26 00:56:22,798 - WARNING - pairwise_permutation_test - GeoJSON lacks source_tile — will assign via spatial join
2026-04-26 00:56:22,798 - WARNING - pairwise_permutation_test - GeoJSON lacks source_tile — will assign via spatial join
2026-04-26 00:56:22,798 - INFO - pairwise_permutation_test - GeoJSON: 257 detections from consensus_t4.geojson
2026-04-26 00:56:22,798 - INFO - pairwise_permutation_test - GeoJSON: 257 detections from consensus_t4.geojson
2026-04-26 00:56:22,798 - WARNING - pairwise_permutation_test - GeoJSON lacks source_tile — will assign via spatial join
2026-04-26 00:56:22,798 - INFO - pairwise_permutation_test - GeoJSON: 257 detections from consensus_t4.geojson
2026-04-26 00:56:22,801 - WARNING - pairwise_permutation_test - GeoJSON lacks source_tile — will assign via spatial join
2026-04-26 00:56:22,802 - INFO - pairwise_permutation_test - GeoJSON: 257 detections from consensus_t4.geojson
2026-04-26 00:56:22,802 - WARNING - pairwise_permutation_test - GeoJSON lacks source_tile — will assign via spatial join
2026-04-26 00:56:22,802 - INFO - pairwise_permutation_test - GeoJSON: 257 detections from consensus_t4.geojson
2026-04-26 00:56:22,804 - WARNING - pairwise_permutation_test - GeoJSON lacks source_tile — will assign via spatial join
2026-04-26 00:56:22,804 - INFO - pairwise_permutation_test - GeoJSON: 317 detections from consensus_t3.geojson
2026-04-26 00:56:22,804 - WARNING - pairwise_permutation_test - GeoJSON lacks source_tile — will assign via spatial join
2026-04-26 00:56:22,804 - INFO - pairwise_permutation_test - GeoJSON: 327 detections from consensus_t3.geojson
2026-04-26 00:56:22,806 - WARNING - pairwise_permutation_test - GeoJSON lacks source_tile — will assign via spatial join
2026-04-26 00:56:22,806 - INFO - pairwise_permutation_test - GeoJSON: 370 detections from consensus_t3.geojson
2026-04-26 00:56:22,806 - WARNING - pairwise_permutation_test - GeoJSON lacks source_tile — will assign via spatial join
2026-04-26 00:56:22,806 - INFO - pairwise_permutation_test - GeoJSON: 236 detections from consensus_t4.geojson
2026-04-26 00:56:22,806 - WARNING - pairwise_permutation_test - GeoJSON lacks source_tile — will assign via spatial join
2026-04-26 00:56:22,806 - WARNING - pairwise_permutation_test - GeoJSON lacks source_tile — will assign via spatial join
2026-04-26 00:56:22,806 - INFO - pairwise_permutation_test - GeoJSON: 236 detections from consensus_t4.geojson
2026-04-26 00:56:22,806 - INFO - pairwise_permutation_test - GeoJSON: 242 detections from consensus_t4.geojson
2026-04-26 00:56:22,810 - WARNING - pairwise_permutation_test - GeoJSON lacks source_tile — will assign via spatial join
2026-04-26 00:56:22,810 - INFO - pairwise_permutation_test - GeoJSON: 258 detections from consensus_t4.geojson
2026-04-26 00:56:22,810 - WARNING - pairwise_permutation_test - GeoJSON lacks source_tile — will assign via spatial join
2026-04-26 00:56:22,810 - INFO - pairwise_permutation_test - GeoJSON: 333 detections from consensus_t3.geojson
2026-04-26 00:56:23,383 - WARNING - pairwise_permutation_test - GeoJSON lacks source_tile — will assign via spatial join
2026-04-26 00:56:23,384 - INFO - pairwise_permutation_test - GeoJSON: 257 detections from consensus_t4.geojson
2026-04-26 00:56:23,384 - WARNING - pairwise_permutation_test - GeoJSON lacks source_tile — will assign via spatial join
2026-04-26 00:56:23,384 - INFO - pairwise_permutation_test - GeoJSON: 257 detections from consensus_t4.geojson
2026-04-26 00:56:23,390 - WARNING - pairwise_permutation_test - GeoJSON lacks source_tile — will assign via spatial join
2026-04-26 00:56:23,390 - INFO - pairwise_permutation_test - GeoJSON: 254 detections from consensus_t4.geojson
2026-04-26 00:56:23,391 - WARNING - pairwise_permutation_test - GeoJSON lacks source_tile — will assign via spatial join
2026-04-26 00:56:23,391 - INFO - pairwise_permutation_test - GeoJSON: 326 detections from consensus_t3.geojson
2026-04-26 00:56:23,396 - WARNING - pairwise_permutation_test - GeoJSON lacks source_tile — will assign via spatial join
2026-04-26 00:56:23,396 - INFO - pairwise_permutation_test - GeoJSON: 257 detections from consensus_t4.geojson
2026-04-26 00:56:23,403 - WARNING - pairwise_permutation_test - GeoJSON lacks source_tile — will assign via spatial join
2026-04-26 00:56:23,403 - INFO - pairwise_permutation_test - GeoJSON: 344 detections from consensus_t3.geojson
2026-04-26 00:56:23,411 - WARNING - pairwise_permutation_test - GeoJSON lacks source_tile — will assign via spatial join
2026-04-26 00:56:23,411 - INFO - pairwise_permutation_test - GeoJSON: 257 detections from consensus_t4.geojson
2026-04-26 00:56:23,416 - WARNING - pairwise_permutation_test - GeoJSON lacks source_tile — will assign via spatial join
2026-04-26 00:56:23,416 - INFO - pairwise_permutation_test - GeoJSON: 257 detections from consensus_t4.geojson
2026-04-26 00:56:23,418 - WARNING - pairwise_permutation_test - GeoJSON lacks source_tile — will assign via spatial join
2026-04-26 00:56:23,418 - INFO - pairwise_permutation_test - GeoJSON: 344 detections from consensus_t3.geojson
2026-04-26 00:56:23,423 - WARNING - pairwise_permutation_test - GeoJSON lacks source_tile — will assign via spatial join
2026-04-26 00:56:23,423 - INFO - pairwise_permutation_test - GeoJSON: 341 detections from consensus_t3.geojson
2026-04-26 00:56:23,428 - WARNING - pairwise_permutation_test - GeoJSON lacks source_tile — will assign via spatial join
2026-04-26 00:56:23,428 - INFO - pairwise_permutation_test - GeoJSON: 327 detections from consensus_t3.geojson
2026-04-26 00:56:23,434 - WARNING - pairwise_permutation_test - GeoJSON lacks source_tile — will assign via spatial join
2026-04-26 00:56:23,434 - INFO - pairwise_permutation_test - GeoJSON: 317 detections from consensus_t3.geojson
2026-04-26 00:56:23,445 - WARNING - pairwise_permutation_test - GeoJSON lacks source_tile — will assign via spatial join
2026-04-26 00:56:23,445 - INFO - pairwise_permutation_test - GeoJSON: 327 detections from consensus_t3.geojson
2026-04-26 00:56:23,451 - WARNING - pairwise_permutation_test - GeoJSON lacks source_tile — will assign via spatial join
2026-04-26 00:56:23,451 - INFO - pairwise_permutation_test - GeoJSON: 236 detections from consensus_t4.geojson
2026-04-26 00:56:23,454 - WARNING - pairwise_permutation_test - GeoJSON lacks source_tile — will assign via spatial join
2026-04-26 00:56:23,454 - INFO - pairwise_permutation_test - GeoJSON: 327 detections from consensus_t3.geojson
2026-04-26 00:56:23,460 - WARNING - pairwise_permutation_test - GeoJSON lacks source_tile — will assign via spatial join
2026-04-26 00:56:23,460 - INFO - pairwise_permutation_test - GeoJSON: 236 detections from consensus_t4.geojson
2026-04-26 00:56:23,969 - WARNING - pairwise_permutation_test - GeoJSON lacks source_tile — will assign via spatial join
2026-04-26 00:56:23,969 - INFO - pairwise_permutation_test - GeoJSON: 327 detections from consensus_t3.geojson
2026-04-26 00:56:23,975 - WARNING - pairwise_permutation_test - GeoJSON lacks source_tile — will assign via spatial join
2026-04-26 00:56:23,975 - INFO - pairwise_permutation_test - GeoJSON: 242 detections from consensus_t4.geojson
2026-04-26 00:56:24,032 - WARNING - pairwise_permutation_test - GeoJSON lacks source_tile — will assign via spatial join
2026-04-26 00:56:24,032 - INFO - pairwise_permutation_test - GeoJSON: 327 detections from consensus_t3.geojson
2026-04-26 00:56:24,035 - WARNING - pairwise_permutation_test - GeoJSON lacks source_tile — will assign via spatial join
2026-04-26 00:56:24,035 - INFO - pairwise_permutation_test - GeoJSON: 327 detections from consensus_t3.geojson
2026-04-26 00:56:24,038 - WARNING - pairwise_permutation_test - GeoJSON lacks source_tile — will assign via spatial join
2026-04-26 00:56:24,038 - INFO - pairwise_permutation_test - GeoJSON: 327 detections from consensus_t3.geojson
2026-04-26 00:56:24,039 - WARNING - pairwise_permutation_test - GeoJSON lacks source_tile — will assign via spatial join
2026-04-26 00:56:24,039 - INFO - pairwise_permutation_test - GeoJSON: 333 detections from consensus_t3.geojson
2026-04-26 00:56:24,041 - WARNING - pairwise_permutation_test - GeoJSON lacks source_tile — will assign via spatial join
2026-04-26 00:56:24,041 - INFO - pairwise_permutation_test - GeoJSON: 258 detections from consensus_t4.geojson
2026-04-26 00:56:24,045 - WARNING - pairwise_permutation_test - GeoJSON lacks source_tile — will assign via spatial join
2026-04-26 00:56:24,045 - INFO - pairwise_permutation_test - GeoJSON: 370 detections from consensus_t3.geojson
2026-04-26 00:56:24,062 - WARNING - pairwise_permutation_test - GeoJSON lacks source_tile — will assign via spatial join
2026-04-26 00:56:24,062 - INFO - pairwise_permutation_test - GeoJSON: 327 detections from consensus_t3.geojson
2026-04-26 00:56:24,068 - WARNING - pairwise_permutation_test - GeoJSON lacks source_tile — will assign via spatial join
2026-04-26 00:56:24,068 - INFO - pairwise_permutation_test - GeoJSON: 327 detections from consensus_t3.geojson
2026-04-26 00:56:24,068 - WARNING - pairwise_permutation_test - GeoJSON lacks source_tile — will assign via spatial join
2026-04-26 00:56:24,068 - INFO - pairwise_permutation_test - GeoJSON: 254 detections from consensus_t4.geojson
2026-04-26 00:56:24,073 - WARNING - pairwise_permutation_test - GeoJSON lacks source_tile — will assign via spatial join
2026-04-26 00:56:24,073 - INFO - pairwise_permutation_test - GeoJSON: 327 detections from consensus_t3.geojson
2026-04-26 00:56:24,075 - WARNING - pairwise_permutation_test - GeoJSON lacks source_tile — will assign via spatial join
2026-04-26 00:56:24,075 - INFO - pairwise_permutation_test - GeoJSON: 326 detections from consensus_t3.geojson
2026-04-26 00:56:24,080 - WARNING - pairwise_permutation_test - GeoJSON lacks source_tile — will assign via spatial join
2026-04-26 00:56:24,080 - INFO - pairwise_permutation_test - GeoJSON: 344 detections from consensus_t3.geojson
2026-04-26 00:56:24,088 - WARNING - pairwise_permutation_test - GeoJSON lacks source_tile — will assign via spatial join
2026-04-26 00:56:24,088 - INFO - pairwise_permutation_test - GeoJSON: 327 detections from consensus_t3.geojson
2026-04-26 00:56:24,095 - WARNING - pairwise_permutation_test - GeoJSON lacks source_tile — will assign via spatial join
2026-04-26 00:56:24,095 - INFO - pairwise_permutation_test - GeoJSON: 344 detections from consensus_t3.geojson
2026-04-26 00:56:24,591 - WARNING - pairwise_permutation_test - GeoJSON lacks source_tile — will assign via spatial join
2026-04-26 00:56:24,591 - INFO - pairwise_permutation_test - GeoJSON: 327 detections from consensus_t3.geojson
2026-04-26 00:56:24,598 - WARNING - pairwise_permutation_test - GeoJSON lacks source_tile — will assign via spatial join
2026-04-26 00:56:24,598 - INFO - pairwise_permutation_test - GeoJSON: 341 detections from consensus_t3.geojson
2026-04-26 00:56:24,676 - WARNING - pairwise_permutation_test - GeoJSON lacks source_tile — will assign via spatial join
2026-04-26 00:56:24,676 - INFO - pairwise_permutation_test - GeoJSON: 317 detections from consensus_t3.geojson
2026-04-26 00:56:24,682 - WARNING - pairwise_permutation_test - GeoJSON lacks source_tile — will assign via spatial join
2026-04-26 00:56:24,682 - INFO - pairwise_permutation_test - GeoJSON: 236 detections from consensus_t4.geojson
2026-04-26 00:56:24,684 - WARNING - pairwise_permutation_test - GeoJSON lacks source_tile — will assign via spatial join
2026-04-26 00:56:24,684 - INFO - pairwise_permutation_test - GeoJSON: 317 detections from consensus_t3.geojson
2026-04-26 00:56:24,691 - WARNING - pairwise_permutation_test - GeoJSON lacks source_tile — will assign via spatial join
2026-04-26 00:56:24,691 - INFO - pairwise_permutation_test - GeoJSON: 236 detections from consensus_t4.geojson
2026-04-26 00:56:24,700 - WARNING - pairwise_permutation_test - GeoJSON lacks source_tile — will assign via spatial join
2026-04-26 00:56:24,700 - INFO - pairwise_permutation_test - GeoJSON: 317 detections from consensus_t3.geojson
2026-04-26 00:56:24,700 - WARNING - pairwise_permutation_test - GeoJSON lacks source_tile — will assign via spatial join
2026-04-26 00:56:24,700 - INFO - pairwise_permutation_test - GeoJSON: 317 detections from consensus_t3.geojson
2026-04-26 00:56:24,707 - WARNING - pairwise_permutation_test - GeoJSON lacks source_tile — will assign via spatial join
2026-04-26 00:56:24,707 - INFO - pairwise_permutation_test - GeoJSON: 242 detections from consensus_t4.geojson
2026-04-26 00:56:24,708 - WARNING - pairwise_permutation_test - GeoJSON lacks source_tile — will assign via spatial join
2026-04-26 00:56:24,708 - INFO - pairwise_permutation_test - GeoJSON: 333 detections from consensus_t3.geojson
2026-04-26 00:56:24,735 - WARNING - pairwise_permutation_test - GeoJSON lacks source_tile — will assign via spatial join
2026-04-26 00:56:24,735 - INFO - pairwise_permutation_test - GeoJSON: 317 detections from consensus_t3.geojson
2026-04-26 00:56:24,742 - WARNING - pairwise_permutation_test - GeoJSON lacks source_tile — will assign via spatial join
2026-04-26 00:56:24,742 - INFO - pairwise_permutation_test - GeoJSON: 258 detections from consensus_t4.geojson
2026-04-26 00:56:24,756 - WARNING - pairwise_permutation_test - GeoJSON lacks source_tile — will assign via spatial join
2026-04-26 00:56:24,756 - INFO - pairwise_permutation_test - GeoJSON: 317 detections from consensus_t3.geojson
2026-04-26 00:56:24,764 - WARNING - pairwise_permutation_test - GeoJSON lacks source_tile — will assign via spatial join
2026-04-26 00:56:24,765 - INFO - pairwise_permutation_test - GeoJSON: 370 detections from consensus_t3.geojson
2026-04-26 00:56:24,767 - WARNING - pairwise_permutation_test - GeoJSON lacks source_tile — will assign via spatial join
2026-04-26 00:56:24,768 - INFO - pairwise_permutation_test - GeoJSON: 317 detections from consensus_t3.geojson
2026-04-26 00:56:24,774 - WARNING - pairwise_permutation_test - GeoJSON lacks source_tile — will assign via spatial join
2026-04-26 00:56:24,774 - INFO - pairwise_permutation_test - GeoJSON: 254 detections from consensus_t4.geojson
2026-04-26 00:56:25,246 - WARNING - pairwise_permutation_test - GeoJSON lacks source_tile — will assign via spatial join
2026-04-26 00:56:25,246 - INFO - pairwise_permutation_test - GeoJSON: 317 detections from consensus_t3.geojson
2026-04-26 00:56:25,253 - WARNING - pairwise_permutation_test - GeoJSON lacks source_tile — will assign via spatial join
2026-04-26 00:56:25,253 - INFO - pairwise_permutation_test - GeoJSON: 326 detections from consensus_t3.geojson
2026-04-26 00:56:25,301 - WARNING - pairwise_permutation_test - GeoJSON lacks source_tile — will assign via spatial join
2026-04-26 00:56:25,301 - INFO - pairwise_permutation_test - GeoJSON: 317 detections from consensus_t3.geojson
2026-04-26 00:56:25,308 - WARNING - pairwise_permutation_test - GeoJSON lacks source_tile — will assign via spatial join
2026-04-26 00:56:25,308 - INFO - pairwise_permutation_test - GeoJSON: 344 detections from consensus_t3.geojson
2026-04-26 00:56:25,312 - WARNING - pairwise_permutation_test - GeoJSON lacks source_tile — will assign via spatial join
2026-04-26 00:56:25,312 - INFO - pairwise_permutation_test - GeoJSON: 317 detections from consensus_t3.geojson
2026-04-26 00:56:25,316 - WARNING - pairwise_permutation_test - GeoJSON lacks source_tile — will assign via spatial join
2026-04-26 00:56:25,316 - INFO - pairwise_permutation_test - GeoJSON: 317 detections from consensus_t3.geojson
2026-04-26 00:56:25,319 - WARNING - pairwise_permutation_test - GeoJSON lacks source_tile — will assign via spatial join
2026-04-26 00:56:25,319 - INFO - pairwise_permutation_test - GeoJSON: 344 detections from consensus_t3.geojson
2026-04-26 00:56:25,324 - WARNING - pairwise_permutation_test - GeoJSON lacks source_tile — will assign via spatial join
2026-04-26 00:56:25,324 - INFO - pairwise_permutation_test - GeoJSON: 341 detections from consensus_t3.geojson
2026-04-26 00:56:25,352 - WARNING - pairwise_permutation_test - GeoJSON lacks source_tile — will assign via spatial join
2026-04-26 00:56:25,352 - INFO - pairwise_permutation_test - GeoJSON: 236 detections from consensus_t4.geojson
2026-04-26 00:56:25,358 - WARNING - pairwise_permutation_test - GeoJSON lacks source_tile — will assign via spatial join
2026-04-26 00:56:25,358 - INFO - pairwise_permutation_test - GeoJSON: 236 detections from consensus_t4.geojson
2026-04-26 00:56:25,359 - WARNING - pairwise_permutation_test - GeoJSON lacks source_tile — will assign via spatial join
2026-04-26 00:56:25,359 - INFO - pairwise_permutation_test - GeoJSON: 236 detections from consensus_t4.geojson
2026-04-26 00:56:25,365 - WARNING - pairwise_permutation_test - GeoJSON lacks source_tile — will assign via spatial join
2026-04-26 00:56:25,365 - INFO - pairwise_permutation_test - GeoJSON: 242 detections from consensus_t4.geojson
2026-04-26 00:56:25,412 - WARNING - pairwise_permutation_test - GeoJSON lacks source_tile — will assign via spatial join
2026-04-26 00:56:25,412 - INFO - pairwise_permutation_test - GeoJSON: 236 detections from consensus_t4.geojson
2026-04-26 00:56:25,419 - WARNING - pairwise_permutation_test - GeoJSON lacks source_tile — will assign via spatial join
2026-04-26 00:56:25,419 - INFO - pairwise_permutation_test - GeoJSON: 333 detections from consensus_t3.geojson
2026-04-26 00:56:25,432 - WARNING - pairwise_permutation_test - GeoJSON lacks source_tile — will assign via spatial join
2026-04-26 00:56:25,432 - INFO - pairwise_permutation_test - GeoJSON: 236 detections from consensus_t4.geojson
2026-04-26 00:56:25,439 - WARNING - pairwise_permutation_test - GeoJSON lacks source_tile — will assign via spatial join
2026-04-26 00:56:25,439 - INFO - pairwise_permutation_test - GeoJSON: 258 detections from consensus_t4.geojson
2026-04-26 00:56:25,903 - WARNING - pairwise_permutation_test - GeoJSON lacks source_tile — will assign via spatial join
2026-04-26 00:56:25,903 - INFO - pairwise_permutation_test - GeoJSON: 236 detections from consensus_t4.geojson
2026-04-26 00:56:25,910 - WARNING - pairwise_permutation_test - GeoJSON lacks source_tile — will assign via spatial join
2026-04-26 00:56:25,910 - INFO - pairwise_permutation_test - GeoJSON: 370 detections from consensus_t3.geojson
2026-04-26 00:56:25,922 - WARNING - pairwise_permutation_test - GeoJSON lacks source_tile — will assign via spatial join
2026-04-26 00:56:25,922 - INFO - pairwise_permutation_test - GeoJSON: 236 detections from consensus_t4.geojson
2026-04-26 00:56:25,928 - WARNING - pairwise_permutation_test - GeoJSON lacks source_tile — will assign via spatial join
2026-04-26 00:56:25,928 - INFO - pairwise_permutation_test - GeoJSON: 254 detections from consensus_t4.geojson
2026-04-26 00:56:25,931 - WARNING - pairwise_permutation_test - GeoJSON lacks source_tile — will assign via spatial join
2026-04-26 00:56:25,931 - INFO - pairwise_permutation_test - GeoJSON: 236 detections from consensus_t4.geojson
2026-04-26 00:56:25,938 - WARNING - pairwise_permutation_test - GeoJSON lacks source_tile — will assign via spatial join
2026-04-26 00:56:25,938 - INFO - pairwise_permutation_test - GeoJSON: 326 detections from consensus_t3.geojson
2026-04-26 00:56:25,966 - WARNING - pairwise_permutation_test - GeoJSON lacks source_tile — will assign via spatial join
2026-04-26 00:56:25,966 - INFO - pairwise_permutation_test - GeoJSON: 236 detections from consensus_t4.geojson
2026-04-26 00:56:25,967 - WARNING - pairwise_permutation_test - GeoJSON lacks source_tile — will assign via spatial join
2026-04-26 00:56:25,967 - INFO - pairwise_permutation_test - GeoJSON: 236 detections from consensus_t4.geojson
2026-04-26 00:56:25,973 - WARNING - pairwise_permutation_test - GeoJSON lacks source_tile — will assign via spatial join
2026-04-26 00:56:25,973 - INFO - pairwise_permutation_test - GeoJSON: 344 detections from consensus_t3.geojson
2026-04-26 00:56:25,974 - WARNING - pairwise_permutation_test - GeoJSON lacks source_tile — will assign via spatial join
2026-04-26 00:56:25,975 - INFO - pairwise_permutation_test - GeoJSON: 344 detections from consensus_t3.geojson
2026-04-26 00:56:25,997 - WARNING - pairwise_permutation_test - GeoJSON lacks source_tile — will assign via spatial join
2026-04-26 00:56:25,997 - INFO - pairwise_permutation_test - GeoJSON: 236 detections from consensus_t4.geojson
2026-04-26 00:56:26,004 - WARNING - pairwise_permutation_test - GeoJSON lacks source_tile — will assign via spatial join
2026-04-26 00:56:26,004 - INFO - pairwise_permutation_test - GeoJSON: 341 detections from consensus_t3.geojson
2026-04-26 00:56:26,010 - WARNING - pairwise_permutation_test - GeoJSON lacks source_tile — will assign via spatial join
2026-04-26 00:56:26,010 - INFO - pairwise_permutation_test - GeoJSON: 236 detections from consensus_t4.geojson
2026-04-26 00:56:26,016 - WARNING - pairwise_permutation_test - GeoJSON lacks source_tile — will assign via spatial join
2026-04-26 00:56:26,016 - INFO - pairwise_permutation_test - GeoJSON: 242 detections from consensus_t4.geojson
2026-04-26 00:56:26,053 - WARNING - pairwise_permutation_test - GeoJSON lacks source_tile — will assign via spatial join
2026-04-26 00:56:26,053 - INFO - pairwise_permutation_test - GeoJSON: 236 detections from consensus_t4.geojson
2026-04-26 00:56:26,060 - WARNING - pairwise_permutation_test - GeoJSON lacks source_tile — will assign via spatial join
2026-04-26 00:56:26,060 - INFO - pairwise_permutation_test - GeoJSON: 333 detections from consensus_t3.geojson
2026-04-26 00:56:26,502 - WARNING - pairwise_permutation_test - GeoJSON lacks source_tile — will assign via spatial join
2026-04-26 00:56:26,510 - INFO - pairwise_permutation_test - GeoJSON: 236 detections from consensus_t4.geojson
2026-04-26 00:56:26,519 - WARNING - pairwise_permutation_test - GeoJSON lacks source_tile — will assign via spatial join
2026-04-26 00:56:26,519 - INFO - pairwise_permutation_test - GeoJSON: 258 detections from consensus_t4.geojson
2026-04-26 00:56:26,535 - WARNING - pairwise_permutation_test - GeoJSON lacks source_tile — will assign via spatial join
2026-04-26 00:56:26,535 - INFO - pairwise_permutation_test - GeoJSON: 236 detections from consensus_t4.geojson
2026-04-26 00:56:26,542 - WARNING - pairwise_permutation_test - GeoJSON lacks source_tile — will assign via spatial join
2026-04-26 00:56:26,542 - INFO - pairwise_permutation_test - GeoJSON: 370 detections from consensus_t3.geojson
2026-04-26 00:56:26,546 - WARNING - pairwise_permutation_test - GeoJSON lacks source_tile — will assign via spatial join
2026-04-26 00:56:26,546 - INFO - pairwise_permutation_test - GeoJSON: 236 detections from consensus_t4.geojson
2026-04-26 00:56:26,552 - WARNING - pairwise_permutation_test - GeoJSON lacks source_tile — will assign via spatial join
2026-04-26 00:56:26,552 - INFO - pairwise_permutation_test - GeoJSON: 254 detections from consensus_t4.geojson
2026-04-26 00:56:26,581 - WARNING - pairwise_permutation_test - GeoJSON lacks source_tile — will assign via spatial join
2026-04-26 00:56:26,581 - INFO - pairwise_permutation_test - GeoJSON: 236 detections from consensus_t4.geojson
2026-04-26 00:56:26,584 - WARNING - pairwise_permutation_test - GeoJSON lacks source_tile — will assign via spatial join
2026-04-26 00:56:26,584 - INFO - pairwise_permutation_test - GeoJSON: 236 detections from consensus_t4.geojson
2026-04-26 00:56:26,588 - WARNING - pairwise_permutation_test - GeoJSON lacks source_tile — will assign via spatial join
2026-04-26 00:56:26,588 - INFO - pairwise_permutation_test - GeoJSON: 326 detections from consensus_t3.geojson
2026-04-26 00:56:26,591 - WARNING - pairwise_permutation_test - GeoJSON lacks source_tile — will assign via spatial join
2026-04-26 00:56:26,591 - INFO - pairwise_permutation_test - GeoJSON: 236 detections from consensus_t4.geojson
2026-04-26 00:56:26,592 - WARNING - pairwise_permutation_test - GeoJSON lacks source_tile — will assign via spatial join
2026-04-26 00:56:26,592 - INFO - pairwise_permutation_test - GeoJSON: 344 detections from consensus_t3.geojson
2026-04-26 00:56:26,598 - WARNING - pairwise_permutation_test - GeoJSON lacks source_tile — will assign via spatial join
2026-04-26 00:56:26,598 - INFO - pairwise_permutation_test - GeoJSON: 344 detections from consensus_t3.geojson
2026-04-26 00:56:26,652 - WARNING - pairwise_permutation_test - GeoJSON lacks source_tile — will assign via spatial join
2026-04-26 00:56:26,652 - INFO - pairwise_permutation_test - GeoJSON: 236 detections from consensus_t4.geojson
2026-04-26 00:56:26,659 - WARNING - pairwise_permutation_test - GeoJSON lacks source_tile — will assign via spatial join
2026-04-26 00:56:26,659 - INFO - pairwise_permutation_test - GeoJSON: 341 detections from consensus_t3.geojson
2026-04-26 00:56:26,690 - WARNING - pairwise_permutation_test - GeoJSON lacks source_tile — will assign via spatial join
2026-04-26 00:56:26,690 - INFO - pairwise_permutation_test - GeoJSON: 242 detections from consensus_t4.geojson
2026-04-26 00:56:26,697 - WARNING - pairwise_permutation_test - GeoJSON lacks source_tile — will assign via spatial join
2026-04-26 00:56:26,697 - INFO - pairwise_permutation_test - GeoJSON: 333 detections from consensus_t3.geojson
2026-04-26 00:56:27,105 - WARNING - pairwise_permutation_test - GeoJSON lacks source_tile — will assign via spatial join
2026-04-26 00:56:27,105 - INFO - pairwise_permutation_test - GeoJSON: 242 detections from consensus_t4.geojson
2026-04-26 00:56:27,111 - WARNING - pairwise_permutation_test - GeoJSON lacks source_tile — will assign via spatial join
2026-04-26 00:56:27,111 - INFO - pairwise_permutation_test - GeoJSON: 258 detections from consensus_t4.geojson
2026-04-26 00:56:27,112 - INFO - __main__ - [50/91] pairwise done
2026-04-26 00:56:27,125 - WARNING - pairwise_permutation_test - GeoJSON lacks source_tile — will assign via spatial join
2026-04-26 00:56:27,125 - INFO - pairwise_permutation_test - GeoJSON: 242 detections from consensus_t4.geojson
2026-04-26 00:56:27,132 - WARNING - pairwise_permutation_test - GeoJSON lacks source_tile — will assign via spatial join
2026-04-26 00:56:27,132 - INFO - pairwise_permutation_test - GeoJSON: 370 detections from consensus_t3.geojson
2026-04-26 00:56:27,166 - WARNING - pairwise_permutation_test - GeoJSON lacks source_tile — will assign via spatial join
2026-04-26 00:56:27,166 - INFO - pairwise_permutation_test - GeoJSON: 242 detections from consensus_t4.geojson
2026-04-26 00:56:27,172 - WARNING - pairwise_permutation_test - GeoJSON lacks source_tile — will assign via spatial join
2026-04-26 00:56:27,172 - INFO - pairwise_permutation_test - GeoJSON: 254 detections from consensus_t4.geojson
2026-04-26 00:56:27,198 - WARNING - pairwise_permutation_test - GeoJSON lacks source_tile — will assign via spatial join
2026-04-26 00:56:27,198 - INFO - pairwise_permutation_test - GeoJSON: 242 detections from consensus_t4.geojson
2026-04-26 00:56:27,202 - WARNING - pairwise_permutation_test - GeoJSON lacks source_tile — will assign via spatial join
2026-04-26 00:56:27,202 - INFO - pairwise_permutation_test - GeoJSON: 242 detections from consensus_t4.geojson
2026-04-26 00:56:27,204 - WARNING - pairwise_permutation_test - GeoJSON lacks source_tile — will assign via spatial join
2026-04-26 00:56:27,204 - INFO - pairwise_permutation_test - GeoJSON: 326 detections from consensus_t3.geojson
2026-04-26 00:56:27,210 - WARNING - pairwise_permutation_test - GeoJSON lacks source_tile — will assign via spatial join
2026-04-26 00:56:27,210 - INFO - pairwise_permutation_test - GeoJSON: 344 detections from consensus_t3.geojson
2026-04-26 00:56:27,220 - WARNING - pairwise_permutation_test - GeoJSON lacks source_tile — will assign via spatial join
2026-04-26 00:56:27,220 - INFO - pairwise_permutation_test - GeoJSON: 242 detections from consensus_t4.geojson
2026-04-26 00:56:27,227 - WARNING - pairwise_permutation_test - GeoJSON lacks source_tile — will assign via spatial join
2026-04-26 00:56:27,227 - INFO - pairwise_permutation_test - GeoJSON: 344 detections from consensus_t3.geojson
2026-04-26 00:56:27,283 - WARNING - pairwise_permutation_test - GeoJSON lacks source_tile — will assign via spatial join
2026-04-26 00:56:27,283 - INFO - pairwise_permutation_test - GeoJSON: 242 detections from consensus_t4.geojson
2026-04-26 00:56:27,290 - WARNING - pairwise_permutation_test - GeoJSON lacks source_tile — will assign via spatial join
2026-04-26 00:56:27,290 - INFO - pairwise_permutation_test - GeoJSON: 341 detections from consensus_t3.geojson
2026-04-26 00:56:27,342 - WARNING - pairwise_permutation_test - GeoJSON lacks source_tile — will assign via spatial join
2026-04-26 00:56:27,342 - INFO - pairwise_permutation_test - GeoJSON: 333 detections from consensus_t3.geojson
2026-04-26 00:56:27,348 - WARNING - pairwise_permutation_test - GeoJSON lacks source_tile — will assign via spatial join
2026-04-26 00:56:27,348 - INFO - pairwise_permutation_test - GeoJSON: 258 detections from consensus_t4.geojson
2026-04-26 00:56:27,687 - WARNING - pairwise_permutation_test - GeoJSON lacks source_tile — will assign via spatial join
2026-04-26 00:56:27,687 - INFO - pairwise_permutation_test - GeoJSON: 333 detections from consensus_t3.geojson
2026-04-26 00:56:27,694 - WARNING - pairwise_permutation_test - GeoJSON lacks source_tile — will assign via spatial join
2026-04-26 00:56:27,694 - INFO - pairwise_permutation_test - GeoJSON: 370 detections from consensus_t3.geojson
2026-04-26 00:56:27,748 - WARNING - pairwise_permutation_test - GeoJSON lacks source_tile — will assign via spatial join
2026-04-26 00:56:27,748 - INFO - pairwise_permutation_test - GeoJSON: 333 detections from consensus_t3.geojson
2026-04-26 00:56:27,754 - WARNING - pairwise_permutation_test - GeoJSON lacks source_tile — will assign via spatial join
2026-04-26 00:56:27,754 - INFO - pairwise_permutation_test - GeoJSON: 254 detections from consensus_t4.geojson
2026-04-26 00:56:27,758 - WARNING - pairwise_permutation_test - GeoJSON lacks source_tile — will assign via spatial join
2026-04-26 00:56:27,758 - INFO - pairwise_permutation_test - GeoJSON: 333 detections from consensus_t3.geojson
2026-04-26 00:56:27,765 - WARNING - pairwise_permutation_test - GeoJSON lacks source_tile — will assign via spatial join
2026-04-26 00:56:27,765 - INFO - pairwise_permutation_test - GeoJSON: 326 detections from consensus_t3.geojson
2026-04-26 00:56:27,821 - WARNING - pairwise_permutation_test - GeoJSON lacks source_tile — will assign via spatial join
2026-04-26 00:56:27,821 - INFO - pairwise_permutation_test - GeoJSON: 333 detections from consensus_t3.geojson
2026-04-26 00:56:27,822 - WARNING - pairwise_permutation_test - GeoJSON lacks source_tile — will assign via spatial join
2026-04-26 00:56:27,822 - INFO - pairwise_permutation_test - GeoJSON: 333 detections from consensus_t3.geojson
2026-04-26 00:56:27,828 - WARNING - pairwise_permutation_test - GeoJSON lacks source_tile — will assign via spatial join
2026-04-26 00:56:27,828 - INFO - pairwise_permutation_test - GeoJSON: 344 detections from consensus_t3.geojson
2026-04-26 00:56:27,829 - WARNING - pairwise_permutation_test - GeoJSON lacks source_tile — will assign via spatial join
2026-04-26 00:56:27,829 - INFO - pairwise_permutation_test - GeoJSON: 344 detections from consensus_t3.geojson
2026-04-26 00:56:27,865 - WARNING - pairwise_permutation_test - GeoJSON lacks source_tile — will assign via spatial join
2026-04-26 00:56:27,865 - INFO - pairwise_permutation_test - GeoJSON: 333 detections from consensus_t3.geojson
2026-04-26 00:56:27,872 - WARNING - pairwise_permutation_test - GeoJSON lacks source_tile — will assign via spatial join
2026-04-26 00:56:27,872 - INFO - pairwise_permutation_test - GeoJSON: 341 detections from consensus_t3.geojson
2026-04-26 00:56:27,903 - WARNING - pairwise_permutation_test - GeoJSON lacks source_tile — will assign via spatial join
2026-04-26 00:56:27,903 - INFO - pairwise_permutation_test - GeoJSON: 258 detections from consensus_t4.geojson
2026-04-26 00:56:27,910 - WARNING - pairwise_permutation_test - GeoJSON lacks source_tile — will assign via spatial join
2026-04-26 00:56:27,911 - INFO - pairwise_permutation_test - GeoJSON: 370 detections from consensus_t3.geojson
2026-04-26 00:56:27,995 - WARNING - pairwise_permutation_test - GeoJSON lacks source_tile — will assign via spatial join
2026-04-26 00:56:27,995 - INFO - pairwise_permutation_test - GeoJSON: 258 detections from consensus_t4.geojson
2026-04-26 00:56:28,002 - WARNING - pairwise_permutation_test - GeoJSON lacks source_tile — will assign via spatial join
2026-04-26 00:56:28,002 - INFO - pairwise_permutation_test - GeoJSON: 254 detections from consensus_t4.geojson
2026-04-26 00:56:28,365 - WARNING - pairwise_permutation_test - GeoJSON lacks source_tile — will assign via spatial join
2026-04-26 00:56:28,365 - INFO - pairwise_permutation_test - GeoJSON: 258 detections from consensus_t4.geojson
2026-04-26 00:56:28,372 - WARNING - pairwise_permutation_test - GeoJSON lacks source_tile — will assign via spatial join
2026-04-26 00:56:28,372 - INFO - pairwise_permutation_test - GeoJSON: 258 detections from consensus_t4.geojson
2026-04-26 00:56:28,372 - WARNING - pairwise_permutation_test - GeoJSON lacks source_tile — will assign via spatial join
2026-04-26 00:56:28,372 - INFO - pairwise_permutation_test - GeoJSON: 326 detections from consensus_t3.geojson
2026-04-26 00:56:28,379 - WARNING - pairwise_permutation_test - GeoJSON lacks source_tile — will assign via spatial join
2026-04-26 00:56:28,379 - INFO - pairwise_permutation_test - GeoJSON: 344 detections from consensus_t3.geojson
2026-04-26 00:56:28,420 - WARNING - pairwise_permutation_test - GeoJSON lacks source_tile — will assign via spatial join
2026-04-26 00:56:28,420 - INFO - pairwise_permutation_test - GeoJSON: 258 detections from consensus_t4.geojson
2026-04-26 00:56:28,427 - WARNING - pairwise_permutation_test - GeoJSON lacks source_tile — will assign via spatial join
2026-04-26 00:56:28,427 - INFO - pairwise_permutation_test - GeoJSON: 344 detections from consensus_t3.geojson
2026-04-26 00:56:28,483 - WARNING - pairwise_permutation_test - GeoJSON lacks source_tile — will assign via spatial join
2026-04-26 00:56:28,483 - INFO - pairwise_permutation_test - GeoJSON: 258 detections from consensus_t4.geojson
2026-04-26 00:56:28,490 - WARNING - pairwise_permutation_test - GeoJSON lacks source_tile — will assign via spatial join
2026-04-26 00:56:28,490 - INFO - pairwise_permutation_test - GeoJSON: 341 detections from consensus_t3.geojson
2026-04-26 00:56:28,494 - WARNING - pairwise_permutation_test - GeoJSON lacks source_tile — will assign via spatial join
2026-04-26 00:56:28,494 - INFO - pairwise_permutation_test - GeoJSON: 370 detections from consensus_t3.geojson
2026-04-26 00:56:28,501 - WARNING - pairwise_permutation_test - GeoJSON lacks source_tile — will assign via spatial join
2026-04-26 00:56:28,501 - INFO - pairwise_permutation_test - GeoJSON: 254 detections from consensus_t4.geojson
2026-04-26 00:56:28,543 - WARNING - pairwise_permutation_test - GeoJSON lacks source_tile — will assign via spatial join
2026-04-26 00:56:28,543 - INFO - pairwise_permutation_test - GeoJSON: 370 detections from consensus_t3.geojson
2026-04-26 00:56:28,547 - WARNING - pairwise_permutation_test - GeoJSON lacks source_tile — will assign via spatial join
2026-04-26 00:56:28,547 - INFO - pairwise_permutation_test - GeoJSON: 370 detections from consensus_t3.geojson
2026-04-26 00:56:28,549 - WARNING - pairwise_permutation_test - GeoJSON lacks source_tile — will assign via spatial join
2026-04-26 00:56:28,550 - INFO - pairwise_permutation_test - GeoJSON: 326 detections from consensus_t3.geojson
2026-04-26 00:56:28,554 - WARNING - pairwise_permutation_test - GeoJSON lacks source_tile — will assign via spatial join
2026-04-26 00:56:28,554 - INFO - pairwise_permutation_test - GeoJSON: 344 detections from consensus_t3.geojson
2026-04-26 00:56:28,609 - WARNING - pairwise_permutation_test - GeoJSON lacks source_tile — will assign via spatial join
2026-04-26 00:56:28,609 - INFO - pairwise_permutation_test - GeoJSON: 370 detections from consensus_t3.geojson
2026-04-26 00:56:28,616 - WARNING - pairwise_permutation_test - GeoJSON lacks source_tile — will assign via spatial join
2026-04-26 00:56:28,616 - INFO - pairwise_permutation_test - GeoJSON: 344 detections from consensus_t3.geojson
2026-04-26 00:56:28,992 - WARNING - pairwise_permutation_test - GeoJSON lacks source_tile — will assign via spatial join
2026-04-26 00:56:28,992 - INFO - pairwise_permutation_test - GeoJSON: 370 detections from consensus_t3.geojson
2026-04-26 00:56:28,999 - WARNING - pairwise_permutation_test - GeoJSON lacks source_tile — will assign via spatial join
2026-04-26 00:56:28,999 - INFO - pairwise_permutation_test - GeoJSON: 341 detections from consensus_t3.geojson
2026-04-26 00:56:29,002 - WARNING - pairwise_permutation_test - GeoJSON lacks source_tile — will assign via spatial join
2026-04-26 00:56:29,002 - INFO - pairwise_permutation_test - GeoJSON: 254 detections from consensus_t4.geojson
2026-04-26 00:56:29,009 - WARNING - pairwise_permutation_test - GeoJSON lacks source_tile — will assign via spatial join
2026-04-26 00:56:29,009 - INFO - pairwise_permutation_test - GeoJSON: 326 detections from consensus_t3.geojson
2026-04-26 00:56:29,059 - WARNING - pairwise_permutation_test - GeoJSON lacks source_tile — will assign via spatial join
2026-04-26 00:56:29,059 - INFO - pairwise_permutation_test - GeoJSON: 254 detections from consensus_t4.geojson
2026-04-26 00:56:29,066 - WARNING - pairwise_permutation_test - GeoJSON lacks source_tile — will assign via spatial join
2026-04-26 00:56:29,066 - INFO - pairwise_permutation_test - GeoJSON: 344 detections from consensus_t3.geojson
2026-04-26 00:56:29,102 - WARNING - pairwise_permutation_test - GeoJSON lacks source_tile — will assign via spatial join
2026-04-26 00:56:29,102 - INFO - pairwise_permutation_test - GeoJSON: 254 detections from consensus_t4.geojson
2026-04-26 00:56:29,109 - WARNING - pairwise_permutation_test - GeoJSON lacks source_tile — will assign via spatial join
2026-04-26 00:56:29,109 - INFO - pairwise_permutation_test - GeoJSON: 344 detections from consensus_t3.geojson
2026-04-26 00:56:29,132 - WARNING - pairwise_permutation_test - GeoJSON lacks source_tile — will assign via spatial join
2026-04-26 00:56:29,132 - INFO - pairwise_permutation_test - GeoJSON: 254 detections from consensus_t4.geojson
2026-04-26 00:56:29,139 - WARNING - pairwise_permutation_test - GeoJSON lacks source_tile — will assign via spatial join
2026-04-26 00:56:29,139 - INFO - pairwise_permutation_test - GeoJSON: 341 detections from consensus_t3.geojson
2026-04-26 00:56:29,215 - WARNING - pairwise_permutation_test - GeoJSON lacks source_tile — will assign via spatial join
2026-04-26 00:56:29,215 - INFO - pairwise_permutation_test - GeoJSON: 326 detections from consensus_t3.geojson
2026-04-26 00:56:29,222 - WARNING - pairwise_permutation_test - GeoJSON lacks source_tile — will assign via spatial join
2026-04-26 00:56:29,222 - INFO - pairwise_permutation_test - GeoJSON: 344 detections from consensus_t3.geojson
2026-04-26 00:56:29,249 - WARNING - pairwise_permutation_test - GeoJSON lacks source_tile — will assign via spatial join
2026-04-26 00:56:29,249 - INFO - pairwise_permutation_test - GeoJSON: 326 detections from consensus_t3.geojson
2026-04-26 00:56:29,256 - WARNING - pairwise_permutation_test - GeoJSON lacks source_tile — will assign via spatial join
2026-04-26 00:56:29,256 - INFO - pairwise_permutation_test - GeoJSON: 344 detections from consensus_t3.geojson
2026-04-26 00:56:29,319 - WARNING - pairwise_permutation_test - GeoJSON lacks source_tile — will assign via spatial join
2026-04-26 00:56:29,319 - INFO - pairwise_permutation_test - GeoJSON: 326 detections from consensus_t3.geojson
2026-04-26 00:56:29,326 - WARNING - pairwise_permutation_test - GeoJSON lacks source_tile — will assign via spatial join
2026-04-26 00:56:29,326 - INFO - pairwise_permutation_test - GeoJSON: 341 detections from consensus_t3.geojson
2026-04-26 00:56:29,623 - WARNING - pairwise_permutation_test - GeoJSON lacks source_tile — will assign via spatial join
2026-04-26 00:56:29,623 - INFO - pairwise_permutation_test - GeoJSON: 344 detections from consensus_t3.geojson
2026-04-26 00:56:29,630 - WARNING - pairwise_permutation_test - GeoJSON lacks source_tile — will assign via spatial join
2026-04-26 00:56:29,630 - INFO - pairwise_permutation_test - GeoJSON: 344 detections from consensus_t3.geojson
2026-04-26 00:56:29,666 - WARNING - pairwise_permutation_test - GeoJSON lacks source_tile — will assign via spatial join
2026-04-26 00:56:29,666 - INFO - pairwise_permutation_test - GeoJSON: 344 detections from consensus_t3.geojson
2026-04-26 00:56:29,673 - WARNING - pairwise_permutation_test - GeoJSON lacks source_tile — will assign via spatial join
2026-04-26 00:56:29,673 - INFO - pairwise_permutation_test - GeoJSON: 341 detections from consensus_t3.geojson
2026-04-26 00:56:29,694 - WARNING - pairwise_permutation_test - GeoJSON lacks source_tile — will assign via spatial join
2026-04-26 00:56:29,694 - INFO - pairwise_permutation_test - GeoJSON: 344 detections from consensus_t3.geojson
2026-04-26 00:56:29,701 - WARNING - pairwise_permutation_test - GeoJSON lacks source_tile — will assign via spatial join
2026-04-26 00:56:29,701 - INFO - pairwise_permutation_test - GeoJSON: 341 detections from consensus_t3.geojson
2026-04-26 00:56:30,305 - INFO - __main__ - [91/91] pairwise done
2026-04-26 00:56:30,313 - INFO - __main__ - Pairwise: 0 cached, 91 computed
2026-04-26 00:56:30,313 - INFO - __main__ - Stage 4 complete in 7.6s
2026-04-26 00:56:30,314 - INFO - __main__ - FDR: 1/91 pairs significant at q=0.05 → 2 tiers
2026-04-26 00:56:30,314 - INFO - __main__ - Markdown leaderboard written to results/leaderboard/per-architecture/era3/consensus/leaderboard_tiers_20m.md
2026-04-26 00:56:30,314 - INFO - __main__ - Markdown leaderboard written to results/leaderboard/per-architecture/era3/consensus/leaderboard_tiers_30m.md
2026-04-26 00:56:30,314 - INFO - __main__ - Markdown leaderboard written to results/leaderboard/per-architecture/era3/consensus/leaderboard_tiers_40m.md
2026-04-26 00:56:30,314 - INFO - __main__ - Markdown leaderboard written to results/leaderboard/per-architecture/era3/consensus/leaderboard_tiers_50m.md
2026-04-26 00:56:30,314 - INFO - __main__ - Markdown leaderboard written to results/leaderboard/per-architecture/era3/consensus/leaderboard_tiers_100m.md
2026-04-26 00:56:30,318 - INFO - __main__ - JSON leaderboard written to results/leaderboard/per-architecture/era3/consensus/leaderboard_tiers_50m.json
2026-04-26 00:56:30,322 - INFO - __main__ - All evaluations written to results/leaderboard/per-architecture/era3/consensus/leaderboard_all_evaluations.json

========================================================================
LEADERBOARD TIERS (F1, 50m buffer)
========================================================================

Tier 1 (F1: 0.786–0.833, 5 conditions)
    1. h8v2-scale-4                             F1=0.816  t=4
    2. h12v2-r1-hn-heavy                        F1=0.833  t=3
    3. h8v2-scale-8                             F1=0.815  t=3
    4. h10v2-pool_160_hp4hn4                    F1=0.786  t=4
    5. h12v2-r2-balanced                        F1=0.786  t=4

Tier 2 (F1: 0.759–0.819, 9 conditions)
    6. h8v2-scale-32                            F1=0.759  t=4
    7. h8v2-scale-16                            F1=0.807  t=3
    8. h8v2-canonical                           F1=0.780  t=4
    9. h8v2-pure-positive-canon                 F1=0.787  t=3
   10. h8v2-plus-hp                             F1=0.789  t=4
   11. h12v2-r3-hp-heavy                        F1=0.819  t=3
   12. h10v2-pool_020_hp4hn4                    F1=0.796  t=3
   13. h10v2-pool_040_hp4hn4                    F1=0.793  t=3
   14. h10v2-pool_080_hp4hn4                    F1=0.794  t=3

========================================================================
Total: 14 conditions in 2 tiers
========================================================================
