2026-04-10 15:56:09,385 - INFO - Loaded 8942 candidates, 8939 probability results
2026-04-10 15:56:09,499 - INFO - Ground truth: 4770 mounds, 8541 evaluation tiles (bounds: 55maps_evaluation_bounds.geojson)
2026-04-10 15:56:09,499 - INFO - Sweeping 21 thresholds (step=0.05, bootstrap=1000)
2026-04-10 15:57:20,067 - INFO -   T=0.00: n=8939, P=0.412, R=0.772, F1=0.537 [0.523–0.551]
2026-04-10 15:58:29,669 - INFO -   T=0.05: n=6710, P=0.543, R=0.764, F1=0.635 [0.621–0.649]
2026-04-10 15:59:37,930 - INFO -   T=0.10: n=5197, P=0.693, R=0.756, F1=0.723 [0.710–0.736]
2026-04-10 16:00:46,759 - INFO -   T=0.15: n=4047, P=0.862, R=0.731, F1=0.791 [0.780–0.803]
2026-04-10 16:01:54,883 - INFO -   T=0.20: n=3959, P=0.871, R=0.723, F1=0.790 [0.779–0.802]
2026-04-10 16:03:02,740 - INFO -   T=0.25: n=3621, P=0.890, R=0.676, F1=0.768 [0.757–0.781]
2026-04-10 16:04:09,890 - INFO -   T=0.30: n=3621, P=0.890, R=0.676, F1=0.768 [0.757–0.781]
2026-04-10 16:05:17,975 - INFO -   T=0.35: n=3601, P=0.892, R=0.673, F1=0.767 [0.756–0.780]
2026-04-10 16:06:25,886 - INFO -   T=0.40: n=3596, P=0.892, R=0.673, F1=0.767 [0.756–0.780]
2026-04-10 16:07:33,688 - INFO -   T=0.45: n=3453, P=0.895, R=0.648, F1=0.752 [0.740–0.765]
2026-04-10 16:08:41,344 - INFO -   T=0.50: n=3453, P=0.895, R=0.648, F1=0.752 [0.740–0.765]
2026-04-10 16:09:49,452 - INFO -   T=0.55: n=3453, P=0.895, R=0.648, F1=0.752 [0.740–0.765]
2026-04-10 16:10:57,489 - INFO -   T=0.60: n=3453, P=0.895, R=0.648, F1=0.752 [0.740–0.765]
2026-04-10 16:12:05,329 - INFO -   T=0.65: n=3451, P=0.895, R=0.648, F1=0.752 [0.740–0.765]
2026-04-10 16:13:12,566 - INFO -   T=0.70: n=3443, P=0.896, R=0.647, F1=0.751 [0.739–0.764]
2026-04-10 16:14:20,210 - INFO -   T=0.75: n=3435, P=0.897, R=0.646, F1=0.751 [0.739–0.764]
2026-04-10 16:15:27,473 - INFO -   T=0.80: n=3380, P=0.897, R=0.636, F1=0.744 [0.732–0.757]
2026-04-10 16:16:35,073 - INFO -   T=0.85: n=3379, P=0.897, R=0.635, F1=0.744 [0.732–0.757]
2026-04-10 16:17:42,822 - INFO -   T=0.90: n=3078, P=0.902, R=0.582, F1=0.707 [0.694–0.721]
2026-04-10 16:18:50,969 - INFO -   T=0.95: n=3065, P=0.902, R=0.579, F1=0.706 [0.692–0.719]
2026-04-10 16:19:59,715 - INFO -   T=1.00: n=2268, P=0.905, R=0.430, F1=0.583 [0.568–0.598]
2026-04-10 16:19:59,716 - INFO - Sweep JSON written: results/55maps-generalisation/v2-threshold-sweep-50m/threshold_sweep.json
2026-04-10 16:19:59,716 - INFO - Sweep CSV written: results/55maps-generalisation/v2-threshold-sweep-50m/threshold_sweep.csv
2026-04-10 16:19:59,716 - INFO - Optimal: threshold=0.15, F1=0.791 [0.780–0.803], P=0.862, R=0.731, n=4047
