INFO: Detection files: 1
INFO: Loading ground truth: inputs/vectors/references/best-available-gt-55maps-r2.geojson
INFO: Loading bounds: inputs/vectors/bounds/384/55maps_evaluation_bounds.geojson
INFO: Reference: 5018 mounds, 8541 evaluation tiles
INFO: Evaluating: k4_verified_detections.geojson
INFO:   5m: F1=0.068 [0.060, 0.076], P=0.082 [0.073, 0.092], R=0.058 [0.051, 0.065] [sparse coverage: 64.0% zero-tiles]
INFO:   10m: F1=0.228 [0.214, 0.241], P=0.275 [0.259, 0.291], R=0.194 [0.182, 0.206] [sparse coverage: 64.5% zero-tiles]
INFO:   15m: F1=0.394 [0.378, 0.408], P=0.476 [0.458, 0.493], R=0.336 [0.321, 0.350] [sparse coverage: 64.9% zero-tiles]
INFO:   20m: F1=0.525 [0.509, 0.540], P=0.634 [0.617, 0.651], R=0.448 [0.432, 0.463] [sparse coverage: 65.4% zero-tiles]
INFO:   25m: F1=0.621 [0.606, 0.635], P=0.751 [0.735, 0.765], R=0.530 [0.514, 0.546] [sparse coverage: 65.8% zero-tiles]
INFO:   30m: F1=0.676 [0.663, 0.690], P=0.818 [0.804, 0.831], R=0.577 [0.561, 0.593] [sparse coverage: 66.0% zero-tiles]
INFO:   35m: F1=0.707 [0.694, 0.720], P=0.855 [0.842, 0.866], R=0.603 [0.587, 0.619] [sparse coverage: 66.1% zero-tiles]
INFO:   40m: F1=0.724 [0.712, 0.737], P=0.875 [0.864, 0.886], R=0.618 [0.602, 0.633] [sparse coverage: 66.2% zero-tiles]
INFO:   45m: F1=0.734 [0.721, 0.746], P=0.887 [0.875, 0.897], R=0.626 [0.610, 0.641] [sparse coverage: 66.3% zero-tiles]
INFO:   50m: F1=0.740 [0.728, 0.752], P=0.894 [0.883, 0.904], R=0.631 [0.615, 0.646] [sparse coverage: 66.3% zero-tiles]
INFO:   75m: F1=0.750 [0.738, 0.762], P=0.907 [0.896, 0.916], R=0.640 [0.624, 0.655] [sparse coverage: 66.4% zero-tiles]
INFO:   100m: F1=0.753 [0.741, 0.764], P=0.910 [0.900, 0.919], R=0.642 [0.626, 0.657] [sparse coverage: 66.4% zero-tiles]
INFO:   125m: F1=0.754 [0.743, 0.766], P=0.912 [0.902, 0.921], R=0.643 [0.628, 0.659] [sparse coverage: 66.4% zero-tiles]
INFO:   150m: F1=0.755 [0.743, 0.767], P=0.912 [0.902, 0.922], R=0.644 [0.628, 0.659] [sparse coverage: 66.4% zero-tiles]
INFO:   MCC=0.654 [0.640, 0.668], Sens=0.604, Spec=0.980
INFO: JSON written: results/55maps-r2-ref-2026-09-06/IM-k4/evaluation.json
INFO: CSV written: results/55maps-r2-ref-2026-09-06/IM-k4/evaluation.csv
INFO: Markdown written: results/55maps-r2-ref-2026-09-06/IM-k4/evaluation.md
