INFO: Detection files: 1
INFO: Loading ground truth: inputs/vectors/references/best-available-gt-55maps-r2.geojson
INFO: Loading bounds: inputs/vectors/bounds/384/55maps_evaluation_bounds.geojson
INFO: Reference: 5018 mounds, 8541 evaluation tiles
INFO: Evaluating: detections.geojson
INFO:   5m: F1=0.213 [0.202, 0.224], P=0.202 [0.192, 0.213], R=0.225 [0.213, 0.237] [sparse coverage: 65.2% zero-tiles]
INFO:   10m: F1=0.478 [0.464, 0.491], P=0.453 [0.439, 0.467], R=0.504 [0.489, 0.520] [sparse coverage: 65.6% zero-tiles]
INFO:   15m: F1=0.678 [0.665, 0.691], P=0.644 [0.630, 0.657], R=0.716 [0.702, 0.730] [sparse coverage: 66.0% zero-tiles]
INFO:   20m: F1=0.778 [0.767, 0.788], P=0.738 [0.726, 0.751], R=0.821 [0.809, 0.833] [sparse coverage: 66.3% zero-tiles]
INFO:   25m: F1=0.826 [0.817, 0.835], P=0.784 [0.773, 0.796], R=0.873 [0.862, 0.883] [sparse coverage: 66.4% zero-tiles]
INFO:   30m: F1=0.847 [0.839, 0.854], P=0.804 [0.793, 0.814], R=0.894 [0.885, 0.903] [sparse coverage: 66.5% zero-tiles]
INFO:   35m: F1=0.855 [0.847, 0.862], P=0.811 [0.801, 0.822], R=0.903 [0.893, 0.911] [sparse coverage: 66.5% zero-tiles]
INFO:   40m: F1=0.859 [0.851, 0.866], P=0.815 [0.805, 0.826], R=0.907 [0.898, 0.915] [sparse coverage: 66.5% zero-tiles]
INFO:   45m: F1=0.860 [0.852, 0.867], P=0.816 [0.806, 0.827], R=0.908 [0.899, 0.916] [sparse coverage: 66.5% zero-tiles]
INFO:   50m: F1=0.861 [0.853, 0.868], P=0.817 [0.806, 0.827], R=0.909 [0.900, 0.917] [sparse coverage: 66.5% zero-tiles]
INFO:   75m: F1=0.863 [0.856, 0.870], P=0.820 [0.809, 0.830], R=0.912 [0.903, 0.920] [sparse coverage: 66.5% zero-tiles]
INFO:   100m: F1=0.864 [0.856, 0.871], P=0.820 [0.810, 0.830], R=0.912 [0.903, 0.920] [sparse coverage: 66.5% zero-tiles]
INFO:   125m: F1=0.865 [0.857, 0.871], P=0.821 [0.810, 0.831], R=0.913 [0.904, 0.921] [sparse coverage: 66.5% zero-tiles]
INFO:   150m: F1=0.865 [0.858, 0.872], P=0.821 [0.811, 0.832], R=0.914 [0.905, 0.922] [sparse coverage: 66.5% zero-tiles]
INFO:   MCC=0.752 [0.739, 0.765], Sens=0.733, Spec=0.978
INFO: JSON written: results/gemini37-image-55map-2026-09-13/cells/IMG-ARM1-K1-mcc-oracle/evaluation.json
INFO: CSV written: results/gemini37-image-55map-2026-09-13/cells/IMG-ARM1-K1-mcc-oracle/evaluation.csv
INFO: Markdown written: results/gemini37-image-55map-2026-09-13/cells/IMG-ARM1-K1-mcc-oracle/evaluation.md
