in scope: 147 dirs | already swept: 19 | duplicate-format: 6 | band (draw-replicate/derived): 103 | in-flight excluded: 1 | unswept cells to sweep: 18

=== flash-high-text-30pass + flash-min vf: 11771 candidates, proposer votes 1..30 ===
  1of30: bestF1=0.4986  MCC=0.763  prob_t=0.5  n=1033
  2of30: bestF1=0.6708  MCC=0.782  prob_t=0.4  n=689
  3of30: bestF1=0.7463  MCC=0.794  prob_t=0.25  n=578
  4of30: bestF1=0.7979  MCC=0.804  prob_t=0.25  n=510
  5of30: bestF1=0.8160  MCC=0.812  prob_t=0.25  n=489
  6of30: bestF1=0.8278  MCC=0.808  prob_t=0.25  n=471
  7of30: bestF1=0.8378  MCC=0.809  prob_t=0.25  n=453
  8of30: bestF1=0.8543  MCC=0.791  prob_t=0.2  n=471
  9of30: bestF1=0.8600  MCC=0.791  prob_t=0.2  n=465
  10of30: bestF1=0.8623  MCC=0.791  prob_t=0.2  n=458
  11of30: bestF1=0.8710  MCC=0.792  prob_t=0.2  n=449
  12of30: bestF1=0.8769  MCC=0.788  prob_t=0.2  n=434
  13of30: bestF1=0.8796  MCC=0.781  prob_t=0.2  n=429
  14of30: bestF1=0.8842  MCC=0.790  prob_t=0.2  n=420
  15of30: bestF1=0.8852  MCC=0.790  prob_t=0.2  n=419
  16of30: bestF1=0.8902  MCC=0.790  prob_t=0.2  n=412
  17of30: bestF1=0.8899  MCC=0.790  prob_t=0.2  n=410
  18of30: bestF1=0.8870  MCC=0.791  prob_t=0.2  n=397
  19of30: bestF1=0.8867  MCC=0.791  prob_t=0.15  n=395
  20of30: bestF1=0.8843  MCC=0.784  prob_t=0.15  n=386
  21of30: bestF1=0.8775  MCC=0.777  prob_t=0.15  n=381
  22of30: bestF1=0.8804  MCC=0.774  prob_t=0.15  n=376
  23of30: bestF1=0.8792  MCC=0.776  prob_t=0.15  n=368
  24of30: bestF1=0.8736  MCC=0.765  prob_t=0.15  n=364
  25of30: bestF1=0.8673  MCC=0.771  prob_t=0.2  n=356
  26of30: bestF1=0.8615  MCC=0.761  prob_t=0.2  n=352
  27of30: bestF1=0.8409  MCC=0.743  prob_t=0.2  n=338
  28of30: bestF1=0.8252  MCC=0.723  prob_t=0.15  n=326
  29of30: bestF1=0.7989  MCC=0.704  prob_t=0.15  n=306
  30of30: bestF1=0.6991  MCC=0.622  prob_t=0.15  n=243
  >>> BEST flash-high-text-30pass + flash-min vf: F1@20m=0.8902 MCC=0.7903 at 16of30/pt0.2 (n=412) | F1@50m=0.9044 (P=0.9296 R=0.8805)

=== flash-high-text-5pass + PRO vf: 3736 candidates, proposer votes 1..5 ===
  1of5: bestF1=0.7493  MCC=0.782  prob_t=0.5  n=638
  2of5: bestF1=0.8497  MCC=0.791  prob_t=0.25  n=483
  3of5: bestF1=0.8741  MCC=0.797  prob_t=0.25  n=439
  4of5: bestF1=0.8792  MCC=0.795  prob_t=0.25  n=393
  5of5: bestF1=0.8465  MCC=0.752  prob_t=0.25  n=340
  >>> BEST flash-high-text-5pass + PRO vf: F1@20m=0.8792 MCC=0.7947 at 4of5/pt0.25 (n=393) | F1@50m=0.9058 (P=0.9542 R=0.8621)

=== image-min-t07-5pass + flash-min vf: 1123 candidates, proposer votes 1..5 ===
  1of5: bestF1=0.6764  MCC=0.848  prob_t=0.25  n=588
  2of5: bestF1=0.7336  MCC=0.836  prob_t=0.15  n=481
  3of5: bestF1=0.7673  MCC=0.846  prob_t=0.15  n=420
  4of5: bestF1=0.7639  MCC=0.816  prob_t=0.15  n=374
  5of5: bestF1=0.7307  MCC=0.756  prob_t=0.15  n=315
  >>> BEST image-min-t07-5pass + flash-min vf: F1@20m=0.7673 MCC=0.8461 at 3of5/pt0.15 (n=420) | F1@50m=0.8749 (P=0.8905 R=0.8598)

=== image-min-t07-10pass + flash-min vf: 1444 candidates, proposer votes 1..10 ===
  1of10: bestF1=0.6265  MCC=0.872  prob_t=0.25  n=695
  2of10: bestF1=0.7175  MCC=0.865  prob_t=0.25  n=535
  3of10: bestF1=0.7495  MCC=0.832  prob_t=0.15  n=499
  4of10: bestF1=0.7704  MCC=0.816  prob_t=0.15  n=458
  5of10: bestF1=0.7837  MCC=0.817  prob_t=0.15  n=425
  6of10: bestF1=0.7890  MCC=0.803  prob_t=0.15  n=399
  7of10: bestF1=0.7833  MCC=0.804  prob_t=0.15  n=377
  8of10: bestF1=0.7708  MCC=0.794  prob_t=0.15  n=359
  9of10: bestF1=0.7444  MCC=0.776  prob_t=0.15  n=328
  10of10: bestF1=0.6864  MCC=0.723  prob_t=0.15  n=276
  >>> BEST image-min-t07-10pass + flash-min vf: F1@20m=0.7890 MCC=0.8032 at 6of10/pt0.15 (n=399) | F1@50m=0.8753 (P=0.9148 R=0.8391)

=== image-min-t00-baseline + flash-min vf: 746 candidates, proposer votes 1..1 ===
  1of1: bestF1=0.7167  MCC=0.877  prob_t=0.2  n=511
  >>> BEST image-min-t00-baseline + flash-min vf: F1@20m=0.7167 MCC=0.8766 at 1of1/pt0.2 (n=511) | F1@50m=0.8076 (P=0.7476 R=0.8782)

=== image-min-t00-baseline + flash-med vf: 746 candidates, proposer votes 1..1 ===
  1of1: bestF1=0.7300  MCC=0.885  prob_t=0.25  n=513
  >>> BEST image-min-t00-baseline + flash-med vf: F1@20m=0.7300 MCC=0.8848 at 1of1/pt0.25 (n=513) | F1@50m=0.8270 (P=0.7641 R=0.9011)

=== image-min-t00-baseline + pro vf: 746 candidates, proposer votes 1..1 ===
  1of1: bestF1=0.7309  MCC=0.889  prob_t=0.15  n=509
  >>> BEST image-min-t00-baseline + pro vf: F1@20m=0.7309 MCC=0.8887 at 1of1/pt0.15 (n=509) | F1@50m=0.8242 (P=0.7642 R=0.8943)

=== text-min-t00-baseline + flash-min vf: 1047 candidates, proposer votes 1..1 ===
  1of1: bestF1=0.8142  MCC=0.833  prob_t=0.15  n=464
  >>> BEST text-min-t00-baseline + flash-min vf: F1@20m=0.8142 MCC=0.8328 at 1of1/pt0.15 (n=464) | F1@50m=0.8387 (P=0.8125 R=0.8667)

=== text-min-t00-baseline + flash-med vf: 1047 candidates, proposer votes 1..1 ===
  1of1: bestF1=0.8244  MCC=0.837  prob_t=0.15  n=465
  >>> BEST text-min-t00-baseline + flash-med vf: F1@20m=0.8244 MCC=0.8372 at 1of1/pt0.15 (n=465) | F1@50m=0.8489 (P=0.8215 R=0.8782)

=== text-min-t00-baseline + pro vf: 1047 candidates, proposer votes 1..1 ===
  1of1: bestF1=0.8263  MCC=0.833  prob_t=0.15  n=463
  >>> BEST text-min-t00-baseline + pro vf: F1@20m=0.8263 MCC=0.8328 at 1of1/pt0.15 (n=463) | F1@50m=0.8508 (P=0.8251 R=0.8782)

=== pro-high-text-5pass + flash-med vf: 504 candidates, proposer votes 1..5 ===
  1of5: bestF1=0.8175  MCC=0.757  prob_t=0.05  n=436
  2of5: bestF1=0.8397  MCC=0.746  prob_t=0.05  n=382
  3of5: bestF1=0.8495  MCC=0.730  prob_t=0.05  n=349
  4of5: bestF1=0.8300  MCC=0.721  prob_t=0.05  n=324
  5of5: bestF1=0.7995  MCC=0.699  prob_t=0.05  n=298
  >>> BEST pro-high-text-5pass + flash-med vf: F1@20m=0.8495 MCC=0.7302 at 3of5/pt0.05 (n=349) | F1@50m=0.8673 (P=0.9742 R=0.7816)

=== pro-high-image-5pass + pro vf: 841 candidates, proposer votes 1..5 ===
  1of5: bestF1=0.6005  MCC=0.881  prob_t=0.15  n=714
  2of5: bestF1=0.6820  MCC=0.865  prob_t=0.05  n=524
  3of5: bestF1=0.7112  MCC=0.850  prob_t=0.05  n=434
  4of5: bestF1=0.6985  MCC=0.834  prob_t=0.05  n=361
  5of5: bestF1=0.6470  MCC=0.778  prob_t=0.05  n=276
  >>> BEST pro-high-image-5pass + pro vf: F1@20m=0.7112 MCC=0.8499 at 3of5/pt0.05 (n=434) | F1@50m=0.8838 (P=0.8848 R=0.8828)

=== pro-med-text-baseline + flash-min vf: 430 candidates, proposer votes 1..1 ===
  1of1: bestF1=0.7696  MCC=0.782  prob_t=0.15  n=394
  >>> BEST pro-med-text-baseline + flash-min vf: F1@20m=0.7696 MCC=0.7823 at 1of1/pt0.15 (n=394) | F1@50m=0.8058 (P=0.8477 R=0.7678)

=== pro-med-text-baseline + flash-med vf: 430 candidates, proposer votes 1..1 ===
  1of1: bestF1=0.7842  MCC=0.787  prob_t=0.15  n=399
  >>> BEST pro-med-text-baseline + flash-med vf: F1@20m=0.7842 MCC=0.7872 at 1of1/pt0.15 (n=399) | F1@50m=0.8201 (P=0.8571 R=0.7862)

=== pro-med-text-baseline + pro vf: 430 candidates, proposer votes 1..1 ===
  1of1: bestF1=0.7861  MCC=0.791  prob_t=0.15  n=402
  >>> BEST pro-med-text-baseline + pro vf: F1@20m=0.7861 MCC=0.7908 at 1of1/pt0.15 (n=402) | F1@50m=0.8220 (P=0.8557 R=0.7908)

=== pro-med-image-baseline + flash-min vf: 519 candidates, proposer votes 1..1 ===
  1of1: bestF1=0.6196  MCC=0.823  prob_t=0.1  n=485
  >>> BEST pro-med-image-baseline + flash-min vf: F1@20m=0.6196 MCC=0.8232 at 1of1/pt0.1 (n=485) | F1@50m=0.7978 (P=0.7567 R=0.8437)

=== pro-med-image-baseline + flash-med vf: 519 candidates, proposer votes 1..1 ===
  1of1: bestF1=0.6281  MCC=0.833  prob_t=0.05  n=463
  >>> BEST pro-med-image-baseline + flash-med vf: F1@20m=0.6281 MCC=0.8328 at 1of1/pt0.05 (n=463) | F1@50m=0.8062 (P=0.7819 R=0.8322)

=== pro-med-image-baseline + pro vf: 519 candidates, proposer votes 1..1 ===
  1of1: bestF1=0.6178  MCC=0.833  prob_t=0.05  n=465
  >>> BEST pro-med-image-baseline + pro vf: F1@20m=0.6178 MCC=0.8328 at 1of1/pt0.05 (n=465) | F1@50m=0.8000 (P=0.7742 R=0.8276)

Wrote results/verifier-robustness/unswept_pools_sweep.json

=== summary (F1@20m | MCC | F1@50m, GS 384/487, curator GT) ===
  flash-high-text-30pass + flash-min vf         0.8902 | 0.7903 | 0.9044  (16of30/pt0.2, n=412)
  flash-high-text-5pass + PRO vf                0.8792 | 0.7947 | 0.9058  (4of5/pt0.25, n=393)
  image-min-t07-5pass + flash-min vf            0.7673 | 0.8461 | 0.8749  (3of5/pt0.15, n=420)
  image-min-t07-10pass + flash-min vf           0.7890 | 0.8032 | 0.8753  (6of10/pt0.15, n=399)
  image-min-t00-baseline + flash-min vf         0.7167 | 0.8766 | 0.8076  (1of1/pt0.2, n=511)
  image-min-t00-baseline + flash-med vf         0.7300 | 0.8848 | 0.8270  (1of1/pt0.25, n=513)
  image-min-t00-baseline + pro vf               0.7309 | 0.8887 | 0.8242  (1of1/pt0.15, n=509)
  text-min-t00-baseline + flash-min vf          0.8142 | 0.8328 | 0.8387  (1of1/pt0.15, n=464)
  text-min-t00-baseline + flash-med vf          0.8244 | 0.8372 | 0.8489  (1of1/pt0.15, n=465)
  text-min-t00-baseline + pro vf                0.8263 | 0.8328 | 0.8508  (1of1/pt0.15, n=463)
  pro-high-text-5pass + flash-med vf            0.8495 | 0.7302 | 0.8673  (3of5/pt0.05, n=349)
  pro-high-image-5pass + pro vf                 0.7112 | 0.8499 | 0.8838  (3of5/pt0.05, n=434)
  pro-med-text-baseline + flash-min vf          0.7696 | 0.7823 | 0.8058  (1of1/pt0.15, n=394)
  pro-med-text-baseline + flash-med vf          0.7842 | 0.7872 | 0.8201  (1of1/pt0.15, n=399)
  pro-med-text-baseline + pro vf                0.7861 | 0.7908 | 0.8220  (1of1/pt0.15, n=402)
  pro-med-image-baseline + flash-min vf         0.6196 | 0.8232 | 0.7978  (1of1/pt0.1, n=485)
  pro-med-image-baseline + flash-med vf         0.6281 | 0.8328 | 0.8062  (1of1/pt0.05, n=463)
  pro-med-image-baseline + pro vf               0.6178 | 0.8328 | 0.8000  (1of1/pt0.05, n=465)
