Loading pool data ...
  [image] total=2017 in_scope=2017 in_scope_mound=434
  [text] total=3736 in_scope=3736 in_scope_mound=430
Computing 14 cells ...
  computing image-adversarial ...
  computing image-brief ...
  computing image-brief-text ...
  computing image-checklist ...
  computing image-checklist-text ...
  computing image-comparative ...
  computing image-adversarial-text ...
  computing text-adversarial ...
  computing text-brief ...
  computing text-brief-text ...
  computing text-checklist ...
  computing text-checklist-text ...
  computing text-comparative ...
  computing text-adversarial-text ...
  wrote results/verifier-calibration-matrix/image-adversarial/calibration.json
  wrote results/verifier-calibration-matrix/image-brief/calibration.json
  wrote results/verifier-calibration-matrix/image-brief-text/calibration.json
  wrote results/verifier-calibration-matrix/image-checklist/calibration.json
  wrote results/verifier-calibration-matrix/image-checklist-text/calibration.json
  wrote results/verifier-calibration-matrix/image-comparative/calibration.json
  wrote results/verifier-calibration-matrix/image-adversarial-text/calibration.json
  wrote results/verifier-calibration-matrix/text-adversarial/calibration.json
  wrote results/verifier-calibration-matrix/text-brief/calibration.json
  wrote results/verifier-calibration-matrix/text-brief-text/calibration.json
  wrote results/verifier-calibration-matrix/text-checklist/calibration.json
  wrote results/verifier-calibration-matrix/text-checklist-text/calibration.json
  wrote results/verifier-calibration-matrix/text-comparative/calibration.json
  wrote results/verifier-calibration-matrix/text-adversarial-text/calibration.json
  wrote planning/session-78-matrix-calibration-summary.md

================================================================================
pool   variant                n   prev    AUC  Brier    ECE  p<=.25
--------------------------------------------------------------------------------
image  adversarial         2017  0.215  0.858  0.211  0.217   0.012
image  brief               2017  0.215  0.858  0.250  0.267   0.001
image  brief-text          1998  0.213  0.837  0.232  0.222   0.025
image  checklist           2016  0.215  0.860  0.238  0.263   0.002
image  checklist-text      1998  0.215  0.853  0.245  0.266   0.004
image  comparative         2017  0.215  0.855  0.235  0.251   0.002
image  adversarial-text    1991  0.215  0.857  0.190  0.179   0.041
text   adversarial         3736  0.115  0.967  0.059  0.077   0.004
text   brief               3736  0.115  0.964  0.087  0.111   0.000
text   brief-text          3709  0.114  0.937  0.083  0.092   0.009
text   checklist           3736  0.115  0.964  0.083  0.122   0.001
text   checklist-text      3715  0.115  0.950  0.106  0.139   0.002
text   comparative         3736  0.115  0.963  0.076  0.103   0.000
text   adversarial-text    3695  0.116  0.956  0.059  0.071   0.018
================================================================================
