INFO: Detection files: 1
INFO: Loading ground truth: inputs/vectors/references/best-available-gt-55maps-r2.geojson
INFO: Loading bounds: inputs/vectors/bounds/384/55maps_evaluation_bounds.geojson
INFO: Reference: 5018 mounds, 8541 evaluation tiles
INFO: Evaluating: detections.geojson
INFO:   5m: F1=0.225 [0.213, 0.237], P=0.216 [0.205, 0.228], R=0.234 [0.222, 0.247] [sparse coverage: 64.2% zero-tiles]
INFO:   10m: F1=0.504 [0.490, 0.519], P=0.485 [0.471, 0.500], R=0.525 [0.510, 0.541] [sparse coverage: 64.7% zero-tiles]
INFO:   15m: F1=0.706 [0.694, 0.719], P=0.679 [0.666, 0.693], R=0.736 [0.722, 0.749] [sparse coverage: 65.1% zero-tiles]
INFO:   20m: F1=0.814 [0.804, 0.824], P=0.782 [0.770, 0.794], R=0.848 [0.837, 0.858] [sparse coverage: 65.3% zero-tiles]
INFO:   25m: F1=0.865 [0.857, 0.873], P=0.832 [0.821, 0.842], R=0.902 [0.893, 0.910] [sparse coverage: 65.5% zero-tiles]
INFO:   30m: F1=0.886 [0.879, 0.893], P=0.852 [0.841, 0.862], R=0.923 [0.915, 0.930] [sparse coverage: 65.5% zero-tiles]
INFO:   35m: F1=0.896 [0.889, 0.903], P=0.862 [0.852, 0.871], R=0.934 [0.926, 0.940] [sparse coverage: 65.6% zero-tiles]
INFO:   40m: F1=0.900 [0.893, 0.906], P=0.865 [0.855, 0.875], R=0.937 [0.930, 0.944] [sparse coverage: 65.6% zero-tiles]
INFO:   45m: F1=0.902 [0.895, 0.908], P=0.867 [0.857, 0.876], R=0.939 [0.932, 0.946] [sparse coverage: 65.6% zero-tiles]
INFO:   50m: F1=0.903 [0.896, 0.909], P=0.868 [0.858, 0.877], R=0.940 [0.933, 0.947] [sparse coverage: 65.6% zero-tiles]
INFO:   75m: F1=0.904 [0.897, 0.910], P=0.869 [0.859, 0.878], R=0.942 [0.935, 0.948] [sparse coverage: 65.6% zero-tiles]
INFO:   100m: F1=0.904 [0.898, 0.910], P=0.869 [0.859, 0.878], R=0.942 [0.935, 0.948] [sparse coverage: 65.6% zero-tiles]
INFO:   125m: F1=0.904 [0.898, 0.910], P=0.869 [0.859, 0.879], R=0.942 [0.935, 0.948] [sparse coverage: 65.6% zero-tiles]
INFO:   150m: F1=0.904 [0.898, 0.910], P=0.869 [0.859, 0.879], R=0.942 [0.935, 0.948] [sparse coverage: 65.6% zero-tiles]
INFO:   MCC=0.749 [0.735, 0.763], Sens=0.753, Spec=0.963
INFO: JSON written: results/gemini37-image-55map-2026-09-13/cells/IMG-ARM1-K3-carried/evaluation.json
INFO: CSV written: results/gemini37-image-55map-2026-09-13/cells/IMG-ARM1-K3-carried/evaluation.csv
INFO: Markdown written: results/gemini37-image-55map-2026-09-13/cells/IMG-ARM1-K3-carried/evaluation.md
