INFO: Detection files: 1
INFO: Loading ground truth: inputs/vectors/references/best-available-gt-55maps-r2.geojson
INFO: Loading bounds: inputs/vectors/bounds/384/55maps_evaluation_bounds.geojson
INFO: Reference: 5018 mounds, 8541 evaluation tiles
INFO: Evaluating: detections.geojson
INFO:   5m: F1=0.225 [0.214, 0.238], P=0.222 [0.210, 0.234], R=0.229 [0.217, 0.241] [sparse coverage: 66.3% zero-tiles]
INFO:   10m: F1=0.500 [0.485, 0.514], P=0.493 [0.478, 0.508], R=0.507 [0.492, 0.522] [sparse coverage: 66.7% zero-tiles]
INFO:   15m: F1=0.699 [0.686, 0.712], P=0.689 [0.675, 0.703], R=0.709 [0.696, 0.723] [sparse coverage: 67.1% zero-tiles]
INFO:   20m: F1=0.805 [0.794, 0.814], P=0.793 [0.781, 0.805], R=0.816 [0.805, 0.828] [sparse coverage: 67.3% zero-tiles]
INFO:   25m: F1=0.854 [0.846, 0.862], P=0.842 [0.831, 0.852], R=0.867 [0.857, 0.877] [sparse coverage: 67.5% zero-tiles]
INFO:   30m: F1=0.873 [0.866, 0.880], P=0.861 [0.851, 0.871], R=0.886 [0.877, 0.895] [sparse coverage: 67.6% zero-tiles]
INFO:   35m: F1=0.884 [0.877, 0.890], P=0.871 [0.861, 0.880], R=0.897 [0.888, 0.906] [sparse coverage: 67.7% zero-tiles]
INFO:   40m: F1=0.887 [0.880, 0.893], P=0.874 [0.864, 0.883], R=0.900 [0.891, 0.908] [sparse coverage: 67.7% zero-tiles]
INFO:   45m: F1=0.888 [0.881, 0.894], P=0.875 [0.865, 0.884], R=0.901 [0.892, 0.909] [sparse coverage: 67.7% zero-tiles]
INFO:   50m: F1=0.888 [0.882, 0.895], P=0.875 [0.866, 0.884], R=0.901 [0.893, 0.910] [sparse coverage: 67.7% zero-tiles]
INFO:   75m: F1=0.889 [0.883, 0.895], P=0.876 [0.867, 0.885], R=0.902 [0.894, 0.911] [sparse coverage: 67.7% zero-tiles]
INFO:   100m: F1=0.890 [0.884, 0.896], P=0.877 [0.868, 0.886], R=0.903 [0.895, 0.912] [sparse coverage: 67.7% zero-tiles]
INFO:   125m: F1=0.890 [0.884, 0.897], P=0.877 [0.868, 0.886], R=0.904 [0.895, 0.912] [sparse coverage: 67.7% zero-tiles]
INFO:   150m: F1=0.891 [0.884, 0.897], P=0.878 [0.868, 0.887], R=0.904 [0.895, 0.912] [sparse coverage: 67.7% zero-tiles]
INFO:   MCC=0.766 [0.753, 0.778], Sens=0.718, Spec=0.994
INFO: JSON written: results/gemini37-image-55map-2026-09-13/cells/IMG-ARM2-K3-mcc-oracle/evaluation.json
INFO: CSV written: results/gemini37-image-55map-2026-09-13/cells/IMG-ARM2-K3-mcc-oracle/evaluation.csv
INFO: Markdown written: results/gemini37-image-55map-2026-09-13/cells/IMG-ARM2-K3-mcc-oracle/evaluation.md
