INFO: Detection files: 1
INFO: Loading ground truth: inputs/vectors/references/best-available-gt-55maps-r2.geojson
INFO: Loading bounds: inputs/vectors/bounds/384/55maps_evaluation_bounds.geojson
INFO: Reference: 5018 mounds, 8541 evaluation tiles
INFO: Evaluating: detections.geojson
INFO:   5m: F1=0.081 [0.074, 0.089], P=0.080 [0.073, 0.088], R=0.082 [0.075, 0.090] [sparse coverage: 63.9% zero-tiles]
INFO:   10m: F1=0.273 [0.261, 0.286], P=0.270 [0.258, 0.282], R=0.277 [0.265, 0.291] [sparse coverage: 64.1% zero-tiles]
INFO:   15m: F1=0.477 [0.463, 0.490], P=0.470 [0.457, 0.484], R=0.483 [0.469, 0.498] [sparse coverage: 64.4% zero-tiles]
INFO:   20m: F1=0.625 [0.612, 0.638], P=0.617 [0.603, 0.630], R=0.634 [0.619, 0.648] [sparse coverage: 64.8% zero-tiles]
INFO:   25m: F1=0.725 [0.714, 0.736], P=0.716 [0.703, 0.728], R=0.735 [0.722, 0.748] [sparse coverage: 65.0% zero-tiles]
INFO:   30m: F1=0.782 [0.772, 0.792], P=0.772 [0.760, 0.783], R=0.793 [0.780, 0.805] [sparse coverage: 65.1% zero-tiles]
INFO:   35m: F1=0.810 [0.801, 0.818], P=0.799 [0.788, 0.810], R=0.821 [0.809, 0.832] [sparse coverage: 65.2% zero-tiles]
INFO:   40m: F1=0.821 [0.812, 0.829], P=0.810 [0.800, 0.820], R=0.832 [0.821, 0.844] [sparse coverage: 65.3% zero-tiles]
INFO:   45m: F1=0.828 [0.819, 0.835], P=0.817 [0.806, 0.827], R=0.839 [0.828, 0.850] [sparse coverage: 65.3% zero-tiles]
INFO:   50m: F1=0.831 [0.822, 0.838], P=0.820 [0.809, 0.830], R=0.842 [0.831, 0.853] [sparse coverage: 65.3% zero-tiles]
INFO:   75m: F1=0.836 [0.828, 0.844], P=0.825 [0.815, 0.835], R=0.848 [0.837, 0.858] [sparse coverage: 65.3% zero-tiles]
INFO:   100m: F1=0.838 [0.831, 0.846], P=0.827 [0.817, 0.837], R=0.850 [0.839, 0.860] [sparse coverage: 65.3% zero-tiles]
INFO:   125m: F1=0.840 [0.832, 0.847], P=0.829 [0.818, 0.838], R=0.851 [0.840, 0.861] [sparse coverage: 65.3% zero-tiles]
INFO:   150m: F1=0.840 [0.833, 0.848], P=0.829 [0.819, 0.839], R=0.852 [0.841, 0.862] [sparse coverage: 65.3% zero-tiles]
INFO:   MCC=0.725 [0.711, 0.739], Sens=0.727, Spec=0.961
INFO: JSON written: results/gemini3-image-55map-2026-09-16/cells/G3IMG-ARM2-K5-carried/evaluation.json
INFO: CSV written: results/gemini3-image-55map-2026-09-16/cells/G3IMG-ARM2-K5-carried/evaluation.csv
INFO: Markdown written: results/gemini3-image-55map-2026-09-16/cells/G3IMG-ARM2-K5-carried/evaluation.md
