[02:27:01] Era 1: seeding cache from per-architecture caches
  cache seeded: 19751 files
[02:27:31] era1-combined-f1-q005-buf20m
    OK -> leaderboard_tiers_f1_20m.md
[02:32:04] era1-combined-f1-q001-buf20m
    OK -> leaderboard_tiers_f1_q01_20m.md
[02:32:04] era1-combined-f1-q005-buf30m
    OK -> leaderboard_tiers_f1_30m.md
[02:36:33] era1-combined-f1-q001-buf30m
    OK -> leaderboard_tiers_f1_q01_30m.md
[02:36:34] era1-combined-f1-q005-buf40m
    OK -> leaderboard_tiers_f1_40m.md
[02:41:04] era1-combined-f1-q001-buf40m
    OK -> leaderboard_tiers_f1_q01_40m.md
[02:41:05] era1-combined-f1-q005-buf50m
    OK -> leaderboard_tiers_f1_50m.md
[02:45:33] era1-combined-f1-q001-buf50m
    OK -> leaderboard_tiers_f1_q01_50m.md
[02:45:34] era1-combined-f1-q005-buf100m
    OK -> leaderboard_tiers_f1_100m.md
[02:50:05] era1-combined-f1-q001-buf100m
    OK -> leaderboard_tiers_f1_q01_100m.md
[02:50:06] era1-combined-mcc-q005
    OK
[02:52:22] era1-combined-mcc-q001
    OK
[02:52:22] Cleaning up native-named files and finalising MCC
[02:52:22] Era 1 combined leaderboard build complete
drwxrwxr-x  3 shawn shawn    4096 Apr 26 02:52 .
drwxrwxr-x  5 shawn shawn    4096 Apr 26 02:29 ..
-rw-rw-r--  1 shawn shawn  651835 Apr 26 02:52 leaderboard_all_evaluations.json
-rw-rw-r--  1 shawn shawn 1533971 Apr 26 02:50 leaderboard_tiers_f1_100m.json
-rw-rw-r--  1 shawn shawn   17929 Apr 26 02:50 leaderboard_tiers_f1_100m.md
-rw-rw-r--  1 shawn shawn 1496924 Apr 26 02:32 leaderboard_tiers_f1_20m.json
-rw-rw-r--  1 shawn shawn   11490 Apr 26 02:32 leaderboard_tiers_f1_20m.md
-rw-rw-r--  1 shawn shawn 1534278 Apr 26 02:36 leaderboard_tiers_f1_30m.json
-rw-rw-r--  1 shawn shawn   14064 Apr 26 02:36 leaderboard_tiers_f1_30m.md
-rw-rw-r--  1 shawn shawn 1534416 Apr 26 02:41 leaderboard_tiers_f1_40m.json
-rw-rw-r--  1 shawn shawn   16824 Apr 26 02:41 leaderboard_tiers_f1_40m.md
-rw-rw-r--  1 shawn shawn 1534354 Apr 26 02:45 leaderboard_tiers_f1_50m.json
-rw-rw-r--  1 shawn shawn   17744 Apr 26 02:45 leaderboard_tiers_f1_50m.md
-rw-rw-r--  1 shawn shawn 1534068 Apr 26 02:50 leaderboard_tiers_f1_q01_100m.json
-rw-rw-r--  1 shawn shawn   16825 Apr 26 02:50 leaderboard_tiers_f1_q01_100m.md
-rw-rw-r--  1 shawn shawn 1497357 Apr 26 02:32 leaderboard_tiers_f1_q01_20m.json
-rw-rw-r--  1 shawn shawn   11307 Apr 26 02:32 leaderboard_tiers_f1_q01_20m.md
-rw-rw-r--  1 shawn shawn 1534126 Apr 26 02:36 leaderboard_tiers_f1_q01_30m.json
-rw-rw-r--  1 shawn shawn   12224 Apr 26 02:36 leaderboard_tiers_f1_q01_30m.md
-rw-rw-r--  1 shawn shawn 1534473 Apr 26 02:41 leaderboard_tiers_f1_q01_40m.json
-rw-rw-r--  1 shawn shawn   15536 Apr 26 02:41 leaderboard_tiers_f1_q01_40m.md
-rw-rw-r--  1 shawn shawn 1534374 Apr 26 02:45 leaderboard_tiers_f1_q01_50m.json
-rw-rw-r--  1 shawn shawn   16272 Apr 26 02:45 leaderboard_tiers_f1_q01_50m.md
-rw-rw-r--  1 shawn shawn 1502812 Apr 26 02:52 leaderboard_tiers_mcc.json
-rw-rw-r--  1 shawn shawn   11947 Apr 26 02:52 leaderboard_tiers_mcc.md
-rw-rw-r--  1 shawn shawn 1503039 Apr 26 02:52 leaderboard_tiers_mcc_q01.json
-rw-rw-r--  1 shawn shawn   11565 Apr 26 02:52 leaderboard_tiers_mcc_q01.md
