[01:58:04] Era 2: seeding cache from per-architecture caches
  cache seeded: 12326 files
[01:58:36] era2-combined-f1-q005-buf20m
    OK -> leaderboard_tiers_f1_20m.md
[01:58:37] era2-combined-f1-q001-buf20m
    OK -> leaderboard_tiers_f1_q01_20m.md
[01:58:39] era2-combined-f1-q005-buf30m
    OK -> leaderboard_tiers_f1_30m.md
[02:06:15] era2-combined-f1-q001-buf30m
    OK -> leaderboard_tiers_f1_q01_30m.md
[02:06:16] era2-combined-f1-q005-buf40m
    OK -> leaderboard_tiers_f1_40m.md
[02:11:18] era2-combined-f1-q001-buf40m
    OK -> leaderboard_tiers_f1_q01_40m.md
[02:11:19] era2-combined-f1-q005-buf50m
    OK -> leaderboard_tiers_f1_50m.md
[02:16:22] era2-combined-f1-q001-buf50m
    OK -> leaderboard_tiers_f1_q01_50m.md
[02:16:23] era2-combined-f1-q005-buf100m
    OK -> leaderboard_tiers_f1_100m.md
[02:21:22] era2-combined-f1-q001-buf100m
    OK -> leaderboard_tiers_f1_q01_100m.md
[02:21:23] era2-combined-mcc-q005
    OK
[02:25:55] era2-combined-mcc-q001
    OK
[02:25:55] Cleaning up native-named files and finalising MCC
[02:25:55] Era 2 combined leaderboard build complete
drwxrwxr-x  3 shawn shawn    4096 Apr 26 02:25 .
drwxrwxr-x  4 shawn shawn    4096 Apr 26 01:41 ..
-rw-rw-r--  1 shawn shawn  335120 Apr 26 02:25 leaderboard_all_evaluations.json
-rw-rw-r--  1 shawn shawn 1336802 Apr 26 02:21 leaderboard_tiers_f1_100m.json
-rw-rw-r--  1 shawn shawn   15272 Apr 26 02:21 leaderboard_tiers_f1_100m.md
-rw-rw-r--  1 shawn shawn 1300119 Apr 26 01:58 leaderboard_tiers_f1_20m.json
-rw-rw-r--  1 shawn shawn   11591 Apr 26 01:58 leaderboard_tiers_f1_20m.md
-rw-rw-r--  1 shawn shawn 1335844 Apr 26 02:06 leaderboard_tiers_f1_30m.json
-rw-rw-r--  1 shawn shawn   13983 Apr 26 02:06 leaderboard_tiers_f1_30m.md
-rw-rw-r--  1 shawn shawn 1336480 Apr 26 02:11 leaderboard_tiers_f1_40m.json
-rw-rw-r--  1 shawn shawn   14535 Apr 26 02:11 leaderboard_tiers_f1_40m.md
-rw-rw-r--  1 shawn shawn 1336502 Apr 26 02:16 leaderboard_tiers_f1_50m.json
-rw-rw-r--  1 shawn shawn   15087 Apr 26 02:16 leaderboard_tiers_f1_50m.md
-rw-rw-r--  1 shawn shawn 1336671 Apr 26 02:21 leaderboard_tiers_f1_q01_100m.json
-rw-rw-r--  1 shawn shawn   14168 Apr 26 02:21 leaderboard_tiers_f1_q01_100m.md
-rw-rw-r--  1 shawn shawn 1300167 Apr 26 01:58 leaderboard_tiers_f1_q01_20m.json
-rw-rw-r--  1 shawn shawn   11039 Apr 26 01:58 leaderboard_tiers_f1_q01_20m.md
-rw-rw-r--  1 shawn shawn 1335758 Apr 26 02:06 leaderboard_tiers_f1_q01_30m.json
-rw-rw-r--  1 shawn shawn   12879 Apr 26 02:06 leaderboard_tiers_f1_q01_30m.md
-rw-rw-r--  1 shawn shawn 1336442 Apr 26 02:11 leaderboard_tiers_f1_q01_40m.json
-rw-rw-r--  1 shawn shawn   13615 Apr 26 02:11 leaderboard_tiers_f1_q01_40m.md
-rw-rw-r--  1 shawn shawn 1336344 Apr 26 02:16 leaderboard_tiers_f1_q01_50m.json
-rw-rw-r--  1 shawn shawn   13799 Apr 26 02:16 leaderboard_tiers_f1_q01_50m.md
-rw-rw-r--  1 shawn shawn 1318513 Apr 26 02:25 leaderboard_tiers_mcc.json
-rw-rw-r--  1 shawn shawn   11707 Apr 26 02:25 leaderboard_tiers_mcc.md
-rw-rw-r--  1 shawn shawn 1318661 Apr 26 02:25 leaderboard_tiers_mcc_q01.json
-rw-rw-r--  1 shawn shawn   11323 Apr 26 02:25 leaderboard_tiers_mcc_q01.md
