=== Era 1 single-pass ===
[00:12:01] Building: era1-single-pass-f1-q005-buf30m
    OK (logs/per-arch-leaderboards-rebuild-2026-04-26-per-buffer-f1/era1-single-pass-f1-q005-buf30m.log)
[00:12:44] Building: era1-single-pass-f1-q001-buf30m
    OK (logs/per-arch-leaderboards-rebuild-2026-04-26-per-buffer-f1/era1-single-pass-f1-q001-buf30m.log)
[00:12:45] Building: era1-single-pass-f1-q005-buf40m
    OK (logs/per-arch-leaderboards-rebuild-2026-04-26-per-buffer-f1/era1-single-pass-f1-q005-buf40m.log)
[00:13:27] Building: era1-single-pass-f1-q001-buf40m
    OK (logs/per-arch-leaderboards-rebuild-2026-04-26-per-buffer-f1/era1-single-pass-f1-q001-buf40m.log)
[00:13:28] Building: era1-single-pass-f1-q005-buf50m
    OK (logs/per-arch-leaderboards-rebuild-2026-04-26-per-buffer-f1/era1-single-pass-f1-q005-buf50m.log)
[00:14:10] Building: era1-single-pass-f1-q001-buf50m
    OK (logs/per-arch-leaderboards-rebuild-2026-04-26-per-buffer-f1/era1-single-pass-f1-q001-buf50m.log)
[00:14:11] Building: era1-single-pass-f1-q005-buf100m
    OK (logs/per-arch-leaderboards-rebuild-2026-04-26-per-buffer-f1/era1-single-pass-f1-q005-buf100m.log)
[00:14:53] Building: era1-single-pass-f1-q001-buf100m
    OK (logs/per-arch-leaderboards-rebuild-2026-04-26-per-buffer-f1/era1-single-pass-f1-q001-buf100m.log)
=== Era 1 consensus ===
[00:14:54] Building: era1-consensus-f1-q005-buf30m
    OK (logs/per-arch-leaderboards-rebuild-2026-04-26-per-buffer-f1/era1-consensus-f1-q005-buf30m.log)
[00:21:39] Building: era1-consensus-f1-q001-buf30m
    OK (logs/per-arch-leaderboards-rebuild-2026-04-26-per-buffer-f1/era1-consensus-f1-q001-buf30m.log)
[00:21:39] Building: era1-consensus-f1-q005-buf40m
    OK (logs/per-arch-leaderboards-rebuild-2026-04-26-per-buffer-f1/era1-consensus-f1-q005-buf40m.log)
[00:28:25] Building: era1-consensus-f1-q001-buf40m
    OK (logs/per-arch-leaderboards-rebuild-2026-04-26-per-buffer-f1/era1-consensus-f1-q001-buf40m.log)
[00:28:25] Building: era1-consensus-f1-q005-buf50m
    OK (logs/per-arch-leaderboards-rebuild-2026-04-26-per-buffer-f1/era1-consensus-f1-q005-buf50m.log)
[00:35:16] Building: era1-consensus-f1-q001-buf50m
    OK (logs/per-arch-leaderboards-rebuild-2026-04-26-per-buffer-f1/era1-consensus-f1-q001-buf50m.log)
[00:35:16] Building: era1-consensus-f1-q005-buf100m
    OK (logs/per-arch-leaderboards-rebuild-2026-04-26-per-buffer-f1/era1-consensus-f1-q005-buf100m.log)
[00:42:08] Building: era1-consensus-f1-q001-buf100m
    OK (logs/per-arch-leaderboards-rebuild-2026-04-26-per-buffer-f1/era1-consensus-f1-q001-buf100m.log)
=== Era 2 single-pass ===
[00:42:08] Building: era2-single-pass-f1-q005-buf30m
    OK (logs/per-arch-leaderboards-rebuild-2026-04-26-per-buffer-f1/era2-single-pass-f1-q005-buf30m.log)
[00:42:12] Building: era2-single-pass-f1-q001-buf30m
    OK (logs/per-arch-leaderboards-rebuild-2026-04-26-per-buffer-f1/era2-single-pass-f1-q001-buf30m.log)
[00:42:12] Building: era2-single-pass-f1-q005-buf40m
    OK (logs/per-arch-leaderboards-rebuild-2026-04-26-per-buffer-f1/era2-single-pass-f1-q005-buf40m.log)
[00:42:16] Building: era2-single-pass-f1-q001-buf40m
    OK (logs/per-arch-leaderboards-rebuild-2026-04-26-per-buffer-f1/era2-single-pass-f1-q001-buf40m.log)
[00:42:16] Building: era2-single-pass-f1-q005-buf50m
    OK (logs/per-arch-leaderboards-rebuild-2026-04-26-per-buffer-f1/era2-single-pass-f1-q005-buf50m.log)
[00:42:19] Building: era2-single-pass-f1-q001-buf50m
    OK (logs/per-arch-leaderboards-rebuild-2026-04-26-per-buffer-f1/era2-single-pass-f1-q001-buf50m.log)
[00:42:20] Building: era2-single-pass-f1-q005-buf100m
    OK (logs/per-arch-leaderboards-rebuild-2026-04-26-per-buffer-f1/era2-single-pass-f1-q005-buf100m.log)
[00:42:23] Building: era2-single-pass-f1-q001-buf100m
    OK (logs/per-arch-leaderboards-rebuild-2026-04-26-per-buffer-f1/era2-single-pass-f1-q001-buf100m.log)
=== Era 2 consensus ===
[00:42:24] Building: era2-consensus-f1-q005-buf30m
    OK (logs/per-arch-leaderboards-rebuild-2026-04-26-per-buffer-f1/era2-consensus-f1-q005-buf30m.log)
[00:43:19] Building: era2-consensus-f1-q001-buf30m
    OK (logs/per-arch-leaderboards-rebuild-2026-04-26-per-buffer-f1/era2-consensus-f1-q001-buf30m.log)
[00:43:19] Building: era2-consensus-f1-q005-buf40m
    OK (logs/per-arch-leaderboards-rebuild-2026-04-26-per-buffer-f1/era2-consensus-f1-q005-buf40m.log)
[00:44:14] Building: era2-consensus-f1-q001-buf40m
    OK (logs/per-arch-leaderboards-rebuild-2026-04-26-per-buffer-f1/era2-consensus-f1-q001-buf40m.log)
[00:44:14] Building: era2-consensus-f1-q005-buf50m
    OK (logs/per-arch-leaderboards-rebuild-2026-04-26-per-buffer-f1/era2-consensus-f1-q005-buf50m.log)
[00:45:09] Building: era2-consensus-f1-q001-buf50m
    OK (logs/per-arch-leaderboards-rebuild-2026-04-26-per-buffer-f1/era2-consensus-f1-q001-buf50m.log)
[00:45:09] Building: era2-consensus-f1-q005-buf100m
    OK (logs/per-arch-leaderboards-rebuild-2026-04-26-per-buffer-f1/era2-consensus-f1-q005-buf100m.log)
[00:46:04] Building: era2-consensus-f1-q001-buf100m
    OK (logs/per-arch-leaderboards-rebuild-2026-04-26-per-buffer-f1/era2-consensus-f1-q001-buf100m.log)
=== Era 2 single-pass+PV ===
[00:46:05] Building: era2-single-pass+PV-f1-q005-buf30m
    OK (logs/per-arch-leaderboards-rebuild-2026-04-26-per-buffer-f1/era2-single-pass+PV-f1-q005-buf30m.log)
[00:46:08] Building: era2-single-pass+PV-f1-q001-buf30m
    OK (logs/per-arch-leaderboards-rebuild-2026-04-26-per-buffer-f1/era2-single-pass+PV-f1-q001-buf30m.log)
[00:46:09] Building: era2-single-pass+PV-f1-q005-buf40m
    OK (logs/per-arch-leaderboards-rebuild-2026-04-26-per-buffer-f1/era2-single-pass+PV-f1-q005-buf40m.log)
[00:46:12] Building: era2-single-pass+PV-f1-q001-buf40m
    OK (logs/per-arch-leaderboards-rebuild-2026-04-26-per-buffer-f1/era2-single-pass+PV-f1-q001-buf40m.log)
[00:46:13] Building: era2-single-pass+PV-f1-q005-buf50m
    OK (logs/per-arch-leaderboards-rebuild-2026-04-26-per-buffer-f1/era2-single-pass+PV-f1-q005-buf50m.log)
[00:46:16] Building: era2-single-pass+PV-f1-q001-buf50m
    OK (logs/per-arch-leaderboards-rebuild-2026-04-26-per-buffer-f1/era2-single-pass+PV-f1-q001-buf50m.log)
[00:46:17] Building: era2-single-pass+PV-f1-q005-buf100m
    OK (logs/per-arch-leaderboards-rebuild-2026-04-26-per-buffer-f1/era2-single-pass+PV-f1-q005-buf100m.log)
[00:46:20] Building: era2-single-pass+PV-f1-q001-buf100m
    OK (logs/per-arch-leaderboards-rebuild-2026-04-26-per-buffer-f1/era2-single-pass+PV-f1-q001-buf100m.log)
=== Era 2 pv ===
[00:46:21] Building: era2-pv-f1-q005-buf30m
    OK (logs/per-arch-leaderboards-rebuild-2026-04-26-per-buffer-f1/era2-pv-f1-q005-buf30m.log)
[00:48:14] Building: era2-pv-f1-q001-buf30m
    OK (logs/per-arch-leaderboards-rebuild-2026-04-26-per-buffer-f1/era2-pv-f1-q001-buf30m.log)
[00:48:15] Building: era2-pv-f1-q005-buf40m
    OK (logs/per-arch-leaderboards-rebuild-2026-04-26-per-buffer-f1/era2-pv-f1-q005-buf40m.log)
[00:50:27] Building: era2-pv-f1-q001-buf40m
    OK (logs/per-arch-leaderboards-rebuild-2026-04-26-per-buffer-f1/era2-pv-f1-q001-buf40m.log)
[00:50:28] Building: era2-pv-f1-q005-buf50m
    OK (logs/per-arch-leaderboards-rebuild-2026-04-26-per-buffer-f1/era2-pv-f1-q005-buf50m.log)
[00:54:09] Building: era2-pv-f1-q001-buf50m
    OK (logs/per-arch-leaderboards-rebuild-2026-04-26-per-buffer-f1/era2-pv-f1-q001-buf50m.log)
[00:54:10] Building: era2-pv-f1-q005-buf100m
    OK (logs/per-arch-leaderboards-rebuild-2026-04-26-per-buffer-f1/era2-pv-f1-q005-buf100m.log)
[00:56:05] Building: era2-pv-f1-q001-buf100m
    OK (logs/per-arch-leaderboards-rebuild-2026-04-26-per-buffer-f1/era2-pv-f1-q001-buf100m.log)
=== Era 3 consensus ===
[00:56:05] Building: era3-consensus-f1-q005-buf30m
    OK (logs/per-arch-leaderboards-rebuild-2026-04-26-per-buffer-f1/era3-consensus-f1-q005-buf30m.log)
[00:56:13] Building: era3-consensus-f1-q001-buf30m
    OK (logs/per-arch-leaderboards-rebuild-2026-04-26-per-buffer-f1/era3-consensus-f1-q001-buf30m.log)
[00:56:14] Building: era3-consensus-f1-q005-buf40m
    OK (logs/per-arch-leaderboards-rebuild-2026-04-26-per-buffer-f1/era3-consensus-f1-q005-buf40m.log)
[00:56:21] Building: era3-consensus-f1-q001-buf40m
    OK (logs/per-arch-leaderboards-rebuild-2026-04-26-per-buffer-f1/era3-consensus-f1-q001-buf40m.log)
[00:56:22] Building: era3-consensus-f1-q005-buf50m
    OK (logs/per-arch-leaderboards-rebuild-2026-04-26-per-buffer-f1/era3-consensus-f1-q005-buf50m.log)
[00:56:30] Building: era3-consensus-f1-q001-buf50m
    OK (logs/per-arch-leaderboards-rebuild-2026-04-26-per-buffer-f1/era3-consensus-f1-q001-buf50m.log)
[00:56:30] Building: era3-consensus-f1-q005-buf100m
    OK (logs/per-arch-leaderboards-rebuild-2026-04-26-per-buffer-f1/era3-consensus-f1-q005-buf100m.log)
[00:56:38] Building: era3-consensus-f1-q001-buf100m
    OK (logs/per-arch-leaderboards-rebuild-2026-04-26-per-buffer-f1/era3-consensus-f1-q001-buf100m.log)

=== Stage 1 (per-buffer F1 re-tiering) complete ===
Sun Apr 26 12:56:39 AM UTC 2026
