INFO: Detection files: 1
INFO: Loading ground truth: inputs/vectors/references/best-available-gt-55maps-r2.geojson
INFO: Loading bounds: inputs/vectors/bounds/384/55maps_evaluation_bounds.geojson
INFO: Reference: 5018 mounds, 8541 evaluation tiles
INFO: Evaluating: detections.geojson
INFO:   5m: F1=0.231 [0.219, 0.243], P=0.226 [0.214, 0.239], R=0.235 [0.223, 0.248] [sparse coverage: 65.2% zero-tiles]
INFO:   10m: F1=0.521 [0.507, 0.536], P=0.511 [0.496, 0.526], R=0.531 [0.516, 0.547] [sparse coverage: 65.6% zero-tiles]
INFO:   15m: F1=0.723 [0.710, 0.736], P=0.709 [0.695, 0.722], R=0.737 [0.724, 0.750] [sparse coverage: 66.0% zero-tiles]
INFO:   20m: F1=0.838 [0.828, 0.847], P=0.822 [0.810, 0.832], R=0.855 [0.844, 0.865] [sparse coverage: 66.2% zero-tiles]
INFO:   25m: F1=0.890 [0.882, 0.897], P=0.873 [0.863, 0.882], R=0.908 [0.899, 0.916] [sparse coverage: 66.4% zero-tiles]
INFO:   30m: F1=0.910 [0.903, 0.916], P=0.892 [0.883, 0.901], R=0.928 [0.921, 0.935] [sparse coverage: 66.5% zero-tiles]
INFO:   35m: F1=0.921 [0.915, 0.927], P=0.903 [0.895, 0.912], R=0.940 [0.933, 0.946] [sparse coverage: 66.6% zero-tiles]
INFO:   40m: F1=0.925 [0.920, 0.931], P=0.908 [0.899, 0.916], R=0.944 [0.937, 0.950] [sparse coverage: 66.6% zero-tiles]
INFO:   45m: F1=0.926 [0.921, 0.932], P=0.909 [0.900, 0.917], R=0.945 [0.938, 0.951] [sparse coverage: 66.6% zero-tiles]
INFO:   50m: F1=0.927 [0.922, 0.932], P=0.909 [0.901, 0.917], R=0.946 [0.939, 0.952] [sparse coverage: 66.6% zero-tiles]
INFO:   75m: F1=0.928 [0.922, 0.933], P=0.910 [0.902, 0.918], R=0.947 [0.940, 0.953] [sparse coverage: 66.6% zero-tiles]
INFO:   100m: F1=0.928 [0.923, 0.933], P=0.910 [0.902, 0.918], R=0.947 [0.940, 0.953] [sparse coverage: 66.6% zero-tiles]
INFO:   125m: F1=0.928 [0.923, 0.933], P=0.910 [0.902, 0.918], R=0.947 [0.940, 0.953] [sparse coverage: 66.6% zero-tiles]
INFO:   150m: F1=0.928 [0.923, 0.934], P=0.911 [0.902, 0.919], R=0.947 [0.941, 0.953] [sparse coverage: 66.6% zero-tiles]
INFO:   MCC=0.766 [0.753, 0.779], Sens=0.750, Spec=0.977
INFO: JSON written: results/gemini37-image-55map-2026-09-13/cells/IMG-ARM2-K5-carried/evaluation.json
INFO: CSV written: results/gemini37-image-55map-2026-09-13/cells/IMG-ARM2-K5-carried/evaluation.csv
INFO: Markdown written: results/gemini37-image-55map-2026-09-13/cells/IMG-ARM2-K5-carried/evaluation.md
