INFO: Detection files: 1
INFO: Loading ground truth: inputs/vectors/references/best-available-gt-55maps-r2.geojson
INFO: Loading bounds: inputs/vectors/bounds/384/55maps_evaluation_bounds.geojson
INFO: Reference: 5018 mounds, 8541 evaluation tiles
INFO: Evaluating: detections.geojson
INFO:   5m: F1=0.218 [0.207, 0.230], P=0.212 [0.200, 0.224], R=0.224 [0.213, 0.237] [sparse coverage: 66.3% zero-tiles]
INFO:   10m: F1=0.488 [0.473, 0.502], P=0.474 [0.459, 0.488], R=0.502 [0.487, 0.518] [sparse coverage: 66.7% zero-tiles]
INFO:   15m: F1=0.688 [0.675, 0.701], P=0.668 [0.654, 0.682], R=0.709 [0.695, 0.722] [sparse coverage: 67.1% zero-tiles]
INFO:   20m: F1=0.790 [0.779, 0.800], P=0.767 [0.754, 0.779], R=0.813 [0.802, 0.825] [sparse coverage: 67.3% zero-tiles]
INFO:   25m: F1=0.837 [0.828, 0.845], P=0.813 [0.802, 0.824], R=0.862 [0.852, 0.872] [sparse coverage: 67.5% zero-tiles]
INFO:   30m: F1=0.858 [0.850, 0.865], P=0.833 [0.823, 0.844], R=0.884 [0.875, 0.893] [sparse coverage: 67.6% zero-tiles]
INFO:   35m: F1=0.867 [0.860, 0.874], P=0.842 [0.832, 0.853], R=0.893 [0.884, 0.902] [sparse coverage: 67.6% zero-tiles]
INFO:   40m: F1=0.871 [0.864, 0.877], P=0.846 [0.835, 0.856], R=0.897 [0.888, 0.905] [sparse coverage: 67.6% zero-tiles]
INFO:   45m: F1=0.872 [0.865, 0.878], P=0.847 [0.836, 0.857], R=0.898 [0.889, 0.906] [sparse coverage: 67.6% zero-tiles]
INFO:   50m: F1=0.872 [0.865, 0.879], P=0.847 [0.837, 0.857], R=0.899 [0.890, 0.907] [sparse coverage: 67.6% zero-tiles]
INFO:   75m: F1=0.874 [0.867, 0.880], P=0.849 [0.838, 0.859], R=0.900 [0.891, 0.908] [sparse coverage: 67.6% zero-tiles]
INFO:   100m: F1=0.875 [0.868, 0.882], P=0.850 [0.840, 0.860], R=0.902 [0.893, 0.910] [sparse coverage: 67.6% zero-tiles]
INFO:   125m: F1=0.876 [0.869, 0.882], P=0.851 [0.840, 0.861], R=0.902 [0.893, 0.910] [sparse coverage: 67.6% zero-tiles]
INFO:   150m: F1=0.876 [0.869, 0.883], P=0.851 [0.841, 0.861], R=0.903 [0.894, 0.911] [sparse coverage: 67.6% zero-tiles]
INFO:   MCC=0.761 [0.749, 0.774], Sens=0.714, Spec=0.994
INFO: JSON written: results/gemini37-image-55map-2026-09-13/cells/IMG-ARM2-K1-mcc-oracle/evaluation.json
INFO: CSV written: results/gemini37-image-55map-2026-09-13/cells/IMG-ARM2-K1-mcc-oracle/evaluation.csv
INFO: Markdown written: results/gemini37-image-55map-2026-09-13/cells/IMG-ARM2-K1-mcc-oracle/evaluation.md
