INFO: Detection files: 1
INFO: Loading ground truth: inputs/vectors/references/mounds-reference.geojson
INFO: Loading bounds: inputs/vectors/bounds/384/full_evaluation_bounds.geojson
INFO: Reference: 569 mounds, 487 evaluation tiles
INFO: Evaluating: detections_pro-text-high-t0_run01.geojson
INFO:   5m: F1=0.174 [0.143, 0.211], P=0.122 [0.098, 0.151], R=0.306 [0.257, 0.359] [partial: 2/487 tiles unprocessed]
INFO:   10m: F1=0.386 [0.339, 0.432], P=0.270 [0.229, 0.313], R=0.676 [0.623, 0.724] [partial: 2/487 tiles unprocessed]
INFO:   15m: F1=0.464 [0.412, 0.516], P=0.325 [0.278, 0.374], R=0.814 [0.760, 0.855] [partial: 2/487 tiles unprocessed]
INFO:   20m: F1=0.493 [0.440, 0.546], P=0.345 [0.296, 0.396], R=0.864 [0.812, 0.901] [partial: 2/487 tiles unprocessed]
INFO:   25m: F1=0.502 [0.448, 0.555], P=0.351 [0.301, 0.403], R=0.880 [0.827, 0.914] [partial: 2/487 tiles unprocessed]
INFO:   30m: F1=0.511 [0.457, 0.565], P=0.358 [0.308, 0.410], R=0.897 [0.843, 0.928] [partial: 2/487 tiles unprocessed]
INFO:   35m: F1=0.515 [0.460, 0.568], P=0.361 [0.310, 0.414], R=0.903 [0.849, 0.934] [partial: 2/487 tiles unprocessed]
INFO:   40m: F1=0.519 [0.464, 0.572], P=0.363 [0.312, 0.416], R=0.910 [0.857, 0.940] [partial: 2/487 tiles unprocessed]
INFO:   45m: F1=0.519 [0.464, 0.572], P=0.363 [0.312, 0.416], R=0.910 [0.857, 0.940] [partial: 2/487 tiles unprocessed]
INFO:   50m: F1=0.521 [0.465, 0.574], P=0.364 [0.314, 0.418], R=0.913 [0.858, 0.942] [partial: 2/487 tiles unprocessed]
INFO:   75m: F1=0.527 [0.472, 0.581], P=0.369 [0.318, 0.423], R=0.924 [0.868, 0.951] [partial: 2/487 tiles unprocessed]
INFO:   100m: F1=0.529 [0.473, 0.583], P=0.370 [0.319, 0.424], R=0.926 [0.871, 0.953] [partial: 2/487 tiles unprocessed]
INFO:   125m: F1=0.530 [0.474, 0.584], P=0.371 [0.319, 0.425], R=0.929 [0.873, 0.955] [partial: 2/487 tiles unprocessed]
INFO:   150m: F1=0.531 [0.476, 0.585], P=0.372 [0.320, 0.425], R=0.931 [0.875, 0.956] [partial: 2/487 tiles unprocessed]
INFO:   MCC=0.397 [0.345, 0.448], Sens=0.996, Spec=0.295
INFO: JSON written: results/rescore-2026-09-07/n1-outstanding-384/pro-text-high-t0-single-pass-run_1/evaluation.json
INFO: CSV written: results/rescore-2026-09-07/n1-outstanding-384/pro-text-high-t0-single-pass-run_1/evaluation.csv
INFO: Markdown written: results/rescore-2026-09-07/n1-outstanding-384/pro-text-high-t0-single-pass-run_1/evaluation.md
