INFO: Detection files: 1
INFO: Loading ground truth: inputs/vectors/references/best-available-gt-55maps-r2.geojson
INFO: Loading bounds: inputs/vectors/bounds/384/55maps_evaluation_bounds.geojson
INFO: Reference: 5018 mounds, 8541 evaluation tiles
INFO: Evaluating: detections.geojson
INFO:   5m: F1=0.075 [0.068, 0.082], P=0.073 [0.066, 0.080], R=0.078 [0.071, 0.085] [sparse coverage: 64.5% zero-tiles]
INFO:   10m: F1=0.257 [0.246, 0.269], P=0.249 [0.238, 0.260], R=0.266 [0.254, 0.279] [sparse coverage: 64.8% zero-tiles]
INFO:   15m: F1=0.459 [0.446, 0.472], P=0.444 [0.431, 0.457], R=0.475 [0.461, 0.490] [sparse coverage: 65.1% zero-tiles]
INFO:   20m: F1=0.609 [0.597, 0.621], P=0.589 [0.576, 0.602], R=0.630 [0.616, 0.645] [sparse coverage: 65.5% zero-tiles]
INFO:   25m: F1=0.697 [0.685, 0.707], P=0.674 [0.662, 0.686], R=0.721 [0.707, 0.734] [sparse coverage: 65.6% zero-tiles]
INFO:   30m: F1=0.750 [0.739, 0.759], P=0.725 [0.713, 0.736], R=0.776 [0.763, 0.788] [sparse coverage: 65.8% zero-tiles]
INFO:   35m: F1=0.777 [0.768, 0.786], P=0.752 [0.741, 0.762], R=0.805 [0.792, 0.816] [sparse coverage: 65.9% zero-tiles]
INFO:   40m: F1=0.790 [0.781, 0.798], P=0.764 [0.753, 0.774], R=0.818 [0.805, 0.829] [sparse coverage: 65.9% zero-tiles]
INFO:   45m: F1=0.799 [0.790, 0.807], P=0.772 [0.762, 0.782], R=0.827 [0.815, 0.838] [sparse coverage: 65.9% zero-tiles]
INFO:   50m: F1=0.802 [0.794, 0.810], P=0.776 [0.766, 0.786], R=0.830 [0.818, 0.841] [sparse coverage: 65.9% zero-tiles]
INFO:   75m: F1=0.808 [0.800, 0.816], P=0.782 [0.772, 0.792], R=0.837 [0.825, 0.848] [sparse coverage: 65.9% zero-tiles]
INFO:   100m: F1=0.812 [0.804, 0.819], P=0.785 [0.775, 0.795], R=0.840 [0.828, 0.851] [sparse coverage: 65.9% zero-tiles]
INFO:   125m: F1=0.813 [0.805, 0.821], P=0.787 [0.777, 0.797], R=0.842 [0.830, 0.853] [sparse coverage: 65.9% zero-tiles]
INFO:   150m: F1=0.814 [0.806, 0.822], P=0.787 [0.777, 0.797], R=0.843 [0.831, 0.853] [sparse coverage: 65.9% zero-tiles]
INFO:   MCC=0.730 [0.716, 0.744], Sens=0.715, Spec=0.972
INFO: JSON written: results/gemini3-image-55map-2026-09-16/cells/G3IMG-ARM1-K3-mcc-oracle/evaluation.json
INFO: CSV written: results/gemini3-image-55map-2026-09-16/cells/G3IMG-ARM1-K3-mcc-oracle/evaluation.csv
INFO: Markdown written: results/gemini3-image-55map-2026-09-16/cells/G3IMG-ARM1-K3-mcc-oracle/evaluation.md
