INFO: Detection files: 1
INFO: Loading ground truth: inputs/vectors/references/best-available-gt-55maps-r2.geojson
INFO: Loading bounds: inputs/vectors/bounds/384/55maps_evaluation_bounds.geojson
INFO: Reference: 5018 mounds, 8541 evaluation tiles
INFO: Evaluating: detections.geojson
INFO:   5m: F1=0.209 [0.197, 0.221], P=0.200 [0.189, 0.211], R=0.218 [0.206, 0.231] [sparse coverage: 61.0% zero-tiles]
INFO:   10m: F1=0.460 [0.446, 0.475], P=0.441 [0.427, 0.456], R=0.482 [0.466, 0.498] [sparse coverage: 61.3% zero-tiles]
INFO:   15m: F1=0.643 [0.629, 0.657], P=0.616 [0.602, 0.630], R=0.673 [0.657, 0.687] [sparse coverage: 61.7% zero-tiles]
INFO:   20m: F1=0.751 [0.740, 0.763], P=0.720 [0.706, 0.732], R=0.786 [0.773, 0.799] [sparse coverage: 62.0% zero-tiles]
INFO:   25m: F1=0.804 [0.794, 0.814], P=0.770 [0.758, 0.782], R=0.841 [0.829, 0.852] [sparse coverage: 62.1% zero-tiles]
INFO:   30m: F1=0.826 [0.817, 0.835], P=0.791 [0.779, 0.803], R=0.864 [0.853, 0.875] [sparse coverage: 62.2% zero-tiles]
INFO:   35m: F1=0.840 [0.831, 0.848], P=0.804 [0.792, 0.815], R=0.879 [0.868, 0.888] [sparse coverage: 62.2% zero-tiles]
INFO:   40m: F1=0.843 [0.834, 0.851], P=0.807 [0.796, 0.818], R=0.882 [0.871, 0.892] [sparse coverage: 62.2% zero-tiles]
INFO:   45m: F1=0.845 [0.837, 0.853], P=0.810 [0.798, 0.821], R=0.884 [0.874, 0.894] [sparse coverage: 62.2% zero-tiles]
INFO:   50m: F1=0.847 [0.838, 0.855], P=0.811 [0.799, 0.822], R=0.886 [0.875, 0.896] [sparse coverage: 62.2% zero-tiles]
INFO:   75m: F1=0.848 [0.840, 0.856], P=0.812 [0.801, 0.823], R=0.888 [0.877, 0.897] [sparse coverage: 62.2% zero-tiles]
INFO:   100m: F1=0.849 [0.841, 0.857], P=0.813 [0.802, 0.824], R=0.889 [0.878, 0.898] [sparse coverage: 62.2% zero-tiles]
INFO:   125m: F1=0.850 [0.842, 0.858], P=0.814 [0.802, 0.825], R=0.889 [0.879, 0.899] [sparse coverage: 62.2% zero-tiles]
INFO:   150m: F1=0.851 [0.842, 0.859], P=0.815 [0.803, 0.826], R=0.890 [0.880, 0.899] [sparse coverage: 62.2% zero-tiles]
INFO:   MCC=0.659 [0.643, 0.675], Sens=0.729, Spec=0.911
INFO: JSON written: results/55map-final-board-r2-2026-09-06/cells/ARM1-N3-carried/evaluation.json
INFO: CSV written: results/55map-final-board-r2-2026-09-06/cells/ARM1-N3-carried/evaluation.csv
INFO: Markdown written: results/55map-final-board-r2-2026-09-06/cells/ARM1-N3-carried/evaluation.md
