INFO: Detection files: 1
INFO: Loading ground truth: inputs/vectors/references/best-available-gt-55maps-r2.geojson
INFO: Loading bounds: inputs/vectors/bounds/384/55maps_evaluation_bounds.geojson
INFO: Reference: 5018 mounds, 8541 evaluation tiles
INFO: Evaluating: detections.geojson
INFO:   5m: F1=0.143 [0.133, 0.154], P=0.147 [0.137, 0.158], R=0.140 [0.130, 0.151] [sparse coverage: 64.5% zero-tiles]
INFO:   10m: F1=0.372 [0.359, 0.386], P=0.381 [0.366, 0.396], R=0.364 [0.350, 0.379] [sparse coverage: 64.8% zero-tiles]
INFO:   15m: F1=0.573 [0.558, 0.587], P=0.586 [0.571, 0.601], R=0.560 [0.544, 0.575] [sparse coverage: 65.2% zero-tiles]
INFO:   20m: F1=0.699 [0.686, 0.711], P=0.715 [0.701, 0.728], R=0.684 [0.669, 0.697] [sparse coverage: 65.4% zero-tiles]
INFO:   25m: F1=0.771 [0.760, 0.782], P=0.789 [0.776, 0.801], R=0.754 [0.740, 0.767] [sparse coverage: 65.6% zero-tiles]
INFO:   30m: F1=0.803 [0.793, 0.813], P=0.822 [0.810, 0.833], R=0.785 [0.773, 0.797] [sparse coverage: 65.7% zero-tiles]
INFO:   35m: F1=0.818 [0.809, 0.827], P=0.837 [0.826, 0.848], R=0.800 [0.788, 0.812] [sparse coverage: 65.8% zero-tiles]
INFO:   40m: F1=0.827 [0.818, 0.836], P=0.846 [0.835, 0.857], R=0.809 [0.796, 0.820] [sparse coverage: 65.8% zero-tiles]
INFO:   45m: F1=0.831 [0.822, 0.839], P=0.850 [0.839, 0.861], R=0.812 [0.800, 0.824] [sparse coverage: 65.8% zero-tiles]
INFO:   50m: F1=0.832 [0.823, 0.841], P=0.851 [0.840, 0.862], R=0.814 [0.801, 0.825] [sparse coverage: 65.9% zero-tiles]
INFO:   75m: F1=0.837 [0.828, 0.845], P=0.856 [0.845, 0.867], R=0.818 [0.806, 0.830] [sparse coverage: 65.9% zero-tiles]
INFO:   100m: F1=0.838 [0.829, 0.847], P=0.858 [0.847, 0.868], R=0.820 [0.808, 0.831] [sparse coverage: 65.9% zero-tiles]
INFO:   125m: F1=0.839 [0.831, 0.848], P=0.859 [0.848, 0.869], R=0.821 [0.809, 0.832] [sparse coverage: 65.9% zero-tiles]
INFO:   150m: F1=0.840 [0.831, 0.848], P=0.859 [0.849, 0.870], R=0.821 [0.809, 0.833] [sparse coverage: 65.9% zero-tiles]
INFO:   MCC=0.702 [0.687, 0.716], Sens=0.687, Spec=0.968
INFO: JSON written: results/55map-final-board-r2-2026-09-06/cells/A-N3-oracle/evaluation.json
INFO: CSV written: results/55map-final-board-r2-2026-09-06/cells/A-N3-oracle/evaluation.csv
INFO: Markdown written: results/55map-final-board-r2-2026-09-06/cells/A-N3-oracle/evaluation.md
