INFO: Detection files: 1
INFO: Loading ground truth: inputs/vectors/references/best-available-gt-55maps-r2.geojson
INFO: Loading bounds: inputs/vectors/bounds/384/55maps_evaluation_bounds.geojson
INFO: Reference: 5018 mounds, 8541 evaluation tiles
INFO: Evaluating: detections.geojson
INFO:   5m: F1=0.154 [0.144, 0.165], P=0.164 [0.154, 0.176], R=0.145 [0.135, 0.156] [sparse coverage: 66.3% zero-tiles]
INFO:   10m: F1=0.403 [0.389, 0.418], P=0.430 [0.415, 0.446], R=0.380 [0.365, 0.395] [sparse coverage: 66.7% zero-tiles]
INFO:   15m: F1=0.616 [0.601, 0.630], P=0.656 [0.641, 0.671], R=0.580 [0.564, 0.595] [sparse coverage: 67.0% zero-tiles]
INFO:   20m: F1=0.745 [0.732, 0.757], P=0.794 [0.781, 0.807], R=0.701 [0.687, 0.715] [sparse coverage: 67.3% zero-tiles]
INFO:   25m: F1=0.817 [0.807, 0.827], P=0.871 [0.861, 0.881], R=0.769 [0.756, 0.782] [sparse coverage: 67.4% zero-tiles]
INFO:   30m: F1=0.851 [0.842, 0.860], P=0.908 [0.899, 0.916], R=0.802 [0.789, 0.814] [sparse coverage: 67.5% zero-tiles]
INFO:   35m: F1=0.863 [0.854, 0.871], P=0.920 [0.912, 0.928], R=0.812 [0.800, 0.825] [sparse coverage: 67.6% zero-tiles]
INFO:   40m: F1=0.872 [0.864, 0.880], P=0.930 [0.922, 0.938], R=0.821 [0.809, 0.833] [sparse coverage: 67.6% zero-tiles]
INFO:   45m: F1=0.875 [0.867, 0.882], P=0.933 [0.925, 0.940], R=0.823 [0.812, 0.835] [sparse coverage: 67.6% zero-tiles]
INFO:   50m: F1=0.875 [0.868, 0.883], P=0.933 [0.926, 0.941], R=0.824 [0.812, 0.836] [sparse coverage: 67.6% zero-tiles]
INFO:   75m: F1=0.877 [0.869, 0.885], P=0.935 [0.928, 0.942], R=0.826 [0.814, 0.837] [sparse coverage: 67.6% zero-tiles]
INFO:   100m: F1=0.878 [0.871, 0.886], P=0.936 [0.929, 0.943], R=0.827 [0.815, 0.838] [sparse coverage: 67.6% zero-tiles]
INFO:   125m: F1=0.879 [0.871, 0.887], P=0.937 [0.930, 0.944], R=0.828 [0.816, 0.839] [sparse coverage: 67.6% zero-tiles]
INFO:   150m: F1=0.879 [0.872, 0.887], P=0.937 [0.930, 0.945], R=0.828 [0.816, 0.839] [sparse coverage: 67.6% zero-tiles]
INFO:   MCC=0.732 [0.720, 0.745], Sens=0.678, Spec=0.993
INFO: JSON written: results/55map-final-board-r2-2026-09-06/cells/FOURTH-N5-carried/evaluation.json
INFO: CSV written: results/55map-final-board-r2-2026-09-06/cells/FOURTH-N5-carried/evaluation.csv
INFO: Markdown written: results/55map-final-board-r2-2026-09-06/cells/FOURTH-N5-carried/evaluation.md
