=== Era 1 single-pass ===
[09:33:27] Building: era1-single-pass-f1-q005
    OK (logs/per-arch-leaderboards-rebuild-2026-04-25/era1-single-pass-f1-q005.log)
[09:33:28] Building: era1-single-pass-f1-q001
    OK (logs/per-arch-leaderboards-rebuild-2026-04-25/era1-single-pass-f1-q001.log)
[09:33:29] Building: era1-single-pass-mcc-q005
    OK (logs/per-arch-leaderboards-rebuild-2026-04-25/era1-single-pass-mcc-q005.log)
[09:33:29] Building: era1-single-pass-mcc-q001
    OK (logs/per-arch-leaderboards-rebuild-2026-04-25/era1-single-pass-mcc-q001.log)
=== Era 1 consensus ===
[09:33:30] Building: era1-consensus-f1-q005
    OK (logs/per-arch-leaderboards-rebuild-2026-04-25/era1-consensus-f1-q005.log)
[09:33:31] Building: era1-consensus-f1-q001
    OK (logs/per-arch-leaderboards-rebuild-2026-04-25/era1-consensus-f1-q001.log)
[09:33:31] Building: era1-consensus-mcc-q005
    OK (logs/per-arch-leaderboards-rebuild-2026-04-25/era1-consensus-mcc-q005.log)
[09:33:32] Building: era1-consensus-mcc-q001
    OK (logs/per-arch-leaderboards-rebuild-2026-04-25/era1-consensus-mcc-q001.log)
=== Era 2 single-pass ===
[09:33:33] Building: era2-single-pass-f1-q005
    OK (logs/per-arch-leaderboards-rebuild-2026-04-25/era2-single-pass-f1-q005.log)
[09:33:34] Building: era2-single-pass-f1-q001
    OK (logs/per-arch-leaderboards-rebuild-2026-04-25/era2-single-pass-f1-q001.log)
[09:33:34] Building: era2-single-pass-mcc-q005
    OK (logs/per-arch-leaderboards-rebuild-2026-04-25/era2-single-pass-mcc-q005.log)
[09:33:35] Building: era2-single-pass-mcc-q001
    OK (logs/per-arch-leaderboards-rebuild-2026-04-25/era2-single-pass-mcc-q001.log)
=== Era 2 consensus ===
[09:33:36] Building: era2-consensus-f1-q005
    OK (logs/per-arch-leaderboards-rebuild-2026-04-25/era2-consensus-f1-q005.log)
[09:33:36] Building: era2-consensus-f1-q001
    OK (logs/per-arch-leaderboards-rebuild-2026-04-25/era2-consensus-f1-q001.log)
[09:33:37] Building: era2-consensus-mcc-q005
    OK (logs/per-arch-leaderboards-rebuild-2026-04-25/era2-consensus-mcc-q005.log)
[09:33:38] Building: era2-consensus-mcc-q001
    OK (logs/per-arch-leaderboards-rebuild-2026-04-25/era2-consensus-mcc-q001.log)
=== Era 2 single-pass+PV ===
[09:33:39] Building: era2-single-pass+PV-f1-q005
    OK (logs/per-arch-leaderboards-rebuild-2026-04-25/era2-single-pass+PV-f1-q005.log)
[09:33:39] Building: era2-single-pass+PV-f1-q001
    OK (logs/per-arch-leaderboards-rebuild-2026-04-25/era2-single-pass+PV-f1-q001.log)
[09:33:40] Building: era2-single-pass+PV-mcc-q005
    OK (logs/per-arch-leaderboards-rebuild-2026-04-25/era2-single-pass+PV-mcc-q005.log)
[09:33:41] Building: era2-single-pass+PV-mcc-q001
    OK (logs/per-arch-leaderboards-rebuild-2026-04-25/era2-single-pass+PV-mcc-q001.log)
=== Era 2 pv ===
[09:33:41] Building: era2-pv-f1-q005
    OK (logs/per-arch-leaderboards-rebuild-2026-04-25/era2-pv-f1-q005.log)
[09:33:42] Building: era2-pv-f1-q001
    OK (logs/per-arch-leaderboards-rebuild-2026-04-25/era2-pv-f1-q001.log)
[09:33:42] Building: era2-pv-mcc-q005
    OK (logs/per-arch-leaderboards-rebuild-2026-04-25/era2-pv-mcc-q005.log)
[09:33:43] Building: era2-pv-mcc-q001
    OK (logs/per-arch-leaderboards-rebuild-2026-04-25/era2-pv-mcc-q001.log)
=== Era 3 consensus ===
[09:33:44] Building: era3-consensus-f1-q005
    OK (logs/per-arch-leaderboards-rebuild-2026-04-25/era3-consensus-f1-q005.log)
[09:33:44] Building: era3-consensus-f1-q001
    OK (logs/per-arch-leaderboards-rebuild-2026-04-25/era3-consensus-f1-q001.log)
[09:33:45] Building: era3-consensus-mcc-q005
    OK (logs/per-arch-leaderboards-rebuild-2026-04-25/era3-consensus-mcc-q005.log)
[09:33:46] Building: era3-consensus-mcc-q001
    OK (logs/per-arch-leaderboards-rebuild-2026-04-25/era3-consensus-mcc-q001.log)
=== Stage 2 complete ===

=== Stage 3: tier-stability tables ===
  OK: tier-stability f1
  OK: tier-stability mcc

=== Stage 4: cross-architecture tables + MC flags ===
  OK: Stage 4 (4a+4b+4c)

=== Stage 5: documentation ===
  OK: Stage 5 docs

=== Pipeline complete ===
Wed 06 May 2026 17:34:17 +08
