=== Era 1 single-pass ===
[09:29:03] Building: era1-single-pass-f1-q005
    OK (logs/per-arch-leaderboards-rebuild-2026-04-25/era1-single-pass-f1-q005.log)
[09:29:03] Building: era1-single-pass-f1-q001
    OK (logs/per-arch-leaderboards-rebuild-2026-04-25/era1-single-pass-f1-q001.log)
[09:29:04] Building: era1-single-pass-mcc-q005
    OK (logs/per-arch-leaderboards-rebuild-2026-04-25/era1-single-pass-mcc-q005.log)
[09:29:04] Building: era1-single-pass-mcc-q001
    OK (logs/per-arch-leaderboards-rebuild-2026-04-25/era1-single-pass-mcc-q001.log)
=== Era 1 consensus ===
[09:29:05] Building: era1-consensus-f1-q005
    OK (logs/per-arch-leaderboards-rebuild-2026-04-25/era1-consensus-f1-q005.log)
[09:29:06] Building: era1-consensus-f1-q001
    OK (logs/per-arch-leaderboards-rebuild-2026-04-25/era1-consensus-f1-q001.log)
[09:29:07] Building: era1-consensus-mcc-q005
    OK (logs/per-arch-leaderboards-rebuild-2026-04-25/era1-consensus-mcc-q005.log)
[09:29:07] Building: era1-consensus-mcc-q001
    OK (logs/per-arch-leaderboards-rebuild-2026-04-25/era1-consensus-mcc-q001.log)
=== Era 2 single-pass ===
[09:29:08] Building: era2-single-pass-f1-q005
    OK (logs/per-arch-leaderboards-rebuild-2026-04-25/era2-single-pass-f1-q005.log)
[09:29:09] Building: era2-single-pass-f1-q001
    OK (logs/per-arch-leaderboards-rebuild-2026-04-25/era2-single-pass-f1-q001.log)
[09:29:09] Building: era2-single-pass-mcc-q005
    OK (logs/per-arch-leaderboards-rebuild-2026-04-25/era2-single-pass-mcc-q005.log)
[09:29:10] Building: era2-single-pass-mcc-q001
    OK (logs/per-arch-leaderboards-rebuild-2026-04-25/era2-single-pass-mcc-q001.log)
=== Era 2 consensus ===
[09:29:11] Building: era2-consensus-f1-q005
    OK (logs/per-arch-leaderboards-rebuild-2026-04-25/era2-consensus-f1-q005.log)
[09:29:11] Building: era2-consensus-f1-q001
    OK (logs/per-arch-leaderboards-rebuild-2026-04-25/era2-consensus-f1-q001.log)
[09:29:12] Building: era2-consensus-mcc-q005
    OK (logs/per-arch-leaderboards-rebuild-2026-04-25/era2-consensus-mcc-q005.log)
[09:29:13] Building: era2-consensus-mcc-q001
    OK (logs/per-arch-leaderboards-rebuild-2026-04-25/era2-consensus-mcc-q001.log)
=== Era 2 single-pass+PV ===
[09:29:13] Building: era2-single-pass+PV-f1-q005
    OK (logs/per-arch-leaderboards-rebuild-2026-04-25/era2-single-pass+PV-f1-q005.log)
[09:29:14] Building: era2-single-pass+PV-f1-q001
    OK (logs/per-arch-leaderboards-rebuild-2026-04-25/era2-single-pass+PV-f1-q001.log)
[09:29:14] Building: era2-single-pass+PV-mcc-q005
    OK (logs/per-arch-leaderboards-rebuild-2026-04-25/era2-single-pass+PV-mcc-q005.log)
[09:29:15] Building: era2-single-pass+PV-mcc-q001
    OK (logs/per-arch-leaderboards-rebuild-2026-04-25/era2-single-pass+PV-mcc-q001.log)
=== Era 2 pv ===
[09:29:16] Building: era2-pv-f1-q005
    OK (logs/per-arch-leaderboards-rebuild-2026-04-25/era2-pv-f1-q005.log)
[09:29:16] Building: era2-pv-f1-q001
    OK (logs/per-arch-leaderboards-rebuild-2026-04-25/era2-pv-f1-q001.log)
[09:29:17] Building: era2-pv-mcc-q005
    OK (logs/per-arch-leaderboards-rebuild-2026-04-25/era2-pv-mcc-q005.log)
[09:29:17] Building: era2-pv-mcc-q001
    OK (logs/per-arch-leaderboards-rebuild-2026-04-25/era2-pv-mcc-q001.log)
=== Era 3 consensus ===
[09:29:18] Building: era3-consensus-f1-q005
    OK (logs/per-arch-leaderboards-rebuild-2026-04-25/era3-consensus-f1-q005.log)
[09:29:19] Building: era3-consensus-f1-q001
    OK (logs/per-arch-leaderboards-rebuild-2026-04-25/era3-consensus-f1-q001.log)
[09:29:19] Building: era3-consensus-mcc-q005
    OK (logs/per-arch-leaderboards-rebuild-2026-04-25/era3-consensus-mcc-q005.log)
[09:29:20] Building: era3-consensus-mcc-q001
    OK (logs/per-arch-leaderboards-rebuild-2026-04-25/era3-consensus-mcc-q001.log)
=== Stage 2 complete ===

=== Stage 3: tier-stability tables ===
  OK: tier-stability f1
  OK: tier-stability mcc

=== Stage 4: cross-architecture tables + MC flags ===
  OK: Stage 4 (4a+4b+4c)

=== Stage 5: documentation ===
  OK: Stage 5 docs

=== Pipeline complete ===
Wed 06 May 2026 17:29:51 +08
