2026-06-06 13:21:57,068 - INFO - Loading detections, student GT, bounds...
2026-06-06 13:21:57,220 - INFO -   detections: A=4350 B=4905  student GT=4746  tiles=8541
2026-06-06 13:21:57,225 - INFO -   review A: yesterday=692 today=240 sentinels=33
2026-06-06 13:21:57,225 - INFO -   review B: yesterday=692 today=240 sentinels=33
2026-06-06 13:21:57,225 - INFO - --- R = 20 m ---
2026-06-06 13:21:57,230 - INFO -   phantoms: A=0 B=0  ext_GT: A=4746 B=4746
2026-06-06 13:22:04,087 - INFO -   F1: k4=0.6308 vs k3=0.6296  ΔF1=+0.0013 [-0.0037, +0.0060]  p=0.6063 ns  W/L/T=126/152/8263
2026-06-06 13:22:04,090 - INFO - --- R = 25 m ---
2026-06-06 13:22:04,095 - INFO -   phantoms: A=0 B=0  ext_GT: A=4746 B=4746
2026-06-06 13:22:10,958 - INFO -   F1: k4=0.7190 vs k3=0.7183  ΔF1=+0.0007 [-0.0044, +0.0056]  p=0.7782 ns  W/L/T=132/176/8233
2026-06-06 13:22:10,960 - INFO - --- R = 30 m ---
2026-06-06 13:22:10,965 - INFO -   phantoms: A=0 B=0  ext_GT: A=4746 B=4746
2026-06-06 13:22:17,826 - INFO -   F1: k4=0.7643 vs k3=0.7651  ΔF1=-0.0008 [-0.0060, +0.0042]  p=0.7515 ns  W/L/T=129/195/8217
2026-06-06 13:22:17,828 - INFO - --- R = 35 m ---
2026-06-06 13:22:17,833 - INFO -   phantoms: A=0 B=0  ext_GT: A=4746 B=4746
2026-06-06 13:22:24,725 - INFO -   F1: k4=0.7869 vs k3=0.7896  ΔF1=-0.0026 [-0.0078, +0.0025]  p=0.3200 ns  W/L/T=127/209/8205
2026-06-06 13:22:24,727 - INFO - --- R = 40 m ---
2026-06-06 13:22:24,731 - INFO -   phantoms: A=0 B=0  ext_GT: A=4746 B=4746
2026-06-06 13:22:31,665 - INFO -   F1: k4=0.7964 vs k3=0.8003  ΔF1=-0.0039 [-0.0093, +0.0012]  p=0.1398 ns  W/L/T=124/217/8200
2026-06-06 13:22:31,667 - INFO - --- R = 45 m ---
2026-06-06 13:22:31,672 - INFO -   phantoms: A=0 B=0  ext_GT: A=4746 B=4746
2026-06-06 13:22:38,537 - INFO -   F1: k4=0.8030 vs k3=0.8080  ΔF1=-0.0050 [-0.0104, +0.0002]  p=0.0627 ns  W/L/T=124/222/8195
2026-06-06 13:22:38,539 - INFO - --- R = 50 m ---
2026-06-06 13:22:38,554 - INFO -   phantoms: A=337 B=337  ext_GT: A=5083 B=5083
2026-06-06 13:22:45,778 - INFO -   F1: k4=0.8409 vs k3=0.8510  ΔF1=-0.0101 [-0.0154, -0.0051]  p=0.0000 ***  W/L/T=113/252/8176
2026-06-06 13:22:45,780 - INFO - --- R = 75 m ---
2026-06-06 13:22:45,795 - INFO -   phantoms: A=387 B=387  ext_GT: A=5133 B=5133
2026-06-06 13:22:53,042 - INFO -   F1: k4=0.8417 vs k3=0.8579  ΔF1=-0.0162 [-0.0215, -0.0112]  p=0.0000 ***  W/L/T=94/280/8167
2026-06-06 13:22:53,043 - INFO - --- R = 100 m ---
2026-06-06 13:22:53,059 - INFO -   phantoms: A=411 B=411  ext_GT: A=5157 B=5157
2026-06-06 13:23:00,348 - INFO -   F1: k4=0.8427 vs k3=0.8609  ΔF1=-0.0181 [-0.0234, -0.0131]  p=0.0000 ***  W/L/T=88/289/8164
2026-06-06 13:23:00,350 - INFO - --- R = 125 m ---
2026-06-06 13:23:00,368 - INFO -   phantoms: A=430 B=430  ext_GT: A=5176 B=5176
2026-06-06 13:23:07,674 - INFO -   F1: k4=0.8432 vs k3=0.8632  ΔF1=-0.0200 [-0.0254, -0.0150]  p=0.0000 ***  W/L/T=83/299/8159
2026-06-06 13:23:07,677 - INFO - Wrote results/deployment-oracle-2026-06-06/k3-scoring/55maps-text-high-t0.3-generalisation/perm-k3-vs-k4/summary.json
