INFO: Detection files: 1
INFO: Loading ground truth: inputs/vectors/references/mounds-reference.geojson
INFO: Loading bounds: inputs/vectors/bounds/384/full_evaluation_bounds.geojson
INFO: Reference: 569 mounds, 487 evaluation tiles
INFO: Evaluating: detections-propose_brief-text-3-flash-2026-04-09.geojson
INFO:   5m: F1=0.138 [0.112, 0.168], P=0.087 [0.069, 0.109], R=0.329 [0.283, 0.378]
INFO:   10m: F1=0.276 [0.236, 0.317], P=0.174 [0.145, 0.207], R=0.657 [0.608, 0.704]
INFO:   15m: F1=0.334 [0.287, 0.382], P=0.211 [0.176, 0.250], R=0.798 [0.752, 0.837]
INFO:   20m: F1=0.361 [0.312, 0.412], P=0.229 [0.191, 0.269], R=0.862 [0.823, 0.896]
INFO:   25m: F1=0.374 [0.323, 0.426], P=0.236 [0.198, 0.279], R=0.892 [0.857, 0.921]
INFO:   30m: F1=0.382 [0.330, 0.434], P=0.241 [0.202, 0.284], R=0.910 [0.878, 0.936]
INFO:   35m: F1=0.386 [0.334, 0.439], P=0.244 [0.205, 0.287], R=0.922 [0.890, 0.946]
INFO:   40m: F1=0.390 [0.338, 0.443], P=0.247 [0.207, 0.290], R=0.931 [0.901, 0.953]
INFO:   45m: F1=0.392 [0.340, 0.445], P=0.248 [0.208, 0.291], R=0.936 [0.907, 0.957]
INFO:   50m: F1=0.392 [0.340, 0.445], P=0.248 [0.208, 0.291], R=0.936 [0.907, 0.957]
INFO:   75m: F1=0.395 [0.342, 0.447], P=0.250 [0.209, 0.293], R=0.943 [0.915, 0.962]
INFO:   100m: F1=0.397 [0.344, 0.449], P=0.251 [0.211, 0.294], R=0.947 [0.922, 0.966]
INFO:   125m: F1=0.397 [0.344, 0.449], P=0.251 [0.211, 0.294], R=0.947 [0.922, 0.966]
INFO:   150m: F1=0.397 [0.344, 0.449], P=0.251 [0.211, 0.294], R=0.947 [0.922, 0.966]
INFO:   MCC=0.256 [0.195, 0.308], Sens=0.991, Spec=0.151
INFO: JSON written: results/rescore-2026-09-07/e47-propose-brief/single-pass-run_4/evaluation.json
INFO: CSV written: results/rescore-2026-09-07/e47-propose-brief/single-pass-run_4/evaluation.csv
INFO: Markdown written: results/rescore-2026-09-07/e47-propose-brief/single-pass-run_4/evaluation.md
