INFO: Detection files: 1
INFO: Loading ground truth: inputs/vectors/references/best-available-gt-55maps-r2.geojson
INFO: Loading bounds: inputs/vectors/bounds/384/55maps_evaluation_bounds.geojson
INFO: Reference: 5018 mounds, 8541 evaluation tiles
INFO: Evaluating: detections.geojson
INFO:   5m: F1=0.232 [0.220, 0.245], P=0.228 [0.216, 0.241], R=0.236 [0.223, 0.249] [sparse coverage: 65.3% zero-tiles]
INFO:   10m: F1=0.523 [0.508, 0.537], P=0.514 [0.500, 0.529], R=0.531 [0.516, 0.547] [sparse coverage: 65.8% zero-tiles]
INFO:   15m: F1=0.725 [0.712, 0.738], P=0.713 [0.700, 0.726], R=0.737 [0.723, 0.750] [sparse coverage: 66.2% zero-tiles]
INFO:   20m: F1=0.840 [0.830, 0.849], P=0.826 [0.815, 0.837], R=0.854 [0.843, 0.864] [sparse coverage: 66.4% zero-tiles]
INFO:   25m: F1=0.892 [0.884, 0.899], P=0.878 [0.868, 0.887], R=0.907 [0.898, 0.915] [sparse coverage: 66.6% zero-tiles]
INFO:   30m: F1=0.912 [0.905, 0.918], P=0.897 [0.889, 0.906], R=0.927 [0.920, 0.934] [sparse coverage: 66.6% zero-tiles]
INFO:   35m: F1=0.923 [0.917, 0.929], P=0.908 [0.900, 0.916], R=0.938 [0.931, 0.945] [sparse coverage: 66.7% zero-tiles]
INFO:   40m: F1=0.927 [0.922, 0.933], P=0.913 [0.904, 0.920], R=0.943 [0.936, 0.949] [sparse coverage: 66.7% zero-tiles]
INFO:   45m: F1=0.928 [0.923, 0.934], P=0.914 [0.905, 0.921], R=0.944 [0.937, 0.950] [sparse coverage: 66.7% zero-tiles]
INFO:   50m: F1=0.929 [0.924, 0.934], P=0.914 [0.906, 0.922], R=0.944 [0.938, 0.951] [sparse coverage: 66.7% zero-tiles]
INFO:   75m: F1=0.930 [0.925, 0.935], P=0.915 [0.907, 0.923], R=0.945 [0.939, 0.951] [sparse coverage: 66.7% zero-tiles]
INFO:   100m: F1=0.930 [0.925, 0.935], P=0.915 [0.907, 0.923], R=0.946 [0.939, 0.952] [sparse coverage: 66.7% zero-tiles]
INFO:   125m: F1=0.930 [0.925, 0.935], P=0.915 [0.907, 0.923], R=0.946 [0.939, 0.952] [sparse coverage: 66.7% zero-tiles]
INFO:   150m: F1=0.930 [0.925, 0.935], P=0.916 [0.907, 0.923], R=0.946 [0.939, 0.952] [sparse coverage: 66.7% zero-tiles]
INFO:   MCC=0.767 [0.754, 0.780], Sens=0.749, Spec=0.979
INFO: JSON written: results/gemini37-image-55map-2026-09-13/replicate-k5-arm2-batch-2026-09-20/cells/IMG-ARM2-K5-f1-oracle-replicate/evaluation.json
INFO: CSV written: results/gemini37-image-55map-2026-09-13/replicate-k5-arm2-batch-2026-09-20/cells/IMG-ARM2-K5-f1-oracle-replicate/evaluation.csv
INFO: Markdown written: results/gemini37-image-55map-2026-09-13/replicate-k5-arm2-batch-2026-09-20/cells/IMG-ARM2-K5-f1-oracle-replicate/evaluation.md
