INFO: Detection files: 1
INFO: Loading ground truth: inputs/vectors/references/best-available-gt-55maps-r2.geojson
INFO: Loading bounds: inputs/vectors/bounds/384/55maps_evaluation_bounds.geojson
INFO: Reference: 5018 mounds, 8541 evaluation tiles
INFO: Evaluating: verified_detections.geojson
INFO:   5m: F1=0.122 [0.113, 0.132], P=0.132 [0.121, 0.142], R=0.114 [0.105, 0.124] [sparse coverage: 63.1% zero-tiles]
INFO:   10m: F1=0.337 [0.323, 0.351], P=0.363 [0.348, 0.378], R=0.314 [0.300, 0.329] [sparse coverage: 63.7% zero-tiles]
INFO:   15m: F1=0.528 [0.513, 0.543], P=0.569 [0.552, 0.584], R=0.493 [0.478, 0.509] [sparse coverage: 64.4% zero-tiles]
INFO:   20m: F1=0.672 [0.659, 0.686], P=0.724 [0.709, 0.738], R=0.627 [0.612, 0.643] [sparse coverage: 64.9% zero-tiles]
INFO:   25m: F1=0.752 [0.740, 0.763], P=0.809 [0.797, 0.822], R=0.702 [0.687, 0.716] [sparse coverage: 65.3% zero-tiles]
INFO:   30m: F1=0.793 [0.782, 0.803], P=0.854 [0.842, 0.864], R=0.740 [0.726, 0.753] [sparse coverage: 65.5% zero-tiles]
INFO:   35m: F1=0.813 [0.802, 0.822], P=0.875 [0.864, 0.885], R=0.758 [0.745, 0.771] [sparse coverage: 65.6% zero-tiles]
INFO:   40m: F1=0.822 [0.812, 0.831], P=0.885 [0.874, 0.894], R=0.767 [0.753, 0.780] [sparse coverage: 65.6% zero-tiles]
INFO:   45m: F1=0.827 [0.817, 0.836], P=0.890 [0.880, 0.900], R=0.772 [0.758, 0.785] [sparse coverage: 65.7% zero-tiles]
INFO:   50m: F1=0.829 [0.820, 0.838], P=0.893 [0.883, 0.902], R=0.774 [0.761, 0.787] [sparse coverage: 65.7% zero-tiles]
INFO:   75m: F1=0.831 [0.822, 0.840], P=0.895 [0.885, 0.904], R=0.776 [0.762, 0.789] [sparse coverage: 65.7% zero-tiles]
INFO:   100m: F1=0.832 [0.823, 0.841], P=0.896 [0.886, 0.906], R=0.777 [0.763, 0.790] [sparse coverage: 65.7% zero-tiles]
INFO:   125m: F1=0.833 [0.823, 0.842], P=0.897 [0.887, 0.906], R=0.777 [0.764, 0.790] [sparse coverage: 65.7% zero-tiles]
INFO:   150m: F1=0.834 [0.825, 0.843], P=0.898 [0.888, 0.908], R=0.779 [0.765, 0.791] [sparse coverage: 65.7% zero-tiles]
INFO:   MCC=0.669 [0.654, 0.684], Sens=0.651, Spec=0.965
INFO: JSON written: results/55maps-r2-ref-2026-09-06/T03-k4/evaluation.json
INFO: CSV written: results/55maps-r2-ref-2026-09-06/T03-k4/evaluation.csv
INFO: Markdown written: results/55maps-r2-ref-2026-09-06/T03-k4/evaluation.md
