INFO: Detection files: 1
INFO: Loading ground truth: inputs/vectors/references/best-available-gt-55maps-r2.geojson
INFO: Loading bounds: inputs/vectors/bounds/384/55maps_evaluation_bounds.geojson
INFO: Reference: 5018 mounds, 8541 evaluation tiles
INFO: Evaluating: detections.geojson
INFO:   5m: F1=0.227 [0.215, 0.240], P=0.221 [0.210, 0.234], R=0.234 [0.221, 0.246] [sparse coverage: 64.5% zero-tiles]
INFO:   10m: F1=0.513 [0.499, 0.528], P=0.500 [0.485, 0.515], R=0.527 [0.512, 0.543] [sparse coverage: 65.0% zero-tiles]
INFO:   15m: F1=0.712 [0.699, 0.724], P=0.693 [0.679, 0.706], R=0.731 [0.718, 0.745] [sparse coverage: 65.4% zero-tiles]
INFO:   20m: F1=0.825 [0.815, 0.835], P=0.803 [0.791, 0.814], R=0.848 [0.837, 0.858] [sparse coverage: 65.6% zero-tiles]
INFO:   25m: F1=0.876 [0.868, 0.883], P=0.853 [0.842, 0.863], R=0.900 [0.891, 0.909] [sparse coverage: 65.8% zero-tiles]
INFO:   30m: F1=0.895 [0.888, 0.902], P=0.872 [0.862, 0.881], R=0.920 [0.912, 0.928] [sparse coverage: 65.9% zero-tiles]
INFO:   35m: F1=0.907 [0.900, 0.913], P=0.883 [0.873, 0.892], R=0.932 [0.925, 0.939] [sparse coverage: 65.9% zero-tiles]
INFO:   40m: F1=0.911 [0.905, 0.917], P=0.887 [0.878, 0.896], R=0.936 [0.929, 0.943] [sparse coverage: 65.9% zero-tiles]
INFO:   45m: F1=0.912 [0.906, 0.918], P=0.888 [0.879, 0.897], R=0.938 [0.930, 0.944] [sparse coverage: 65.9% zero-tiles]
INFO:   50m: F1=0.913 [0.907, 0.919], P=0.889 [0.880, 0.898], R=0.938 [0.931, 0.945] [sparse coverage: 65.9% zero-tiles]
INFO:   75m: F1=0.914 [0.908, 0.920], P=0.890 [0.881, 0.899], R=0.940 [0.933, 0.946] [sparse coverage: 65.9% zero-tiles]
INFO:   100m: F1=0.915 [0.908, 0.920], P=0.891 [0.881, 0.899], R=0.940 [0.933, 0.946] [sparse coverage: 65.9% zero-tiles]
INFO:   125m: F1=0.915 [0.908, 0.920], P=0.891 [0.881, 0.899], R=0.940 [0.933, 0.946] [sparse coverage: 65.9% zero-tiles]
INFO:   150m: F1=0.915 [0.909, 0.921], P=0.891 [0.881, 0.900], R=0.940 [0.933, 0.947] [sparse coverage: 65.9% zero-tiles]
INFO:   MCC=0.753 [0.739, 0.766], Sens=0.751, Spec=0.967
INFO: JSON written: results/gemini37-image-55map-2026-09-13/cells/IMG-ARM1-K5-carried/evaluation.json
INFO: CSV written: results/gemini37-image-55map-2026-09-13/cells/IMG-ARM1-K5-carried/evaluation.csv
INFO: Markdown written: results/gemini37-image-55map-2026-09-13/cells/IMG-ARM1-K5-carried/evaluation.md
