INFO: Detection files: 1
INFO: Loading ground truth: inputs/vectors/references/best-available-gt-55maps-r2.geojson
INFO: Loading bounds: inputs/vectors/bounds/384/55maps_evaluation_bounds.geojson
INFO: Reference: 5018 mounds, 8541 evaluation tiles
INFO: Evaluating: detections.geojson
INFO:   5m: F1=0.214 [0.204, 0.226], P=0.197 [0.187, 0.208], R=0.235 [0.223, 0.248] [sparse coverage: 64.4% zero-tiles]
INFO:   10m: F1=0.484 [0.471, 0.498], P=0.445 [0.431, 0.458], R=0.532 [0.517, 0.547] [sparse coverage: 64.9% zero-tiles]
INFO:   15m: F1=0.687 [0.675, 0.699], P=0.631 [0.617, 0.644], R=0.754 [0.741, 0.767] [sparse coverage: 65.3% zero-tiles]
INFO:   20m: F1=0.789 [0.779, 0.799], P=0.725 [0.713, 0.736], R=0.866 [0.856, 0.876] [sparse coverage: 65.6% zero-tiles]
INFO:   25m: F1=0.837 [0.829, 0.845], P=0.769 [0.758, 0.780], R=0.919 [0.911, 0.927] [sparse coverage: 65.8% zero-tiles]
INFO:   30m: F1=0.858 [0.851, 0.865], P=0.788 [0.778, 0.799], R=0.942 [0.935, 0.948] [sparse coverage: 65.8% zero-tiles]
INFO:   35m: F1=0.867 [0.860, 0.874], P=0.796 [0.786, 0.806], R=0.952 [0.945, 0.957] [sparse coverage: 65.8% zero-tiles]
INFO:   40m: F1=0.870 [0.863, 0.877], P=0.799 [0.789, 0.809], R=0.955 [0.949, 0.961] [sparse coverage: 65.9% zero-tiles]
INFO:   45m: F1=0.872 [0.865, 0.878], P=0.800 [0.790, 0.811], R=0.957 [0.950, 0.962] [sparse coverage: 65.9% zero-tiles]
INFO:   50m: F1=0.872 [0.865, 0.878], P=0.801 [0.790, 0.811], R=0.957 [0.951, 0.962] [sparse coverage: 65.9% zero-tiles]
INFO:   75m: F1=0.874 [0.867, 0.880], P=0.803 [0.792, 0.813], R=0.959 [0.953, 0.965] [sparse coverage: 65.9% zero-tiles]
INFO:   100m: F1=0.874 [0.868, 0.881], P=0.803 [0.793, 0.813], R=0.960 [0.954, 0.965] [sparse coverage: 65.9% zero-tiles]
INFO:   125m: F1=0.875 [0.868, 0.881], P=0.803 [0.793, 0.814], R=0.960 [0.954, 0.965] [sparse coverage: 65.9% zero-tiles]
INFO:   150m: F1=0.875 [0.868, 0.881], P=0.804 [0.793, 0.814], R=0.961 [0.955, 0.966] [sparse coverage: 65.9% zero-tiles]
INFO:   MCC=0.757 [0.743, 0.770], Sens=0.757, Spec=0.967
INFO: JSON written: results/gemini37-image-55map-2026-09-13/cells/IMG-ARM2-K1-carried/evaluation.json
INFO: CSV written: results/gemini37-image-55map-2026-09-13/cells/IMG-ARM2-K1-carried/evaluation.csv
INFO: Markdown written: results/gemini37-image-55map-2026-09-13/cells/IMG-ARM2-K1-carried/evaluation.md
