INFO: Detection files: 1
INFO: Loading ground truth: inputs/vectors/references/mounds-reference.geojson
INFO: Loading bounds: inputs/vectors/bounds/384/full_evaluation_bounds.geojson
INFO: Reference: 569 mounds, 487 evaluation tiles
INFO: Evaluating: detections_pro-image-high-t0_run02.geojson
INFO:   5m: F1=0.095 [0.072, 0.122], P=0.075 [0.056, 0.097], R=0.129 [0.098, 0.165] [partial: 1/487 tiles unprocessed]
INFO:   10m: F1=0.310 [0.270, 0.355], P=0.246 [0.211, 0.285], R=0.421 [0.365, 0.475] [partial: 1/487 tiles unprocessed]
INFO:   15m: F1=0.458 [0.417, 0.499], P=0.363 [0.324, 0.403], R=0.621 [0.566, 0.671] [partial: 1/487 tiles unprocessed]
INFO:   20m: F1=0.548 [0.504, 0.591], P=0.434 [0.391, 0.478], R=0.743 [0.687, 0.790] [partial: 1/487 tiles unprocessed]
INFO:   25m: F1=0.590 [0.547, 0.633], P=0.468 [0.423, 0.513], R=0.800 [0.746, 0.842] [partial: 1/487 tiles unprocessed]
INFO:   30m: F1=0.626 [0.583, 0.666], P=0.496 [0.450, 0.541], R=0.848 [0.793, 0.885] [partial: 1/487 tiles unprocessed]
INFO:   35m: F1=0.646 [0.603, 0.687], P=0.512 [0.465, 0.558], R=0.876 [0.820, 0.910] [partial: 1/487 tiles unprocessed]
INFO:   40m: F1=0.660 [0.618, 0.700], P=0.523 [0.475, 0.569], R=0.894 [0.839, 0.926] [partial: 1/487 tiles unprocessed]
INFO:   45m: F1=0.667 [0.626, 0.706], P=0.528 [0.482, 0.575], R=0.903 [0.849, 0.933] [partial: 1/487 tiles unprocessed]
INFO:   50m: F1=0.667 [0.626, 0.706], P=0.528 [0.482, 0.575], R=0.903 [0.849, 0.933] [partial: 1/487 tiles unprocessed]
INFO:   75m: F1=0.675 [0.633, 0.714], P=0.535 [0.488, 0.582], R=0.915 [0.860, 0.943] [partial: 1/487 tiles unprocessed]
INFO:   100m: F1=0.677 [0.634, 0.716], P=0.536 [0.489, 0.583], R=0.917 [0.863, 0.946] [partial: 1/487 tiles unprocessed]
INFO:   125m: F1=0.680 [0.638, 0.720], P=0.539 [0.492, 0.586], R=0.922 [0.867, 0.949] [partial: 1/487 tiles unprocessed]
INFO:   150m: F1=0.682 [0.639, 0.721], P=0.540 [0.493, 0.588], R=0.924 [0.869, 0.951] [partial: 1/487 tiles unprocessed]
INFO:   MCC=0.651 [0.597, 0.702], Sens=0.991, Spec=0.624
INFO: JSON written: results/rescore-2026-09-07/n1-outstanding-384/pro-image-high-t0-single-pass-run_2/evaluation.json
INFO: CSV written: results/rescore-2026-09-07/n1-outstanding-384/pro-image-high-t0-single-pass-run_2/evaluation.csv
INFO: Markdown written: results/rescore-2026-09-07/n1-outstanding-384/pro-image-high-t0-single-pass-run_2/evaluation.md
