INFO: Detection files: 1
INFO: Loading ground truth: inputs/vectors/references/best-available-gt-55maps-r2.geojson
INFO: Loading bounds: inputs/vectors/bounds/384/55maps_evaluation_bounds.geojson
INFO: Reference: 5018 mounds, 8541 evaluation tiles
INFO: Evaluating: detections.geojson
INFO:   5m: F1=0.065 [0.059, 0.071], P=0.050 [0.046, 0.055], R=0.091 [0.083, 0.100] [sparse coverage: 60.8% zero-tiles]
INFO:   10m: F1=0.214 [0.204, 0.223], P=0.165 [0.158, 0.173], R=0.302 [0.289, 0.316] [sparse coverage: 61.1% zero-tiles]
INFO:   15m: F1=0.389 [0.378, 0.399], P=0.301 [0.292, 0.310], R=0.550 [0.536, 0.564] [sparse coverage: 61.5% zero-tiles]
INFO:   20m: F1=0.514 [0.504, 0.523], P=0.398 [0.389, 0.406], R=0.727 [0.713, 0.739] [sparse coverage: 61.8% zero-tiles]
INFO:   25m: F1=0.586 [0.577, 0.594], P=0.453 [0.445, 0.461], R=0.829 [0.818, 0.839] [sparse coverage: 62.1% zero-tiles]
INFO:   30m: F1=0.626 [0.618, 0.634], P=0.485 [0.476, 0.493], R=0.886 [0.876, 0.895] [sparse coverage: 62.2% zero-tiles]
INFO:   35m: F1=0.646 [0.639, 0.654], P=0.500 [0.492, 0.508], R=0.914 [0.906, 0.922] [sparse coverage: 62.3% zero-tiles]
INFO:   40m: F1=0.657 [0.650, 0.664], P=0.508 [0.500, 0.516], R=0.929 [0.922, 0.936] [sparse coverage: 62.4% zero-tiles]
INFO:   45m: F1=0.661 [0.654, 0.668], P=0.512 [0.504, 0.519], R=0.935 [0.928, 0.942] [sparse coverage: 62.4% zero-tiles]
INFO:   50m: F1=0.664 [0.657, 0.671], P=0.514 [0.506, 0.522], R=0.939 [0.932, 0.946] [sparse coverage: 62.4% zero-tiles]
INFO:   75m: F1=0.670 [0.663, 0.677], P=0.518 [0.510, 0.526], R=0.947 [0.941, 0.953] [sparse coverage: 62.4% zero-tiles]
INFO:   100m: F1=0.672 [0.665, 0.679], P=0.520 [0.512, 0.528], R=0.950 [0.943, 0.956] [sparse coverage: 62.4% zero-tiles]
INFO:   125m: F1=0.673 [0.666, 0.679], P=0.520 [0.512, 0.528], R=0.951 [0.945, 0.957] [sparse coverage: 62.4% zero-tiles]
INFO:   150m: F1=0.674 [0.667, 0.681], P=0.521 [0.513, 0.529], R=0.953 [0.947, 0.959] [sparse coverage: 62.4% zero-tiles]
INFO:   MCC=0.706 [0.691, 0.721], Sens=0.772, Spec=0.919
INFO: JSON written: results/gemini3-image-55map-2026-09-16/cells/G3IMG-ARM2-K1-carried/evaluation.json
INFO: CSV written: results/gemini3-image-55map-2026-09-16/cells/G3IMG-ARM2-K1-carried/evaluation.csv
INFO: Markdown written: results/gemini3-image-55map-2026-09-16/cells/G3IMG-ARM2-K1-carried/evaluation.md
