INFO: Detection files: 1
INFO: Loading ground truth: inputs/vectors/references/best-available-gt-55maps-r2.geojson
INFO: Loading bounds: inputs/vectors/bounds/384/55maps_evaluation_bounds.geojson
INFO: Reference: 5018 mounds, 8541 evaluation tiles
INFO: Evaluating: detections.geojson
INFO:   5m: F1=0.065 [0.059, 0.072], P=0.055 [0.049, 0.060], R=0.081 [0.074, 0.089] [sparse coverage: 65.1% zero-tiles]
INFO:   10m: F1=0.215 [0.205, 0.225], P=0.179 [0.171, 0.188], R=0.267 [0.254, 0.280] [sparse coverage: 65.3% zero-tiles]
INFO:   15m: F1=0.391 [0.380, 0.402], P=0.327 [0.317, 0.337], R=0.486 [0.472, 0.500] [sparse coverage: 65.8% zero-tiles]
INFO:   20m: F1=0.515 [0.504, 0.525], P=0.431 [0.421, 0.440], R=0.641 [0.627, 0.655] [sparse coverage: 66.0% zero-tiles]
INFO:   25m: F1=0.587 [0.577, 0.596], P=0.490 [0.481, 0.500], R=0.730 [0.716, 0.743] [sparse coverage: 66.2% zero-tiles]
INFO:   30m: F1=0.629 [0.620, 0.638], P=0.526 [0.517, 0.535], R=0.783 [0.770, 0.795] [sparse coverage: 66.4% zero-tiles]
INFO:   35m: F1=0.651 [0.643, 0.659], P=0.544 [0.535, 0.553], R=0.810 [0.798, 0.821] [sparse coverage: 66.5% zero-tiles]
INFO:   40m: F1=0.665 [0.657, 0.672], P=0.556 [0.547, 0.564], R=0.827 [0.815, 0.837] [sparse coverage: 66.5% zero-tiles]
INFO:   45m: F1=0.670 [0.662, 0.678], P=0.560 [0.551, 0.569], R=0.834 [0.822, 0.844] [sparse coverage: 66.5% zero-tiles]
INFO:   50m: F1=0.675 [0.668, 0.683], P=0.565 [0.556, 0.573], R=0.840 [0.828, 0.851] [sparse coverage: 66.5% zero-tiles]
INFO:   75m: F1=0.684 [0.676, 0.691], P=0.572 [0.563, 0.580], R=0.850 [0.839, 0.861] [sparse coverage: 66.6% zero-tiles]
INFO:   100m: F1=0.689 [0.682, 0.696], P=0.576 [0.567, 0.584], R=0.857 [0.846, 0.867] [sparse coverage: 66.6% zero-tiles]
INFO:   125m: F1=0.692 [0.685, 0.699], P=0.578 [0.570, 0.587], R=0.861 [0.850, 0.871] [sparse coverage: 66.6% zero-tiles]
INFO:   150m: F1=0.695 [0.688, 0.702], P=0.581 [0.572, 0.589], R=0.864 [0.853, 0.874] [sparse coverage: 66.6% zero-tiles]
INFO:   MCC=0.744 [0.731, 0.757], Sens=0.712, Spec=0.983
INFO: JSON written: results/gemini3-image-55map-2026-09-16/cells/G3IMG-ARM1-K1-f1-oracle/evaluation.json
INFO: CSV written: results/gemini3-image-55map-2026-09-16/cells/G3IMG-ARM1-K1-f1-oracle/evaluation.csv
INFO: Markdown written: results/gemini3-image-55map-2026-09-16/cells/G3IMG-ARM1-K1-f1-oracle/evaluation.md
