INFO: Detection files: 1
INFO: Loading ground truth: inputs/vectors/references/best-available-gt-55maps-r2.geojson
INFO: Loading bounds: inputs/vectors/bounds/384/55maps_evaluation_bounds.geojson
INFO: Reference: 5018 mounds, 8541 evaluation tiles
INFO: Evaluating: detections.geojson
INFO:   5m: F1=0.065 [0.060, 0.072], P=0.051 [0.047, 0.056], R=0.091 [0.083, 0.100] [sparse coverage: 61.2% zero-tiles]
INFO:   10m: F1=0.217 [0.207, 0.226], P=0.169 [0.161, 0.177], R=0.301 [0.287, 0.314] [sparse coverage: 61.4% zero-tiles]
INFO:   15m: F1=0.393 [0.382, 0.404], P=0.307 [0.298, 0.316], R=0.546 [0.531, 0.560] [sparse coverage: 61.9% zero-tiles]
INFO:   20m: F1=0.519 [0.509, 0.528], P=0.405 [0.396, 0.414], R=0.720 [0.707, 0.733] [sparse coverage: 62.1% zero-tiles]
INFO:   25m: F1=0.592 [0.584, 0.601], P=0.463 [0.454, 0.471], R=0.822 [0.811, 0.833] [sparse coverage: 62.4% zero-tiles]
INFO:   30m: F1=0.633 [0.625, 0.642], P=0.495 [0.487, 0.504], R=0.879 [0.869, 0.888] [sparse coverage: 62.6% zero-tiles]
INFO:   35m: F1=0.653 [0.646, 0.661], P=0.511 [0.502, 0.519], R=0.907 [0.898, 0.914] [sparse coverage: 62.6% zero-tiles]
INFO:   40m: F1=0.665 [0.658, 0.672], P=0.520 [0.511, 0.528], R=0.923 [0.915, 0.930] [sparse coverage: 62.7% zero-tiles]
INFO:   45m: F1=0.669 [0.662, 0.677], P=0.523 [0.515, 0.531], R=0.929 [0.921, 0.936] [sparse coverage: 62.7% zero-tiles]
INFO:   50m: F1=0.673 [0.666, 0.680], P=0.526 [0.518, 0.534], R=0.934 [0.927, 0.941] [sparse coverage: 62.7% zero-tiles]
INFO:   75m: F1=0.680 [0.673, 0.687], P=0.531 [0.523, 0.539], R=0.943 [0.936, 0.950] [sparse coverage: 62.7% zero-tiles]
INFO:   100m: F1=0.682 [0.675, 0.689], P=0.533 [0.525, 0.541], R=0.947 [0.940, 0.952] [sparse coverage: 62.8% zero-tiles]
INFO:   125m: F1=0.684 [0.677, 0.691], P=0.535 [0.526, 0.543], R=0.949 [0.943, 0.955] [sparse coverage: 62.8% zero-tiles]
INFO:   150m: F1=0.685 [0.678, 0.692], P=0.535 [0.527, 0.544], R=0.951 [0.944, 0.957] [sparse coverage: 62.8% zero-tiles]
INFO:   MCC=0.713 [0.698, 0.728], Sens=0.771, Spec=0.925
INFO: JSON written: results/gemini3-image-55map-2026-09-16/inheritance-2026-09-20/cells/G3IMG-ARM2-K1-carried-inherited/evaluation.json
INFO: CSV written: results/gemini3-image-55map-2026-09-16/inheritance-2026-09-20/cells/G3IMG-ARM2-K1-carried-inherited/evaluation.csv
INFO: Markdown written: results/gemini3-image-55map-2026-09-16/inheritance-2026-09-20/cells/G3IMG-ARM2-K1-carried-inherited/evaluation.md
