2026-05-03 02:09:42,445 INFO analyse_subtype_classification: git commit: 239a6bf42
2026-05-03 02:09:42,446 INFO analyse_subtype_classification: vocabulary mapping: {'Burial mound': 'burial_mound', 'Burial Mound': 'burial_mound', 'Bench mark on burial mound': 'benchmark_mound', 'Triangulation point on burial mound': 'triangulation_mound', 'Settlement mound': 'settlement_mound'}
2026-05-03 02:09:42,446 INFO analyse_subtype_classification: GT dir SHA256s:
2026-05-03 02:09:42,446 INFO analyse_subtype_classification:   8ff028b1d3722ce3  reference_K-35-052-4_32635.geojson
2026-05-03 02:09:42,447 INFO analyse_subtype_classification:   d00240ab176c750e  reference_K-35-053-3_Elenovo.geojson
2026-05-03 02:09:42,447 INFO analyse_subtype_classification:   bb9cba32cb283443  reference_K-35-062-2_Rakovski.geojson
2026-05-03 02:09:42,447 INFO analyse_subtype_classification:   ae7c9f8af786c12f  reference_K-35-078-1_Lesovo.geojson
2026-05-03 02:09:42,447 INFO analyse_subtype_classification: bounds SHA256: 16ef76c69f01124e  full_evaluation_bounds.geojson
2026-05-03 02:09:42,471 INFO analyse_subtype_classification: Loaded 569 GT features across 4 files; by subtype: {'settlement_mound': 5, 'burial_mound': 456, 'benchmark_mound': 65, 'triangulation_mound': 43}
2026-05-03 02:09:42,476 INFO analyse_subtype_classification: GT total features loaded: 569 (expected 569)
2026-05-03 02:09:42,476 INFO analyse_subtype_classification: === Analysing consensus 3/5 → outputs/h11/gold-standard-v2/consensus/consensus-3of5.geojson (SHA256=2104886fdcaaa31c) ===
2026-05-03 02:09:42,486 INFO analyse_subtype_classification: Loaded 868 detections from consensus-3of5.geojson; by subtype: {'burial_mound': 672, 'triangulation_mound': 88, 'benchmark_mound': 104, 'settlement_mound': 4}
2026-05-03 02:09:44,125 INFO analyse_subtype_classification: Running 10000-iteration bootstrap at buffer=50 m ...
2026-05-03 02:10:18,757 INFO analyse_subtype_classification: === Analysing consensus 4/5 → outputs/h11/gold-standard-v2/consensus/consensus-4of5.geojson (SHA256=f0189d0cfe8e6e4f) ===
2026-05-03 02:10:18,764 INFO analyse_subtype_classification: Loaded 608 detections from consensus-4of5.geojson; by subtype: {'burial_mound': 463, 'triangulation_mound': 74, 'benchmark_mound': 67, 'settlement_mound': 4}
2026-05-03 02:10:20,005 INFO analyse_subtype_classification: Running 10000-iteration bootstrap at buffer=50 m ...
2026-05-03 02:10:54,082 INFO analyse_subtype_classification: === Analysing consensus 5/5 → outputs/h11/gold-standard-v2/consensus/consensus-5of5.geojson (SHA256=4853ec1460711b3c) ===
2026-05-03 02:10:54,088 INFO analyse_subtype_classification: Loaded 420 detections from consensus-5of5.geojson; by subtype: {'burial_mound': 321, 'triangulation_mound': 59, 'benchmark_mound': 38, 'settlement_mound': 2}
2026-05-03 02:10:55,081 INFO analyse_subtype_classification: Running 10000-iteration bootstrap at buffer=50 m ...
2026-05-03 02:11:27,890 INFO analyse_subtype_classification: Using consensus 4/5 as headline threshold.
2026-05-03 02:11:27,911 INFO analyse_subtype_classification: All outputs written to results/gold-standard-subtype-classification
