=== 2026-10-07T12:32:51Z
g3-image-run1            free     landed                       cachedContents/bl4zvtf32vdozkk27ru062wzllwux6k83zcpedng
g37-image-run1           PROTECTS process live                 -
g37-image-run2           PROTECTS process live                 -
1 cache(s) listed; 0 to delete
=== 2026-10-07T13:02:52Z
g3-image-run1            free     landed                       cachedContents/bl4zvtf32vdozkk27ru062wzllwux6k83zcpedng
g37-image-run1           PROTECTS process live                 -
g37-image-run2           PROTECTS process live                 -
g37-image-run3           PROTECTS process live                 -
g37-image-run4           PROTECTS process live                 -
g37-image-run5           PROTECTS process live                 -
g37-text-run1            PROTECTS process live                 -
g37-text-run2            PROTECTS process live                 -
g37-text-run3            PROTECTS process live                 -
g37-text-run4            PROTECTS process live                 -
1 cache(s) listed; 0 to delete
=== 2026-10-07T13:32:54Z
g3-image-run1            free     landed                       cachedContents/bl4zvtf32vdozkk27ru062wzllwux6k83zcpedng
g3-image-run2            free     landed                       cachedContents/3dxjt3yg0hbfsjazma87poz6x5pj5n9t4qr4o6c3
g3-image-run3            free     landed                       cachedContents/asb1tqn0l3vl2kcnt7u0y46k7yitnqet0qmgdnre
g3-image-run4            free     landed                       cachedContents/84uf59z59hk7s2qtxuafyn9mba9lswnohfbw9xgb
g3-image-run5            free     landed                       cachedContents/znclq8mwdsmf1exejz72bf4ty9bi2ze6izyvt7uu
g3-image-run6            free     landed                       cachedContents/nx3xn8fspm7iq9rk2bvahkkpg2p34sdi74i8fpio
g3-image-run7            free     landed                       cachedContents/kmn7jtt3g4q95l26i9jqpiybeq3t2taas31vz1nf
g3-image-run8            PROTECTS process live                 cachedContents/mzkgg7hnvx3syec26upebu2c1y5a2o04k56k5txz
g37-image-run1           PROTECTS process live                 -
g37-image-run2           PROTECTS process live                 -
g37-image-run3           PROTECTS process live                 -
g37-image-run4           PROTECTS process live                 -
g37-image-run5           PROTECTS process live                 -
g37-text-run1            PROTECTS process live                 -
g37-text-run2            PROTECTS process live                 -
g37-text-run3            PROTECTS process live                 -
g37-text-run4            PROTECTS process live                 -
g37-text-run5            PROTECTS process live                 -
8 cache(s) listed; 1 to delete
  deleted cachedContents/bl4zvtf32vdozkk27ru062wzllwux6k83zcpedng
=== 2026-10-07T14:02:57Z
g3-image-run1            free     landed                       cachedContents/bl4zvtf32vdozkk27ru062wzllwux6k83zcpedng
g3-image-run10           free     landed                       cachedContents/ywrfqaclvilg7k5u5s4xol9jxntcax7rzk9fkzo3
g3-image-run2            free     landed                       cachedContents/3dxjt3yg0hbfsjazma87poz6x5pj5n9t4qr4o6c3
g3-image-run3            free     landed                       cachedContents/asb1tqn0l3vl2kcnt7u0y46k7yitnqet0qmgdnre
g3-image-run4            free     landed                       cachedContents/84uf59z59hk7s2qtxuafyn9mba9lswnohfbw9xgb
g3-image-run5            free     landed                       cachedContents/znclq8mwdsmf1exejz72bf4ty9bi2ze6izyvt7uu
g3-image-run6            free     landed                       cachedContents/nx3xn8fspm7iq9rk2bvahkkpg2p34sdi74i8fpio
g3-image-run7            free     landed                       cachedContents/kmn7jtt3g4q95l26i9jqpiybeq3t2taas31vz1nf
g3-image-run8            free     landed                       cachedContents/mzkgg7hnvx3syec26upebu2c1y5a2o04k56k5txz
g3-image-run9            free     landed                       cachedContents/0bjdwqi6h4tvif3zfqt9x4vays7zc292yfjbtwx3
g3-text-run1             free     landed                       -
g3-text-run2             free     landed                       -
g3-text-run3             free     landed                       -
g3-text-run4             PROTECTS process live                 -
g3-text-run5             PROTECTS process live                 -
g3-text-run6             PROTECTS process live                 -
g3-text-run7             PROTECTS process live                 -
g37-image-run1           PROTECTS process live                 -
g37-image-run2           PROTECTS process live                 -
g37-image-run3           PROTECTS process live                 -
g37-image-run4           PROTECTS process live                 -
g37-image-run5           PROTECTS process live                 -
g37-text-run1            PROTECTS process live                 -
g37-text-run2            PROTECTS process live                 -
g37-text-run3            PROTECTS process live                 -
g37-text-run4            PROTECTS process live                 -
g37-text-run5            PROTECTS process live                 -
9 cache(s) listed; 0 to delete
=== 2026-10-07T14:32:58Z
g3-image-run1            free     landed                       cachedContents/bl4zvtf32vdozkk27ru062wzllwux6k83zcpedng
g3-image-run10           free     landed                       cachedContents/ywrfqaclvilg7k5u5s4xol9jxntcax7rzk9fkzo3
g3-image-run2            free     landed                       cachedContents/3dxjt3yg0hbfsjazma87poz6x5pj5n9t4qr4o6c3
g3-image-run3            free     landed                       cachedContents/asb1tqn0l3vl2kcnt7u0y46k7yitnqet0qmgdnre
g3-image-run4            free     landed                       cachedContents/84uf59z59hk7s2qtxuafyn9mba9lswnohfbw9xgb
g3-image-run5            free     landed                       cachedContents/znclq8mwdsmf1exejz72bf4ty9bi2ze6izyvt7uu
g3-image-run6            free     landed                       cachedContents/nx3xn8fspm7iq9rk2bvahkkpg2p34sdi74i8fpio
g3-image-run7            free     landed                       cachedContents/kmn7jtt3g4q95l26i9jqpiybeq3t2taas31vz1nf
g3-image-run8            free     landed                       cachedContents/mzkgg7hnvx3syec26upebu2c1y5a2o04k56k5txz
g3-image-run9            free     landed                       cachedContents/0bjdwqi6h4tvif3zfqt9x4vays7zc292yfjbtwx3
g3-text-run1             free     landed                       -
g3-text-run10            free     landed                       -
g3-text-run2             free     landed                       -
g3-text-run3             free     landed                       -
g3-text-run4             free     landed                       -
g3-text-run5             free     landed                       -
g3-text-run6             free     landed                       -
g3-text-run7             free     landed                       -
g3-text-run8             free     landed                       -
g3-text-run9             free     landed                       -
g37-image-cache-run1     PROTECTS process live                 cachedContents/hev634dln1t0fiaoec1yaxt2o9gepvn4u9n3c3ah
g37-image-cache-run2     PROTECTS process live                 cachedContents/eh7iyuiboye8ia62653obmjvxth4x96n62imw50c
g37-image-cache-run3     PROTECTS process live                 cachedContents/1wst5dfsn52uuwcsdkhakiiu5slg5w4fbkx97w0k
g37-image-cache-run4     PROTECTS process live                 cachedContents/ro7500zssw2sazkikj2tuvml8xzwpldoxtuvb21t
g37-image-cache-run5     PROTECTS process live                 cachedContents/dwnigl52lmbbl8c1s1rqckaoh67ob5iubclyvib1
g37-image-run1           PROTECTS process live                 -
g37-image-run2           PROTECTS process live                 -
g37-image-run3           PROTECTS process live                 -
g37-image-run4           PROTECTS process live                 -
g37-image-run5           PROTECTS process live                 -
g37-text-run1            PROTECTS process live                 -
g37-text-run2            PROTECTS process live                 -
g37-text-run3            PROTECTS process live                 -
g37-text-run4            PROTECTS process live                 -
g37-text-run5            PROTECTS process live                 -
14 cache(s) listed; 0 to delete
=== 2026-10-07T15:03:00Z
g3-image-run1            free     landed                       cachedContents/bl4zvtf32vdozkk27ru062wzllwux6k83zcpedng
g3-image-run10           free     landed                       cachedContents/ywrfqaclvilg7k5u5s4xol9jxntcax7rzk9fkzo3
g3-image-run2            free     landed                       cachedContents/3dxjt3yg0hbfsjazma87poz6x5pj5n9t4qr4o6c3
g3-image-run3            free     landed                       cachedContents/asb1tqn0l3vl2kcnt7u0y46k7yitnqet0qmgdnre
g3-image-run4            free     landed                       cachedContents/84uf59z59hk7s2qtxuafyn9mba9lswnohfbw9xgb
g3-image-run5            free     landed                       cachedContents/znclq8mwdsmf1exejz72bf4ty9bi2ze6izyvt7uu
g3-image-run6            free     landed                       cachedContents/nx3xn8fspm7iq9rk2bvahkkpg2p34sdi74i8fpio
g3-image-run7            free     landed                       cachedContents/kmn7jtt3g4q95l26i9jqpiybeq3t2taas31vz1nf
g3-image-run8            free     landed                       cachedContents/mzkgg7hnvx3syec26upebu2c1y5a2o04k56k5txz
g3-image-run9            free     landed                       cachedContents/0bjdwqi6h4tvif3zfqt9x4vays7zc292yfjbtwx3
g3-image-temp1-run1      free     landed                       cachedContents/sd9ftblzcus6tcwy9t0uv1h3k5vvyc99zwiuujea
g3-image-temp1-run2      free     landed                       cachedContents/qj0paye3amgmhqihbt1x4ei27balv3cggav06rxd
g3-image-temp1-run3      free     landed                       cachedContents/x36drwf02kj9v7jdoy73z3tpnbd0jzewhjy197vs
g3-image-temp1-run4      free     landed                       cachedContents/mxbnktskqlef6kmgq4tip2dbskfb9311saluzlof
g3-image-temp1-run5      free     landed                       cachedContents/7hq7nhnualfppsa8esc16pv2dbkhdmrdiogklu31
g3-text-run1             free     landed                       -
g3-text-run10            free     landed                       -
g3-text-run2             free     landed                       -
g3-text-run3             free     landed                       -
g3-text-run4             free     landed                       -
g3-text-run5             free     landed                       -
g3-text-run6             free     landed                       -
g3-text-run7             free     landed                       -
g3-text-run8             free     landed                       -
g3-text-run9             free     landed                       -
g3-text-temp1-run1       PROTECTS process live                 -
g3-text-temp1-run2       PROTECTS process live                 -
g3-text-temp1-run3       PROTECTS process live                 -
g3-text-temp1-run4       PROTECTS process live                 -
g37-image-cache-run1     PROTECTS process live                 cachedContents/hev634dln1t0fiaoec1yaxt2o9gepvn4u9n3c3ah
g37-image-cache-run2     PROTECTS process live                 cachedContents/eh7iyuiboye8ia62653obmjvxth4x96n62imw50c
g37-image-cache-run3     PROTECTS process live                 cachedContents/1wst5dfsn52uuwcsdkhakiiu5slg5w4fbkx97w0k
g37-image-cache-run4     PROTECTS process live                 cachedContents/ro7500zssw2sazkikj2tuvml8xzwpldoxtuvb21t
g37-image-cache-run5     PROTECTS process live                 cachedContents/dwnigl52lmbbl8c1s1rqckaoh67ob5iubclyvib1
g37-image-run1           PROTECTS process live                 -
g37-image-run2           PROTECTS process live                 -
g37-image-run3           PROTECTS process live                 -
g37-image-run4           PROTECTS process live                 -
g37-image-run5           PROTECTS process live                 -
g37-text-run1            PROTECTS process live                 -
g37-text-run2            PROTECTS process live                 -
g37-text-run3            PROTECTS process live                 -
g37-text-run4            PROTECTS process live                 -
g37-text-run5            PROTECTS process live                 -
19 cache(s) listed; 7 to delete
  deleted cachedContents/mzkgg7hnvx3syec26upebu2c1y5a2o04k56k5txz
  deleted cachedContents/kmn7jtt3g4q95l26i9jqpiybeq3t2taas31vz1nf
  deleted cachedContents/nx3xn8fspm7iq9rk2bvahkkpg2p34sdi74i8fpio
  deleted cachedContents/znclq8mwdsmf1exejz72bf4ty9bi2ze6izyvt7uu
  deleted cachedContents/84uf59z59hk7s2qtxuafyn9mba9lswnohfbw9xgb
  deleted cachedContents/asb1tqn0l3vl2kcnt7u0y46k7yitnqet0qmgdnre
  deleted cachedContents/3dxjt3yg0hbfsjazma87poz6x5pj5n9t4qr4o6c3
=== 2026-10-07T15:33:10Z
g3-image-run1            free     landed                       cachedContents/bl4zvtf32vdozkk27ru062wzllwux6k83zcpedng
g3-image-run10           free     landed                       cachedContents/ywrfqaclvilg7k5u5s4xol9jxntcax7rzk9fkzo3
g3-image-run2            free     landed                       cachedContents/3dxjt3yg0hbfsjazma87poz6x5pj5n9t4qr4o6c3
g3-image-run3            free     landed                       cachedContents/asb1tqn0l3vl2kcnt7u0y46k7yitnqet0qmgdnre
g3-image-run4            free     landed                       cachedContents/84uf59z59hk7s2qtxuafyn9mba9lswnohfbw9xgb
g3-image-run5            free     landed                       cachedContents/znclq8mwdsmf1exejz72bf4ty9bi2ze6izyvt7uu
g3-image-run6            free     landed                       cachedContents/nx3xn8fspm7iq9rk2bvahkkpg2p34sdi74i8fpio
g3-image-run7            free     landed                       cachedContents/kmn7jtt3g4q95l26i9jqpiybeq3t2taas31vz1nf
g3-image-run8            free     landed                       cachedContents/mzkgg7hnvx3syec26upebu2c1y5a2o04k56k5txz
g3-image-run9            free     landed                       cachedContents/0bjdwqi6h4tvif3zfqt9x4vays7zc292yfjbtwx3
g3-image-temp1-run1      free     landed                       cachedContents/sd9ftblzcus6tcwy9t0uv1h3k5vvyc99zwiuujea
g3-image-temp1-run2      free     landed                       cachedContents/qj0paye3amgmhqihbt1x4ei27balv3cggav06rxd
g3-image-temp1-run3      free     landed                       cachedContents/x36drwf02kj9v7jdoy73z3tpnbd0jzewhjy197vs
g3-image-temp1-run4      free     landed                       cachedContents/mxbnktskqlef6kmgq4tip2dbskfb9311saluzlof
g3-image-temp1-run5      free     landed                       cachedContents/7hq7nhnualfppsa8esc16pv2dbkhdmrdiogklu31
g3-text-run1             free     landed                       -
g3-text-run10            free     landed                       -
g3-text-run2             free     landed                       -
g3-text-run3             free     landed                       -
g3-text-run4             free     landed                       -
g3-text-run5             free     landed                       -
g3-text-run6             free     landed                       -
g3-text-run7             free     landed                       -
g3-text-run8             free     landed                       -
g3-text-run9             free     landed                       -
g3-text-temp1-run1       PROTECTS process live                 -
g3-text-temp1-run2       PROTECTS process live                 -
g3-text-temp1-run3       PROTECTS process live                 -
g3-text-temp1-run4       PROTECTS process live                 -
g3-text-temp1-run5       PROTECTS process live                 -
g37-image-cache-run1     PROTECTS process live                 cachedContents/hev634dln1t0fiaoec1yaxt2o9gepvn4u9n3c3ah
g37-image-cache-run2     PROTECTS process live                 cachedContents/eh7iyuiboye8ia62653obmjvxth4x96n62imw50c
g37-image-cache-run3     PROTECTS process live                 cachedContents/1wst5dfsn52uuwcsdkhakiiu5slg5w4fbkx97w0k
g37-image-cache-run4     PROTECTS process live                 cachedContents/ro7500zssw2sazkikj2tuvml8xzwpldoxtuvb21t
g37-image-cache-run5     PROTECTS process live                 cachedContents/dwnigl52lmbbl8c1s1rqckaoh67ob5iubclyvib1
g37-image-run1           PROTECTS process live                 -
g37-image-run2           PROTECTS process live                 -
g37-image-run3           PROTECTS process live                 -
g37-image-run4           PROTECTS process live                 -
g37-image-run5           PROTECTS process live                 -
g37-text-run1            PROTECTS process live                 -
g37-text-run2            PROTECTS process live                 -
g37-text-run3            PROTECTS process live                 -
g37-text-run4            PROTECTS process live                 -
g37-text-run5            PROTECTS process live                 -
12 cache(s) listed; 2 to delete
  deleted cachedContents/ywrfqaclvilg7k5u5s4xol9jxntcax7rzk9fkzo3
  deleted cachedContents/0bjdwqi6h4tvif3zfqt9x4vays7zc292yfjbtwx3
=== 2026-10-07T16:03:14Z
g3-image-run1            free     landed                       cachedContents/bl4zvtf32vdozkk27ru062wzllwux6k83zcpedng
g3-image-run10           free     landed                       cachedContents/ywrfqaclvilg7k5u5s4xol9jxntcax7rzk9fkzo3
g3-image-run2            free     landed                       cachedContents/3dxjt3yg0hbfsjazma87poz6x5pj5n9t4qr4o6c3
g3-image-run3            free     landed                       cachedContents/asb1tqn0l3vl2kcnt7u0y46k7yitnqet0qmgdnre
g3-image-run4            free     landed                       cachedContents/84uf59z59hk7s2qtxuafyn9mba9lswnohfbw9xgb
g3-image-run5            free     landed                       cachedContents/znclq8mwdsmf1exejz72bf4ty9bi2ze6izyvt7uu
g3-image-run6            free     landed                       cachedContents/nx3xn8fspm7iq9rk2bvahkkpg2p34sdi74i8fpio
g3-image-run7            free     landed                       cachedContents/kmn7jtt3g4q95l26i9jqpiybeq3t2taas31vz1nf
g3-image-run8            free     landed                       cachedContents/mzkgg7hnvx3syec26upebu2c1y5a2o04k56k5txz
g3-image-run9            free     landed                       cachedContents/0bjdwqi6h4tvif3zfqt9x4vays7zc292yfjbtwx3
g3-image-temp1-run1      free     landed                       cachedContents/sd9ftblzcus6tcwy9t0uv1h3k5vvyc99zwiuujea
g3-image-temp1-run2      free     landed                       cachedContents/qj0paye3amgmhqihbt1x4ei27balv3cggav06rxd
g3-image-temp1-run3      free     landed                       cachedContents/x36drwf02kj9v7jdoy73z3tpnbd0jzewhjy197vs
g3-image-temp1-run4      free     landed                       cachedContents/mxbnktskqlef6kmgq4tip2dbskfb9311saluzlof
g3-image-temp1-run5      free     landed                       cachedContents/7hq7nhnualfppsa8esc16pv2dbkhdmrdiogklu31
g3-text-run1             free     landed                       -
g3-text-run10            free     landed                       -
g3-text-run2             free     landed                       -
g3-text-run3             free     landed                       -
g3-text-run4             free     landed                       -
g3-text-run5             free     landed                       -
g3-text-run6             free     landed                       -
g3-text-run7             free     landed                       -
g3-text-run8             free     landed                       -
g3-text-run9             free     landed                       -
g3-text-temp1-run1       free     landed                       -
g3-text-temp1-run2       PROTECTS process live                 -
g3-text-temp1-run3       PROTECTS process live                 -
g3-text-temp1-run4       PROTECTS process live                 -
g3-text-temp1-run5       PROTECTS process live                 -
g37-image-cache-run1     PROTECTS process live                 cachedContents/hev634dln1t0fiaoec1yaxt2o9gepvn4u9n3c3ah
g37-image-cache-run2     PROTECTS process live                 cachedContents/eh7iyuiboye8ia62653obmjvxth4x96n62imw50c
g37-image-cache-run3     PROTECTS process live                 cachedContents/1wst5dfsn52uuwcsdkhakiiu5slg5w4fbkx97w0k
g37-image-cache-run4     PROTECTS process live                 cachedContents/ro7500zssw2sazkikj2tuvml8xzwpldoxtuvb21t
g37-image-cache-run5     PROTECTS process live                 cachedContents/dwnigl52lmbbl8c1s1rqckaoh67ob5iubclyvib1
g37-image-run1           PROTECTS process live                 -
g37-image-run2           PROTECTS process live                 -
g37-image-run3           PROTECTS process live                 -
g37-image-run4           PROTECTS process live                 -
g37-image-run5           PROTECTS process live                 -
g37-text-run1            PROTECTS process live                 -
g37-text-run2            PROTECTS process live                 -
g37-text-run3            PROTECTS process live                 -
g37-text-run4            PROTECTS process live                 -
g37-text-run5            PROTECTS process live                 -
10 cache(s) listed; 0 to delete
=== 2026-10-07T16:33:15Z
g3-image-run1            free     landed                       cachedContents/bl4zvtf32vdozkk27ru062wzllwux6k83zcpedng
g3-image-run10           free     landed                       cachedContents/ywrfqaclvilg7k5u5s4xol9jxntcax7rzk9fkzo3
g3-image-run2            free     landed                       cachedContents/3dxjt3yg0hbfsjazma87poz6x5pj5n9t4qr4o6c3
g3-image-run3            free     landed                       cachedContents/asb1tqn0l3vl2kcnt7u0y46k7yitnqet0qmgdnre
g3-image-run4            free     landed                       cachedContents/84uf59z59hk7s2qtxuafyn9mba9lswnohfbw9xgb
g3-image-run5            free     landed                       cachedContents/znclq8mwdsmf1exejz72bf4ty9bi2ze6izyvt7uu
g3-image-run6            free     landed                       cachedContents/nx3xn8fspm7iq9rk2bvahkkpg2p34sdi74i8fpio
g3-image-run7            free     landed                       cachedContents/kmn7jtt3g4q95l26i9jqpiybeq3t2taas31vz1nf
g3-image-run8            free     landed                       cachedContents/mzkgg7hnvx3syec26upebu2c1y5a2o04k56k5txz
g3-image-run9            free     landed                       cachedContents/0bjdwqi6h4tvif3zfqt9x4vays7zc292yfjbtwx3
g3-image-temp1-run1      free     landed                       cachedContents/sd9ftblzcus6tcwy9t0uv1h3k5vvyc99zwiuujea
g3-image-temp1-run2      free     landed                       cachedContents/qj0paye3amgmhqihbt1x4ei27balv3cggav06rxd
g3-image-temp1-run3      free     landed                       cachedContents/x36drwf02kj9v7jdoy73z3tpnbd0jzewhjy197vs
g3-image-temp1-run4      free     landed                       cachedContents/mxbnktskqlef6kmgq4tip2dbskfb9311saluzlof
g3-image-temp1-run5      free     landed                       cachedContents/7hq7nhnualfppsa8esc16pv2dbkhdmrdiogklu31
g3-text-run1             free     landed                       -
g3-text-run10            free     landed                       -
g3-text-run2             free     landed                       -
g3-text-run3             free     landed                       -
g3-text-run4             free     landed                       -
g3-text-run5             free     landed                       -
g3-text-run6             free     landed                       -
g3-text-run7             free     landed                       -
g3-text-run8             free     landed                       -
g3-text-run9             free     landed                       -
g3-text-temp1-run1       free     landed                       -
g3-text-temp1-run2       free     landed                       -
g3-text-temp1-run3       free     landed                       -
g3-text-temp1-run4       free     landed                       -
g3-text-temp1-run5       free     landed                       -
g37-image-cache-run1     PROTECTS process live                 cachedContents/hev634dln1t0fiaoec1yaxt2o9gepvn4u9n3c3ah
g37-image-cache-run2     PROTECTS process live                 cachedContents/eh7iyuiboye8ia62653obmjvxth4x96n62imw50c
g37-image-cache-run3     PROTECTS process live                 cachedContents/1wst5dfsn52uuwcsdkhakiiu5slg5w4fbkx97w0k
g37-image-cache-run4     PROTECTS process live                 cachedContents/ro7500zssw2sazkikj2tuvml8xzwpldoxtuvb21t
g37-image-cache-run5     PROTECTS process live                 cachedContents/dwnigl52lmbbl8c1s1rqckaoh67ob5iubclyvib1
g37-image-run1           PROTECTS process live                 -
g37-image-run2           PROTECTS process live                 -
g37-image-run3           PROTECTS process live                 -
g37-image-run4           PROTECTS process live                 -
g37-image-run5           PROTECTS process live                 -
g37-text-run1            PROTECTS process live                 -
g37-text-run2            PROTECTS process live                 -
g37-text-run3            PROTECTS process live                 -
g37-text-run4            PROTECTS process live                 -
g37-text-run5            PROTECTS process live                 -
10 cache(s) listed; 5 to delete
  deleted cachedContents/7hq7nhnualfppsa8esc16pv2dbkhdmrdiogklu31
  deleted cachedContents/mxbnktskqlef6kmgq4tip2dbskfb9311saluzlof
  deleted cachedContents/x36drwf02kj9v7jdoy73z3tpnbd0jzewhjy197vs
  deleted cachedContents/qj0paye3amgmhqihbt1x4ei27balv3cggav06rxd
  deleted cachedContents/sd9ftblzcus6tcwy9t0uv1h3k5vvyc99zwiuujea
=== 2026-10-07T17:03:23Z
g3-image-run1            free     landed                       cachedContents/bl4zvtf32vdozkk27ru062wzllwux6k83zcpedng
g3-image-run10           free     landed                       cachedContents/ywrfqaclvilg7k5u5s4xol9jxntcax7rzk9fkzo3
g3-image-run2            free     landed                       cachedContents/3dxjt3yg0hbfsjazma87poz6x5pj5n9t4qr4o6c3
g3-image-run3            free     landed                       cachedContents/asb1tqn0l3vl2kcnt7u0y46k7yitnqet0qmgdnre
g3-image-run4            free     landed                       cachedContents/84uf59z59hk7s2qtxuafyn9mba9lswnohfbw9xgb
g3-image-run5            free     landed                       cachedContents/znclq8mwdsmf1exejz72bf4ty9bi2ze6izyvt7uu
g3-image-run6            free     landed                       cachedContents/nx3xn8fspm7iq9rk2bvahkkpg2p34sdi74i8fpio
g3-image-run7            free     landed                       cachedContents/kmn7jtt3g4q95l26i9jqpiybeq3t2taas31vz1nf
g3-image-run8            free     landed                       cachedContents/mzkgg7hnvx3syec26upebu2c1y5a2o04k56k5txz
g3-image-run9            free     landed                       cachedContents/0bjdwqi6h4tvif3zfqt9x4vays7zc292yfjbtwx3
g3-image-temp1-run1      free     landed                       cachedContents/sd9ftblzcus6tcwy9t0uv1h3k5vvyc99zwiuujea
g3-image-temp1-run2      free     landed                       cachedContents/qj0paye3amgmhqihbt1x4ei27balv3cggav06rxd
g3-image-temp1-run3      free     landed                       cachedContents/x36drwf02kj9v7jdoy73z3tpnbd0jzewhjy197vs
g3-image-temp1-run4      free     landed                       cachedContents/mxbnktskqlef6kmgq4tip2dbskfb9311saluzlof
g3-image-temp1-run5      free     landed                       cachedContents/7hq7nhnualfppsa8esc16pv2dbkhdmrdiogklu31
g3-text-run1             free     landed                       -
g3-text-run10            free     landed                       -
g3-text-run2             free     landed                       -
g3-text-run3             free     landed                       -
g3-text-run4             free     landed                       -
g3-text-run5             free     landed                       -
g3-text-run6             free     landed                       -
g3-text-run7             free     landed                       -
g3-text-run7_rd1         PROTECTS process live                 -
g3-text-run8             free     landed                       -
g3-text-run8_rd1         PROTECTS process live                 -
g3-text-run9             free     landed                       -
g3-text-run9_rd1         PROTECTS process live                 -
g3-text-temp1-run1       free     landed                       -
g3-text-temp1-run2       free     landed                       -
g3-text-temp1-run3       free     landed                       -
g3-text-temp1-run4       free     landed                       -
g3-text-temp1-run5       free     landed                       -
g37-image-cache-run1     PROTECTS process live                 cachedContents/hev634dln1t0fiaoec1yaxt2o9gepvn4u9n3c3ah
g37-image-cache-run2     PROTECTS process live                 cachedContents/eh7iyuiboye8ia62653obmjvxth4x96n62imw50c
g37-image-cache-run3     PROTECTS process live                 cachedContents/1wst5dfsn52uuwcsdkhakiiu5slg5w4fbkx97w0k
g37-image-cache-run4     PROTECTS process live                 cachedContents/ro7500zssw2sazkikj2tuvml8xzwpldoxtuvb21t
g37-image-cache-run5     PROTECTS process live                 cachedContents/dwnigl52lmbbl8c1s1rqckaoh67ob5iubclyvib1
g37-image-run1           PROTECTS process live                 -
g37-image-run2           PROTECTS process live                 -
g37-image-run3           PROTECTS process live                 -
g37-image-run4           PROTECTS process live                 -
g37-image-run5           PROTECTS process live                 -
g37-text-run1            free     landed                       -
g37-text-run2            PROTECTS process live                 -
g37-text-run3            free     landed                       -
g37-text-run4            PROTECTS process live                 -
g37-text-run5            PROTECTS process live                 -
5 cache(s) listed; 0 to delete
=== 2026-10-07T17:33:25Z
g3-image-run1            free     landed                       cachedContents/bl4zvtf32vdozkk27ru062wzllwux6k83zcpedng
g3-image-run10           free     landed                       cachedContents/ywrfqaclvilg7k5u5s4xol9jxntcax7rzk9fkzo3
g3-image-run2            free     landed                       cachedContents/3dxjt3yg0hbfsjazma87poz6x5pj5n9t4qr4o6c3
g3-image-run3            free     landed                       cachedContents/asb1tqn0l3vl2kcnt7u0y46k7yitnqet0qmgdnre
g3-image-run4            free     landed                       cachedContents/84uf59z59hk7s2qtxuafyn9mba9lswnohfbw9xgb
g3-image-run5            free     landed                       cachedContents/znclq8mwdsmf1exejz72bf4ty9bi2ze6izyvt7uu
g3-image-run6            free     landed                       cachedContents/nx3xn8fspm7iq9rk2bvahkkpg2p34sdi74i8fpio
g3-image-run7            free     landed                       cachedContents/kmn7jtt3g4q95l26i9jqpiybeq3t2taas31vz1nf
g3-image-run8            free     landed                       cachedContents/mzkgg7hnvx3syec26upebu2c1y5a2o04k56k5txz
g3-image-run9            free     landed                       cachedContents/0bjdwqi6h4tvif3zfqt9x4vays7zc292yfjbtwx3
g3-image-temp1-run1      free     landed                       cachedContents/sd9ftblzcus6tcwy9t0uv1h3k5vvyc99zwiuujea
g3-image-temp1-run2      free     landed                       cachedContents/qj0paye3amgmhqihbt1x4ei27balv3cggav06rxd
g3-image-temp1-run3      free     landed                       cachedContents/x36drwf02kj9v7jdoy73z3tpnbd0jzewhjy197vs
g3-image-temp1-run4      free     landed                       cachedContents/mxbnktskqlef6kmgq4tip2dbskfb9311saluzlof
g3-image-temp1-run5      free     landed                       cachedContents/7hq7nhnualfppsa8esc16pv2dbkhdmrdiogklu31
g3-text-run1             free     landed                       -
g3-text-run10            free     landed                       -
g3-text-run10_rd1        PROTECTS process live                 -
g3-text-run2             free     landed                       -
g3-text-run3             free     landed                       -
g3-text-run4             free     landed                       -
g3-text-run5             free     landed                       -
g3-text-run6             free     landed                       -
g3-text-run7             free     landed                       -
g3-text-run7_rd1         PROTECTS process live                 -
g3-text-run8             free     landed                       -
g3-text-run8_rd1         PROTECTS process live                 -
g3-text-run9             free     landed                       -
g3-text-run9_rd1         PROTECTS process live                 -
g3-text-temp1-run1       free     landed                       -
g3-text-temp1-run1_rd1   PROTECTS process live                 -
g3-text-temp1-run2       free     landed                       -
g3-text-temp1-run2_rd1   PROTECTS process live                 -
g3-text-temp1-run3       free     landed                       -
g3-text-temp1-run3_rd1   PROTECTS process live                 -
g3-text-temp1-run4       free     landed                       -
g3-text-temp1-run4_rd1   PROTECTS process live                 -
g3-text-temp1-run5       free     landed                       -
g3-text-temp1-run5_rd1   PROTECTS process live                 -
g37-image-cache-run1     PROTECTS process live                 cachedContents/hev634dln1t0fiaoec1yaxt2o9gepvn4u9n3c3ah
g37-image-cache-run2     PROTECTS process live                 cachedContents/eh7iyuiboye8ia62653obmjvxth4x96n62imw50c
g37-image-cache-run3     PROTECTS process live                 cachedContents/1wst5dfsn52uuwcsdkhakiiu5slg5w4fbkx97w0k
g37-image-cache-run4     PROTECTS process live                 cachedContents/ro7500zssw2sazkikj2tuvml8xzwpldoxtuvb21t
g37-image-cache-run5     PROTECTS process live                 cachedContents/dwnigl52lmbbl8c1s1rqckaoh67ob5iubclyvib1
g37-image-run1           PROTECTS process live                 -
g37-image-run2           PROTECTS process live                 -
g37-image-run3           PROTECTS process live                 -
g37-image-run4           PROTECTS process live                 -
g37-image-run5           PROTECTS process live                 -
g37-text-run1            free     landed                       -
g37-text-run2            PROTECTS process live                 -
g37-text-run3            free     landed                       -
g37-text-run4            PROTECTS process live                 -
g37-text-run5            PROTECTS process live                 -
5 cache(s) listed; 0 to delete
=== 2026-10-07T18:03:26Z
g3-image-run1            free     landed                       cachedContents/bl4zvtf32vdozkk27ru062wzllwux6k83zcpedng
g3-image-run10           free     landed                       cachedContents/ywrfqaclvilg7k5u5s4xol9jxntcax7rzk9fkzo3
g3-image-run2            free     landed                       cachedContents/3dxjt3yg0hbfsjazma87poz6x5pj5n9t4qr4o6c3
g3-image-run3            free     landed                       cachedContents/asb1tqn0l3vl2kcnt7u0y46k7yitnqet0qmgdnre
g3-image-run4            free     landed                       cachedContents/84uf59z59hk7s2qtxuafyn9mba9lswnohfbw9xgb
g3-image-run5            free     landed                       cachedContents/znclq8mwdsmf1exejz72bf4ty9bi2ze6izyvt7uu
g3-image-run6            free     landed                       cachedContents/nx3xn8fspm7iq9rk2bvahkkpg2p34sdi74i8fpio
g3-image-run7            free     landed                       cachedContents/kmn7jtt3g4q95l26i9jqpiybeq3t2taas31vz1nf
g3-image-run8            free     landed                       cachedContents/mzkgg7hnvx3syec26upebu2c1y5a2o04k56k5txz
g3-image-run9            free     landed                       cachedContents/0bjdwqi6h4tvif3zfqt9x4vays7zc292yfjbtwx3
g3-image-temp1-run1      free     landed                       cachedContents/sd9ftblzcus6tcwy9t0uv1h3k5vvyc99zwiuujea
g3-image-temp1-run2      free     landed                       cachedContents/qj0paye3amgmhqihbt1x4ei27balv3cggav06rxd
g3-image-temp1-run3      free     landed                       cachedContents/x36drwf02kj9v7jdoy73z3tpnbd0jzewhjy197vs
g3-image-temp1-run4      free     landed                       cachedContents/mxbnktskqlef6kmgq4tip2dbskfb9311saluzlof
g3-image-temp1-run5      free     landed                       cachedContents/7hq7nhnualfppsa8esc16pv2dbkhdmrdiogklu31
g3-text-run1             free     landed                       -
g3-text-run10            free     landed                       -
g3-text-run10_rd1        free     landed                       -
g3-text-run2             free     landed                       -
g3-text-run3             free     landed                       -
g3-text-run4             free     landed                       -
g3-text-run5             free     landed                       -
g3-text-run6             free     landed                       -
g3-text-run7             free     landed                       -
g3-text-run7_rd1         free     landed                       -
g3-text-run8             free     landed                       -
g3-text-run8_rd1         free     landed                       -
g3-text-run9             free     landed                       -
g3-text-run9_rd1         free     landed                       -
g3-text-temp1-run1       free     landed                       -
g3-text-temp1-run1_rd1   free     landed                       -
g3-text-temp1-run2       free     landed                       -
g3-text-temp1-run2_rd1   free     landed                       -
g3-text-temp1-run3       free     landed                       -
g3-text-temp1-run3_rd1   free     landed                       -
g3-text-temp1-run4       free     landed                       -
g3-text-temp1-run4_rd1   free     landed                       -
g3-text-temp1-run5       free     landed                       -
g3-text-temp1-run5_rd1   free     landed                       -
g37-image-cache-run1     PROTECTS process live                 cachedContents/hev634dln1t0fiaoec1yaxt2o9gepvn4u9n3c3ah
g37-image-cache-run2     PROTECTS process live                 cachedContents/eh7iyuiboye8ia62653obmjvxth4x96n62imw50c
g37-image-cache-run3     PROTECTS process live                 cachedContents/1wst5dfsn52uuwcsdkhakiiu5slg5w4fbkx97w0k
g37-image-cache-run4     PROTECTS process live                 cachedContents/ro7500zssw2sazkikj2tuvml8xzwpldoxtuvb21t
g37-image-cache-run5     PROTECTS process live                 cachedContents/dwnigl52lmbbl8c1s1rqckaoh67ob5iubclyvib1
g37-image-run1           PROTECTS process live                 -
g37-image-run2           PROTECTS process live                 -
g37-image-run3           PROTECTS process live                 -
g37-image-run4           PROTECTS process live                 -
g37-image-run5           PROTECTS process live                 -
g37-text-run1            free     landed                       -
g37-text-run2            free     landed                       -
g37-text-run3            free     landed                       -
g37-text-run4            free     landed                       -
g37-text-run5            PROTECTS process live                 -
5 cache(s) listed; 0 to delete
=== 2026-10-07T18:33:27Z
g3-image-run1            free     landed                       cachedContents/bl4zvtf32vdozkk27ru062wzllwux6k83zcpedng
g3-image-run10           free     landed                       cachedContents/ywrfqaclvilg7k5u5s4xol9jxntcax7rzk9fkzo3
g3-image-run2            free     landed                       cachedContents/3dxjt3yg0hbfsjazma87poz6x5pj5n9t4qr4o6c3
g3-image-run3            free     landed                       cachedContents/asb1tqn0l3vl2kcnt7u0y46k7yitnqet0qmgdnre
g3-image-run4            free     landed                       cachedContents/84uf59z59hk7s2qtxuafyn9mba9lswnohfbw9xgb
g3-image-run5            free     landed                       cachedContents/znclq8mwdsmf1exejz72bf4ty9bi2ze6izyvt7uu
g3-image-run6            free     landed                       cachedContents/nx3xn8fspm7iq9rk2bvahkkpg2p34sdi74i8fpio
g3-image-run7            free     landed                       cachedContents/kmn7jtt3g4q95l26i9jqpiybeq3t2taas31vz1nf
g3-image-run8            free     landed                       cachedContents/mzkgg7hnvx3syec26upebu2c1y5a2o04k56k5txz
g3-image-run9            free     landed                       cachedContents/0bjdwqi6h4tvif3zfqt9x4vays7zc292yfjbtwx3
g3-image-temp1-run1      free     landed                       cachedContents/sd9ftblzcus6tcwy9t0uv1h3k5vvyc99zwiuujea
g3-image-temp1-run2      free     landed                       cachedContents/qj0paye3amgmhqihbt1x4ei27balv3cggav06rxd
g3-image-temp1-run3      free     landed                       cachedContents/x36drwf02kj9v7jdoy73z3tpnbd0jzewhjy197vs
g3-image-temp1-run4      free     landed                       cachedContents/mxbnktskqlef6kmgq4tip2dbskfb9311saluzlof
g3-image-temp1-run5      free     landed                       cachedContents/7hq7nhnualfppsa8esc16pv2dbkhdmrdiogklu31
g3-text-run1             free     landed                       -
g3-text-run10            free     landed                       -
g3-text-run10_rd1        free     landed                       -
g3-text-run2             free     landed                       -
g3-text-run3             free     landed                       -
g3-text-run4             free     landed                       -
g3-text-run5             free     landed                       -
g3-text-run6             free     landed                       -
g3-text-run7             free     landed                       -
g3-text-run7_rd1         free     landed                       -
g3-text-run8             free     landed                       -
g3-text-run8_rd1         free     landed                       -
g3-text-run9             free     landed                       -
g3-text-run9_rd1         free     landed                       -
g3-text-temp1-run1       free     landed                       -
g3-text-temp1-run1_rd1   free     landed                       -
g3-text-temp1-run2       free     landed                       -
g3-text-temp1-run2_rd1   free     landed                       -
g3-text-temp1-run3       free     landed                       -
g3-text-temp1-run3_rd1   free     landed                       -
g3-text-temp1-run4       free     landed                       -
g3-text-temp1-run4_rd1   free     landed                       -
g3-text-temp1-run5       free     landed                       -
g3-text-temp1-run5_rd1   free     landed                       -
g37-image-cache-run1     PROTECTS process live                 cachedContents/hev634dln1t0fiaoec1yaxt2o9gepvn4u9n3c3ah
g37-image-cache-run2     PROTECTS process live                 cachedContents/eh7iyuiboye8ia62653obmjvxth4x96n62imw50c
g37-image-cache-run3     PROTECTS process live                 cachedContents/1wst5dfsn52uuwcsdkhakiiu5slg5w4fbkx97w0k
g37-image-cache-run4     PROTECTS process live                 cachedContents/ro7500zssw2sazkikj2tuvml8xzwpldoxtuvb21t
g37-image-cache-run5     PROTECTS process live                 cachedContents/dwnigl52lmbbl8c1s1rqckaoh67ob5iubclyvib1
g37-image-run1           PROTECTS process live                 -
g37-image-run2           PROTECTS process live                 -
g37-image-run3           PROTECTS process live                 -
g37-image-run4           PROTECTS process live                 -
g37-image-run5           PROTECTS process live                 -
g37-text-run1            free     landed                       -
g37-text-run2            free     landed                       -
g37-text-run3            free     landed                       -
g37-text-run4            free     landed                       -
g37-text-run5            PROTECTS process live                 -
5 cache(s) listed; 0 to delete
=== 2026-10-07T19:03:28Z
g3-image-run1            free     landed                       cachedContents/bl4zvtf32vdozkk27ru062wzllwux6k83zcpedng
g3-image-run10           free     landed                       cachedContents/ywrfqaclvilg7k5u5s4xol9jxntcax7rzk9fkzo3
g3-image-run2            free     landed                       cachedContents/3dxjt3yg0hbfsjazma87poz6x5pj5n9t4qr4o6c3
g3-image-run3            free     landed                       cachedContents/asb1tqn0l3vl2kcnt7u0y46k7yitnqet0qmgdnre
g3-image-run4            free     landed                       cachedContents/84uf59z59hk7s2qtxuafyn9mba9lswnohfbw9xgb
g3-image-run5            free     landed                       cachedContents/znclq8mwdsmf1exejz72bf4ty9bi2ze6izyvt7uu
g3-image-run6            free     landed                       cachedContents/nx3xn8fspm7iq9rk2bvahkkpg2p34sdi74i8fpio
g3-image-run7            free     landed                       cachedContents/kmn7jtt3g4q95l26i9jqpiybeq3t2taas31vz1nf
g3-image-run8            free     landed                       cachedContents/mzkgg7hnvx3syec26upebu2c1y5a2o04k56k5txz
g3-image-run9            free     landed                       cachedContents/0bjdwqi6h4tvif3zfqt9x4vays7zc292yfjbtwx3
g3-image-temp1-run1      free     landed                       cachedContents/sd9ftblzcus6tcwy9t0uv1h3k5vvyc99zwiuujea
g3-image-temp1-run2      free     landed                       cachedContents/qj0paye3amgmhqihbt1x4ei27balv3cggav06rxd
g3-image-temp1-run3      free     landed                       cachedContents/x36drwf02kj9v7jdoy73z3tpnbd0jzewhjy197vs
g3-image-temp1-run4      free     landed                       cachedContents/mxbnktskqlef6kmgq4tip2dbskfb9311saluzlof
g3-image-temp1-run5      free     landed                       cachedContents/7hq7nhnualfppsa8esc16pv2dbkhdmrdiogklu31
g3-text-run1             free     landed                       -
g3-text-run10            free     landed                       -
g3-text-run10_rd1        free     landed                       -
g3-text-run2             free     landed                       -
g3-text-run3             free     landed                       -
g3-text-run4             free     landed                       -
g3-text-run5             free     landed                       -
g3-text-run6             free     landed                       -
g3-text-run7             free     landed                       -
g3-text-run7_rd1         free     landed                       -
g3-text-run8             free     landed                       -
g3-text-run8_rd1         free     landed                       -
g3-text-run9             free     landed                       -
g3-text-run9_rd1         free     landed                       -
g3-text-temp1-run1       free     landed                       -
g3-text-temp1-run1_rd1   free     landed                       -
g3-text-temp1-run2       free     landed                       -
g3-text-temp1-run2_rd1   free     landed                       -
g3-text-temp1-run3       free     landed                       -
g3-text-temp1-run3_rd1   free     landed                       -
g3-text-temp1-run4       free     landed                       -
g3-text-temp1-run4_rd1   free     landed                       -
g3-text-temp1-run5       free     landed                       -
g3-text-temp1-run5_rd1   free     landed                       -
g37-image-cache-run1     PROTECTS process live                 cachedContents/hev634dln1t0fiaoec1yaxt2o9gepvn4u9n3c3ah
g37-image-cache-run2     PROTECTS process live                 cachedContents/eh7iyuiboye8ia62653obmjvxth4x96n62imw50c
g37-image-cache-run3     PROTECTS process live                 cachedContents/1wst5dfsn52uuwcsdkhakiiu5slg5w4fbkx97w0k
g37-image-cache-run4     PROTECTS process live                 cachedContents/ro7500zssw2sazkikj2tuvml8xzwpldoxtuvb21t
g37-image-cache-run5     PROTECTS process live                 cachedContents/dwnigl52lmbbl8c1s1rqckaoh67ob5iubclyvib1
g37-image-run1           PROTECTS process live                 -
g37-image-run2           PROTECTS process live                 -
g37-image-run3           PROTECTS process live                 -
g37-image-run4           PROTECTS process live                 -
g37-image-run5           PROTECTS process live                 -
g37-text-run1            free     landed                       -
g37-text-run2            free     landed                       -
g37-text-run3            free     landed                       -
g37-text-run4            free     landed                       -
g37-text-run5            free     landed                       -
5 cache(s) listed; 0 to delete
=== 2026-10-07T19:33:29Z
g3-image-run1            free     landed                       cachedContents/bl4zvtf32vdozkk27ru062wzllwux6k83zcpedng
g3-image-run10           free     landed                       cachedContents/ywrfqaclvilg7k5u5s4xol9jxntcax7rzk9fkzo3
g3-image-run2            free     landed                       cachedContents/3dxjt3yg0hbfsjazma87poz6x5pj5n9t4qr4o6c3
g3-image-run3            free     landed                       cachedContents/asb1tqn0l3vl2kcnt7u0y46k7yitnqet0qmgdnre
g3-image-run4            free     landed                       cachedContents/84uf59z59hk7s2qtxuafyn9mba9lswnohfbw9xgb
g3-image-run5            free     landed                       cachedContents/znclq8mwdsmf1exejz72bf4ty9bi2ze6izyvt7uu
g3-image-run6            free     landed                       cachedContents/nx3xn8fspm7iq9rk2bvahkkpg2p34sdi74i8fpio
g3-image-run7            free     landed                       cachedContents/kmn7jtt3g4q95l26i9jqpiybeq3t2taas31vz1nf
g3-image-run8            free     landed                       cachedContents/mzkgg7hnvx3syec26upebu2c1y5a2o04k56k5txz
g3-image-run9            free     landed                       cachedContents/0bjdwqi6h4tvif3zfqt9x4vays7zc292yfjbtwx3
g3-image-temp1-run1      free     landed                       cachedContents/sd9ftblzcus6tcwy9t0uv1h3k5vvyc99zwiuujea
g3-image-temp1-run2      free     landed                       cachedContents/qj0paye3amgmhqihbt1x4ei27balv3cggav06rxd
g3-image-temp1-run3      free     landed                       cachedContents/x36drwf02kj9v7jdoy73z3tpnbd0jzewhjy197vs
g3-image-temp1-run4      free     landed                       cachedContents/mxbnktskqlef6kmgq4tip2dbskfb9311saluzlof
g3-image-temp1-run5      free     landed                       cachedContents/7hq7nhnualfppsa8esc16pv2dbkhdmrdiogklu31
g3-text-run1             free     landed                       -
g3-text-run10            free     landed                       -
g3-text-run10_rd1        free     landed                       -
g3-text-run2             free     landed                       -
g3-text-run3             free     landed                       -
g3-text-run4             free     landed                       -
g3-text-run5             free     landed                       -
g3-text-run6             free     landed                       -
g3-text-run7             free     landed                       -
g3-text-run7_rd1         free     landed                       -
g3-text-run8             free     landed                       -
g3-text-run8_rd1         free     landed                       -
g3-text-run9             free     landed                       -
g3-text-run9_rd1         free     landed                       -
g3-text-temp1-run1       free     landed                       -
g3-text-temp1-run1_rd1   free     landed                       -
g3-text-temp1-run2       free     landed                       -
g3-text-temp1-run2_rd1   free     landed                       -
g3-text-temp1-run3       free     landed                       -
g3-text-temp1-run3_rd1   free     landed                       -
g3-text-temp1-run4       free     landed                       -
g3-text-temp1-run4_rd1   free     landed                       -
g3-text-temp1-run5       free     landed                       -
g3-text-temp1-run5_rd1   free     landed                       -
g37-image-cache-run1     free     landed                       cachedContents/hev634dln1t0fiaoec1yaxt2o9gepvn4u9n3c3ah
g37-image-cache-run2     PROTECTS process live                 cachedContents/eh7iyuiboye8ia62653obmjvxth4x96n62imw50c
g37-image-cache-run3     PROTECTS process live                 cachedContents/1wst5dfsn52uuwcsdkhakiiu5slg5w4fbkx97w0k
g37-image-cache-run4     free     landed                       cachedContents/ro7500zssw2sazkikj2tuvml8xzwpldoxtuvb21t
g37-image-cache-run5     PROTECTS process live                 cachedContents/dwnigl52lmbbl8c1s1rqckaoh67ob5iubclyvib1
g37-image-run1           PROTECTS process live                 -
g37-image-run2           PROTECTS process live                 -
g37-image-run3           PROTECTS process live                 -
g37-image-run4           PROTECTS process live                 -
g37-image-run5           PROTECTS process live                 -
g37-text-run1            free     landed                       -
g37-text-run2            free     landed                       -
g37-text-run3            free     landed                       -
g37-text-run4            free     landed                       -
g37-text-run5            free     landed                       -
5 cache(s) listed; 2 to delete
  deleted cachedContents/ro7500zssw2sazkikj2tuvml8xzwpldoxtuvb21t
  deleted cachedContents/hev634dln1t0fiaoec1yaxt2o9gepvn4u9n3c3ah
=== 2026-10-07T20:03:34Z
g3-image-run1            free     landed                       cachedContents/bl4zvtf32vdozkk27ru062wzllwux6k83zcpedng
g3-image-run10           free     landed                       cachedContents/ywrfqaclvilg7k5u5s4xol9jxntcax7rzk9fkzo3
g3-image-run2            free     landed                       cachedContents/3dxjt3yg0hbfsjazma87poz6x5pj5n9t4qr4o6c3
g3-image-run3            free     landed                       cachedContents/asb1tqn0l3vl2kcnt7u0y46k7yitnqet0qmgdnre
g3-image-run4            free     landed                       cachedContents/84uf59z59hk7s2qtxuafyn9mba9lswnohfbw9xgb
g3-image-run5            free     landed                       cachedContents/znclq8mwdsmf1exejz72bf4ty9bi2ze6izyvt7uu
g3-image-run6            free     landed                       cachedContents/nx3xn8fspm7iq9rk2bvahkkpg2p34sdi74i8fpio
g3-image-run7            free     landed                       cachedContents/kmn7jtt3g4q95l26i9jqpiybeq3t2taas31vz1nf
g3-image-run8            free     landed                       cachedContents/mzkgg7hnvx3syec26upebu2c1y5a2o04k56k5txz
g3-image-run9            free     landed                       cachedContents/0bjdwqi6h4tvif3zfqt9x4vays7zc292yfjbtwx3
g3-image-temp1-run1      free     landed                       cachedContents/sd9ftblzcus6tcwy9t0uv1h3k5vvyc99zwiuujea
g3-image-temp1-run2      free     landed                       cachedContents/qj0paye3amgmhqihbt1x4ei27balv3cggav06rxd
g3-image-temp1-run3      free     landed                       cachedContents/x36drwf02kj9v7jdoy73z3tpnbd0jzewhjy197vs
g3-image-temp1-run4      free     landed                       cachedContents/mxbnktskqlef6kmgq4tip2dbskfb9311saluzlof
g3-image-temp1-run5      free     landed                       cachedContents/7hq7nhnualfppsa8esc16pv2dbkhdmrdiogklu31
g3-text-run1             free     landed                       -
g3-text-run10            free     landed                       -
g3-text-run10_rd1        free     landed                       -
g3-text-run2             free     landed                       -
g3-text-run3             free     landed                       -
g3-text-run4             free     landed                       -
g3-text-run5             free     landed                       -
g3-text-run6             free     landed                       -
g3-text-run7             free     landed                       -
g3-text-run7_rd1         free     landed                       -
g3-text-run8             free     landed                       -
g3-text-run8_rd1         free     landed                       -
g3-text-run9             free     landed                       -
g3-text-run9_rd1         free     landed                       -
g3-text-temp1-run1       free     landed                       -
g3-text-temp1-run1_rd1   free     landed                       -
g3-text-temp1-run2       free     landed                       -
g3-text-temp1-run2_rd1   free     landed                       -
g3-text-temp1-run3       free     landed                       -
g3-text-temp1-run3_rd1   free     landed                       -
g3-text-temp1-run4       free     landed                       -
g3-text-temp1-run4_rd1   free     landed                       -
g3-text-temp1-run5       free     landed                       -
g3-text-temp1-run5_rd1   free     landed                       -
g37-image-cache-run1     free     landed                       cachedContents/hev634dln1t0fiaoec1yaxt2o9gepvn4u9n3c3ah
g37-image-cache-run2     free     landed                       cachedContents/eh7iyuiboye8ia62653obmjvxth4x96n62imw50c
g37-image-cache-run3     PROTECTS process live                 cachedContents/1wst5dfsn52uuwcsdkhakiiu5slg5w4fbkx97w0k
g37-image-cache-run4     free     landed                       cachedContents/ro7500zssw2sazkikj2tuvml8xzwpldoxtuvb21t
g37-image-cache-run5     PROTECTS process live                 cachedContents/dwnigl52lmbbl8c1s1rqckaoh67ob5iubclyvib1
g37-image-run1           PROTECTS process live                 -
g37-image-run2           PROTECTS process live                 -
g37-image-run3           PROTECTS process live                 -
g37-image-run4           PROTECTS process live                 -
g37-image-run5           PROTECTS process live                 -
g37-text-run1            free     landed                       -
g37-text-run2            free     landed                       -
g37-text-run3            free     landed                       -
g37-text-run4            free     landed                       -
g37-text-run5            free     landed                       -
3 cache(s) listed; 1 to delete
  deleted cachedContents/eh7iyuiboye8ia62653obmjvxth4x96n62imw50c
=== 2026-10-07T20:33:38Z
g3-image-run1            free     landed                       cachedContents/bl4zvtf32vdozkk27ru062wzllwux6k83zcpedng
g3-image-run10           free     landed                       cachedContents/ywrfqaclvilg7k5u5s4xol9jxntcax7rzk9fkzo3
g3-image-run2            free     landed                       cachedContents/3dxjt3yg0hbfsjazma87poz6x5pj5n9t4qr4o6c3
g3-image-run3            free     landed                       cachedContents/asb1tqn0l3vl2kcnt7u0y46k7yitnqet0qmgdnre
g3-image-run4            free     landed                       cachedContents/84uf59z59hk7s2qtxuafyn9mba9lswnohfbw9xgb
g3-image-run5            free     landed                       cachedContents/znclq8mwdsmf1exejz72bf4ty9bi2ze6izyvt7uu
g3-image-run6            free     landed                       cachedContents/nx3xn8fspm7iq9rk2bvahkkpg2p34sdi74i8fpio
g3-image-run7            free     landed                       cachedContents/kmn7jtt3g4q95l26i9jqpiybeq3t2taas31vz1nf
g3-image-run8            free     landed                       cachedContents/mzkgg7hnvx3syec26upebu2c1y5a2o04k56k5txz
g3-image-run9            free     landed                       cachedContents/0bjdwqi6h4tvif3zfqt9x4vays7zc292yfjbtwx3
g3-image-temp1-run1      free     landed                       cachedContents/sd9ftblzcus6tcwy9t0uv1h3k5vvyc99zwiuujea
g3-image-temp1-run2      free     landed                       cachedContents/qj0paye3amgmhqihbt1x4ei27balv3cggav06rxd
g3-image-temp1-run3      free     landed                       cachedContents/x36drwf02kj9v7jdoy73z3tpnbd0jzewhjy197vs
g3-image-temp1-run4      free     landed                       cachedContents/mxbnktskqlef6kmgq4tip2dbskfb9311saluzlof
g3-image-temp1-run5      free     landed                       cachedContents/7hq7nhnualfppsa8esc16pv2dbkhdmrdiogklu31
g3-text-run1             free     landed                       -
g3-text-run10            free     landed                       -
g3-text-run10_rd1        free     landed                       -
g3-text-run2             free     landed                       -
g3-text-run3             free     landed                       -
g3-text-run4             free     landed                       -
g3-text-run5             free     landed                       -
g3-text-run6             free     landed                       -
g3-text-run7             free     landed                       -
g3-text-run7_rd1         free     landed                       -
g3-text-run8             free     landed                       -
g3-text-run8_rd1         free     landed                       -
g3-text-run9             free     landed                       -
g3-text-run9_rd1         free     landed                       -
g3-text-temp1-run1       free     landed                       -
g3-text-temp1-run1_rd1   free     landed                       -
g3-text-temp1-run2       free     landed                       -
g3-text-temp1-run2_rd1   free     landed                       -
g3-text-temp1-run3       free     landed                       -
g3-text-temp1-run3_rd1   free     landed                       -
g3-text-temp1-run4       free     landed                       -
g3-text-temp1-run4_rd1   free     landed                       -
g3-text-temp1-run5       free     landed                       -
g3-text-temp1-run5_rd1   free     landed                       -
g37-image-cache-run1     free     landed                       cachedContents/hev634dln1t0fiaoec1yaxt2o9gepvn4u9n3c3ah
g37-image-cache-run2     free     landed                       cachedContents/eh7iyuiboye8ia62653obmjvxth4x96n62imw50c
g37-image-cache-run3     free     landed                       cachedContents/1wst5dfsn52uuwcsdkhakiiu5slg5w4fbkx97w0k
g37-image-cache-run4     free     landed                       cachedContents/ro7500zssw2sazkikj2tuvml8xzwpldoxtuvb21t
g37-image-cache-run5     PROTECTS process live                 cachedContents/dwnigl52lmbbl8c1s1rqckaoh67ob5iubclyvib1
g37-image-run1           free     landed                       -
g37-image-run2           PROTECTS process live                 -
g37-image-run3           PROTECTS process live                 -
g37-image-run4           PROTECTS process live                 -
g37-image-run5           PROTECTS process live                 -
g37-text-run1            free     landed                       -
g37-text-run2            free     landed                       -
g37-text-run3            free     landed                       -
g37-text-run4            free     landed                       -
g37-text-run5            free     landed                       -
2 cache(s) listed; 1 to delete
  deleted cachedContents/1wst5dfsn52uuwcsdkhakiiu5slg5w4fbkx97w0k
=== 2026-10-07T21:03:41Z
g3-image-run1            free     landed                       cachedContents/bl4zvtf32vdozkk27ru062wzllwux6k83zcpedng
g3-image-run10           free     landed                       cachedContents/ywrfqaclvilg7k5u5s4xol9jxntcax7rzk9fkzo3
g3-image-run2            free     landed                       cachedContents/3dxjt3yg0hbfsjazma87poz6x5pj5n9t4qr4o6c3
g3-image-run3            free     landed                       cachedContents/asb1tqn0l3vl2kcnt7u0y46k7yitnqet0qmgdnre
g3-image-run4            free     landed                       cachedContents/84uf59z59hk7s2qtxuafyn9mba9lswnohfbw9xgb
g3-image-run5            free     landed                       cachedContents/znclq8mwdsmf1exejz72bf4ty9bi2ze6izyvt7uu
g3-image-run6            free     landed                       cachedContents/nx3xn8fspm7iq9rk2bvahkkpg2p34sdi74i8fpio
g3-image-run7            free     landed                       cachedContents/kmn7jtt3g4q95l26i9jqpiybeq3t2taas31vz1nf
g3-image-run8            free     landed                       cachedContents/mzkgg7hnvx3syec26upebu2c1y5a2o04k56k5txz
g3-image-run9            free     landed                       cachedContents/0bjdwqi6h4tvif3zfqt9x4vays7zc292yfjbtwx3
g3-image-temp1-run1      free     landed                       cachedContents/sd9ftblzcus6tcwy9t0uv1h3k5vvyc99zwiuujea
g3-image-temp1-run2      free     landed                       cachedContents/qj0paye3amgmhqihbt1x4ei27balv3cggav06rxd
g3-image-temp1-run3      free     landed                       cachedContents/x36drwf02kj9v7jdoy73z3tpnbd0jzewhjy197vs
g3-image-temp1-run4      free     landed                       cachedContents/mxbnktskqlef6kmgq4tip2dbskfb9311saluzlof
g3-image-temp1-run5      free     landed                       cachedContents/7hq7nhnualfppsa8esc16pv2dbkhdmrdiogklu31
g3-text-run1             free     landed                       -
g3-text-run10            free     landed                       -
g3-text-run10_rd1        free     landed                       -
g3-text-run2             free     landed                       -
g3-text-run3             free     landed                       -
g3-text-run4             free     landed                       -
g3-text-run5             free     landed                       -
g3-text-run6             free     landed                       -
g3-text-run7             free     landed                       -
g3-text-run7_rd1         free     landed                       -
g3-text-run8             free     landed                       -
g3-text-run8_rd1         free     landed                       -
g3-text-run9             free     landed                       -
g3-text-run9_rd1         free     landed                       -
g3-text-temp1-run1       free     landed                       -
g3-text-temp1-run1_rd1   free     landed                       -
g3-text-temp1-run2       free     landed                       -
g3-text-temp1-run2_rd1   free     landed                       -
g3-text-temp1-run3       free     landed                       -
g3-text-temp1-run3_rd1   free     landed                       -
g3-text-temp1-run4       free     landed                       -
g3-text-temp1-run4_rd1   free     landed                       -
g3-text-temp1-run5       free     landed                       -
g3-text-temp1-run5_rd1   free     landed                       -
g37-image-cache-run1     free     landed                       cachedContents/hev634dln1t0fiaoec1yaxt2o9gepvn4u9n3c3ah
g37-image-cache-run2     free     landed                       cachedContents/eh7iyuiboye8ia62653obmjvxth4x96n62imw50c
g37-image-cache-run3     free     landed                       cachedContents/1wst5dfsn52uuwcsdkhakiiu5slg5w4fbkx97w0k
g37-image-cache-run4     free     landed                       cachedContents/ro7500zssw2sazkikj2tuvml8xzwpldoxtuvb21t
g37-image-cache-run5     free     landed                       cachedContents/dwnigl52lmbbl8c1s1rqckaoh67ob5iubclyvib1
g37-image-run1           free     landed                       -
g37-image-run2           free     landed                       -
g37-image-run3           PROTECTS process live                 -
g37-image-run4           PROTECTS process live                 -
g37-image-run5           PROTECTS process live                 -
g37-text-run1            free     landed                       -
g37-text-run2            free     landed                       -
g37-text-run3            free     landed                       -
g37-text-run4            free     landed                       -
g37-text-run5            free     landed                       -
1 cache(s) listed; 1 to delete
  deleted cachedContents/dwnigl52lmbbl8c1s1rqckaoh67ob5iubclyvib1
=== 2026-10-07T21:33:44Z
g3-image-run1            free     landed                       cachedContents/bl4zvtf32vdozkk27ru062wzllwux6k83zcpedng
g3-image-run10           free     landed                       cachedContents/ywrfqaclvilg7k5u5s4xol9jxntcax7rzk9fkzo3
g3-image-run2            free     landed                       cachedContents/3dxjt3yg0hbfsjazma87poz6x5pj5n9t4qr4o6c3
g3-image-run3            free     landed                       cachedContents/asb1tqn0l3vl2kcnt7u0y46k7yitnqet0qmgdnre
g3-image-run4            free     landed                       cachedContents/84uf59z59hk7s2qtxuafyn9mba9lswnohfbw9xgb
g3-image-run5            free     landed                       cachedContents/znclq8mwdsmf1exejz72bf4ty9bi2ze6izyvt7uu
g3-image-run6            free     landed                       cachedContents/nx3xn8fspm7iq9rk2bvahkkpg2p34sdi74i8fpio
g3-image-run7            free     landed                       cachedContents/kmn7jtt3g4q95l26i9jqpiybeq3t2taas31vz1nf
g3-image-run8            free     landed                       cachedContents/mzkgg7hnvx3syec26upebu2c1y5a2o04k56k5txz
g3-image-run9            free     landed                       cachedContents/0bjdwqi6h4tvif3zfqt9x4vays7zc292yfjbtwx3
g3-image-temp1-run1      free     landed                       cachedContents/sd9ftblzcus6tcwy9t0uv1h3k5vvyc99zwiuujea
g3-image-temp1-run2      free     landed                       cachedContents/qj0paye3amgmhqihbt1x4ei27balv3cggav06rxd
g3-image-temp1-run3      free     landed                       cachedContents/x36drwf02kj9v7jdoy73z3tpnbd0jzewhjy197vs
g3-image-temp1-run4      free     landed                       cachedContents/mxbnktskqlef6kmgq4tip2dbskfb9311saluzlof
g3-image-temp1-run5      free     landed                       cachedContents/7hq7nhnualfppsa8esc16pv2dbkhdmrdiogklu31
g3-text-run1             free     landed                       -
g3-text-run10            free     landed                       -
g3-text-run10_rd1        free     landed                       -
g3-text-run2             free     landed                       -
g3-text-run3             free     landed                       -
g3-text-run4             free     landed                       -
g3-text-run5             free     landed                       -
g3-text-run6             free     landed                       -
g3-text-run7             free     landed                       -
g3-text-run7_rd1         free     landed                       -
g3-text-run8             free     landed                       -
g3-text-run8_rd1         free     landed                       -
g3-text-run9             free     landed                       -
g3-text-run9_rd1         free     landed                       -
g3-text-temp1-run1       free     landed                       -
g3-text-temp1-run1_rd1   free     landed                       -
g3-text-temp1-run2       free     landed                       -
g3-text-temp1-run2_rd1   free     landed                       -
g3-text-temp1-run3       free     landed                       -
g3-text-temp1-run3_rd1   free     landed                       -
g3-text-temp1-run4       free     landed                       -
g3-text-temp1-run4_rd1   free     landed                       -
g3-text-temp1-run5       free     landed                       -
g3-text-temp1-run5_rd1   free     landed                       -
g37-image-cache-run1     free     landed                       cachedContents/hev634dln1t0fiaoec1yaxt2o9gepvn4u9n3c3ah
g37-image-cache-run2     free     landed                       cachedContents/eh7iyuiboye8ia62653obmjvxth4x96n62imw50c
g37-image-cache-run3     free     landed                       cachedContents/1wst5dfsn52uuwcsdkhakiiu5slg5w4fbkx97w0k
g37-image-cache-run4     free     landed                       cachedContents/ro7500zssw2sazkikj2tuvml8xzwpldoxtuvb21t
g37-image-cache-run5     free     landed                       cachedContents/dwnigl52lmbbl8c1s1rqckaoh67ob5iubclyvib1
g37-image-run1           free     landed                       -
g37-image-run2           free     landed                       -
g37-image-run3           PROTECTS process live                 -
g37-image-run4           free     landed                       -
g37-image-run5           PROTECTS process live                 -
g37-text-run1            free     landed                       -
g37-text-run2            free     landed                       -
g37-text-run3            free     landed                       -
g37-text-run4            free     landed                       -
g37-text-run5            free     landed                       -
0 cache(s) listed; 0 to delete
