g37-image-run1: process 479159 still running — skipped
g37-image-run2: started pid 495607, log outputs/modality-bridge-2026-10-07/logs/g37-image-run2.log
g37-image-run2: submitted (batches/7h69c4hp312uyxznlp3k2kdhpu5ouh2ejele)
g37-image-run3: started pid 500409, log outputs/modality-bridge-2026-10-07/logs/g37-image-run3.log
g37-image-run3: submitted (batches/9p3vwxu3ez6nxzy3hu3xcysbpzs8e2xsp10m)
g37-image-run4: started pid 504717, log outputs/modality-bridge-2026-10-07/logs/g37-image-run4.log
g37-image-run4: submitted (batches/ac7shqosz7tzw8xn2unjborvpgi03kvu9dus)
g37-image-run5: started pid 509481, log outputs/modality-bridge-2026-10-07/logs/g37-image-run5.log
g37-image-run5: submitted (batches/ecekxq2hs74ztx9sbn65amz3uom4ob8nvqyu)
g37-text-run1: started pid 518360, log outputs/modality-bridge-2026-10-07/logs/g37-text-run1.log
g37-text-run1: submitted (batches/o95200xwbfvzrqa74ivvnlpiu88rzot8bhvo)
g37-text-run2: started pid 524516, log outputs/modality-bridge-2026-10-07/logs/g37-text-run2.log
g37-text-run2: submitted (batches/7tpraqv5parp2zbzj9kxs0zflgs743j4g4lt)
g37-text-run3: started pid 532324, log outputs/modality-bridge-2026-10-07/logs/g37-text-run3.log
g37-text-run3: submitted (batches/4g7p43apokr4c6u459a9ms9a251zeurjfimr)
g37-text-run4: started pid 536523, log outputs/modality-bridge-2026-10-07/logs/g37-text-run4.log
g37-text-run4: submitted (batches/1tixbctgp548soaqo59j8ok7md77c4q58v9e)
g37-text-run5: started pid 542869, log outputs/modality-bridge-2026-10-07/logs/g37-text-run5.log
g37-text-run5: submitted (batches/y0bl27xzhmmpfcj3yi5lqwc5f5la12pmlpz5)
g3-image-run1: already landed — skipped
g3-image-run2: started pid 548552, log outputs/modality-bridge-2026-10-07/logs/g3-image-run2.log
g3-image-run2: submitted (batches/22bpta8780cduq7pgcis6fyahvq85uf4cevm)
g3-image-run3: started pid 556366, log outputs/modality-bridge-2026-10-07/logs/g3-image-run3.log
g3-image-run3: submitted (batches/luq7sof79h4a0grykk44qoc8hwr39vjmvd2r)
g3-image-run4: started pid 560239, log outputs/modality-bridge-2026-10-07/logs/g3-image-run4.log
g3-image-run4: submitted (batches/om48g41g68rmn68q6ocb5jvpoik0prm6ix50)
g3-image-run5: started pid 564191, log outputs/modality-bridge-2026-10-07/logs/g3-image-run5.log
g3-image-run5: submitted (batches/ius38v9481644fhq0dpzkghb4v0g5zw9j6gr)
g3-image-run6: started pid 567509, log outputs/modality-bridge-2026-10-07/logs/g3-image-run6.log
g3-image-run6: submitted (batches/n72vpjyyjm8kgobiwp34okg6g6s3bdoog2dx)
g3-image-run7: started pid 576570, log outputs/modality-bridge-2026-10-07/logs/g3-image-run7.log
g3-image-run7: submitted (batches/2gqhm2mt9c4fqfomecltcdfmab2pypv0me3q)
g3-image-run8: started pid 582634, log outputs/modality-bridge-2026-10-07/logs/g3-image-run8.log
g3-image-run8: submitted (batches/t9yhnnin2wirw5qrgv7wd3tslw7jo7dneud9)
g3-image-run9: started pid 585740, log outputs/modality-bridge-2026-10-07/logs/g3-image-run9.log
g3-image-run9: submitted (batches/osvsc3798ypg6jtnrt2r4oq4qjp6xvanbig3)
g3-image-run10: started pid 589868, log outputs/modality-bridge-2026-10-07/logs/g3-image-run10.log
g3-image-run10: submitted (batches/ys6jurnjy5hb62vrywu26c9ve1d8q3vy3obc)
g3-text-run1: started pid 594737, log outputs/modality-bridge-2026-10-07/logs/g3-text-run1.log
g3-text-run1: submitted (batches/11qk7uhema1km59omjt1ue5xb3izd524j1zu)
g3-text-run2: started pid 599894, log outputs/modality-bridge-2026-10-07/logs/g3-text-run2.log
g3-text-run2: submitted (batches/z6i6t7rqurqr4cuo7qvh4zxhp4qduwm0agfu)
g3-text-run3: started pid 605566, log outputs/modality-bridge-2026-10-07/logs/g3-text-run3.log
g3-text-run3: submitted (batches/tux9yxc95uudfnnghguslrp9igd3k8q1hnyl)
g3-text-run4: started pid 609989, log outputs/modality-bridge-2026-10-07/logs/g3-text-run4.log
g3-text-run4: submitted (batches/zci0in012bhbvbvpf4kxgr6zmj432lcjulgi)
g3-text-run5: started pid 611280, log outputs/modality-bridge-2026-10-07/logs/g3-text-run5.log
g3-text-run5: submitted (batches/11oz7ebaz49kedbsuskj529rhh29l8sej0x8)
g3-text-run6: started pid 613318, log outputs/modality-bridge-2026-10-07/logs/g3-text-run6.log
g3-text-run6: submitted (batches/96bw70xwzwx5wlkn6sl6vrgz5yk8wmlxp28f)
g3-text-run7: started pid 614608, log outputs/modality-bridge-2026-10-07/logs/g3-text-run7.log
g3-text-run7: submitted (batches/gk3936izselkuiikj5lsg6gix2pqr2w8tgw9)
g3-text-run8: started pid 618873, log outputs/modality-bridge-2026-10-07/logs/g3-text-run8.log
g3-text-run8: submitted (batches/uslkss8utpow34su359i4rmtjblfv86gbs23)
g3-text-run9: started pid 621352, log outputs/modality-bridge-2026-10-07/logs/g3-text-run9.log
g3-text-run9: submitted (batches/f1tdjd0gotdsxvc3l36gazzz5uw1pnqvj3cq)
g3-text-run10: started pid 625500, log outputs/modality-bridge-2026-10-07/logs/g3-text-run10.log
g3-text-run10: submitted (batches/eistkq8ambu2xr45e5oargug1ey4l4tubd2h)
g37-image-cache-run1: started pid 627982, log outputs/modality-bridge-2026-10-07/logs/g37-image-cache-run1.log
g37-image-cache-run1: submitted (batches/cyyz84bqdj3jgp6v1vwblvjm1i5qgohlvj20)
g37-image-cache-run2: started pid 633393, log outputs/modality-bridge-2026-10-07/logs/g37-image-cache-run2.log
g37-image-cache-run2: submitted (batches/yw85jdfe5krm2qwbg3w72y1fkao2ln7cya1s)
g37-image-cache-run3: started pid 634646, log outputs/modality-bridge-2026-10-07/logs/g37-image-cache-run3.log
g37-image-cache-run3: submitted (batches/wtj2csjnbul4j37tv0vcb1u61hputwrhszx4)
g37-image-cache-run4: started pid 636278, log outputs/modality-bridge-2026-10-07/logs/g37-image-cache-run4.log
g37-image-cache-run4: submitted (batches/77z3xaetpjlt1svv22sf4w10hzag9q6if305)
g37-image-cache-run5: started pid 638498, log outputs/modality-bridge-2026-10-07/logs/g37-image-cache-run5.log
g37-image-cache-run5: submitted (batches/sqrt1gh1y7j3xtochxofopq9zhlzpc7xdkkw)
g3-image-temp1-run1: started pid 642330, log outputs/modality-bridge-2026-10-07/logs/g3-image-temp1-run1.log
g3-image-temp1-run1: submitted (batches/ux6h0y3ee0xj7w6t00yyn2p61tynj44x2taw)
g3-image-temp1-run2: started pid 646003, log outputs/modality-bridge-2026-10-07/logs/g3-image-temp1-run2.log
g3-image-temp1-run2: submitted (batches/roxp1qxux06lbnzvnx3651gnwyyf677fs538)
g3-image-temp1-run3: started pid 646899, log outputs/modality-bridge-2026-10-07/logs/g3-image-temp1-run3.log
g3-image-temp1-run3: submitted (batches/dbvfmju59p6x9dw76z6b4jsy0q6wj4axzrf4)
g3-image-temp1-run4: started pid 648107, log outputs/modality-bridge-2026-10-07/logs/g3-image-temp1-run4.log
g3-image-temp1-run4: submitted (batches/iys1ffsbvnau9fbdzgbxu8944qg7i6h9sbwj)
g3-image-temp1-run5: started pid 649347, log outputs/modality-bridge-2026-10-07/logs/g3-image-temp1-run5.log
g3-image-temp1-run5: submitted (batches/6om9w838zombejzruop538zqjxk4yg7jcfti)
g3-text-temp1-run1: started pid 650572, log outputs/modality-bridge-2026-10-07/logs/g3-text-temp1-run1.log
g3-text-temp1-run1: submitted (batches/3irfmhd6t6qm5jwsd7pdyyt7ijinyhx5m3ml)
g3-text-temp1-run2: started pid 651482, log outputs/modality-bridge-2026-10-07/logs/g3-text-temp1-run2.log
g3-text-temp1-run2: submitted (batches/k1zbkunpjzpswry124qvp3q5tobjznfbtxut)
g3-text-temp1-run3: started pid 652806, log outputs/modality-bridge-2026-10-07/logs/g3-text-temp1-run3.log
g3-text-temp1-run3: submitted (batches/vyqfctvox7pccu0tlg0v7wcjqqogug7v08n6)
g3-text-temp1-run4: started pid 654056, log outputs/modality-bridge-2026-10-07/logs/g3-text-temp1-run4.log
g3-text-temp1-run4: submitted (batches/nzowwx8qfksou3v4s9j1vcwzbv4djfhseqp8)
g3-text-temp1-run5: started pid 655367, log outputs/modality-bridge-2026-10-07/logs/g3-text-temp1-run5.log
g3-text-temp1-run5: submitted (batches/r85i3gmw62ljrb0h82yykekmp9c7swzkzm49)
LODGING DONE 2026-10-07T15:09:36+00:00
