[00:28:03] Era 2: seeding cache from per-architecture caches
  cache seeded: 3005 files
[00:28:06] era2-combined-f1-q005-buf20m
    OK -> leaderboard_tiers_f1_20m.md
[00:33:23] era2-combined-f1-q001-buf20m
    OK -> leaderboard_tiers_f1_q01_20m.md
[00:33:24] era2-combined-f1-q005-buf30m
    OK -> leaderboard_tiers_f1_30m.md
[00:41:38] era2-combined-f1-q001-buf30m
    OK -> leaderboard_tiers_f1_q01_30m.md
[00:41:39] era2-combined-f1-q005-buf40m
    OK -> leaderboard_tiers_f1_40m.md
[00:49:58] era2-combined-f1-q001-buf40m
    OK -> leaderboard_tiers_f1_q01_40m.md
[00:49:58] era2-combined-f1-q005-buf50m
    OK -> leaderboard_tiers_f1_50m.md
[00:58:15] era2-combined-f1-q001-buf50m
    OK -> leaderboard_tiers_f1_q01_50m.md
[00:58:16] era2-combined-f1-q005-buf100m
    OK -> leaderboard_tiers_f1_100m.md
[01:06:40] era2-combined-f1-q001-buf100m
    OK -> leaderboard_tiers_f1_q01_100m.md
[01:06:41] era2-combined-mcc-q005
    OK
[01:12:49] era2-combined-mcc-q001
    OK
[01:12:50] Cleaning up native-named files and finalising MCC
[01:12:50] Era 2 combined leaderboard build complete
drwxrwxr-x  3 shawn shawn    4096 May  6 09:12 .
drwxrwxr-x  5 shawn shawn    4096 May  2 07:00 ..
-rw-rw-r--  1 shawn shawn  557465 May  6 09:12 leaderboard_all_evaluations.json
-rw-rw-r--  1 shawn shawn    1249 May  2 07:00 leaderboard_all_evaluations.metadata.json
-rw-rw-r--  1 shawn shawn 1433733 May  6 09:06 leaderboard_tiers_f1_100m.json
-rw-rw-r--  1 shawn shawn   15088 May  6 09:06 leaderboard_tiers_f1_100m.md
-rw-rw-r--  1 shawn shawn 1348405 May  6 08:33 leaderboard_tiers_f1_20m.json
-rw-rw-r--  1 shawn shawn   11591 May  6 08:33 leaderboard_tiers_f1_20m.md
-rw-rw-r--  1 shawn shawn 1432399 May  6 08:41 leaderboard_tiers_f1_30m.json
-rw-rw-r--  1 shawn shawn   13983 May  6 08:41 leaderboard_tiers_f1_30m.md
-rw-rw-r--  1 shawn shawn 1433077 May  6 08:49 leaderboard_tiers_f1_40m.json
-rw-rw-r--  1 shawn shawn   14719 May  6 08:49 leaderboard_tiers_f1_40m.md
-rw-rw-r--  1 shawn shawn 1433224 May  6 08:58 leaderboard_tiers_f1_50m.json
-rw-rw-r--  1 shawn shawn   15455 May  6 08:58 leaderboard_tiers_f1_50m.md
-rw-rw-r--  1 shawn shawn 1433655 May  6 09:06 leaderboard_tiers_f1_q01_100m.json
-rw-rw-r--  1 shawn shawn   14168 May  6 09:06 leaderboard_tiers_f1_q01_100m.md
-rw-rw-r--  1 shawn shawn 1348452 May  6 08:33 leaderboard_tiers_f1_q01_20m.json
-rw-rw-r--  1 shawn shawn   11039 May  6 08:33 leaderboard_tiers_f1_q01_20m.md
-rw-rw-r--  1 shawn shawn 1432323 May  6 08:41 leaderboard_tiers_f1_q01_30m.json
-rw-rw-r--  1 shawn shawn   12879 May  6 08:41 leaderboard_tiers_f1_q01_30m.md
-rw-rw-r--  1 shawn shawn 1432975 May  6 08:49 leaderboard_tiers_f1_q01_40m.json
-rw-rw-r--  1 shawn shawn   13615 May  6 08:49 leaderboard_tiers_f1_q01_40m.md
-rw-rw-r--  1 shawn shawn 1432949 May  6 08:58 leaderboard_tiers_f1_q01_50m.json
-rw-rw-r--  1 shawn shawn   13799 May  6 08:58 leaderboard_tiers_f1_q01_50m.md
-rw-rw-r--  1 shawn shawn 1366832 May  6 09:12 leaderboard_tiers_mcc.json
-rw-rw-r--  1 shawn shawn   11707 May  6 09:12 leaderboard_tiers_mcc.md
-rw-rw-r--  1 shawn shawn 1366979 May  6 09:12 leaderboard_tiers_mcc_q01.json
-rw-rw-r--  1 shawn shawn   11323 May  6 09:12 leaderboard_tiers_mcc_q01.md
-rw-rw-r--  1 shawn shawn    3571 May  2 07:00 README.md
-rw-rw-r--  1 shawn shawn     891 May  2 07:00 tier_stability.json
-rw-rw-r--  1 shawn shawn     785 May  2 07:00 tier_stability_mcc.json
-rw-rw-r--  1 shawn shawn    7423 May  2 07:00 tier_stability_mcc.md
-rw-rw-r--  1 shawn shawn    7388 May  2 07:00 tier_stability.md
