=== Era 1 single-pass ===
[02:55:22] Building: era1-single-pass-f1-q005
    OK (logs/per-arch-leaderboards-rebuild-2026-04-25/era1-single-pass-f1-q005.log)
[02:55:22] Building: era1-single-pass-f1-q001
    OK (logs/per-arch-leaderboards-rebuild-2026-04-25/era1-single-pass-f1-q001.log)
[02:55:23] Building: era1-single-pass-mcc-q005
    OK (logs/per-arch-leaderboards-rebuild-2026-04-25/era1-single-pass-mcc-q005.log)
[02:55:39] Building: era1-single-pass-mcc-q001
    OK (logs/per-arch-leaderboards-rebuild-2026-04-25/era1-single-pass-mcc-q001.log)
=== Era 1 consensus ===
[02:55:40] Building: era1-consensus-f1-q005
    OK (logs/per-arch-leaderboards-rebuild-2026-04-25/era1-consensus-f1-q005.log)
[02:55:41] Building: era1-consensus-f1-q001
    OK (logs/per-arch-leaderboards-rebuild-2026-04-25/era1-consensus-f1-q001.log)
[02:55:41] Building: era1-consensus-mcc-q005
    OK (logs/per-arch-leaderboards-rebuild-2026-04-25/era1-consensus-mcc-q005.log)
[02:58:54] Building: era1-consensus-mcc-q001
    OK (logs/per-arch-leaderboards-rebuild-2026-04-25/era1-consensus-mcc-q001.log)
=== Era 2 single-pass ===
[02:58:55] Building: era2-single-pass-f1-q005
    OK (logs/per-arch-leaderboards-rebuild-2026-04-25/era2-single-pass-f1-q005.log)
[02:58:56] Building: era2-single-pass-f1-q001
    OK (logs/per-arch-leaderboards-rebuild-2026-04-25/era2-single-pass-f1-q001.log)
[02:58:56] Building: era2-single-pass-mcc-q005
    OK (logs/per-arch-leaderboards-rebuild-2026-04-25/era2-single-pass-mcc-q005.log)
[02:58:59] Building: era2-single-pass-mcc-q001
    OK (logs/per-arch-leaderboards-rebuild-2026-04-25/era2-single-pass-mcc-q001.log)
=== Era 2 consensus ===
[02:58:59] Building: era2-consensus-f1-q005
    OK (logs/per-arch-leaderboards-rebuild-2026-04-25/era2-consensus-f1-q005.log)
[02:59:00] Building: era2-consensus-f1-q001
    OK (logs/per-arch-leaderboards-rebuild-2026-04-25/era2-consensus-f1-q001.log)
[02:59:01] Building: era2-consensus-mcc-q005
    OK (logs/per-arch-leaderboards-rebuild-2026-04-25/era2-consensus-mcc-q005.log)
[02:59:41] Building: era2-consensus-mcc-q001
    OK (logs/per-arch-leaderboards-rebuild-2026-04-25/era2-consensus-mcc-q001.log)
=== Era 2 single-pass+PV ===
[02:59:42] Building: era2-single-pass+PV-f1-q005
    OK (logs/per-arch-leaderboards-rebuild-2026-04-25/era2-single-pass+PV-f1-q005.log)
[02:59:42] Building: era2-single-pass+PV-f1-q001
    OK (logs/per-arch-leaderboards-rebuild-2026-04-25/era2-single-pass+PV-f1-q001.log)
[02:59:43] Building: era2-single-pass+PV-mcc-q005
    OK (logs/per-arch-leaderboards-rebuild-2026-04-25/era2-single-pass+PV-mcc-q005.log)
[02:59:47] Building: era2-single-pass+PV-mcc-q001
    OK (logs/per-arch-leaderboards-rebuild-2026-04-25/era2-single-pass+PV-mcc-q001.log)
=== Era 2 pv ===
[02:59:47] Building: era2-pv-f1-q005
    OK (logs/per-arch-leaderboards-rebuild-2026-04-25/era2-pv-f1-q005.log)
[02:59:48] Building: era2-pv-f1-q001
    OK (logs/per-arch-leaderboards-rebuild-2026-04-25/era2-pv-f1-q001.log)
[02:59:49] Building: era2-pv-mcc-q005
    OK (logs/per-arch-leaderboards-rebuild-2026-04-25/era2-pv-mcc-q005.log)
[03:01:20] Building: era2-pv-mcc-q001
    OK (logs/per-arch-leaderboards-rebuild-2026-04-25/era2-pv-mcc-q001.log)
=== Era 3 consensus ===
[03:01:20] Building: era3-consensus-f1-q005
    OK (logs/per-arch-leaderboards-rebuild-2026-04-25/era3-consensus-f1-q005.log)
[03:01:21] Building: era3-consensus-f1-q001
    OK (logs/per-arch-leaderboards-rebuild-2026-04-25/era3-consensus-f1-q001.log)
[03:01:22] Building: era3-consensus-mcc-q005
    OK (logs/per-arch-leaderboards-rebuild-2026-04-25/era3-consensus-mcc-q005.log)
[03:01:29] Building: era3-consensus-mcc-q001
    OK (logs/per-arch-leaderboards-rebuild-2026-04-25/era3-consensus-mcc-q001.log)
=== Stage 2 complete ===

=== Stage 3: tier-stability tables ===
  OK: tier-stability f1
  OK: tier-stability mcc

=== Stage 4: cross-architecture tables + MC flags ===
  OK: Stage 4 (4a+4b+4c)

=== Stage 5: documentation ===
  OK: Stage 5 docs

=== Pipeline complete ===
Wed 06 May 2026 11:02:00 +08
