INFO: Detection files: 1
INFO: Loading ground truth: inputs/vectors/references/best-available-gt-55maps-r2.geojson
INFO: Loading bounds: inputs/vectors/bounds/384/55maps_evaluation_bounds.geojson
INFO: Reference: 5018 mounds, 8541 evaluation tiles
INFO: Evaluating: detections.geojson
INFO:   5m: F1=0.219 [0.207, 0.231], P=0.217 [0.205, 0.230], R=0.221 [0.208, 0.234] [sparse coverage: 64.2% zero-tiles]
INFO:   10m: F1=0.483 [0.468, 0.498], P=0.479 [0.464, 0.494], R=0.486 [0.471, 0.502] [sparse coverage: 64.5% zero-tiles]
INFO:   15m: F1=0.673 [0.660, 0.687], P=0.668 [0.654, 0.682], R=0.679 [0.664, 0.693] [sparse coverage: 64.9% zero-tiles]
INFO:   20m: F1=0.787 [0.775, 0.798], P=0.781 [0.768, 0.793], R=0.793 [0.780, 0.806] [sparse coverage: 65.2% zero-tiles]
INFO:   25m: F1=0.842 [0.832, 0.850], P=0.835 [0.824, 0.845], R=0.848 [0.836, 0.859] [sparse coverage: 65.3% zero-tiles]
INFO:   30m: F1=0.864 [0.856, 0.873], P=0.858 [0.847, 0.868], R=0.871 [0.860, 0.882] [sparse coverage: 65.4% zero-tiles]
INFO:   35m: F1=0.878 [0.870, 0.886], P=0.871 [0.861, 0.881], R=0.885 [0.875, 0.895] [sparse coverage: 65.4% zero-tiles]
INFO:   40m: F1=0.881 [0.873, 0.888], P=0.874 [0.864, 0.884], R=0.888 [0.878, 0.898] [sparse coverage: 65.4% zero-tiles]
INFO:   45m: F1=0.883 [0.875, 0.890], P=0.876 [0.866, 0.886], R=0.890 [0.880, 0.900] [sparse coverage: 65.4% zero-tiles]
INFO:   50m: F1=0.885 [0.877, 0.892], P=0.878 [0.868, 0.887], R=0.892 [0.882, 0.901] [sparse coverage: 65.4% zero-tiles]
INFO:   75m: F1=0.887 [0.879, 0.894], P=0.880 [0.870, 0.889], R=0.894 [0.884, 0.903] [sparse coverage: 65.4% zero-tiles]
INFO:   100m: F1=0.888 [0.880, 0.894], P=0.881 [0.871, 0.890], R=0.895 [0.884, 0.904] [sparse coverage: 65.4% zero-tiles]
INFO:   125m: F1=0.888 [0.881, 0.895], P=0.881 [0.872, 0.890], R=0.895 [0.885, 0.904] [sparse coverage: 65.4% zero-tiles]
INFO:   150m: F1=0.889 [0.881, 0.895], P=0.882 [0.872, 0.891], R=0.896 [0.886, 0.905] [sparse coverage: 65.4% zero-tiles]
INFO:   MCC=0.716 [0.702, 0.731], Sens=0.718, Spec=0.960
INFO: JSON written: results/55map-final-board-r2-2026-09-06/cells/ARM2-N3-oracle/evaluation.json
INFO: CSV written: results/55map-final-board-r2-2026-09-06/cells/ARM2-N3-oracle/evaluation.csv
INFO: Markdown written: results/55map-final-board-r2-2026-09-06/cells/ARM2-N3-oracle/evaluation.md
